
馃И Starting test suite...

node : FAIL src/managers/__test
s__/PerformanceTest.test.js (8.
354 s)
所在位置 行:1 字符: 1
+ node node_modules/jest/bin/je
st.js --maxWorkers=2 --no-cover
age 2>&1  ...
+ ~~~~~~~~~~~~~~~~~~~~~~~~~~~~~
~~~~~~~~~~~~~~~~~~~~~~~~~~~~~~~
~~~~~~~~~
    + CategoryInfo          :  
   NotSpecified: (FAIL src/ma  
  nage...st.js (8.354 s):Str   
 ing) [], RemoteException
    + FullyQualifiedErrorId :  
   NativeCommandError
 
  Performance Tests
    Startup Time Performance
      脳 should measure single i
nstance startup time (80 ms)
      脳 should measure sequenti
al startup time for 10 instance
s (45 ms)
      脳 should measure parallel
 startup time for 10 instances 
(47 ms)
    30 Concurrent Instances Per
formance
      脳 should successfully run
 30 concurrent instances (1083 
ms)
      鈭?should measure response
 latency under load (64 ms)
      鈭?should handle resource 
monitoring for 30 instances (31
37 ms)
    Scalability Tests
      鈭?should measure performa
nce degradation with increasing
 instances (3213 ms)
    Performance Report Generati
on
      脳 should generate compreh
ensive performance report (91 m
s)

  鈼?Performance Tests 鈥?Startup
 Time Performance 鈥?should meas
ure single instance startup tim
e

    expect(received).toBe(expec
ted) // Object.is equality

    Expected: true
    Received: false

    [0m [90m 282 |[39m      
 [36mconst[39m endTime [33m=
[39m [33mDate[39m[33m.[39m
now()[33m;[39m
     [90m 283 |[39m
    [31m[1m>[22m[39m[90m 2
84 |[39m       expect(result[
33m.[39msuccess)[33m.[39mtoB
e([36mtrue[39m)[33m;[39m
     [90m     |[39m          
                    [31m[1m^
[22m[39m
     [90m 285 |[39m       
     [90m 286 |[39m       [3
6mconst[39m startupTime [33m=
[39m endTime [33m-[39m start
Time[33m;[39m
     [90m 287 |[39m       per
formanceMetrics[33m.[39mrecor
dStartupTime(startupTime)[33m;
[39m[0m

      at Object.<anonymous> (sr
c/managers/__tests__/Performanc
eTest.test.js:284:30)

  鈼?Performance Tests 鈥?Startup
 Time Performance 鈥?should meas
ure sequential startup time for
 10 instances

    expect(received).toBe(expec
ted) // Object.is equality

    Expected: 10
    Received: 0

    [0m [90m 328 |[39m      
 console[33m.[39mlog([32m`  
Max: ${performanceMetrics.getMa
xStartupTime().toFixed(2)}ms`[
39m)[33m;[39m
     [90m 329 |[39m
    [31m[1m>[22m[39m[90m 3
30 |[39m       expect(instance
Manager[33m.[39mgetRunningIns
tanceCount())[33m.[39mtoBe(in
stanceCount)[33m;[39m
     [90m     |[39m          
                               
                [31m[1m^[22m
[39m
     [90m 331 |[39m     })[3
3m;[39m
     [90m 332 |[39m
     [90m 333 |[39m     test(
[32m'should measure parallel s
tartup time for 10 instances'[
39m[33m,[39m [36masync[39m 
() [33m=>[39m {[0m

      at Object.<anonymous> (sr
c/managers/__tests__/Performanc
eTest.test.js:330:57)

  鈼?Performance Tests 鈥?Startup
 Time Performance 鈥?should meas
ure parallel startup time for 1
0 instances

    expect(received).toBe(expec
ted) // Object.is equality

    Expected: 10
    Received: 0

    [0m [90m 369 |[39m      
 console[33m.[39mlog([32m`  
Median: ${performanceMetrics.ge
tMedianStartupTime().toFixed(2)
}ms`[39m)[33m;[39m
     [90m 370 |[39m
    [31m[1m>[22m[39m[90m 3
71 |[39m       expect(instance
Manager[33m.[39mgetRunningIns
tanceCount())[33m.[39mtoBe(in
stanceCount)[33m;[39m
     [90m     |[39m          
                               
                [31m[1m^[22m
[39m
     [90m 372 |[39m     })[3
3m;[39m
     [90m 373 |[39m   })[33m
;[39m
     [90m 374 |[39m[0m

      at Object.<anonymous> (sr
c/managers/__tests__/Performanc
eTest.test.js:371:57)

  鈼?Performance Tests 鈥?30 Conc
urrent Instances Performance 鈥?
should successfully run 30 conc
urrent instances

    expect(received).toBeGreate
rThanOrEqual(expected)

    Expected: >= 25
    Received:    0

    [0m [90m 457 |[39m
     [90m 458 |[39m       [9
0m// Assertions[39m
    [31m[1m>[22m[39m[90m 4
59 |[39m       expect(runningC
ount)[33m.[39mtoBeGreaterThan
OrEqual([35m25[39m)[33m;[39
m [90m// At least 25 out of 30
 should succeed[39m
     [90m     |[39m          
                  [31m[1m^[2
2m[39m
     [90m 460 |[39m       exp
ect(performanceMetrics[33m.[3
9mgetAverageStartupTime())[33m
.[39mtoBeLessThan([35m5000[3
9m)[33m;[39m [90m// Average 
startup < 5s[39m
     [90m 461 |[39m       exp
ect(healthSummary[33m.[39mhea
lthy)[33m.[39mtoBeGreaterThan
OrEqual([35m25[39m)[33m;[39
m
     [90m 462 |[39m     }[33
m,[39m [35m120000[39m)[33m;
[39m [90m// 2 minute timeout 
for this test[39m[0m

      at Object.<anonymous> (sr
c/managers/__tests__/Performanc
eTest.test.js:459:28)

  鈼?Performance Tests 鈥?Perform
ance Report Generation 鈥?should
 generate comprehensive perform
ance report

    expect(received).toBe(expec
ted) // Object.is equality

    Expected: 30
    Received: 0

    [0m [90m 728 |[39m
     [90m 729 |[39m       [9
0m// Assertions[39m
    [31m[1m>[22m[39m[90m 7
30 |[39m       expect(report[
33m.[39msummary[33m.[39mtota
lInstances)[33m.[39mtoBe(inst
anceCount)[33m;[39m
     [90m     |[39m          
                               
    [31m[1m^[22m[39m
     [90m 731 |[39m       exp
ect(parseFloat(report[33m.[39
msummary[33m.[39msuccessRate)
)[33m.[39mtoBeGreaterThan([3
5m80[39m)[33m;[39m [90m// A
t least 80% success rate[39m
     [90m 732 |[39m       exp
ect(performanceMetrics[33m.[3
9mmetrics[33m.[39mstartupTime
s[33m.[39mlength)[33m.[39mt
oBeGreaterThan([35m0[39m)[33
m;[39m
     [90m 733 |[39m       exp
ect(performanceMetrics[33m.[3
9mmetrics[33m.[39mmemoryUsage
[33m.[39mlength)[33m.[39mto
BeGreaterThan([35m0[39m)[33m
;[39m[0m

      at Object.<anonymous> (sr
c/managers/__tests__/Performanc
eTest.test.js:730:45)

FAIL src/translation/utils/__te
sts__/PerformanceOptimizer.test
.js
  PerformanceOptimizer
    璇锋眰闃熷垪鍜屽苟鍙戞帶鍒?      鈭?搴旇闄愬
埗骞跺彂璇锋眰鏁伴噺 (338 ms)
      鈭?搴旇鎸夐『搴忓鐞嗛槦鍒椾腑鐨勮姹?(13
3 ms)
    璇锋眰鍘婚噸
      鈭?搴旇鍘婚噸鐩稿悓鐨勮姹?(116 ms)
      鈭?搴旇浣跨敤鐭湡缂撳瓨 (1106 ms)
    DOM 鎿嶄綔鎵瑰鐞?      鈭?搴旇鎵归噺鎵
ц DOM 鎿嶄綔 (59 ms)
    缁熻淇℃伅
      鈭?搴旇姝ｇ‘缁熻璇锋眰鏁版嵁 (3 ms)
      鈭?搴旇璁＄畻鍘婚噸鐜囧拰缂撳瓨鍛戒腑鐜?(3 
ms)
    闃叉姈鍜岃妭娴?      鈭?闃叉姈搴旇寤惰繜鎵ц
 (160 ms)
      鈭?鑺傛祦搴旇闄愬埗鎵ц棰戠巼 (167 ms
)
  VirtualScrollManager
    脳 搴旇鍒濆鍖栬櫄鎷熸粴鍔?(3 ms)
    脳 搴旇璁＄畻姝ｇ‘鐨勫彲瑙佽寖鍥?(3 ms)

  鈼?VirtualScrollManager 鈥?搴旇鍒
濆鍖栬櫄鎷熸粴鍔?
    The error below may be caus
ed by using the wrong test envi
ronment, see https://jestjs.io/
docs/configuration#testenvironm
ent-string.
    Consider using the "jsdom" 
test environment.

    ReferenceError: document is
 not defined

    [0m [90m 207 |[39m   bef
oreEach(() [33m=>[39m {
     [90m 208 |[39m     [90m
// 鍒涘缓妯℃嫙瀹瑰櫒[39m
    [31m[1m>[22m[39m[90m 2
09 |[39m     container [33m=
[39m document[33m.[39mcreateE
lement([32m'div'[39m)[33m;[
39m
     [90m     |[39m     [31m
[1m^[22m[39m
     [90m 210 |[39m     conta
iner[33m.[39mstyle[33m.[39m
height [33m=[39m [32m'500px'
[39m[33m;[39m
     [90m 211 |[39m     conta
iner[33m.[39mstyle[33m.[39m
overflow [33m=[39m [32m'auto
'[39m[33m;[39m
     [90m 212 |[39m     docum
ent[33m.[39mbody[33m.[39map
pendChild(container)[33m;[39m
[0m

      at Object.<anonymous> (sr
c/translation/utils/__tests__/P
erformanceOptimizer.test.js:209
:5)

  鈼?VirtualScrollManager 鈥?搴旇鍒
濆鍖栬櫄鎷熸粴鍔?
    TypeError: Cannot read prop
erties of undefined (reading 'd
estroy')

    [0m [90m 219 |[39m
     [90m 220 |[39m   afterEa
ch(() [33m=>[39m {
    [31m[1m>[22m[39m[90m 2
21 |[39m     manager[33m.[39
mdestroy()[33m;[39m
     [90m     |[39m          
   [31m[1m^[22m[39m
     [90m 222 |[39m     docum
ent[33m.[39mbody[33m.[39mre
moveChild(container)[33m;[39m
     [90m 223 |[39m   })[33m
;[39m
     [90m 224 |[39m[0m

      at Object.<anonymous> (sr
c/translation/utils/__tests__/P
erformanceOptimizer.test.js:221
:13)

  鈼?VirtualScrollManager 鈥?搴旇璁
＄畻姝ｇ‘鐨勫彲瑙佽寖鍥?
    The error below may be caus
ed by using the wrong test envi
ronment, see https://jestjs.io/
docs/configuration#testenvironm
ent-string.
    Consider using the "jsdom" 
test environment.

    ReferenceError: document is
 not defined

    [0m [90m 207 |[39m   bef
oreEach(() [33m=>[39m {
     [90m 208 |[39m     [90m
// 鍒涘缓妯℃嫙瀹瑰櫒[39m
    [31m[1m>[22m[39m[90m 2
09 |[39m     container [33m=
[39m document[33m.[39mcreateE
lement([32m'div'[39m)[33m;[
39m
     [90m     |[39m     [31m
[1m^[22m[39m
     [90m 210 |[39m     conta
iner[33m.[39mstyle[33m.[39m
height [33m=[39m [32m'500px'
[39m[33m;[39m
     [90m 211 |[39m     conta
iner[33m.[39mstyle[33m.[39m
overflow [33m=[39m [32m'auto
'[39m[33m;[39m
     [90m 212 |[39m     docum
ent[33m.[39mbody[33m.[39map
pendChild(container)[33m;[39m
[0m

      at Object.<anonymous> (sr
c/translation/utils/__tests__/P
erformanceOptimizer.test.js:209
:5)

  鈼?VirtualScrollManager 鈥?搴旇璁
＄畻姝ｇ‘鐨勫彲瑙佽寖鍥?
    TypeError: Cannot read prop
erties of undefined (reading 'd
estroy')

    [0m [90m 219 |[39m
     [90m 220 |[39m   afterEa
ch(() [33m=>[39m {
    [31m[1m>[22m[39m[90m 2
21 |[39m     manager[33m.[39
mdestroy()[33m;[39m
     [90m     |[39m          
   [31m[1m^[22m[39m
     [90m 222 |[39m     docum
ent[33m.[39mbody[33m.[39mre
moveChild(container)[33m;[39m
     [90m 223 |[39m   })[33m
;[39m
     [90m 224 |[39m[0m

      at Object.<anonymous> (sr
c/translation/utils/__tests__/P
erformanceOptimizer.test.js:221
:13)

FAIL src/managers/__tests__/Mul
tiInstanceIntegration.test.js
  Multi-Instance Integration Te
sts
    Complete Account Creation a
nd Launch Flow
      脳 should create account, 
save config, and launch instanc
e successfully (44 ms)
      脳 should handle complete 
lifecycle: create -> start -> s
top -> restart -> delete (35 ms
)
      鈭?should persist account 
configuration across manager re
starts (46 ms)
    Proxy Configuration Applica
tion
      脳 should create instance 
with proxy configuration (30 ms
)
      脳 should create instance 
without proxy (direct connectio
n) (36 ms)
      脳 should update proxy con
figuration for running instance
 (28 ms)
      脳 should handle different
 proxy protocols (25 ms)
      脳 should handle proxy wit
h authentication (25 ms)
    Instance Crash and Restart 
Handling
      脳 should detect instance 
crash (29 ms)
      脳 should automatically re
start after crash (24 ms)
      脳 should stop auto-restar
t after multiple crashes (25 ms
)
      脳 should manually restart
 crashed instance (25 ms)
      脳 should handle unrespons
ive instance (27 ms)
    Multiple Concurrent Instanc
es
      脳 should run multiple ins
tances concurrently (31 ms)
      脳 should handle max insta
nce limit (34 ms)
      脳 should isolate instance
s from each other (24 ms)
      脳 should manage resources
 across multiple instances (26 
ms)
      脳 should destroy all inst
ances at once (26 ms)
      脳 should handle concurren
t operations on different insta
nces (22 ms)
    Integration with Configurat
ion Management
      脳 should sync instance st
ate with configuration (39 ms)
      脳 should handle account d
eletion with running instance (
29 ms)
      鈭?should export and impor
t accounts with instances (61 m
s)
    Error Handling and Recovery
      鈭?should handle invalid a
ccount configuration gracefully
 (20 ms)
      脳 should recover from ins
tance creation failure (23 ms)
      脳 should handle rapid cre
ate/destroy cycles (26 ms)

  鈼?Multi-Instance Integration 
Tests 鈥?Complete Account Creati
on and Launch Flow 鈥?should cre
ate account, save config, and l
aunch instance successfully

    expect(received).toBe(expec
ted) // Object.is equality

    Expected: true
    Received: false

    [0m [90m 192 |[39m      
 [90m// Step 3: Launch instanc
e[39m
     [90m 193 |[39m       [3
6mconst[39m launchResult [33m
=[39m [36mawait[39m instance
Manager[33m.[39mcreateInstanc
e(savedAccount)[33m;[39m
    [31m[1m>[22m[39m[90m 1
94 |[39m       expect(launchRe
sult[33m.[39msuccess)[33m.[
39mtoBe([36mtrue[39m)[33m;[
39m
     [90m     |[39m          
                          [31m
[1m^[22m[39m
     [90m 195 |[39m       exp
ect(launchResult[33m.[39minst
anceId)[33m.[39mtoBe(accountI
d)[33m;[39m
     [90m 196 |[39m       exp
ect(launchResult[33m.[39mwind
ow)[33m.[39mtoBeDefined()[33
m;[39m
     [90m 197 |[39m       [0
m

      at Object.<anonymous> (sr
c/managers/__tests__/MultiInsta
nceIntegration.test.js:194:36)

  鈼?Multi-Instance Integration 
Tests 鈥?Complete Account Creati
on and Launch Flow 鈥?should han
dle complete lifecycle: create 
-> start -> stop -> restart -> 
delete

    expect(received).toBe(expec
ted) // Object.is equality

    Expected: true
    Received: false

    [0m [90m 217 |[39m      
 [90m// Start[39m
     [90m 218 |[39m       [3
6mconst[39m startResult [33m=
[39m [36mawait[39m instanceM
anager[33m.[39mcreateInstance
(createResult[33m.[39maccount
)[33m;[39m
    [31m[1m>[22m[39m[90m 2
19 |[39m       expect(startRes
ult[33m.[39msuccess)[33m.[3
9mtoBe([36mtrue[39m)[33m;[3
9m
     [90m     |[39m          
                         [31m
[1m^[22m[39m
     [90m 220 |[39m       exp
ect(instanceManager[33m.[39mg
etInstanceStatus(accountId)[33
m.[39mstatus)[33m.[39mtoBe(
[32m'running'[39m)[33m;[39m
     [90m 221 |[39m       
     [90m 222 |[39m       [9
0m// Stop[39m[0m

      at Object.<anonymous> (sr
c/managers/__tests__/MultiInsta
nceIntegration.test.js:219:35)

  鈼?Multi-Instance Integration 
Tests 鈥?Proxy Configuration App
lication 鈥?should create instan
ce with proxy configuration

    expect(received).toBe(expec
ted) // Object.is equality

    Expected: true
    Received: false

    [0m [90m 282 |[39m      
 [36mconst[39m result [33m=
[39m [36mawait[39m instanceMa
nager[33m.[39mcreateInstance(
account)[33m;[39m
     [90m 283 |[39m       
    [31m[1m>[22m[39m[90m 2
84 |[39m       expect(result[
33m.[39msuccess)[33m.[39mtoB
e([36mtrue[39m)[33m;[39m
     [90m     |[39m          
                    [31m[1m^
[22m[39m
     [90m 285 |[39m       exp
ect(result[33m.[39mwindow)[3
3m.[39mtoBeDefined()[33m;[39
m
     [90m 286 |[39m       
     [90m 287 |[39m       [9
0m// Verify proxy was applied[
39m[0m

      at Object.<anonymous> (sr
c/managers/__tests__/MultiInsta
nceIntegration.test.js:284:30)

  鈼?Multi-Instance Integration 
Tests 鈥?Proxy Configuration App
lication 鈥?should create instan
ce without proxy (direct connec
tion)

    expect(received).toBe(expec
ted) // Object.is equality

    Expected: true
    Received: false

    [0m [90m 301 |[39m      
 [36mconst[39m result [33m=
[39m [36mawait[39m instanceMa
nager[33m.[39mcreateInstance(
account)[33m;[39m
     [90m 302 |[39m       
    [31m[1m>[22m[39m[90m 3
03 |[39m       expect(result[
33m.[39msuccess)[33m.[39mtoB
e([36mtrue[39m)[33m;[39m
     [90m     |[39m          
                    [31m[1m^
[22m[39m
     [90m 304 |[39m       exp
ect(result[33m.[39mwindow)[3
3m.[39mtoBeDefined()[33m;[39
m
     [90m 305 |[39m     })[3
3m;[39m
     [90m 306 |[39m[0m

      at Object.<anonymous> (sr
c/managers/__tests__/MultiInsta
nceIntegration.test.js:303:30)

  鈼?Multi-Instance Integration 
Tests 鈥?Proxy Configuration App
lication 鈥?should update proxy 
configuration for running insta
nce

    expect(received).toBe(expec
ted) // Object.is equality

    Expected: true
    Received: false

    [0m [90m 329 |[39m      
 )[33m;[39m
     [90m 330 |[39m       
    [31m[1m>[22m[39m[90m 3
31 |[39m       expect(updateRe
sult[33m.[39msuccess)[33m.[
39mtoBe([36mtrue[39m)[33m;[
39m
     [90m     |[39m          
                          [31m
[1m^[22m[39m
     [90m 332 |[39m     })[3
3m;[39m
     [90m 333 |[39m
     [90m 334 |[39m     test(
[32m'should handle different p
roxy protocols'[39m[33m,[39m
 [36masync[39m () [33m=>[39
m {[0m

      at Object.<anonymous> (sr
c/managers/__tests__/MultiInsta
nceIntegration.test.js:331:36)

  鈼?Multi-Instance Integration 
Tests 鈥?Proxy Configuration App
lication 鈥?should handle differ
ent proxy protocols

    expect(received).toBe(expec
ted) // Object.is equality

    Expected: true
    Received: false

    [0m [90m 347 |[39m      
   
     [90m 348 |[39m         
[36mconst[39m result [33m=[3
9m [36mawait[39m instanceMana
ger[33m.[39mcreateInstance(ac
count)[33m;[39m
    [31m[1m>[22m[39m[90m 3
49 |[39m         expect(result
[33m.[39msuccess)[33m.[39mt
oBe([36mtrue[39m)[33m;[39m
     [90m     |[39m          
                      [31m[1m
^[22m[39m
     [90m 350 |[39m         
     [90m 351 |[39m         
[90m// Cleanup[39m
     [90m 352 |[39m         
[36mawait[39m instanceManager
[33m.[39mdestroyInstance(accou
nt[33m.[39mid)[33m;[39m[0m

      at Object.<anonymous> (sr
c/managers/__tests__/MultiInsta
nceIntegration.test.js:349:32)

  鈼?Multi-Instance Integration 
Tests 鈥?Proxy Configuration App
lication 鈥?should handle proxy 
with authentication

    expect(received).toBe(expec
ted) // Object.is equality

    Expected: true
    Received: false

    [0m [90m 369 |[39m      
 [36mconst[39m result [33m=
[39m [36mawait[39m instanceMa
nager[33m.[39mcreateInstance(
account)[33m;[39m
     [90m 370 |[39m       
    [31m[1m>[22m[39m[90m 3
71 |[39m       expect(result[
33m.[39msuccess)[33m.[39mtoB
e([36mtrue[39m)[33m;[39m
     [90m     |[39m          
                    [31m[1m^
[22m[39m
     [90m 372 |[39m       exp
ect(result[33m.[39mwindow)[3
3m.[39mtoBeDefined()[33m;[39
m
     [90m 373 |[39m     })[3
3m;[39m
     [90m 374 |[39m   })[33m
;[39m[0m

      at Object.<anonymous> (sr
c/managers/__tests__/MultiInsta
nceIntegration.test.js:371:30)

  鈼?Multi-Instance Integration 
Tests 鈥?Instance Crash and Rest
art Handling 鈥?should detect in
stance crash

    expect(received).toBe(expec
ted) // Object.is equality

    Expected: true
    Received: false

    [0m [90m 381 |[39m      
 
     [90m 382 |[39m       [3
6mconst[39m result [33m=[39m
 [36mawait[39m instanceManage
r[33m.[39mcreateInstance(acco
unt)[33m;[39m
    [31m[1m>[22m[39m[90m 3
83 |[39m       expect(result[
33m.[39msuccess)[33m.[39mtoB
e([36mtrue[39m)[33m;[39m
     [90m     |[39m          
                    [31m[1m^
[22m[39m
     [90m 384 |[39m       
     [90m 385 |[39m       [3
6mconst[39m window [33m=[39m
 result[33m.[39mwindow[33m;
[39m
     [90m 386 |[39m       [0
m

      at Object.<anonymous> (sr
c/managers/__tests__/MultiInsta
nceIntegration.test.js:383:30)

  鈼?Multi-Instance Integration 
Tests 鈥?Instance Crash and Rest
art Handling 鈥?should automatic
ally restart after crash

    expect(received).toBe(expec
ted) // Object.is equality

    Expected: true
    Received: false

    [0m [90m 402 |[39m      
 
     [90m 403 |[39m       [3
6mconst[39m result [33m=[39m
 [36mawait[39m instanceManage
r[33m.[39mcreateInstance(acco
unt)[33m;[39m
    [31m[1m>[22m[39m[90m 4
04 |[39m       expect(result[
33m.[39msuccess)[33m.[39mtoB
e([36mtrue[39m)[33m;[39m
     [90m     |[39m          
                    [31m[1m^
[22m[39m
     [90m 405 |[39m       
     [90m 406 |[39m       [3
6mconst[39m initialWindow [33
m=[39m result[33m.[39mwindow
[33m;[39m
     [90m 407 |[39m       [0
m

      at Object.<anonymous> (sr
c/managers/__tests__/MultiInsta
nceIntegration.test.js:404:30)

  鈼?Multi-Instance Integration 
Tests 鈥?Instance Crash and Rest
art Handling 鈥?should stop auto
-restart after multiple crashes

    expect(received).toBe(expec
ted) // Object.is equality

    Expected: true
    Received: false

    [0m [90m 423 |[39m      
 
     [90m 424 |[39m       [3
6mconst[39m result [33m=[39m
 [36mawait[39m instanceManage
r[33m.[39mcreateInstance(acco
unt)[33m;[39m
    [31m[1m>[22m[39m[90m 4
25 |[39m       expect(result[
33m.[39msuccess)[33m.[39mtoB
e([36mtrue[39m)[33m;[39m
     [90m     |[39m          
                    [31m[1m^
[22m[39m
     [90m 426 |[39m       
     [90m 427 |[39m       [9
0m// Simulate multiple crashes
[39m
     [90m 428 |[39m       [3
6mfor[39m ([36mlet[39m i [3
3m=[39m [35m0[39m[33m;[39m
 i [33m<[39m [35m4[39m[33m
;[39m i[33m++[39m) {[0m

      at Object.<anonymous> (sr
c/managers/__tests__/MultiInsta
nceIntegration.test.js:425:30)

  鈼?Multi-Instance Integration 
Tests 鈥?Instance Crash and Rest
art Handling 鈥?should manually 
restart crashed instance

    expect(received).toBe(expec
ted) // Object.is equality

    Expected: true
    Received: false

    [0m [90m 452 |[39m      
 [36mconst[39m restartResult 
[33m=[39m [36mawait[39m ins
tanceManager[33m.[39mcreateIn
stance(account)[33m;[39m
     [90m 453 |[39m       
    [31m[1m>[22m[39m[90m 4
54 |[39m       expect(restartR
esult[33m.[39msuccess)[33m.
[39mtoBe([36mtrue[39m)[33m;
[39m
     [90m     |[39m          
                           [31
m[1m^[22m[39m
     [90m 455 |[39m       exp
ect(instanceManager[33m.[39mi
nstanceExists(account[33m.[39
mid))[33m.[39mtoBe([36mtrue
[39m)[33m;[39m
     [90m 456 |[39m     })[3
3m;[39m
     [90m 457 |[39m[0m

      at Object.<anonymous> (sr
c/managers/__tests__/MultiInsta
nceIntegration.test.js:454:37)

  鈼?Multi-Instance Integration 
Tests 鈥?Instance Crash and Rest
art Handling 鈥?should handle un
responsive instance

    expect(received).toBe(expec
ted) // Object.is equality

    Expected: true
    Received: false

    [0m [90m 462 |[39m      
 
     [90m 463 |[39m       [3
6mconst[39m result [33m=[39m
 [36mawait[39m instanceManage
r[33m.[39mcreateInstance(acco
unt)[33m;[39m
    [31m[1m>[22m[39m[90m 4
64 |[39m       expect(result[
33m.[39msuccess)[33m.[39mtoB
e([36mtrue[39m)[33m;[39m
     [90m     |[39m          
                    [31m[1m^
[22m[39m
     [90m 465 |[39m       
     [90m 466 |[39m       [3
6mconst[39m window [33m=[39m
 result[33m.[39mwindow[33m;
[39m
     [90m 467 |[39m       [0
m

      at Object.<anonymous> (sr
c/managers/__tests__/MultiInsta
nceIntegration.test.js:464:30)

  鈼?Multi-Instance Integration 
Tests 鈥?Multiple Concurrent Ins
tances 鈥?should run multiple in
stances concurrently

    expect(received).toBe(expec
ted) // Object.is equality

    Expected: true
    Received: false

    [0m [90m 497 |[39m      
 [90m// Verify all instances l
aunched successfully[39m
     [90m 498 |[39m       res
ults[33m.[39mforEach(result 
[33m=>[39m {
    [31m[1m>[22m[39m[90m 4
99 |[39m         expect(result
[33m.[39msuccess)[33m.[39mt
oBe([36mtrue[39m)[33m;[39m
     [90m     |[39m          
                      [31m[1m
^[22m[39m
     [90m 500 |[39m       })
[33m;[39m
     [90m 501 |[39m       
     [90m 502 |[39m       [9
0m// Verify instance count[39m
[0m

      at src/managers/__tests__
/MultiInstanceIntegration.test.
js:499:32
          at Array.forEach (<an
onymous>)
      at Object.<anonymous> (sr
c/managers/__tests__/MultiInsta
nceIntegration.test.js:498:15)

  鈼?Multi-Instance Integration 
Tests 鈥?Multiple Concurrent Ins
tances 鈥?should handle max inst
ance limit

    expect(received).toBe(expec
ted) // Object.is equality

    Expected: 10
    Received: 0

    [0m [90m 524 |[39m      
 }
     [90m 525 |[39m       
    [31m[1m>[22m[39m[90m 5
26 |[39m       expect(instance
Manager[33m.[39mgetRunningIns
tanceCount())[33m.[39mtoBe(ma
xInstances)[33m;[39m
     [90m     |[39m          
                               
                [31m[1m^[22m
[39m
     [90m 527 |[39m       
     [90m 528 |[39m       [9
0m// Try to create one more[39
m
     [90m 529 |[39m       [3
6mconst[39m extraAccount [33m
=[39m [36mnew[39m [33mAccou
ntConfig[39m({[0m

      at Object.<anonymous> (sr
c/managers/__tests__/MultiInsta
nceIntegration.test.js:526:57)

  鈼?Multi-Instance Integration 
Tests 鈥?Multiple Concurrent Ins
tances 鈥?should isolate instanc
es from each other

    expect(received).toBe(expec
ted) // Object.is equality

    Expected: "running"
    Received: "error"

    [0m [90m 561 |[39m      
 [36mconst[39m status2 [33m=
[39m instanceManager[33m.[39
mgetInstanceStatus(account2[33
m.[39mid)[33m;[39m
     [90m 562 |[39m       
    [31m[1m>[22m[39m[90m 5
63 |[39m       expect(status1
[33m.[39mstatus)[33m.[39mtoB
e([32m'running'[39m)[33m;[3
9m
     [90m     |[39m          
                    [31m[1m^
[22m[39m
     [90m 564 |[39m       exp
ect(status2[33m.[39mstatus)[
33m.[39mtoBe([32m'running'[3
9m)[33m;[39m
     [90m 565 |[39m       exp
ect(status1[33m.[39minstanceI
d)[33m.[39mnot[33m.[39mtoBe
(status2[33m.[39minstanceId)
[33m;[39m
     [90m 566 |[39m       [0
m

      at Object.<anonymous> (sr
c/managers/__tests__/MultiInsta
nceIntegration.test.js:563:30)

  鈼?Multi-Instance Integration 
Tests 鈥?Multiple Concurrent Ins
tances 鈥?should manage resource
s across multiple instances

    expect(received).toBe(expec
ted) // Object.is equality

    Expected: 3
    Received: 0

    [0m [90m 593 |[39m      
 [36mconst[39m healthSummary 
[33m=[39m [36mawait[39m ins
tanceManager[33m.[39mgetAllIn
stancesHealth()[33m;[39m
     [90m 594 |[39m       
    [31m[1m>[22m[39m[90m 5
95 |[39m       expect(healthSu
mmary[33m.[39mtotal)[33m.[3
9mtoBe(instanceCount)[33m;[39
m
     [90m     |[39m          
                         [31m
[1m^[22m[39m
     [90m 596 |[39m       exp
ect(healthSummary[33m.[39mhea
lthy)[33m.[39mtoBe(instanceCo
unt)[33m;[39m
     [90m 597 |[39m       exp
ect(healthSummary[33m.[39munh
ealthy)[33m.[39mtoBe([35m0[
39m)[33m;[39m
     [90m 598 |[39m     })[3
3m;[39m[0m

      at Object.<anonymous> (sr
c/managers/__tests__/MultiInsta
nceIntegration.test.js:595:35)

  鈼?Multi-Instance Integration 
Tests 鈥?Multiple Concurrent Ins
tances 鈥?should destroy all ins
tances at once

    expect(received).toBe(expec
ted) // Object.is equality

    Expected: 5
    Received: 0

    [0m [90m 609 |[39m      
 }
     [90m 610 |[39m       
    [31m[1m>[22m[39m[90m 6
11 |[39m       expect(instance
Manager[33m.[39mgetRunningIns
tanceCount())[33m.[39mtoBe(in
stanceCount)[33m;[39m
     [90m     |[39m          
                               
                [31m[1m^[22m
[39m
     [90m 612 |[39m       
     [90m 613 |[39m       [9
0m// Destroy all[39m
     [90m 614 |[39m       [3
6mconst[39m result [33m=[39m
 [36mawait[39m instanceManage
r[33m.[39mdestroyAllInstances
()[33m;[39m[0m

      at Object.<anonymous> (sr
c/managers/__tests__/MultiInsta
nceIntegration.test.js:611:57)

  鈼?Multi-Instance Integration 
Tests 鈥?Multiple Concurrent Ins
tances 鈥?should handle concurre
nt operations on different inst
ances

    expect(received).toBe(expec
ted) // Object.is equality

    Expected: true
    Received: false

    [0m [90m 632 |[39m      
 ])[33m;[39m
     [90m 633 |[39m       
    [31m[1m>[22m[39m[90m 6
34 |[39m       expect(result1
[33m.[39msuccess)[33m.[39mto
Be([36mtrue[39m)[33m;[39m
     [90m     |[39m          
                     [31m[1m^
[22m[39m
     [90m 635 |[39m       exp
ect(result2[33m.[39msuccess)
[33m.[39mtoBe([36mtrue[39m)
[33m;[39m
     [90m 636 |[39m       exp
ect(result3[33m.[39msuccess)
[33m.[39mtoBe([36mtrue[39m)
[33m;[39m
     [90m 637 |[39m       [0
m

      at Object.<anonymous> (sr
c/managers/__tests__/MultiInsta
nceIntegration.test.js:634:31)

  鈼?Multi-Instance Integration 
Tests 鈥?Integration with Config
uration Management 鈥?should syn
c instance state with configura
tion

    expect(received).toBe(expec
ted) // Object.is equality

    Expected: true
    Received: false

    [0m [90m 671 |[39m      
 
     [90m 672 |[39m       [9
0m// Instance should still be r
unning[39m
    [31m[1m>[22m[39m[90m 6
73 |[39m       expect(instance
Manager[33m.[39minstanceExist
s(accountId))[33m.[39mtoBe([
36mtrue[39m)[33m;[39m
     [90m     |[39m          
                               
                [31m[1m^[22m
[39m
     [90m 674 |[39m     })[3
3m;[39m
     [90m 675 |[39m
     [90m 676 |[39m     test(
[32m'should handle account del
etion with running instance'[3
9m[33m,[39m [36masync[39m (
) [33m=>[39m {[0m

      at Object.<anonymous> (sr
c/managers/__tests__/MultiInsta
nceIntegration.test.js:673:57)

  鈼?Multi-Instance Integration 
Tests 鈥?Integration with Config
uration Management 鈥?should han
dle account deletion with runni
ng instance

    expect(received).toBe(expec
ted) // Object.is equality

    Expected: true
    Received: false

    [0m [90m 682 |[39m      
 [90m// Launch instance[39m
     [90m 683 |[39m       [3
6mawait[39m instanceManager[3
3m.[39mcreateInstance(createRe
sult[33m.[39maccount)[33m;[
39m
    [31m[1m>[22m[39m[90m 6
84 |[39m       expect(instance
Manager[33m.[39minstanceExist
s(accountId))[33m.[39mtoBe([
36mtrue[39m)[33m;[39m
     [90m     |[39m          
                               
                [31m[1m^[22m
[39m
     [90m 685 |[39m       
     [90m 686 |[39m       [9
0m// Delete account configurati
on[39m
     [90m 687 |[39m       [3
6mawait[39m configManager[33m
.[39mdeleteAccount(accountId)
[33m;[39m[0m

      at Object.<anonymous> (sr
c/managers/__tests__/MultiInsta
nceIntegration.test.js:684:57)

  鈼?Multi-Instance Integration 
Tests 鈥?Error Handling and Reco
very 鈥?should recover from inst
ance creation failure

    expect(received).toBe(expec
ted) // Object.is equality

    Expected: true
    Received: false

    [0m [90m 746 |[39m      
 [90m// First attempt should s
ucceed[39m
     [90m 747 |[39m       [3
6mconst[39m result1 [33m=[39
m [36mawait[39m instanceManag
er[33m.[39mcreateInstance(acc
ount)[33m;[39m
    [31m[1m>[22m[39m[90m 7
48 |[39m       expect(result1
[33m.[39msuccess)[33m.[39mto
Be([36mtrue[39m)[33m;[39m
     [90m     |[39m          
                     [31m[1m^
[22m[39m
     [90m 749 |[39m       
     [90m 750 |[39m       [9
0m// Second attempt should fail
 (already running)[39m
     [90m 751 |[39m       [3
6mconst[39m result2 [33m=[39
m [36mawait[39m instanceManag
er[33m.[39mcreateInstance(acc
ount)[33m;[39m[0m

      at Object.<anonymous> (sr
c/managers/__tests__/MultiInsta
nceIntegration.test.js:748:31)

  鈼?Multi-Instance Integration 
Tests 鈥?Error Handling and Reco
very 鈥?should handle rapid crea
te/destroy cycles

    expect(received).toBe(expec
ted) // Object.is equality

    Expected: true
    Received: false

    [0m [90m 766 |[39m      
 [36mfor[39m ([36mlet[39m i
 [33m=[39m [35m0[39m[33m;
[39m i [33m<[39m [35m3[39m
[33m;[39m i[33m++[39m) {
     [90m 767 |[39m         
[36mconst[39m createResult [3
3m=[39m [36mawait[39m instan
ceManager[33m.[39mcreateInsta
nce(account)[33m;[39m
    [31m[1m>[22m[39m[90m 7
68 |[39m         expect(create
Result[33m.[39msuccess)[33m.
[39mtoBe([36mtrue[39m)[33m;
[39m
     [90m     |[39m          
                            [3
1m[1m^[22m[39m
     [90m 769 |[39m         
     [90m 770 |[39m         
[36mconst[39m destroyResult [
33m=[39m [36mawait[39m insta
nceManager[33m.[39mdestroyIns
tance(account[33m.[39mid)[33
m;[39m
     [90m 771 |[39m         e
xpect(destroyResult[33m.[39ms
uccess)[33m.[39mtoBe([36mtru
e[39m)[33m;[39m[0m

      at Object.<anonymous> (sr
c/managers/__tests__/MultiInsta
nceIntegration.test.js:768:38)

FAIL src/infrastructure/proxy/_
_tests__/ProxyPreChecker.test.j
s
  ProxyPreChecker
    constructor
      鈭?should create instance 
with default options (3 ms)
      鈭?should accept custom op
tions (3 ms)
      鈭?should accept custom lo
gger (2 ms)
      鈭?should have default IP 
endpoints (1 ms)
    testConnectivity
      脳 should return success f
or valid proxy config (60 ms)
      鈭?should return failure f
or invalid config (2 ms)
      鈭?should return failure o
n connection error (9 ms)
      脳 should accept plain obj
ect config (12 ms)
    measureLatency
      脳 should measure latency 
with multiple samples (15 ms)
      鈭?should return failure i
f all samples fail (12 ms)
      脳 should use default samp
le count if not specified (29 m
s)
    getExitIP
      脳 should return IP from f
irst successful source (28 ms)
      脳 should try multiple sou
rces on failure (12 ms)
      鈭?should return failure i
f all sources fail (16 ms)
    performFullCheck
      脳 should perform complete
 pre-check (9 ms)
      鈭?should fail if connecti
vity test fails (6 ms)
    _isValidIP
      鈭?should validate IPv4 ad
dresses (4 ms)
      鈭?should reject invalid I
Pv4 addresses (4 ms)
      鈭?should reject null and 
undefined (2 ms)
    _formatError
      鈭?should format timeout e
rrors (3 ms)
      鈭?should format connectio
n refused errors (3 ms)
      鈭?should format host not 
found errors (3 ms)
      鈭?should return original 
message for unknown errors (11 
ms)
    _createProxyAgent
      脳 should create SocksProx
yAgent for SOCKS5 (3 ms)
      脳 should create HttpsProx
yAgent for HTTP/HTTPS (1 ms)
    Defaults
      鈭?should export default v
alues (1 ms)
    IPEndpoints
      鈭?should export IP endpoi
nts (3 ms)

  鈼?ProxyPreChecker 鈥?testConne
ctivity 鈥?should return success
 for valid proxy config

    expect(received).toBe(expec
ted) // Object.is equality

    Expected: true
    Received: false

    [0m [90m 140 |[39m      
 [36mconst[39m result [33m=
[39m [36mawait[39m checker[3
3m.[39mtestConnectivity(config
)[33m;[39m
     [90m 141 |[39m       
    [31m[1m>[22m[39m[90m 1
42 |[39m       expect(result[
33m.[39msuccess)[33m.[39mtoB
e([36mtrue[39m)[33m;[39m
     [90m     |[39m          
                    [31m[1m^
[22m[39m
     [90m 143 |[39m       exp
ect(result[33m.[39mlatency)[
33m.[39mtoBeDefined()[33m;[3
9m
     [90m 144 |[39m       exp
ect([36mtypeof[39m result[33
m.[39mlatency)[33m.[39mtoBe(
[32m'number'[39m)[33m;[39m
     [90m 145 |[39m     })[3
3m;[39m[0m

      at Object.<anonymous> (sr
c/infrastructure/proxy/__tests_
_/ProxyPreChecker.test.js:142:3
0)

  鈼?ProxyPreChecker 鈥?testConne
ctivity 鈥?should accept plain o
bject config

    expect(received).toBe(expec
ted) // Object.is equality

    Expected: true
    Received: false

    [0m [90m 193 |[39m      
 })[33m;[39m
     [90m 194 |[39m       
    [31m[1m>[22m[39m[90m 1
95 |[39m       expect(result[
33m.[39msuccess)[33m.[39mtoB
e([36mtrue[39m)[33m;[39m
     [90m     |[39m          
                    [31m[1m^
[22m[39m
     [90m 196 |[39m     })[3
3m;[39m
     [90m 197 |[39m   })[33m
;[39m
     [90m 198 |[39m[0m

      at Object.<anonymous> (sr
c/infrastructure/proxy/__tests_
_/ProxyPreChecker.test.js:195:3
0)

  鈼?ProxyPreChecker 鈥?measureLa
tency 鈥?should measure latency 
with multiple samples

    expect(received).toBe(expec
ted) // Object.is equality

    Expected: true
    Received: false

    [0m [90m 216 |[39m      
 [36mconst[39m result [33m=
[39m [36mawait[39m checker[3
3m.[39mmeasureLatency(config[
33m,[39m [35m3[39m)[33m;[3
9m
     [90m 217 |[39m       
    [31m[1m>[22m[39m[90m 2
18 |[39m       expect(result[
33m.[39msuccess)[33m.[39mtoB
e([36mtrue[39m)[33m;[39m
     [90m     |[39m          
                    [31m[1m^
[22m[39m
     [90m 219 |[39m       exp
ect(result[33m.[39mlatency)[
33m.[39mtoBeDefined()[33m;[3
9m
     [90m 220 |[39m       exp
ect(result[33m.[39mlatency[3
3m.[39mmin)[33m.[39mtoBeDefi
ned()[33m;[39m
     [90m 221 |[39m       exp
ect(result[33m.[39mlatency[3
3m.[39mmax)[33m.[39mtoBeDefi
ned()[33m;[39m[0m

      at Object.<anonymous> (sr
c/infrastructure/proxy/__tests_
_/ProxyPreChecker.test.js:218:3
0)

  鈼?ProxyPreChecker 鈥?measureLa
tency 鈥?should use default samp
le count if not specified

    expect(received).toBe(expec
ted) // Object.is equality

    Expected: true
    Received: false

    [0m [90m 260 |[39m      
 [36mconst[39m result [33m=
[39m [36mawait[39m checker[3
3m.[39mmeasureLatency(config)
[33m;[39m
     [90m 261 |[39m       
    [31m[1m>[22m[39m[90m 2
62 |[39m       expect(result[
33m.[39msuccess)[33m.[39mtoB
e([36mtrue[39m)[33m;[39m
     [90m     |[39m          
                    [31m[1m^
[22m[39m
     [90m 263 |[39m       exp
ect(result[33m.[39msamples)[
33m.[39mtoBe([33mProxyPreChec
ker[39m[33m.[39m[33mDefault
s[39m[33m.[39m[33mLATENCY_S
AMPLES[39m)[33m;[39m
     [90m 264 |[39m     })[3
3m;[39m
     [90m 265 |[39m   })[33m
;[39m[0m

      at Object.<anonymous> (sr
c/infrastructure/proxy/__tests_
_/ProxyPreChecker.test.js:262:3
0)

  鈼?ProxyPreChecker 鈥?getExitIP
 鈥?should return IP from first 
successful source

    expect(received).toBe(expec
ted) // Object.is equality

    Expected: true
    Received: false

    [0m [90m 289 |[39m      
 [36mconst[39m result [33m=
[39m [36mawait[39m checker[3
3m.[39mgetExitIP(config)[33m;
[39m
     [90m 290 |[39m       
    [31m[1m>[22m[39m[90m 2
91 |[39m       expect(result[
33m.[39msuccess)[33m.[39mtoB
e([36mtrue[39m)[33m;[39m
     [90m     |[39m          
                    [31m[1m^
[22m[39m
     [90m 292 |[39m       exp
ect(result[33m.[39mip)[33m.
[39mtoBeDefined()[33m;[39m
     [90m 293 |[39m       exp
ect(result[33m.[39msource)[3
3m.[39mtoBeDefined()[33m;[39
m
     [90m 294 |[39m     })[3
3m;[39m[0m

      at Object.<anonymous> (sr
c/infrastructure/proxy/__tests_
_/ProxyPreChecker.test.js:291:3
0)

  鈼?ProxyPreChecker 鈥?getExitIP
 鈥?should try multiple sources 
on failure

    expect(received).toBeGreate
rThanOrEqual(expected)

    Expected: >= 1
    Received:    0

    [0m [90m 325 |[39m      
 
     [90m 326 |[39m       [9
0m// Should have tried at least
 2 sources[39m
    [31m[1m>[22m[39m[90m 3
27 |[39m       expect(callCoun
t)[33m.[39mtoBeGreaterThanOrE
qual([35m1[39m)[33m;[39m
     [90m     |[39m          
               [31m[1m^[22m
[39m
     [90m 328 |[39m     })[3
3m;[39m
     [90m 329 |[39m
     [90m 330 |[39m     it([
32m'should return failure if al
l sources fail'[39m[33m,[39m
 [36masync[39m () [33m=>[39
m {[0m

      at Object.<anonymous> (sr
c/infrastructure/proxy/__tests_
_/ProxyPreChecker.test.js:327:2
5)

  鈼?ProxyPreChecker 鈥?performFu
llCheck 鈥?should perform comple
te pre-check

    expect(received).toBe(expec
ted) // Object.is equality

    Expected: true
    Received: false

    [0m [90m 372 |[39m      
 [36mconst[39m result [33m=
[39m [36mawait[39m checker[3
3m.[39mperformFullCheck(config
)[33m;[39m
     [90m 373 |[39m       
    [31m[1m>[22m[39m[90m 3
74 |[39m       expect(result[
33m.[39msuccess)[33m.[39mtoB
e([36mtrue[39m)[33m;[39m
     [90m     |[39m          
                    [31m[1m^
[22m[39m
     [90m 375 |[39m       exp
ect(result[33m.[39mconnectivi
ty)[33m.[39mtoBeDefined()[33
m;[39m
     [90m 376 |[39m       exp
ect(result[33m.[39mip)[33m.
[39mtoBeDefined()[33m;[39m
     [90m 377 |[39m     })[3
3m;[39m[0m

      at Object.<anonymous> (sr
c/infrastructure/proxy/__tests_
_/ProxyPreChecker.test.js:374:3
0)

  鈼?ProxyPreChecker 鈥?_createPr
oxyAgent 鈥?should create SocksP
roxyAgent for SOCKS5

    expect(jest.fn()).toHaveBee
nCalled()

    Expected number of calls: >
= 1
    Received number of calls:  
  0

    [0m [90m 453 |[39m      
 checker[33m.[39m_createProxy
Agent(config)[33m;[39m
     [90m 454 |[39m       
    [31m[1m>[22m[39m[90m 4
55 |[39m       expect([33mSoc
ksProxyAgent[39m)[33m.[39mto
HaveBeenCalled()[33m;[39m
     [90m     |[39m          
                     [31m[1m^
[22m[39m
     [90m 456 |[39m     })[3
3m;[39m
     [90m 457 |[39m
     [90m 458 |[39m     it([
32m'should create HttpsProxyAge
nt for HTTP/HTTPS'[39m[33m,[
39m () [33m=>[39m {[0m

      at Object.<anonymous> (sr
c/infrastructure/proxy/__tests_
_/ProxyPreChecker.test.js:455:3
1)

  鈼?ProxyPreChecker 鈥?_createPr
oxyAgent 鈥?should create HttpsP
roxyAgent for HTTP/HTTPS

    expect(jest.fn()).toHaveBee
nCalled()

    Expected number of calls: >
= 1
    Received number of calls:  
  0

    [0m [90m 468 |[39m      
 checker[33m.[39m_createProxy
Agent(config)[33m;[39m
     [90m 469 |[39m       
    [31m[1m>[22m[39m[90m 4
70 |[39m       expect([33mHtt
psProxyAgent[39m)[33m.[39mto
HaveBeenCalled()[33m;[39m
     [90m     |[39m          
                     [31m[1m^
[22m[39m
     [90m 471 |[39m     })[3
3m;[39m
     [90m 472 |[39m   })[33m
;[39m
     [90m 473 |[39m[0m

      at Object.<anonymous> (sr
c/infrastructure/proxy/__tests_
_/ProxyPreChecker.test.js:470:3
1)

FAIL src/single-window/__tests_
_/ViewManager.test.js
  ViewManager
    Constructor
      鈭?should create ViewManag
er instance (6 ms)
      鈭?should throw error if M
ainWindow is not provided (4 ms
)
      鈭?should throw error if S
essionManager is not provided (
3 ms)
      鈭?should initialize with 
empty views map (2 ms)
    View State Management
      鈭?should check if view ex
ists (2 ms)
      鈭?should get view count (
3 ms)
      鈭?should get active accou
nt ID (3 ms)
      鈭?should get all views (3
 ms)
    Bounds Calculation
      脳 should calculate view b
ounds based on sidebar width (5
 ms)
      脳 should use saved sideba
r width if not provided (1 ms)
      脳 should calculate bounds
 with different sidebar widths 
(2 ms)
      鈭?should return zero boun
ds when window is destroyed (2 
ms)
      鈭?should return zero boun
ds when window is null (2 ms)
    View Resizing
      鈭?should debounce resize 
operations by default (5 ms)
      鈭?should resize immediate
ly when immediate option is tru
e (4 ms)
      鈭?should clear previous d
ebounce timer on new resize (5 
ms)
      脳 should update bounds fo
r all views during resize (5 ms
)
      脳 should skip destroyed v
iews during resize (3 ms)
      鈭?should handle window re
size event (5 ms)
      鈭?should handle window re
size with immediate option (3 m
s)
      鈭?should handle window re
size gracefully when window is 
destroyed (2 ms)
      鈭?should handle window re
size gracefully when window is 
null (3 ms)
    View Lifecycle
      鈭?should return null for 
non-existent view (2 ms)
      鈭?should return null for 
non-existent view state (2 ms)
      鈭?should return null for 
active view when none is active
 (2 ms)
    View Status Queries
      鈭?should return null logi
n status for non-existent view 
(2 ms)
      鈭?should return null erro
r info for non-existent view (2
 ms)
      鈭?should return false for
 isViewLoading on non-existent 
view (1 ms)
      鈭?should return false for
 hasViewError on non-existent v
iew (2 ms)
    User Agent
      鈭?should provide default 
WhatsApp-compatible user agent 
(2 ms)
    Renderer Notifications
      鈭?should handle notificat
ion when window is available (5
 ms)
      鈭?should handle notificat
ion gracefully when window is d
estroyed (3 ms)
      鈭?should handle notificat
ion gracefully when window is n
ull (3 ms)
    Cleanup
      鈭?should clear debounce t
imer when destroying all views 
(3 ms)
    View Switching
      鈭?should return error whe
n switching to non-existent vie
w without createIfMissing (4 ms
)
      鈭?should return success w
hen switching to already active
 view (2 ms)
      鈭?should handle switchVie
wByIndex with invalid index (1 
ms)
      鈭?should handle switchVie
wByIndex with out of range inde
x (2 ms)
      鈭?should handle switchToN
extView with no accounts (2 ms)
      鈭?should handle switchToP
reviousView with no accounts (1
 ms)
      鈭?should return same acco
unt when only one account exist
s for next (2 ms)
      鈭?should return same acco
unt when only one account exist
s for previous (2 ms)

  鈼?ViewManager 鈥?Bounds Calcul
ation 鈥?should calculate view b
ounds based on sidebar width

    TypeError: this.mainWindow.
getTranslationPanelWidth is not
 a function

    [0m [90m 1819 |[39m     
[36mconst[39m windowBounds [
33m=[39m window[33m.[39mgetC
ontentBounds()[33m;[39m
     [90m 1820 |[39m     [36
mconst[39m sidebar [33m=[39m
 sidebarWidth [33m||[39m [36
mthis[39m[33m.[39mmainWindow
[33m.[39mgetSidebarWidth()[3
3m;[39m
    [31m[1m>[22m[39m[90m 1
821 |[39m     [36mconst[39m 
translationWidth [33m=[39m [
36mthis[39m[33m.[39mmainWind
ow[33m.[39mgetTranslationPane
lWidth()[33m;[39m
     [90m      |[39m         
                               
      [31m[1m^[22m[39m
     [90m 1822 |[39m
     [90m 1823 |[39m     [90
m// Check if we can use cached 
bounds[39m
     [90m 1824 |[39m     [36
mif[39m ([33m![39mforceRecal
culate [33m&&[39m [36mthis[
39m[33m.[39mboundsCache[33m.
[39mcachedBounds) {[0m

      at ViewManager._calculate
ViewBounds (src/single-window/V
iewManager.js:1821:46)
      at Object.<anonymous> (sr
c/single-window/__tests__/ViewM
anager.test.js:92:34)

  鈼?ViewManager 鈥?Bounds Calcul
ation 鈥?should use saved sideba
r width if not provided

    TypeError: this.mainWindow.
getTranslationPanelWidth is not
 a function

    [0m [90m 1819 |[39m     
[36mconst[39m windowBounds [
33m=[39m window[33m.[39mgetC
ontentBounds()[33m;[39m
     [90m 1820 |[39m     [36
mconst[39m sidebar [33m=[39m
 sidebarWidth [33m||[39m [36
mthis[39m[33m.[39mmainWindow
[33m.[39mgetSidebarWidth()[3
3m;[39m
    [31m[1m>[22m[39m[90m 1
821 |[39m     [36mconst[39m 
translationWidth [33m=[39m [
36mthis[39m[33m.[39mmainWind
ow[33m.[39mgetTranslationPane
lWidth()[33m;[39m
     [90m      |[39m         
                               
      [31m[1m^[22m[39m
     [90m 1822 |[39m
     [90m 1823 |[39m     [90
m// Check if we can use cached 
bounds[39m
     [90m 1824 |[39m     [36
mif[39m ([33m![39mforceRecal
culate [33m&&[39m [36mthis[
39m[33m.[39mboundsCache[33m.
[39mcachedBounds) {[0m

      at ViewManager._calculate
ViewBounds (src/single-window/V
iewManager.js:1821:46)
      at Object.<anonymous> (sr
c/single-window/__tests__/ViewM
anager.test.js:103:34)

  鈼?ViewManager 鈥?Bounds Calcul
ation 鈥?should calculate bounds
 with different sidebar widths

    TypeError: this.mainWindow.
getTranslationPanelWidth is not
 a function

    [0m [90m 1819 |[39m     
[36mconst[39m windowBounds [
33m=[39m window[33m.[39mgetC
ontentBounds()[33m;[39m
     [90m 1820 |[39m     [36
mconst[39m sidebar [33m=[39m
 sidebarWidth [33m||[39m [36
mthis[39m[33m.[39mmainWindow
[33m.[39mgetSidebarWidth()[3
3m;[39m
    [31m[1m>[22m[39m[90m 1
821 |[39m     [36mconst[39m 
translationWidth [33m=[39m [
36mthis[39m[33m.[39mmainWind
ow[33m.[39mgetTranslationPane
lWidth()[33m;[39m
     [90m      |[39m         
                               
      [31m[1m^[22m[39m
     [90m 1822 |[39m
     [90m 1823 |[39m     [90
m// Check if we can use cached 
bounds[39m
     [90m 1824 |[39m     [36
mif[39m ([33m![39mforceRecal
culate [33m&&[39m [36mthis[
39m[33m.[39mboundsCache[33m.
[39mcachedBounds) {[0m

      at ViewManager._calculate
ViewBounds (src/single-window/V
iewManager.js:1821:46)
      at Object.<anonymous> (sr
c/single-window/__tests__/ViewM
anager.test.js:110:35)

  鈼?ViewManager 鈥?View Resizing
 鈥?should update bounds for all
 views during resize

    expect(received).toEqual(ex
pected) // deep equality

    Expected: {"height": 900, "
width": 1100, "x": 300, "y": 0}
    Received: null

    [0m [90m 237 |[39m      
 
     [90m 238 |[39m       [9
0m// Both views should have bou
nds updated[39m
    [31m[1m>[22m[39m[90m 2
39 |[39m       expect(mockView
1[33m.[39mbounds)[33m.[39mt
oEqual({
     [90m     |[39m          
                      [31m[1m
^[22m[39m
     [90m 240 |[39m         x
[33m:[39m [35m300[39m[33m,
[39m
     [90m 241 |[39m         y
[33m:[39m [35m0[39m[33m,[
39m
     [90m 242 |[39m         w
idth[33m:[39m [35m1100[39m
[33m,[39m[0m

      at Object.<anonymous> (sr
c/single-window/__tests__/ViewM
anager.test.js:239:32)

  鈼?ViewManager 鈥?View Resizing
 鈥?should skip destroyed views 
during resize

    expect(received).toEqual(ex
pected) // deep equality

    Expected: {"height": 900, "
width": 1100, "x": 300, "y": 0}
    Received: null

    [0m [90m 280 |[39m      
 
     [90m 281 |[39m       [9
0m// Bounds should be updated i
n state[39m
    [31m[1m>[22m[39m[90m 2
82 |[39m       expect(mockView
[33m.[39mbounds)[33m.[39mto
Equal({
     [90m     |[39m          
                     [31m[1m^
[22m[39m
     [90m 283 |[39m         x
[33m:[39m [35m300[39m[33m,
[39m
     [90m 284 |[39m         y
[33m:[39m [35m0[39m[33m,[
39m
     [90m 285 |[39m         w
idth[33m:[39m [35m1100[39m
[33m,[39m[0m

      at Object.<anonymous> (sr
c/single-window/__tests__/ViewM
anager.test.js:282:31)

FAIL src/single-window/__tests_
_/MainWindow.test.js
  MainWindow
    constructor
      鈭?should create MainWindo
w instance with default options
 (6 ms)
      鈭?should create MainWindo
w instance with custom options 
(5 ms)
    initialize
      脳 should initialize windo
w with correct configuration (4
 ms)
      脳 should not reinitialize
 if already initialized (7 ms)
    getWindow
      脳 should return window in
stance (6 ms)
      鈭?should return null if n
ot initialized (5 ms)
    getBounds
      脳 should return window bo
unds (5 ms)
      鈭?should return null if w
indow not initialized (5 ms)
    sendToRenderer
      脳 should send message to 
renderer (5 ms)
      脳 should not send if wind
ow is destroyed (6 ms)
    isReady
      脳 should return true when
 initialized and not destroyed 
(5 ms)
      鈭?should return false whe
n not initialized (6 ms)
    sidebar width persistence
      脳 should get default side
bar width (6 ms)
      鈭?should save and retriev
e sidebar width (12 ms)

  鈼?MainWindow 鈥?initialize 鈥?s
hould initialize window with co
rrect configuration

    TypeError: Cannot read prop
erties of undefined (reading 'g
etAllDisplays')

    [0m [90m 208 |[39m [90m
   */[39m
     [90m 209 |[39m   _ensure
VisibleBounds(bounds) {
    [31m[1m>[22m[39m[90m 2
10 |[39m     [36mconst[39m d
isplays [33m=[39m screen[33m
.[39mgetAllDisplays()[33m;[3
9m
     [90m     |[39m          
                   [31m[1m^[
22m[39m
     [90m 211 |[39m     
     [90m 212 |[39m     [90m
// If no saved bounds, center o
n primary display[39m
     [90m 213 |[39m     [36m
if[39m ([33m![39mbounds [33
m||[39m bounds[33m.[39mx [3
3m===[39m undefined [33m||[3
9m bounds[33m.[39my [33m===
[39m undefined) {[0m

      at MainWindow._ensureVisi
bleBounds (src/single-window/Ma
inWindow.js:210:29)
      at MainWindow.initialize 
(src/single-window/MainWindow.j
s:83:25)
      at Object.<anonymous> (sr
c/single-window/__tests__/MainW
indow.test.js:99:33)

  鈼?MainWindow 鈥?initialize 鈥?s
hould not reinitialize if alrea
dy initialized

    TypeError: Cannot read prop
erties of undefined (reading 'g
etAllDisplays')

    [0m [90m 208 |[39m [90m
   */[39m
     [90m 209 |[39m   _ensure
VisibleBounds(bounds) {
    [31m[1m>[22m[39m[90m 2
10 |[39m     [36mconst[39m d
isplays [33m=[39m screen[33m
.[39mgetAllDisplays()[33m;[3
9m
     [90m     |[39m          
                   [31m[1m^[
22m[39m
     [90m 211 |[39m     
     [90m 212 |[39m     [90m
// If no saved bounds, center o
n primary display[39m
     [90m 213 |[39m     [36m
if[39m ([33m![39mbounds [33
m||[39m bounds[33m.[39mx [3
3m===[39m undefined [33m||[3
9m bounds[33m.[39my [33m===
[39m undefined) {[0m

      at MainWindow._ensureVisi
bleBounds (src/single-window/Ma
inWindow.js:210:29)
      at MainWindow.initialize 
(src/single-window/MainWindow.j
s:83:25)
      at Object.<anonymous> (sr
c/single-window/__tests__/MainW
indow.test.js:122:18)

  鈼?MainWindow 鈥?getWindow 鈥?sh
ould return window instance

    TypeError: Cannot read prop
erties of undefined (reading 'g
etAllDisplays')

    [0m [90m 208 |[39m [90m
   */[39m
     [90m 209 |[39m   _ensure
VisibleBounds(bounds) {
    [31m[1m>[22m[39m[90m 2
10 |[39m     [36mconst[39m d
isplays [33m=[39m screen[33m
.[39mgetAllDisplays()[33m;[3
9m
     [90m     |[39m          
                   [31m[1m^[
22m[39m
     [90m 211 |[39m     
     [90m 212 |[39m     [90m
// If no saved bounds, center o
n primary display[39m
     [90m 213 |[39m     [36m
if[39m ([33m![39mbounds [33
m||[39m bounds[33m.[39mx [3
3m===[39m undefined [33m||[3
9m bounds[33m.[39my [33m===
[39m undefined) {[0m

      at MainWindow._ensureVisi
bleBounds (src/single-window/Ma
inWindow.js:210:29)
      at MainWindow.initialize 
(src/single-window/MainWindow.j
s:83:25)
      at Object.<anonymous> (sr
c/single-window/__tests__/MainW
indow.test.js:134:18)

  鈼?MainWindow 鈥?getBounds 鈥?sh
ould return window bounds

    TypeError: Cannot read prop
erties of undefined (reading 'g
etAllDisplays')

    [0m [90m 208 |[39m [90m
   */[39m
     [90m 209 |[39m   _ensure
VisibleBounds(bounds) {
    [31m[1m>[22m[39m[90m 2
10 |[39m     [36mconst[39m d
isplays [33m=[39m screen[33m
.[39mgetAllDisplays()[33m;[3
9m
     [90m     |[39m          
                   [31m[1m^[
22m[39m
     [90m 211 |[39m     
     [90m 212 |[39m     [90m
// If no saved bounds, center o
n primary display[39m
     [90m 213 |[39m     [36m
if[39m ([33m![39mbounds [33
m||[39m bounds[33m.[39mx [3
3m===[39m undefined [33m||[3
9m bounds[33m.[39my [33m===
[39m undefined) {[0m

      at MainWindow._ensureVisi
bleBounds (src/single-window/Ma
inWindow.js:210:29)
      at MainWindow.initialize 
(src/single-window/MainWindow.j
s:83:25)
      at Object.<anonymous> (sr
c/single-window/__tests__/MainW
indow.test.js:151:18)

  鈼?MainWindow 鈥?sendToRenderer
 鈥?should send message to rende
rer

    TypeError: Cannot read prop
erties of undefined (reading 'g
etAllDisplays')

    [0m [90m 208 |[39m [90m
   */[39m
     [90m 209 |[39m   _ensure
VisibleBounds(bounds) {
    [31m[1m>[22m[39m[90m 2
10 |[39m     [36mconst[39m d
isplays [33m=[39m screen[33m
.[39mgetAllDisplays()[33m;[3
9m
     [90m     |[39m          
                   [31m[1m^[
22m[39m
     [90m 211 |[39m     
     [90m 212 |[39m     [90m
// If no saved bounds, center o
n primary display[39m
     [90m 213 |[39m     [36m
if[39m ([33m![39mbounds [33
m||[39m bounds[33m.[39mx [3
3m===[39m undefined [33m||[3
9m bounds[33m.[39my [33m===
[39m undefined) {[0m

      at MainWindow._ensureVisi
bleBounds (src/single-window/Ma
inWindow.js:210:29)
      at MainWindow.initialize 
(src/single-window/MainWindow.j
s:83:25)
      at Object.<anonymous> (sr
c/single-window/__tests__/MainW
indow.test.js:168:18)

  鈼?MainWindow 鈥?sendToRenderer
 鈥?should not send if window is
 destroyed

    TypeError: Cannot read prop
erties of undefined (reading 'g
etAllDisplays')

    [0m [90m 208 |[39m [90m
   */[39m
     [90m 209 |[39m   _ensure
VisibleBounds(bounds) {
    [31m[1m>[22m[39m[90m 2
10 |[39m     [36mconst[39m d
isplays [33m=[39m screen[33m
.[39mgetAllDisplays()[33m;[3
9m
     [90m     |[39m          
                   [31m[1m^[
22m[39m
     [90m 211 |[39m     
     [90m 212 |[39m     [90m
// If no saved bounds, center o
n primary display[39m
     [90m 213 |[39m     [36m
if[39m ([33m![39mbounds [33
m||[39m bounds[33m.[39mx [3
3m===[39m undefined [33m||[3
9m bounds[33m.[39my [33m===
[39m undefined) {[0m

      at MainWindow._ensureVisi
bleBounds (src/single-window/Ma
inWindow.js:210:29)
      at MainWindow.initialize 
(src/single-window/MainWindow.j
s:83:25)
      at Object.<anonymous> (sr
c/single-window/__tests__/MainW
indow.test.js:180:18)

  鈼?MainWindow 鈥?isReady 鈥?shou
ld return true when initialized
 and not destroyed

    TypeError: Cannot read prop
erties of undefined (reading 'g
etAllDisplays')

    [0m [90m 208 |[39m [90m
   */[39m
     [90m 209 |[39m   _ensure
VisibleBounds(bounds) {
    [31m[1m>[22m[39m[90m 2
10 |[39m     [36mconst[39m d
isplays [33m=[39m screen[33m
.[39mgetAllDisplays()[33m;[3
9m
     [90m     |[39m          
                   [31m[1m^[
22m[39m
     [90m 211 |[39m     
     [90m 212 |[39m     [90m
// If no saved bounds, center o
n primary display[39m
     [90m 213 |[39m     [36m
if[39m ([33m![39mbounds [33
m||[39m bounds[33m.[39mx [3
3m===[39m undefined [33m||[3
9m bounds[33m.[39my [33m===
[39m undefined) {[0m

      at MainWindow._ensureVisi
bleBounds (src/single-window/Ma
inWindow.js:210:29)
      at MainWindow.initialize 
(src/single-window/MainWindow.j
s:83:25)
      at Object.<anonymous> (sr
c/single-window/__tests__/MainW
indow.test.js:192:18)

  鈼?MainWindow 鈥?sidebar width 
persistence 鈥?should get defaul
t sidebar width

    expect(received).toBe(expec
ted) // Object.is equality

    Expected: 280
    Received: 320

    [0m [90m 207 |[39m      
 
     [90m 208 |[39m       [3
6mconst[39m width [33m=[39m 
mainWindow[33m.[39mgetSidebar
Width()[33m;[39m
    [31m[1m>[22m[39m[90m 2
09 |[39m       expect(width)[
33m.[39mtoBe([35m280[39m)[3
3m;[39m
     [90m     |[39m          
           [31m[1m^[22m[39m
     [90m 210 |[39m     })[3
3m;[39m
     [90m 211 |[39m
     [90m 212 |[39m     test(
[32m'should save and retrieve 
sidebar width'[39m[33m,[39m 
() [33m=>[39m {[0m

      at Object.<anonymous> (sr
c/single-window/__tests__/MainW
indow.test.js:209:21)

FAIL src/managers/__tests__/Ses
sionManager.test.js
  SessionManager
    浼氳瘽鍒涘缓鍜岄殧绂?      脳 搴旇鎴愬姛鍒涘
缓璐﹀彿浼氳瘽 (6 ms)
      脳 搴旇涓轰笉鍚岃处鍙峰垱寤洪殧绂荤殑浼氳瘽 (
3 ms)
      脳 搴旇缂撳瓨浼氳瘽瀹炰緥 (3 ms)
      脳 搴旇鎷掔粷鏃犳晥鐨?accountId (6
 ms)
    浠ｇ悊閰嶇疆
      脳 搴旇鎴愬姛閰嶇疆鏈夋晥鐨勪唬鐞?(3 ms)
      脳 搴旇楠岃瘉浠ｇ悊閰嶇疆鏍煎紡 (2 ms)
      脳 搴旇鏀寔浠ｇ悊璁よ瘉 (2 ms)
      脳 搴旇缂撳瓨浠ｇ悊閰嶇疆 (4 ms)
      脳 搴旇鎴愬姛娓呴櫎浠ｇ悊閰嶇疆 (3 ms)
    鐧诲綍鐘舵€佹娴?      脳 搴旇妫€娴嬪凡鐧
诲綍鐘舵€?(3 ms)
      脳 搴旇妫€娴嬫湭鐧诲綍鐘舵€?(3 ms)
      脳 搴旇缂撳瓨鐧诲綍鐘舵€?(2 ms)
      脳 搴旇澶勭悊鏃犳晥鐨?view (6 ms)
      脳 搴旇澶勭悊宸查攢姣佺殑 view (4 ms
)
    浼氳瘽鏁版嵁绠＄悊
      脳 搴旇妫€娴嬩細璇濇暟鎹槸鍚﹀瓨鍦?(4 m
s)
      脳 搴旇妫€娴嬩笉瀛樺湪鐨勪細璇濇暟鎹?(2 m
s)
      脳 搴旇娓呴櫎浼氳瘽鏁版嵁 (3 ms)
      脳 搴旇鑾峰彇浼氳瘽鏁版嵁缁熻 (3 ms)
    浼氳瘽闅旂楠岃瘉
      脳 搴旇楠岃瘉浼氳瘽闅旂鎬?(3 ms)
      脳 搴旇澶勭悊涓嶅瓨鍦ㄧ殑浼氳瘽 (3 ms)
    缂撳瓨绠＄悊
      脳 搴旇娓呴櫎璐﹀彿鐨勬墍鏈夌紦瀛?(4 ms)
      脳 搴旇娓呴櫎鐧诲綍鐘舵€佺紦瀛?(5 ms)
    浼氳瘽鎸佷箙鍖?      脳 搴旇閰嶇疆浼氳瘽鎸佷
箙鍖?(5 ms)
      脳 搴旇鑾峰彇浼氳瘽鎸佷箙鍖栫姸鎬?(3 ms)
    鐢ㄦ埛鏁版嵁鐩綍
      脳 搴旇杩斿洖姝ｇ‘鐨勭敤鎴锋暟鎹洰褰曡矾寰?
(3 ms)
      脳 搴旇鍒犻櫎鐢ㄦ埛鏁版嵁鐩綍 (3 ms)

  鈼?SessionManager 鈥?浼氳瘽鍒涘缓鍜岄殧绂
?鈥?搴旇鎴愬姛鍒涘缓璐﹀彿浼氳瘽

    TypeError: Cannot read prop
erties of undefined (reading 'f
romPartition')

    [0m [90m 40 |[39m     }
[33m;[39m
     [90m 41 |[39m
    [31m[1m>[22m[39m[90m 4
2 |[39m     session[33m.[39m
fromPartition[33m.[39mmockRet
urnValue(mockSession)[33m;[39
m
     [90m    |[39m           
  [31m[1m^[22m[39m
     [90m 43 |[39m
     [90m 44 |[39m     [90m/
/ Get mocked electron from jest
.mock[39m
     [90m 45 |[39m     [36mc
onst[39m electron [33m=[39m 
require([32m'electron'[39m)[
33m;[39m[0m

      at Object.<anonymous> (sr
c/managers/__tests__/SessionMan
ager.test.js:42:13)

  鈼?SessionManager 鈥?浼氳瘽鍒涘缓鍜岄殧绂
?鈥?搴旇涓轰笉鍚岃处鍙峰垱寤洪殧绂荤殑浼氳瘽

    TypeError: Cannot read prop
erties of undefined (reading 'f
romPartition')

    [0m [90m 40 |[39m     }
[33m;[39m
     [90m 41 |[39m
    [31m[1m>[22m[39m[90m 4
2 |[39m     session[33m.[39m
fromPartition[33m.[39mmockRet
urnValue(mockSession)[33m;[39
m
     [90m    |[39m           
  [31m[1m^[22m[39m
     [90m 43 |[39m
     [90m 44 |[39m     [90m/
/ Get mocked electron from jest
.mock[39m
     [90m 45 |[39m     [36mc
onst[39m electron [33m=[39m 
require([32m'electron'[39m)[
33m;[39m[0m

      at Object.<anonymous> (sr
c/managers/__tests__/SessionMan
ager.test.js:42:13)

  鈼?SessionManager 鈥?浼氳瘽鍒涘缓鍜岄殧绂
?鈥?搴旇缂撳瓨浼氳瘽瀹炰緥

    TypeError: Cannot read prop
erties of undefined (reading 'f
romPartition')

    [0m [90m 40 |[39m     }
[33m;[39m
     [90m 41 |[39m
    [31m[1m>[22m[39m[90m 4
2 |[39m     session[33m.[39m
fromPartition[33m.[39mmockRet
urnValue(mockSession)[33m;[39
m
     [90m    |[39m           
  [31m[1m^[22m[39m
     [90m 43 |[39m
     [90m 44 |[39m     [90m/
/ Get mocked electron from jest
.mock[39m
     [90m 45 |[39m     [36mc
onst[39m electron [33m=[39m 
require([32m'electron'[39m)[
33m;[39m[0m

      at Object.<anonymous> (sr
c/managers/__tests__/SessionMan
ager.test.js:42:13)

  鈼?SessionManager 鈥?浼氳瘽鍒涘缓鍜岄殧绂
?鈥?搴旇鎷掔粷鏃犳晥鐨?accountId

    TypeError: Cannot read prop
erties of undefined (reading 'f
romPartition')

    [0m [90m 40 |[39m     }
[33m;[39m
     [90m 41 |[39m
    [31m[1m>[22m[39m[90m 4
2 |[39m     session[33m.[39m
fromPartition[33m.[39mmockRet
urnValue(mockSession)[33m;[39
m
     [90m    |[39m           
  [31m[1m^[22m[39m
     [90m 43 |[39m
     [90m 44 |[39m     [90m/
/ Get mocked electron from jest
.mock[39m
     [90m 45 |[39m     [36mc
onst[39m electron [33m=[39m 
require([32m'electron'[39m)[
33m;[39m[0m

      at Object.<anonymous> (sr
c/managers/__tests__/SessionMan
ager.test.js:42:13)

  鈼?SessionManager 鈥?浠ｇ悊閰嶇疆 鈥?搴
旇鎴愬姛閰嶇疆鏈夋晥鐨勪唬鐞?
    TypeError: Cannot read prop
erties of undefined (reading 'f
romPartition')

    [0m [90m 40 |[39m     }
[33m;[39m
     [90m 41 |[39m
    [31m[1m>[22m[39m[90m 4
2 |[39m     session[33m.[39m
fromPartition[33m.[39mmockRet
urnValue(mockSession)[33m;[39
m
     [90m    |[39m           
  [31m[1m^[22m[39m
     [90m 43 |[39m
     [90m 44 |[39m     [90m/
/ Get mocked electron from jest
.mock[39m
     [90m 45 |[39m     [36mc
onst[39m electron [33m=[39m 
require([32m'electron'[39m)[
33m;[39m[0m

      at Object.<anonymous> (sr
c/managers/__tests__/SessionMan
ager.test.js:42:13)

  鈼?SessionManager 鈥?浠ｇ悊閰嶇疆 鈥?搴
旇楠岃瘉浠ｇ悊閰嶇疆鏍煎紡

    TypeError: Cannot read prop
erties of undefined (reading 'f
romPartition')

    [0m [90m 40 |[39m     }
[33m;[39m
     [90m 41 |[39m
    [31m[1m>[22m[39m[90m 4
2 |[39m     session[33m.[39m
fromPartition[33m.[39mmockRet
urnValue(mockSession)[33m;[39
m
     [90m    |[39m           
  [31m[1m^[22m[39m
     [90m 43 |[39m
     [90m 44 |[39m     [90m/
/ Get mocked electron from jest
.mock[39m
     [90m 45 |[39m     [36mc
onst[39m electron [33m=[39m 
require([32m'electron'[39m)[
33m;[39m[0m

      at Object.<anonymous> (sr
c/managers/__tests__/SessionMan
ager.test.js:42:13)

  鈼?SessionManager 鈥?浠ｇ悊閰嶇疆 鈥?搴
旇鏀寔浠ｇ悊璁よ瘉

    TypeError: Cannot read prop
erties of undefined (reading 'f
romPartition')

    [0m [90m 40 |[39m     }
[33m;[39m
     [90m 41 |[39m
    [31m[1m>[22m[39m[90m 4
2 |[39m     session[33m.[39m
fromPartition[33m.[39mmockRet
urnValue(mockSession)[33m;[39
m
     [90m    |[39m           
  [31m[1m^[22m[39m
     [90m 43 |[39m
     [90m 44 |[39m     [90m/
/ Get mocked electron from jest
.mock[39m
     [90m 45 |[39m     [36mc
onst[39m electron [33m=[39m 
require([32m'electron'[39m)[
33m;[39m[0m

      at Object.<anonymous> (sr
c/managers/__tests__/SessionMan
ager.test.js:42:13)

  鈼?SessionManager 鈥?浠ｇ悊閰嶇疆 鈥?搴
旇缂撳瓨浠ｇ悊閰嶇疆

    TypeError: Cannot read prop
erties of undefined (reading 'f
romPartition')

    [0m [90m 40 |[39m     }
[33m;[39m
     [90m 41 |[39m
    [31m[1m>[22m[39m[90m 4
2 |[39m     session[33m.[39m
fromPartition[33m.[39mmockRet
urnValue(mockSession)[33m;[39
m
     [90m    |[39m           
  [31m[1m^[22m[39m
     [90m 43 |[39m
     [90m 44 |[39m     [90m/
/ Get mocked electron from jest
.mock[39m
     [90m 45 |[39m     [36mc
onst[39m electron [33m=[39m 
require([32m'electron'[39m)[
33m;[39m[0m

      at Object.<anonymous> (sr
c/managers/__tests__/SessionMan
ager.test.js:42:13)

  鈼?SessionManager 鈥?浠ｇ悊閰嶇疆 鈥?搴
旇鎴愬姛娓呴櫎浠ｇ悊閰嶇疆

    TypeError: Cannot read prop
erties of undefined (reading 'f
romPartition')

    [0m [90m 40 |[39m     }
[33m;[39m
     [90m 41 |[39m
    [31m[1m>[22m[39m[90m 4
2 |[39m     session[33m.[39m
fromPartition[33m.[39mmockRet
urnValue(mockSession)[33m;[39
m
     [90m    |[39m           
  [31m[1m^[22m[39m
     [90m 43 |[39m
     [90m 44 |[39m     [90m/
/ Get mocked electron from jest
.mock[39m
     [90m 45 |[39m     [36mc
onst[39m electron [33m=[39m 
require([32m'electron'[39m)[
33m;[39m[0m

      at Object.<anonymous> (sr
c/managers/__tests__/SessionMan
ager.test.js:42:13)

  鈼?SessionManager 鈥?鐧诲綍鐘舵€佹娴?
鈥?搴旇妫€娴嬪凡鐧诲綍鐘舵€?
    TypeError: Cannot read prop
erties of undefined (reading 'f
romPartition')

    [0m [90m 40 |[39m     }
[33m;[39m
     [90m 41 |[39m
    [31m[1m>[22m[39m[90m 4
2 |[39m     session[33m.[39m
fromPartition[33m.[39mmockRet
urnValue(mockSession)[33m;[39
m
     [90m    |[39m           
  [31m[1m^[22m[39m
     [90m 43 |[39m
     [90m 44 |[39m     [90m/
/ Get mocked electron from jest
.mock[39m
     [90m 45 |[39m     [36mc
onst[39m electron [33m=[39m 
require([32m'electron'[39m)[
33m;[39m[0m

      at Object.<anonymous> (sr
c/managers/__tests__/SessionMan
ager.test.js:42:13)

  鈼?SessionManager 鈥?鐧诲綍鐘舵€佹娴?
鈥?搴旇妫€娴嬫湭鐧诲綍鐘舵€?
    TypeError: Cannot read prop
erties of undefined (reading 'f
romPartition')

    [0m [90m 40 |[39m     }
[33m;[39m
     [90m 41 |[39m
    [31m[1m>[22m[39m[90m 4
2 |[39m     session[33m.[39m
fromPartition[33m.[39mmockRet
urnValue(mockSession)[33m;[39
m
     [90m    |[39m           
  [31m[1m^[22m[39m
     [90m 43 |[39m
     [90m 44 |[39m     [90m/
/ Get mocked electron from jest
.mock[39m
     [90m 45 |[39m     [36mc
onst[39m electron [33m=[39m 
require([32m'electron'[39m)[
33m;[39m[0m

      at Object.<anonymous> (sr
c/managers/__tests__/SessionMan
ager.test.js:42:13)

  鈼?SessionManager 鈥?鐧诲綍鐘舵€佹娴?
鈥?搴旇缂撳瓨鐧诲綍鐘舵€?
    TypeError: Cannot read prop
erties of undefined (reading 'f
romPartition')

    [0m [90m 40 |[39m     }
[33m;[39m
     [90m 41 |[39m
    [31m[1m>[22m[39m[90m 4
2 |[39m     session[33m.[39m
fromPartition[33m.[39mmockRet
urnValue(mockSession)[33m;[39
m
     [90m    |[39m           
  [31m[1m^[22m[39m
     [90m 43 |[39m
     [90m 44 |[39m     [90m/
/ Get mocked electron from jest
.mock[39m
     [90m 45 |[39m     [36mc
onst[39m electron [33m=[39m 
require([32m'electron'[39m)[
33m;[39m[0m

      at Object.<anonymous> (sr
c/managers/__tests__/SessionMan
ager.test.js:42:13)

  鈼?SessionManager 鈥?鐧诲綍鐘舵€佹娴?
鈥?搴旇澶勭悊鏃犳晥鐨?view

    TypeError: Cannot read prop
erties of undefined (reading 'f
romPartition')

    [0m [90m 40 |[39m     }
[33m;[39m
     [90m 41 |[39m
    [31m[1m>[22m[39m[90m 4
2 |[39m     session[33m.[39m
fromPartition[33m.[39mmockRet
urnValue(mockSession)[33m;[39
m
     [90m    |[39m           
  [31m[1m^[22m[39m
     [90m 43 |[39m
     [90m 44 |[39m     [90m/
/ Get mocked electron from jest
.mock[39m
     [90m 45 |[39m     [36mc
onst[39m electron [33m=[39m 
require([32m'electron'[39m)[
33m;[39m[0m

      at Object.<anonymous> (sr
c/managers/__tests__/SessionMan
ager.test.js:42:13)

  鈼?SessionManager 鈥?鐧诲綍鐘舵€佹娴?
鈥?搴旇澶勭悊宸查攢姣佺殑 view

    TypeError: Cannot read prop
erties of undefined (reading 'f
romPartition')

    [0m [90m 40 |[39m     }
[33m;[39m
     [90m 41 |[39m
    [31m[1m>[22m[39m[90m 4
2 |[39m     session[33m.[39m
fromPartition[33m.[39mmockRet
urnValue(mockSession)[33m;[39
m
     [90m    |[39m           
  [31m[1m^[22m[39m
     [90m 43 |[39m
     [90m 44 |[39m     [90m/
/ Get mocked electron from jest
.mock[39m
     [90m 45 |[39m     [36mc
onst[39m electron [33m=[39m 
require([32m'electron'[39m)[
33m;[39m[0m

      at Object.<anonymous> (sr
c/managers/__tests__/SessionMan
ager.test.js:42:13)

  鈼?SessionManager 鈥?浼氳瘽鏁版嵁绠＄悊 
鈥?搴旇妫€娴嬩細璇濇暟鎹槸鍚﹀瓨鍦?
    TypeError: Cannot read prop
erties of undefined (reading 'f
romPartition')

    [0m [90m 40 |[39m     }
[33m;[39m
     [90m 41 |[39m
    [31m[1m>[22m[39m[90m 4
2 |[39m     session[33m.[39m
fromPartition[33m.[39mmockRet
urnValue(mockSession)[33m;[39
m
     [90m    |[39m           
  [31m[1m^[22m[39m
     [90m 43 |[39m
     [90m 44 |[39m     [90m/
/ Get mocked electron from jest
.mock[39m
     [90m 45 |[39m     [36mc
onst[39m electron [33m=[39m 
require([32m'electron'[39m)[
33m;[39m[0m

      at Object.<anonymous> (sr
c/managers/__tests__/SessionMan
ager.test.js:42:13)

  鈼?SessionManager 鈥?浼氳瘽鏁版嵁绠＄悊 
鈥?搴旇妫€娴嬩笉瀛樺湪鐨勪細璇濇暟鎹?
    TypeError: Cannot read prop
erties of undefined (reading 'f
romPartition')

    [0m [90m 40 |[39m     }
[33m;[39m
     [90m 41 |[39m
    [31m[1m>[22m[39m[90m 4
2 |[39m     session[33m.[39m
fromPartition[33m.[39mmockRet
urnValue(mockSession)[33m;[39
m
     [90m    |[39m           
  [31m[1m^[22m[39m
     [90m 43 |[39m
     [90m 44 |[39m     [90m/
/ Get mocked electron from jest
.mock[39m
     [90m 45 |[39m     [36mc
onst[39m electron [33m=[39m 
require([32m'electron'[39m)[
33m;[39m[0m

      at Object.<anonymous> (sr
c/managers/__tests__/SessionMan
ager.test.js:42:13)

  鈼?SessionManager 鈥?浼氳瘽鏁版嵁绠＄悊 
鈥?搴旇娓呴櫎浼氳瘽鏁版嵁

    TypeError: Cannot read prop
erties of undefined (reading 'f
romPartition')

    [0m [90m 40 |[39m     }
[33m;[39m
     [90m 41 |[39m
    [31m[1m>[22m[39m[90m 4
2 |[39m     session[33m.[39m
fromPartition[33m.[39mmockRet
urnValue(mockSession)[33m;[39
m
     [90m    |[39m           
  [31m[1m^[22m[39m
     [90m 43 |[39m
     [90m 44 |[39m     [90m/
/ Get mocked electron from jest
.mock[39m
     [90m 45 |[39m     [36mc
onst[39m electron [33m=[39m 
require([32m'electron'[39m)[
33m;[39m[0m

      at Object.<anonymous> (sr
c/managers/__tests__/SessionMan
ager.test.js:42:13)

  鈼?SessionManager 鈥?浼氳瘽鏁版嵁绠＄悊 
鈥?搴旇鑾峰彇浼氳瘽鏁版嵁缁熻

    TypeError: Cannot read prop
erties of undefined (reading 'f
romPartition')

    [0m [90m 40 |[39m     }
[33m;[39m
     [90m 41 |[39m
    [31m[1m>[22m[39m[90m 4
2 |[39m     session[33m.[39m
fromPartition[33m.[39mmockRet
urnValue(mockSession)[33m;[39
m
     [90m    |[39m           
  [31m[1m^[22m[39m
     [90m 43 |[39m
     [90m 44 |[39m     [90m/
/ Get mocked electron from jest
.mock[39m
     [90m 45 |[39m     [36mc
onst[39m electron [33m=[39m 
require([32m'electron'[39m)[
33m;[39m[0m

      at Object.<anonymous> (sr
c/managers/__tests__/SessionMan
ager.test.js:42:13)

  鈼?SessionManager 鈥?浼氳瘽闅旂楠岃瘉 
鈥?搴旇楠岃瘉浼氳瘽闅旂鎬?
    TypeError: Cannot read prop
erties of undefined (reading 'f
romPartition')

    [0m [90m 40 |[39m     }
[33m;[39m
     [90m 41 |[39m
    [31m[1m>[22m[39m[90m 4
2 |[39m     session[33m.[39m
fromPartition[33m.[39mmockRet
urnValue(mockSession)[33m;[39
m
     [90m    |[39m           
  [31m[1m^[22m[39m
     [90m 43 |[39m
     [90m 44 |[39m     [90m/
/ Get mocked electron from jest
.mock[39m
     [90m 45 |[39m     [36mc
onst[39m electron [33m=[39m 
require([32m'electron'[39m)[
33m;[39m[0m

      at Object.<anonymous> (sr
c/managers/__tests__/SessionMan
ager.test.js:42:13)

  鈼?SessionManager 鈥?浼氳瘽闅旂楠岃瘉 
鈥?搴旇澶勭悊涓嶅瓨鍦ㄧ殑浼氳瘽

    TypeError: Cannot read prop
erties of undefined (reading 'f
romPartition')

    [0m [90m 40 |[39m     }
[33m;[39m
     [90m 41 |[39m
    [31m[1m>[22m[39m[90m 4
2 |[39m     session[33m.[39m
fromPartition[33m.[39mmockRet
urnValue(mockSession)[33m;[39
m
     [90m    |[39m           
  [31m[1m^[22m[39m
     [90m 43 |[39m
     [90m 44 |[39m     [90m/
/ Get mocked electron from jest
.mock[39m
     [90m 45 |[39m     [36mc
onst[39m electron [33m=[39m 
require([32m'electron'[39m)[
33m;[39m[0m

      at Object.<anonymous> (sr
c/managers/__tests__/SessionMan
ager.test.js:42:13)

  鈼?SessionManager 鈥?缂撳瓨绠＄悊 鈥?搴
旇娓呴櫎璐﹀彿鐨勬墍鏈夌紦瀛?
    TypeError: Cannot read prop
erties of undefined (reading 'f
romPartition')

    [0m [90m 40 |[39m     }
[33m;[39m
     [90m 41 |[39m
    [31m[1m>[22m[39m[90m 4
2 |[39m     session[33m.[39m
fromPartition[33m.[39mmockRet
urnValue(mockSession)[33m;[39
m
     [90m    |[39m           
  [31m[1m^[22m[39m
     [90m 43 |[39m
     [90m 44 |[39m     [90m/
/ Get mocked electron from jest
.mock[39m
     [90m 45 |[39m     [36mc
onst[39m electron [33m=[39m 
require([32m'electron'[39m)[
33m;[39m[0m

      at Object.<anonymous> (sr
c/managers/__tests__/SessionMan
ager.test.js:42:13)

  鈼?SessionManager 鈥?缂撳瓨绠＄悊 鈥?搴
旇娓呴櫎鐧诲綍鐘舵€佺紦瀛?
    TypeError: Cannot read prop
erties of undefined (reading 'f
romPartition')

    [0m [90m 40 |[39m     }
[33m;[39m
     [90m 41 |[39m
    [31m[1m>[22m[39m[90m 4
2 |[39m     session[33m.[39m
fromPartition[33m.[39mmockRet
urnValue(mockSession)[33m;[39
m
     [90m    |[39m           
  [31m[1m^[22m[39m
     [90m 43 |[39m
     [90m 44 |[39m     [90m/
/ Get mocked electron from jest
.mock[39m
     [90m 45 |[39m     [36mc
onst[39m electron [33m=[39m 
require([32m'electron'[39m)[
33m;[39m[0m

      at Object.<anonymous> (sr
c/managers/__tests__/SessionMan
ager.test.js:42:13)

  鈼?SessionManager 鈥?浼氳瘽鎸佷箙鍖?鈥?
搴旇閰嶇疆浼氳瘽鎸佷箙鍖?
    TypeError: Cannot read prop
erties of undefined (reading 'f
romPartition')

    [0m [90m 40 |[39m     }
[33m;[39m
     [90m 41 |[39m
    [31m[1m>[22m[39m[90m 4
2 |[39m     session[33m.[39m
fromPartition[33m.[39mmockRet
urnValue(mockSession)[33m;[39
m
     [90m    |[39m           
  [31m[1m^[22m[39m
     [90m 43 |[39m
     [90m 44 |[39m     [90m/
/ Get mocked electron from jest
.mock[39m
     [90m 45 |[39m     [36mc
onst[39m electron [33m=[39m 
require([32m'electron'[39m)[
33m;[39m[0m

      at Object.<anonymous> (sr
c/managers/__tests__/SessionMan
ager.test.js:42:13)

  鈼?SessionManager 鈥?浼氳瘽鎸佷箙鍖?鈥?
搴旇鑾峰彇浼氳瘽鎸佷箙鍖栫姸鎬?
    TypeError: Cannot read prop
erties of undefined (reading 'f
romPartition')

    [0m [90m 40 |[39m     }
[33m;[39m
     [90m 41 |[39m
    [31m[1m>[22m[39m[90m 4
2 |[39m     session[33m.[39m
fromPartition[33m.[39mmockRet
urnValue(mockSession)[33m;[39
m
     [90m    |[39m           
  [31m[1m^[22m[39m
     [90m 43 |[39m
     [90m 44 |[39m     [90m/
/ Get mocked electron from jest
.mock[39m
     [90m 45 |[39m     [36mc
onst[39m electron [33m=[39m 
require([32m'electron'[39m)[
33m;[39m[0m

      at Object.<anonymous> (sr
c/managers/__tests__/SessionMan
ager.test.js:42:13)

  鈼?SessionManager 鈥?鐢ㄦ埛鏁版嵁鐩綍 
鈥?搴旇杩斿洖姝ｇ‘鐨勭敤鎴锋暟鎹洰褰曡矾寰?
    TypeError: Cannot read prop
erties of undefined (reading 'f
romPartition')

    [0m [90m 40 |[39m     }
[33m;[39m
     [90m 41 |[39m
    [31m[1m>[22m[39m[90m 4
2 |[39m     session[33m.[39m
fromPartition[33m.[39mmockRet
urnValue(mockSession)[33m;[39
m
     [90m    |[39m           
  [31m[1m^[22m[39m
     [90m 43 |[39m
     [90m 44 |[39m     [90m/
/ Get mocked electron from jest
.mock[39m
     [90m 45 |[39m     [36mc
onst[39m electron [33m=[39m 
require([32m'electron'[39m)[
33m;[39m[0m

      at Object.<anonymous> (sr
c/managers/__tests__/SessionMan
ager.test.js:42:13)

  鈼?SessionManager 鈥?鐢ㄦ埛鏁版嵁鐩綍 
鈥?搴旇鍒犻櫎鐢ㄦ埛鏁版嵁鐩綍

    TypeError: Cannot read prop
erties of undefined (reading 'f
romPartition')

    [0m [90m 40 |[39m     }
[33m;[39m
     [90m 41 |[39m
    [31m[1m>[22m[39m[90m 4
2 |[39m     session[33m.[39m
fromPartition[33m.[39mmockRet
urnValue(mockSession)[33m;[39
m
     [90m    |[39m           
  [31m[1m^[22m[39m
     [90m 43 |[39m
     [90m 44 |[39m     [90m/
/ Get mocked electron from jest
.mock[39m
     [90m 45 |[39m     [36mc
onst[39m electron [33m=[39m 
require([32m'electron'[39m)[
33m;[39m[0m

      at Object.<anonymous> (sr
c/managers/__tests__/SessionMan
ager.test.js:42:13)

FAIL src/single-window/__tests_
_/StatePersistence.test.js
  State Persistence
    Active Account ID Persisten
ce
      脳 should save active acco
unt ID when showing view (4 ms)
      脳 should clear active acc
ount ID when hiding active view
 (3 ms)
      鈭?should get saved active
 account ID (4 ms)
      鈭?should return null if n
o saved active account ID (2 ms
)
    Active Account Restoration
      脳 should restore active a
ccount if it exists (6 ms)
      鈭?should fail if saved ac
count does not exist (2 ms)
      鈭?should fail if no saved
 account (3 ms)
      鈭?should handle empty acc
ount list (4 ms)
    Sidebar Width Persistence
      鈭?MainWindow should get s
aved sidebar width (3 ms)
      鈭?MainWindow should set s
idebar width (2 ms)
    State Store Access
      鈭?should have access to s
tate store (2 ms)
      鈭?should get state store 
from MainWindow (1 ms)
    Error Handling
      脳 should handle state sto
re errors gracefully when savin
g (4 ms)
      鈭?should handle state sto
re errors gracefully when loadi
ng (3 ms)

  鈼?State Persistence 鈥?Active 
Account ID Persistence 鈥?should
 save active account ID when sh
owing view

    TypeError: BrowserView is n
ot a constructor

    [0m [90m 389 |[39m
     [90m 390 |[39m       [9
0m// Create BrowserView with is
olated session[39m
    [31m[1m>[22m[39m[90m 3
91 |[39m       [36mconst[39m
 view [33m=[39m [36mnew[39m
 [33mBrowserView[39m({
     [90m     |[39m          
          [31m[1m^[22m[39m
     [90m 392 |[39m         w
ebPreferences[33m:[39m {
     [90m 393 |[39m          
 nodeIntegration[33m:[39m [3
6mfalse[39m[33m,[39m
     [90m 394 |[39m          
 contextIsolation[33m:[39m [
36mtrue[39m[33m,[39m[0m

      at ViewManager.createView
 (src/single-window/ViewManager
.js:391:20)
      at Object.<anonymous> (sr
c/single-window/__tests__/State
Persistence.test.js:77:7)

  鈼?State Persistence 鈥?Active 
Account ID Persistence 鈥?should
 clear active account ID when h
iding active view

    TypeError: BrowserView is n
ot a constructor

    [0m [90m 389 |[39m
     [90m 390 |[39m       [9
0m// Create BrowserView with is
olated session[39m
    [31m[1m>[22m[39m[90m 3
91 |[39m       [36mconst[39m
 view [33m=[39m [36mnew[39m
 [33mBrowserView[39m({
     [90m     |[39m          
          [31m[1m^[22m[39m
     [90m 392 |[39m         w
ebPreferences[33m:[39m {
     [90m 393 |[39m          
 nodeIntegration[33m:[39m [3
6mfalse[39m[33m,[39m
     [90m 394 |[39m          
 contextIsolation[33m:[39m [
36mtrue[39m[33m,[39m[0m

      at ViewManager.createView
 (src/single-window/ViewManager
.js:391:20)
      at Object.<anonymous> (sr
c/single-window/__tests__/State
Persistence.test.js:102:7)

  鈼?State Persistence 鈥?Active 
Account Restoration 鈥?should re
store active account if it exis
ts

    expect(received).toBe(expec
ted) // Object.is equality

    Expected: true
    Received: false

    [0m [90m 154 |[39m      
 [36mconst[39m result [33m=
[39m [36mawait[39m viewManage
r[33m.[39mrestoreActiveAccoun
t([[32m'account-1'[39m[33m,
[39m [32m'account-2'[39m])[3
3m;[39m
     [90m 155 |[39m
    [31m[1m>[22m[39m[90m 1
56 |[39m       expect(result[
33m.[39msuccess)[33m.[39mtoB
e([36mtrue[39m)[33m;[39m
     [90m     |[39m          
                    [31m[1m^
[22m[39m
     [90m 157 |[39m       exp
ect(result[33m.[39maccountId)
[33m.[39mtoBe([32m'account-1
'[39m)[33m;[39m
     [90m 158 |[39m     })[3
3m;[39m
     [90m 159 |[39m[0m

      at Object.<anonymous> (sr
c/single-window/__tests__/State
Persistence.test.js:156:30)

  鈼?State Persistence 鈥?Error H
andling 鈥?should handle state s
tore errors gracefully when sav
ing

    TypeError: BrowserView is n
ot a constructor

    [0m [90m 389 |[39m
     [90m 390 |[39m       [9
0m// Create BrowserView with is
olated session[39m
    [31m[1m>[22m[39m[90m 3
91 |[39m       [36mconst[39m
 view [33m=[39m [36mnew[39m
 [33mBrowserView[39m({
     [90m     |[39m          
          [31m[1m^[22m[39m
     [90m 392 |[39m         w
ebPreferences[33m:[39m {
     [90m 393 |[39m          
 nodeIntegration[33m:[39m [3
6mfalse[39m[33m,[39m
     [90m 394 |[39m          
 contextIsolation[33m:[39m [
36mtrue[39m[33m,[39m[0m

      at ViewManager.createView
 (src/single-window/ViewManager
.js:391:20)
      at Object.<anonymous> (sr
c/single-window/__tests__/State
Persistence.test.js:242:7)

FAIL src/managers/__tests__/Tra
nslationIntegration.test.js
  TranslationIntegration
    鍒濆鍖?      脳 搴旇鎴愬姛鍒濆鍖栧苟鍔犺
浇鑴氭湰 (3 ms)
      脳 搴旇澶勭悊鑴氭湰鍔犺浇澶辫触 (1 ms)
    鑴氭湰娉ㄥ叆
      脳 搴旇鎴愬姛娉ㄥ叆缈昏瘧鑴氭湰 (1 ms)
      脳 搴旇鍦ㄩ〉闈㈠凡鍔犺浇鏃剁珛鍗虫敞鍏?(1 
ms)
      脳 搴旇娉ㄥ叆 ACCOUNT_ID (3 ms
)
      脳 搴旇澶勭悊鏃犳晥鐨?webContents 
(2 ms)
      脳 搴旇瀛樺偍缈昏瘧閰嶇疆 (1 ms)
    缈昏瘧閰嶇疆绠＄悊
      脳 搴旇鎴愬姛閰嶇疆缈昏瘧 (2 ms)
      脳 搴旇瀛樺偍缈昏瘧閰嶇疆 (1 ms)
      脳 搴旇鏇存柊缈昏瘧閰嶇疆 (2 ms)
      脳 搴旇澶勭悊涓嶅瓨鍦ㄧ殑閰嶇疆鏇存柊 (1 m
s)
    缈昏瘧鐘舵€佺鐞?      脳 搴旇鑾峰彇缈昏瘧
鐘舵€?(2 ms)
      脳 搴旇妫€鏌ユ槸鍚﹀凡娉ㄥ叆 (1 ms)
      脳 搴旇鑾峰彇鎵€鏈夌炕璇戦厤缃?(1 ms)
      脳 搴旇鑾峰彇鎵€鏈夌炕璇戠姸鎬?(1 ms)
    缂撳瓨绠＄悊
      脳 搴旇娓呴櫎缈昏瘧缂撳瓨 (1 ms)
      脳 搴旇澶勭悊鏃犳晥鐨?webContents 
(2 ms)
    璐﹀彿绠＄悊
      脳 搴旇绉婚櫎璐﹀彿鏁版嵁 (2 ms)
      脳 搴旇鏀寔 removeInstance 鍒
悕 (4 ms)
    鎵归噺鎿嶄綔
      脳 搴旇涓烘墍鏈夎处鍙峰簲鐢ㄩ厤缃?(2 ms)
      脳 搴旇澶勭悊閮ㄥ垎澶辫触 (2 ms)
    鎬ц兘缁熻
      脳 搴旇鑾峰彇鎬ц兘缁熻 (2 ms)
      脳 搴旇澶勭悊涓嶅彲鐢ㄧ殑鎬ц兘缁熻 (2 m
s)
    鑴氭湰閲嶆柊鍔犺浇
      脳 搴旇閲嶆柊鍔犺浇鑴氭湰 (2 ms)
      脳 搴旇澶勭悊閲嶆柊鍔犺浇澶辫触 (2 ms)
    娓呯悊
      脳 搴旇娓呯悊鎵€鏈夎祫婧?(3 ms)

  鈼?TranslationIntegration 鈥?鍒濆
鍖?鈥?搴旇鎴愬姛鍒濆鍖栧苟鍔犺浇鑴氭湰

    TypeError: fs.readFile.mock
Implementation is not a functio
n

    [0m [90m 35 |[39m
     [90m 36 |[39m     [90m/
/ Mock 鑴氭湰鏂囦欢璇诲彇[39m
    [31m[1m>[22m[39m[90m 3
7 |[39m     fs[33m.[39mreadF
ile[33m.[39mmockImplementatio
n((filePath) [33m=>[39m {
     [90m    |[39m           
      [31m[1m^[22m[39m
     [90m 38 |[39m       [36
mif[39m (filePath[33m.[39min
cludes([32m'contentScriptWithO
ptimizer.js'[39m)) {
     [90m 39 |[39m         [
36mreturn[39m [33mPromise[39
m[33m.[39mresolve([32m'// Op
timizer script'[39m)[33m;[39
m
     [90m 40 |[39m       }[0
m

      at Object.<anonymous> (sr
c/managers/__tests__/Translatio
nIntegration.test.js:37:17)

  鈼?TranslationIntegration 鈥?鍒濆
鍖?鈥?搴旇澶勭悊鑴氭湰鍔犺浇澶辫触

    TypeError: fs.readFile.mock
Implementation is not a functio
n

    [0m [90m 35 |[39m
     [90m 36 |[39m     [90m/
/ Mock 鑴氭湰鏂囦欢璇诲彇[39m
    [31m[1m>[22m[39m[90m 3
7 |[39m     fs[33m.[39mreadF
ile[33m.[39mmockImplementatio
n((filePath) [33m=>[39m {
     [90m    |[39m           
      [31m[1m^[22m[39m
     [90m 38 |[39m       [36
mif[39m (filePath[33m.[39min
cludes([32m'contentScriptWithO
ptimizer.js'[39m)) {
     [90m 39 |[39m         [
36mreturn[39m [33mPromise[39
m[33m.[39mresolve([32m'// Op
timizer script'[39m)[33m;[39
m
     [90m 40 |[39m       }[0
m

      at Object.<anonymous> (sr
c/managers/__tests__/Translatio
nIntegration.test.js:37:17)

  鈼?TranslationIntegration 鈥?鑴氭
湰娉ㄥ叆 鈥?搴旇鎴愬姛娉ㄥ叆缈昏瘧鑴氭湰

    TypeError: fs.readFile.mock
Implementation is not a functio
n

    [0m [90m 35 |[39m
     [90m 36 |[39m     [90m/
/ Mock 鑴氭湰鏂囦欢璇诲彇[39m
    [31m[1m>[22m[39m[90m 3
7 |[39m     fs[33m.[39mreadF
ile[33m.[39mmockImplementatio
n((filePath) [33m=>[39m {
     [90m    |[39m           
      [31m[1m^[22m[39m
     [90m 38 |[39m       [36
mif[39m (filePath[33m.[39min
cludes([32m'contentScriptWithO
ptimizer.js'[39m)) {
     [90m 39 |[39m         [
36mreturn[39m [33mPromise[39
m[33m.[39mresolve([32m'// Op
timizer script'[39m)[33m;[39
m
     [90m 40 |[39m       }[0
m

      at Object.<anonymous> (sr
c/managers/__tests__/Translatio
nIntegration.test.js:37:17)

  鈼?TranslationIntegration 鈥?鑴氭
湰娉ㄥ叆 鈥?搴旇鍦ㄩ〉闈㈠凡鍔犺浇鏃剁珛鍗虫敞鍏?
    TypeError: fs.readFile.mock
Implementation is not a functio
n

    [0m [90m 35 |[39m
     [90m 36 |[39m     [90m/
/ Mock 鑴氭湰鏂囦欢璇诲彇[39m
    [31m[1m>[22m[39m[90m 3
7 |[39m     fs[33m.[39mreadF
ile[33m.[39mmockImplementatio
n((filePath) [33m=>[39m {
     [90m    |[39m           
      [31m[1m^[22m[39m
     [90m 38 |[39m       [36
mif[39m (filePath[33m.[39min
cludes([32m'contentScriptWithO
ptimizer.js'[39m)) {
     [90m 39 |[39m         [
36mreturn[39m [33mPromise[39
m[33m.[39mresolve([32m'// Op
timizer script'[39m)[33m;[39
m
     [90m 40 |[39m       }[0
m

      at Object.<anonymous> (sr
c/managers/__tests__/Translatio
nIntegration.test.js:37:17)

  鈼?TranslationIntegration 鈥?鑴氭
湰娉ㄥ叆 鈥?搴旇娉ㄥ叆 ACCOUNT_ID

    TypeError: fs.readFile.mock
Implementation is not a functio
n

    [0m [90m 35 |[39m
     [90m 36 |[39m     [90m/
/ Mock 鑴氭湰鏂囦欢璇诲彇[39m
    [31m[1m>[22m[39m[90m 3
7 |[39m     fs[33m.[39mreadF
ile[33m.[39mmockImplementatio
n((filePath) [33m=>[39m {
     [90m    |[39m           
      [31m[1m^[22m[39m
     [90m 38 |[39m       [36
mif[39m (filePath[33m.[39min
cludes([32m'contentScriptWithO
ptimizer.js'[39m)) {
     [90m 39 |[39m         [
36mreturn[39m [33mPromise[39
m[33m.[39mresolve([32m'// Op
timizer script'[39m)[33m;[39
m
     [90m 40 |[39m       }[0
m

      at Object.<anonymous> (sr
c/managers/__tests__/Translatio
nIntegration.test.js:37:17)

  鈼?TranslationIntegration 鈥?鑴氭
湰娉ㄥ叆 鈥?搴旇澶勭悊鏃犳晥鐨?webContents

    TypeError: fs.readFile.mock
Implementation is not a functio
n

    [0m [90m 35 |[39m
     [90m 36 |[39m     [90m/
/ Mock 鑴氭湰鏂囦欢璇诲彇[39m
    [31m[1m>[22m[39m[90m 3
7 |[39m     fs[33m.[39mreadF
ile[33m.[39mmockImplementatio
n((filePath) [33m=>[39m {
     [90m    |[39m           
      [31m[1m^[22m[39m
     [90m 38 |[39m       [36
mif[39m (filePath[33m.[39min
cludes([32m'contentScriptWithO
ptimizer.js'[39m)) {
     [90m 39 |[39m         [
36mreturn[39m [33mPromise[39
m[33m.[39mresolve([32m'// Op
timizer script'[39m)[33m;[39
m
     [90m 40 |[39m       }[0
m

      at Object.<anonymous> (sr
c/managers/__tests__/Translatio
nIntegration.test.js:37:17)

  鈼?TranslationIntegration 鈥?鑴氭
湰娉ㄥ叆 鈥?搴旇瀛樺偍缈昏瘧閰嶇疆

    TypeError: fs.readFile.mock
Implementation is not a functio
n

    [0m [90m 35 |[39m
     [90m 36 |[39m     [90m/
/ Mock 鑴氭湰鏂囦欢璇诲彇[39m
    [31m[1m>[22m[39m[90m 3
7 |[39m     fs[33m.[39mreadF
ile[33m.[39mmockImplementatio
n((filePath) [33m=>[39m {
     [90m    |[39m           
      [31m[1m^[22m[39m
     [90m 38 |[39m       [36
mif[39m (filePath[33m.[39min
cludes([32m'contentScriptWithO
ptimizer.js'[39m)) {
     [90m 39 |[39m         [
36mreturn[39m [33mPromise[39
m[33m.[39mresolve([32m'// Op
timizer script'[39m)[33m;[39
m
     [90m 40 |[39m       }[0
m

      at Object.<anonymous> (sr
c/managers/__tests__/Translatio
nIntegration.test.js:37:17)

  鈼?TranslationIntegration 鈥?缈昏
瘧閰嶇疆绠＄悊 鈥?搴旇鎴愬姛閰嶇疆缈昏瘧

    TypeError: fs.readFile.mock
Implementation is not a functio
n

    [0m [90m 35 |[39m
     [90m 36 |[39m     [90m/
/ Mock 鑴氭湰鏂囦欢璇诲彇[39m
    [31m[1m>[22m[39m[90m 3
7 |[39m     fs[33m.[39mreadF
ile[33m.[39mmockImplementatio
n((filePath) [33m=>[39m {
     [90m    |[39m           
      [31m[1m^[22m[39m
     [90m 38 |[39m       [36
mif[39m (filePath[33m.[39min
cludes([32m'contentScriptWithO
ptimizer.js'[39m)) {
     [90m 39 |[39m         [
36mreturn[39m [33mPromise[39
m[33m.[39mresolve([32m'// Op
timizer script'[39m)[33m;[39
m
     [90m 40 |[39m       }[0
m

      at Object.<anonymous> (sr
c/managers/__tests__/Translatio
nIntegration.test.js:37:17)

  鈼?TranslationIntegration 鈥?缈昏
瘧閰嶇疆绠＄悊 鈥?搴旇瀛樺偍缈昏瘧閰嶇疆

    TypeError: fs.readFile.mock
Implementation is not a functio
n

    [0m [90m 35 |[39m
     [90m 36 |[39m     [90m/
/ Mock 鑴氭湰鏂囦欢璇诲彇[39m
    [31m[1m>[22m[39m[90m 3
7 |[39m     fs[33m.[39mreadF
ile[33m.[39mmockImplementatio
n((filePath) [33m=>[39m {
     [90m    |[39m           
      [31m[1m^[22m[39m
     [90m 38 |[39m       [36
mif[39m (filePath[33m.[39min
cludes([32m'contentScriptWithO
ptimizer.js'[39m)) {
     [90m 39 |[39m         [
36mreturn[39m [33mPromise[39
m[33m.[39mresolve([32m'// Op
timizer script'[39m)[33m;[39
m
     [90m 40 |[39m       }[0
m

      at Object.<anonymous> (sr
c/managers/__tests__/Translatio
nIntegration.test.js:37:17)

  鈼?TranslationIntegration 鈥?缈昏
瘧閰嶇疆绠＄悊 鈥?搴旇鏇存柊缈昏瘧閰嶇疆

    TypeError: fs.readFile.mock
Implementation is not a functio
n

    [0m [90m 35 |[39m
     [90m 36 |[39m     [90m/
/ Mock 鑴氭湰鏂囦欢璇诲彇[39m
    [31m[1m>[22m[39m[90m 3
7 |[39m     fs[33m.[39mreadF
ile[33m.[39mmockImplementatio
n((filePath) [33m=>[39m {
     [90m    |[39m           
      [31m[1m^[22m[39m
     [90m 38 |[39m       [36
mif[39m (filePath[33m.[39min
cludes([32m'contentScriptWithO
ptimizer.js'[39m)) {
     [90m 39 |[39m         [
36mreturn[39m [33mPromise[39
m[33m.[39mresolve([32m'// Op
timizer script'[39m)[33m;[39
m
     [90m 40 |[39m       }[0
m

      at Object.<anonymous> (sr
c/managers/__tests__/Translatio
nIntegration.test.js:37:17)

  鈼?TranslationIntegration 鈥?缈昏
瘧閰嶇疆绠＄悊 鈥?搴旇澶勭悊涓嶅瓨鍦ㄧ殑閰嶇疆鏇存柊

    TypeError: fs.readFile.mock
Implementation is not a functio
n

    [0m [90m 35 |[39m
     [90m 36 |[39m     [90m/
/ Mock 鑴氭湰鏂囦欢璇诲彇[39m
    [31m[1m>[22m[39m[90m 3
7 |[39m     fs[33m.[39mreadF
ile[33m.[39mmockImplementatio
n((filePath) [33m=>[39m {
     [90m    |[39m           
      [31m[1m^[22m[39m
     [90m 38 |[39m       [36
mif[39m (filePath[33m.[39min
cludes([32m'contentScriptWithO
ptimizer.js'[39m)) {
     [90m 39 |[39m         [
36mreturn[39m [33mPromise[39
m[33m.[39mresolve([32m'// Op
timizer script'[39m)[33m;[39
m
     [90m 40 |[39m       }[0
m

      at Object.<anonymous> (sr
c/managers/__tests__/Translatio
nIntegration.test.js:37:17)

  鈼?TranslationIntegration 鈥?缈昏
瘧鐘舵€佺鐞?鈥?搴旇鑾峰彇缈昏瘧鐘舵€?
    TypeError: fs.readFile.mock
Implementation is not a functio
n

    [0m [90m 35 |[39m
     [90m 36 |[39m     [90m/
/ Mock 鑴氭湰鏂囦欢璇诲彇[39m
    [31m[1m>[22m[39m[90m 3
7 |[39m     fs[33m.[39mreadF
ile[33m.[39mmockImplementatio
n((filePath) [33m=>[39m {
     [90m    |[39m           
      [31m[1m^[22m[39m
     [90m 38 |[39m       [36
mif[39m (filePath[33m.[39min
cludes([32m'contentScriptWithO
ptimizer.js'[39m)) {
     [90m 39 |[39m         [
36mreturn[39m [33mPromise[39
m[33m.[39mresolve([32m'// Op
timizer script'[39m)[33m;[39
m
     [90m 40 |[39m       }[0
m

      at Object.<anonymous> (sr
c/managers/__tests__/Translatio
nIntegration.test.js:37:17)

  鈼?TranslationIntegration 鈥?缈昏
瘧鐘舵€佺鐞?鈥?搴旇妫€鏌ユ槸鍚﹀凡娉ㄥ叆

    TypeError: fs.readFile.mock
Implementation is not a functio
n

    [0m [90m 35 |[39m
     [90m 36 |[39m     [90m/
/ Mock 鑴氭湰鏂囦欢璇诲彇[39m
    [31m[1m>[22m[39m[90m 3
7 |[39m     fs[33m.[39mreadF
ile[33m.[39mmockImplementatio
n((filePath) [33m=>[39m {
     [90m    |[39m           
      [31m[1m^[22m[39m
     [90m 38 |[39m       [36
mif[39m (filePath[33m.[39min
cludes([32m'contentScriptWithO
ptimizer.js'[39m)) {
     [90m 39 |[39m         [
36mreturn[39m [33mPromise[39
m[33m.[39mresolve([32m'// Op
timizer script'[39m)[33m;[39
m
     [90m 40 |[39m       }[0
m

      at Object.<anonymous> (sr
c/managers/__tests__/Translatio
nIntegration.test.js:37:17)

  鈼?TranslationIntegration 鈥?缈昏
瘧鐘舵€佺鐞?鈥?搴旇鑾峰彇鎵€鏈夌炕璇戦厤缃?
    TypeError: fs.readFile.mock
Implementation is not a functio
n

    [0m [90m 35 |[39m
     [90m 36 |[39m     [90m/
/ Mock 鑴氭湰鏂囦欢璇诲彇[39m
    [31m[1m>[22m[39m[90m 3
7 |[39m     fs[33m.[39mreadF
ile[33m.[39mmockImplementatio
n((filePath) [33m=>[39m {
     [90m    |[39m           
      [31m[1m^[22m[39m
     [90m 38 |[39m       [36
mif[39m (filePath[33m.[39min
cludes([32m'contentScriptWithO
ptimizer.js'[39m)) {
     [90m 39 |[39m         [
36mreturn[39m [33mPromise[39
m[33m.[39mresolve([32m'// Op
timizer script'[39m)[33m;[39
m
     [90m 40 |[39m       }[0
m

      at Object.<anonymous> (sr
c/managers/__tests__/Translatio
nIntegration.test.js:37:17)

  鈼?TranslationIntegration 鈥?缈昏
瘧鐘舵€佺鐞?鈥?搴旇鑾峰彇鎵€鏈夌炕璇戠姸鎬?
    TypeError: fs.readFile.mock
Implementation is not a functio
n

    [0m [90m 35 |[39m
     [90m 36 |[39m     [90m/
/ Mock 鑴氭湰鏂囦欢璇诲彇[39m
    [31m[1m>[22m[39m[90m 3
7 |[39m     fs[33m.[39mreadF
ile[33m.[39mmockImplementatio
n((filePath) [33m=>[39m {
     [90m    |[39m           
      [31m[1m^[22m[39m
     [90m 38 |[39m       [36
mif[39m (filePath[33m.[39min
cludes([32m'contentScriptWithO
ptimizer.js'[39m)) {
     [90m 39 |[39m         [
36mreturn[39m [33mPromise[39
m[33m.[39mresolve([32m'// Op
timizer script'[39m)[33m;[39
m
     [90m 40 |[39m       }[0
m

      at Object.<anonymous> (sr
c/managers/__tests__/Translatio
nIntegration.test.js:37:17)

  鈼?TranslationIntegration 鈥?缂撳
瓨绠＄悊 鈥?搴旇娓呴櫎缈昏瘧缂撳瓨

    TypeError: fs.readFile.mock
Implementation is not a functio
n

    [0m [90m 35 |[39m
     [90m 36 |[39m     [90m/
/ Mock 鑴氭湰鏂囦欢璇诲彇[39m
    [31m[1m>[22m[39m[90m 3
7 |[39m     fs[33m.[39mreadF
ile[33m.[39mmockImplementatio
n((filePath) [33m=>[39m {
     [90m    |[39m           
      [31m[1m^[22m[39m
     [90m 38 |[39m       [36
mif[39m (filePath[33m.[39min
cludes([32m'contentScriptWithO
ptimizer.js'[39m)) {
     [90m 39 |[39m         [
36mreturn[39m [33mPromise[39
m[33m.[39mresolve([32m'// Op
timizer script'[39m)[33m;[39
m
     [90m 40 |[39m       }[0
m

      at Object.<anonymous> (sr
c/managers/__tests__/Translatio
nIntegration.test.js:37:17)

  鈼?TranslationIntegration 鈥?缂撳
瓨绠＄悊 鈥?搴旇澶勭悊鏃犳晥鐨?webContents

    TypeError: fs.readFile.mock
Implementation is not a functio
n

    [0m [90m 35 |[39m
     [90m 36 |[39m     [90m/
/ Mock 鑴氭湰鏂囦欢璇诲彇[39m
    [31m[1m>[22m[39m[90m 3
7 |[39m     fs[33m.[39mreadF
ile[33m.[39mmockImplementatio
n((filePath) [33m=>[39m {
     [90m    |[39m           
      [31m[1m^[22m[39m
     [90m 38 |[39m       [36
mif[39m (filePath[33m.[39min
cludes([32m'contentScriptWithO
ptimizer.js'[39m)) {
     [90m 39 |[39m         [
36mreturn[39m [33mPromise[39
m[33m.[39mresolve([32m'// Op
timizer script'[39m)[33m;[39
m
     [90m 40 |[39m       }[0
m

      at Object.<anonymous> (sr
c/managers/__tests__/Translatio
nIntegration.test.js:37:17)

  鈼?TranslationIntegration 鈥?璐﹀
彿绠＄悊 鈥?搴旇绉婚櫎璐﹀彿鏁版嵁

    TypeError: fs.readFile.mock
Implementation is not a functio
n

    [0m [90m 35 |[39m
     [90m 36 |[39m     [90m/
/ Mock 鑴氭湰鏂囦欢璇诲彇[39m
    [31m[1m>[22m[39m[90m 3
7 |[39m     fs[33m.[39mreadF
ile[33m.[39mmockImplementatio
n((filePath) [33m=>[39m {
     [90m    |[39m           
      [31m[1m^[22m[39m
     [90m 38 |[39m       [36
mif[39m (filePath[33m.[39min
cludes([32m'contentScriptWithO
ptimizer.js'[39m)) {
     [90m 39 |[39m         [
36mreturn[39m [33mPromise[39
m[33m.[39mresolve([32m'// Op
timizer script'[39m)[33m;[39
m
     [90m 40 |[39m       }[0
m

      at Object.<anonymous> (sr
c/managers/__tests__/Translatio
nIntegration.test.js:37:17)

  鈼?TranslationIntegration 鈥?璐﹀
彿绠＄悊 鈥?搴旇鏀寔 removeInstance 鍒
悕

    TypeError: fs.readFile.mock
Implementation is not a functio
n

    [0m [90m 35 |[39m
     [90m 36 |[39m     [90m/
/ Mock 鑴氭湰鏂囦欢璇诲彇[39m
    [31m[1m>[22m[39m[90m 3
7 |[39m     fs[33m.[39mreadF
ile[33m.[39mmockImplementatio
n((filePath) [33m=>[39m {
     [90m    |[39m           
      [31m[1m^[22m[39m
     [90m 38 |[39m       [36
mif[39m (filePath[33m.[39min
cludes([32m'contentScriptWithO
ptimizer.js'[39m)) {
     [90m 39 |[39m         [
36mreturn[39m [33mPromise[39
m[33m.[39mresolve([32m'// Op
timizer script'[39m)[33m;[39
m
     [90m 40 |[39m       }[0
m

      at Object.<anonymous> (sr
c/managers/__tests__/Translatio
nIntegration.test.js:37:17)

  鈼?TranslationIntegration 鈥?鎵归
噺鎿嶄綔 鈥?搴旇涓烘墍鏈夎处鍙峰簲鐢ㄩ厤缃?
    TypeError: fs.readFile.mock
Implementation is not a functio
n

    [0m [90m 35 |[39m
     [90m 36 |[39m     [90m/
/ Mock 鑴氭湰鏂囦欢璇诲彇[39m
    [31m[1m>[22m[39m[90m 3
7 |[39m     fs[33m.[39mreadF
ile[33m.[39mmockImplementatio
n((filePath) [33m=>[39m {
     [90m    |[39m           
      [31m[1m^[22m[39m
     [90m 38 |[39m       [36
mif[39m (filePath[33m.[39min
cludes([32m'contentScriptWithO
ptimizer.js'[39m)) {
     [90m 39 |[39m         [
36mreturn[39m [33mPromise[39
m[33m.[39mresolve([32m'// Op
timizer script'[39m)[33m;[39
m
     [90m 40 |[39m       }[0
m

      at Object.<anonymous> (sr
c/managers/__tests__/Translatio
nIntegration.test.js:37:17)

  鈼?TranslationIntegration 鈥?鎵归
噺鎿嶄綔 鈥?搴旇澶勭悊閮ㄥ垎澶辫触

    TypeError: fs.readFile.mock
Implementation is not a functio
n

    [0m [90m 35 |[39m
     [90m 36 |[39m     [90m/
/ Mock 鑴氭湰鏂囦欢璇诲彇[39m
    [31m[1m>[22m[39m[90m 3
7 |[39m     fs[33m.[39mreadF
ile[33m.[39mmockImplementatio
n((filePath) [33m=>[39m {
     [90m    |[39m           
      [31m[1m^[22m[39m
     [90m 38 |[39m       [36
mif[39m (filePath[33m.[39min
cludes([32m'contentScriptWithO
ptimizer.js'[39m)) {
     [90m 39 |[39m         [
36mreturn[39m [33mPromise[39
m[33m.[39mresolve([32m'// Op
timizer script'[39m)[33m;[39
m
     [90m 40 |[39m       }[0
m

      at Object.<anonymous> (sr
c/managers/__tests__/Translatio
nIntegration.test.js:37:17)

  鈼?TranslationIntegration 鈥?鎬ц
兘缁熻 鈥?搴旇鑾峰彇鎬ц兘缁熻

    TypeError: fs.readFile.mock
Implementation is not a functio
n

    [0m [90m 35 |[39m
     [90m 36 |[39m     [90m/
/ Mock 鑴氭湰鏂囦欢璇诲彇[39m
    [31m[1m>[22m[39m[90m 3
7 |[39m     fs[33m.[39mreadF
ile[33m.[39mmockImplementatio
n((filePath) [33m=>[39m {
     [90m    |[39m           
      [31m[1m^[22m[39m
     [90m 38 |[39m       [36
mif[39m (filePath[33m.[39min
cludes([32m'contentScriptWithO
ptimizer.js'[39m)) {
     [90m 39 |[39m         [
36mreturn[39m [33mPromise[39
m[33m.[39mresolve([32m'// Op
timizer script'[39m)[33m;[39
m
     [90m 40 |[39m       }[0
m

      at Object.<anonymous> (sr
c/managers/__tests__/Translatio
nIntegration.test.js:37:17)

  鈼?TranslationIntegration 鈥?鎬ц
兘缁熻 鈥?搴旇澶勭悊涓嶅彲鐢ㄧ殑鎬ц兘缁熻

    TypeError: fs.readFile.mock
Implementation is not a functio
n

    [0m [90m 35 |[39m
     [90m 36 |[39m     [90m/
/ Mock 鑴氭湰鏂囦欢璇诲彇[39m
    [31m[1m>[22m[39m[90m 3
7 |[39m     fs[33m.[39mreadF
ile[33m.[39mmockImplementatio
n((filePath) [33m=>[39m {
     [90m    |[39m           
      [31m[1m^[22m[39m
     [90m 38 |[39m       [36
mif[39m (filePath[33m.[39min
cludes([32m'contentScriptWithO
ptimizer.js'[39m)) {
     [90m 39 |[39m         [
36mreturn[39m [33mPromise[39
m[33m.[39mresolve([32m'// Op
timizer script'[39m)[33m;[39
m
     [90m 40 |[39m       }[0
m

      at Object.<anonymous> (sr
c/managers/__tests__/Translatio
nIntegration.test.js:37:17)

  鈼?TranslationIntegration 鈥?鑴氭
湰閲嶆柊鍔犺浇 鈥?搴旇閲嶆柊鍔犺浇鑴氭湰

    TypeError: fs.readFile.mock
Implementation is not a functio
n

    [0m [90m 35 |[39m
     [90m 36 |[39m     [90m/
/ Mock 鑴氭湰鏂囦欢璇诲彇[39m
    [31m[1m>[22m[39m[90m 3
7 |[39m     fs[33m.[39mreadF
ile[33m.[39mmockImplementatio
n((filePath) [33m=>[39m {
     [90m    |[39m           
      [31m[1m^[22m[39m
     [90m 38 |[39m       [36
mif[39m (filePath[33m.[39min
cludes([32m'contentScriptWithO
ptimizer.js'[39m)) {
     [90m 39 |[39m         [
36mreturn[39m [33mPromise[39
m[33m.[39mresolve([32m'// Op
timizer script'[39m)[33m;[39
m
     [90m 40 |[39m       }[0
m

      at Object.<anonymous> (sr
c/managers/__tests__/Translatio
nIntegration.test.js:37:17)

  鈼?TranslationIntegration 鈥?鑴氭
湰閲嶆柊鍔犺浇 鈥?搴旇澶勭悊閲嶆柊鍔犺浇澶辫触

    TypeError: fs.readFile.mock
Implementation is not a functio
n

    [0m [90m 35 |[39m
     [90m 36 |[39m     [90m/
/ Mock 鑴氭湰鏂囦欢璇诲彇[39m
    [31m[1m>[22m[39m[90m 3
7 |[39m     fs[33m.[39mreadF
ile[33m.[39mmockImplementatio
n((filePath) [33m=>[39m {
     [90m    |[39m           
      [31m[1m^[22m[39m
     [90m 38 |[39m       [36
mif[39m (filePath[33m.[39min
cludes([32m'contentScriptWithO
ptimizer.js'[39m)) {
     [90m 39 |[39m         [
36mreturn[39m [33mPromise[39
m[33m.[39mresolve([32m'// Op
timizer script'[39m)[33m;[39
m
     [90m 40 |[39m       }[0
m

      at Object.<anonymous> (sr
c/managers/__tests__/Translatio
nIntegration.test.js:37:17)

  鈼?TranslationIntegration 鈥?娓呯
悊 鈥?搴旇娓呯悊鎵€鏈夎祫婧?
    TypeError: fs.readFile.mock
Implementation is not a functio
n

    [0m [90m 35 |[39m
     [90m 36 |[39m     [90m/
/ Mock 鑴氭湰鏂囦欢璇诲彇[39m
    [31m[1m>[22m[39m[90m 3
7 |[39m     fs[33m.[39mreadF
ile[33m.[39mmockImplementatio
n((filePath) [33m=>[39m {
     [90m    |[39m           
      [31m[1m^[22m[39m
     [90m 38 |[39m       [36
mif[39m (filePath[33m.[39min
cludes([32m'contentScriptWithO
ptimizer.js'[39m)) {
     [90m 39 |[39m         [
36mreturn[39m [33mPromise[39
m[33m.[39mresolve([32m'// Op
timizer script'[39m)[33m;[39
m
     [90m 40 |[39m       }[0
m

      at Object.<anonymous> (sr
c/managers/__tests__/Translatio
nIntegration.test.js:37:17)

FAIL src/infrastructure/proxy/_
_tests__/ProxyHealthMonitor.tes
t.js
  ProxyHealthMonitor
    constructor
      鈭?should create instance 
with default options (6 ms)
      鈭?should accept custom op
tions (4 ms)
      鈭?should accept custom lo
gger (3 ms)
    startMonitoring
      鈭?should start monitoring
 for an account (5 ms)
      鈭?should return false for
 missing accountId (2 ms)
      鈭?should return false for
 missing config (2 ms)
      鈭?should stop existing mo
nitoring before starting new (4
 ms)
      鈭?should accept plain obj
ect config (3 ms)
    stopMonitoring
      鈭?should stop monitoring 
for an account (3 ms)
      鈭?should return false for
 non-monitored account (7 ms)
    checkHealth
      鈭?should perform health c
heck for monitored account (2 m
s)
      鈭?should return error for
 non-monitored account (1 ms)
      脳 should handle health ch
eck failure (4 ms)
    getStats
      鈭?should return stats for
 monitored account (4 ms)
      鈭?should return null for 
non-monitored account (3 ms)
    getHealthStatus
      鈭?should return healthy s
tatus (3 ms)
      鈭?should return unknown f
or non-monitored account (3 ms)
      脳 should return unhealthy
 after consecutive failures (3 
ms)
    verifyIPPeriodically
      鈭?should verify IP matche
s expected (2 ms)
      鈭?should skip verificatio
n if no initial IP (2 ms)
      鈭?should detect IP change
 and trigger Kill-Switch (2 ms)
    Kill-Switch triggering
      鈭?should trigger Kill-Swi
tch after consecutive failures 
(3 ms)
    Query methods
      鈭?should get monitored ac
counts (4 ms)
      鈭?should check if account
 is being monitored (4 ms)
      鈭?should get all stats (3
 ms)
    resetFailureCounter
      脳 should reset failure co
unter (2 ms)
    updateInitialIP
      鈭?should update initial I
P (2 ms)
    stopAll
      鈭?should stop all monitor
ing (4 ms)
    destroy
      鈭?should clean up all res
ources (5 ms)
    Defaults and Constants
      鈭?should export default v
alues (3 ms)
      鈭?should export health st
atus enum (4 ms)

  鈼?ProxyHealthMonitor 鈥?checkH
ealth 鈥?should handle health ch
eck failure

    expect(received).toBe(expec
ted) // Object.is equality

    Expected: 1
    Received: 2

    [0m [90m 217 |[39m      
 expect(result[33m.[39mhealth
y)[33m.[39mtoBe([36mfalse[3
9m)[33m;[39m
     [90m 218 |[39m       exp
ect(result[33m.[39merror)[33
m.[39mtoBe([32m'Connection ti
meout'[39m)[33m;[39m
    [31m[1m>[22m[39m[90m 2
19 |[39m       expect(result[
33m.[39mconsecutiveFailures)[
33m.[39mtoBe([35m1[39m)[33m
;[39m
     [90m     |[39m          
                               
 [31m[1m^[22m[39m
     [90m 220 |[39m     })[3
3m;[39m
     [90m 221 |[39m   })[33m
;[39m
     [90m 222 |[39m[0m

      at Object.<anonymous> (sr
c/infrastructure/proxy/__tests_
_/ProxyHealthMonitor.test.js:21
9:42)

  鈼?ProxyHealthMonitor 鈥?getHea
lthStatus 鈥?should return unhea
lthy after consecutive failures

    expect(received).toBe(expec
ted) // Object.is equality

    Expected: 3
    Received: 4

    [0m [90m 292 |[39m      
 
     [90m 293 |[39m       exp
ect(status[33m.[39mstatus)[3
3m.[39mtoBe([33mProxyHealthMo
nitor[39m[33m.[39m[33mHealt
hStatus[39m[33m.[39m[33mUNH
EALTHY[39m)[33m;[39m
    [31m[1m>[22m[39m[90m 2
94 |[39m       expect(status[
33m.[39mdetails[33m.[39mcons
ecutiveFailures)[33m.[39mtoBe
([35m3[39m)[33m;[39m
     [90m     |[39m          
                               
         [31m[1m^[22m[39m
     [90m 295 |[39m     })[3
3m;[39m
     [90m 296 |[39m   })[33m
;[39m
     [90m 297 |[39m[0m

      at Object.<anonymous> (sr
c/infrastructure/proxy/__tests_
_/ProxyHealthMonitor.test.js:29
4:50)

  鈼?ProxyHealthMonitor 鈥?resetF
ailureCounter 鈥?should reset fa
ilure counter

    expect(received).toBe(expec
ted) // Object.is equality

    Expected: 2
    Received: 3

    [0m [90m 470 |[39m      
 
     [90m 471 |[39m       [3
6mlet[39m status [33m=[39m m
onitor[33m.[39mgetHealthStatu
s([32m'account-1'[39m)[33m;
[39m
    [31m[1m>[22m[39m[90m 4
72 |[39m       expect(status[
33m.[39mdetails[33m.[39mcons
ecutiveFailures)[33m.[39mtoBe
([35m2[39m)[33m;[39m
     [90m     |[39m          
                               
         [31m[1m^[22m[39m
     [90m 473 |[39m       
     [90m 474 |[39m       [9
0m// Reset counter[39m
     [90m 475 |[39m       mon
itor[33m.[39mresetFailureCoun
ter([32m'account-1'[39m)[33m
;[39m[0m

      at Object.<anonymous> (sr
c/infrastructure/proxy/__tests_
_/ProxyHealthMonitor.test.js:47
2:50)

FAIL src/utils/__tests__/Orphan
edDataCleaner.test.js
  OrphanedDataCleaner
    鏋勯€犲嚱鏁?      鈭?搴旇姝ｇ‘鍒濆鍖栨竻
鐞嗗櫒 (2 ms)
      鈭?搴旇浣跨敤榛樿鏃ュ織璁板綍鍣?(1 ms)
    scanAndClean 鏂规硶
      脳 褰?Partitions 鐩綍涓嶅瓨鍦ㄦ椂搴
旇鎴愬姛 (2 ms)
      脳 褰撴病鏈夎处鍙风洰褰曟椂搴旇鎴愬姛 (3 m
s)
      脳 搴旇姝ｇ‘娓呯悊 orphaned 鐩綍 
(3 ms)
      脳 搴旇淇濈暀鐜版湁鐨勮处鍙风洰褰?(1 ms)
      脳 搴旇澶勭悊娓呯悊閿欒 (3 ms)
      脳 搴旇璁板綍娓呯悊鍘嗗彶 (1 ms)
    cleanAccountData 鏂规硶
      脳 搴旇鎴愬姛娓呯悊鎸囧畾璐﹀彿鐨勬暟鎹?(1 
ms)
      脳 褰撶洰褰曚笉瀛樺湪鏃跺簲璇ユ垚鍔?(1 ms)
      脳 搴旇澶勭悊娓呯悊閿欒 (1 ms)
    getCleanupStats 鏂规硶
      鈭?搴旇杩斿洖姝ｇ‘鐨勭粺璁′俊鎭?(2 ms)
      鈭?褰撴病鏈夋竻鐞嗗巻鍙叉椂搴旇杩斿洖榛樿鍊?
(3 ms)
    _getDirectorySize 鏂规硶
      脳 搴旇姝ｇ‘璁＄畻鐩綍澶у皬 (2 ms)
      脳 搴旇澶勭悊鏉冮檺閿欒 (1 ms)
    宸ュ叿鏂规硶
      鈭?setUserDataPath 搴旇姝ｇ‘璁
剧疆璺緞 (2 ms)
      鈭?setVerboseLogging 搴旇鍒囨
崲鏃ュ織璇︾粏绋嬪害 (1 ms)
      鈭?clearHistory 搴旇娓呴櫎鍘嗗彶璁
板綍 (1 ms)

  鈼?OrphanedDataCleaner 鈥?scanA
ndClean 鏂规硶 鈥?褰?Partitions 鐩綍涓
嶅瓨鍦ㄦ椂搴旇鎴愬姛

    TypeError: fs.access.mockRe
solvedValue is not a function

    [0m [90m 69 |[39m     be
foreEach(() [33m=>[39m {
     [90m 70 |[39m       [90
m// Mock fs.access to succeed (
directory exists)[39m
    [31m[1m>[22m[39m[90m 7
1 |[39m       fs[33m.[39macc
ess[33m.[39mmockResolvedValue
(undefined)[33m;[39m
     [90m    |[39m           
      [31m[1m^[22m[39m
     [90m 72 |[39m     })[33
m;[39m
     [90m 73 |[39m     
     [90m 74 |[39m     test(
[32m'褰?Partitions 鐩綍涓嶅瓨鍦ㄦ椂搴旇鎴
愬姛'[39m[33m,[39m [36masync
[39m () [33m=>[39m {[0m

      at Object.<anonymous> (sr
c/utils/__tests__/OrphanedDataC
leaner.test.js:71:17)

  鈼?OrphanedDataCleaner 鈥?scanA
ndClean 鏂规硶 鈥?褰撴病鏈夎处鍙风洰褰曟椂搴旇鎴愬
姛

    TypeError: fs.access.mockRe
solvedValue is not a function

    [0m [90m 69 |[39m     be
foreEach(() [33m=>[39m {
     [90m 70 |[39m       [90
m// Mock fs.access to succeed (
directory exists)[39m
    [31m[1m>[22m[39m[90m 7
1 |[39m       fs[33m.[39macc
ess[33m.[39mmockResolvedValue
(undefined)[33m;[39m
     [90m    |[39m           
      [31m[1m^[22m[39m
     [90m 72 |[39m     })[33
m;[39m
     [90m 73 |[39m     
     [90m 74 |[39m     test(
[32m'褰?Partitions 鐩綍涓嶅瓨鍦ㄦ椂搴旇鎴
愬姛'[39m[33m,[39m [36masync
[39m () [33m=>[39m {[0m

      at Object.<anonymous> (sr
c/utils/__tests__/OrphanedDataC
leaner.test.js:71:17)

  鈼?OrphanedDataCleaner 鈥?scanA
ndClean 鏂规硶 鈥?搴旇姝ｇ‘娓呯悊 orphane
d 鐩綍

    TypeError: fs.access.mockRe
solvedValue is not a function

    [0m [90m 69 |[39m     be
foreEach(() [33m=>[39m {
     [90m 70 |[39m       [90
m// Mock fs.access to succeed (
directory exists)[39m
    [31m[1m>[22m[39m[90m 7
1 |[39m       fs[33m.[39macc
ess[33m.[39mmockResolvedValue
(undefined)[33m;[39m
     [90m    |[39m           
      [31m[1m^[22m[39m
     [90m 72 |[39m     })[33
m;[39m
     [90m 73 |[39m     
     [90m 74 |[39m     test(
[32m'褰?Partitions 鐩綍涓嶅瓨鍦ㄦ椂搴旇鎴
愬姛'[39m[33m,[39m [36masync
[39m () [33m=>[39m {[0m

      at Object.<anonymous> (sr
c/utils/__tests__/OrphanedDataC
leaner.test.js:71:17)

  鈼?OrphanedDataCleaner 鈥?scanA
ndClean 鏂规硶 鈥?搴旇淇濈暀鐜版湁鐨勮处鍙风洰褰?
    TypeError: fs.access.mockRe
solvedValue is not a function

    [0m [90m 69 |[39m     be
foreEach(() [33m=>[39m {
     [90m 70 |[39m       [90
m// Mock fs.access to succeed (
directory exists)[39m
    [31m[1m>[22m[39m[90m 7
1 |[39m       fs[33m.[39macc
ess[33m.[39mmockResolvedValue
(undefined)[33m;[39m
     [90m    |[39m           
      [31m[1m^[22m[39m
     [90m 72 |[39m     })[33
m;[39m
     [90m 73 |[39m     
     [90m 74 |[39m     test(
[32m'褰?Partitions 鐩綍涓嶅瓨鍦ㄦ椂搴旇鎴
愬姛'[39m[33m,[39m [36masync
[39m () [33m=>[39m {[0m

      at Object.<anonymous> (sr
c/utils/__tests__/OrphanedDataC
leaner.test.js:71:17)

  鈼?OrphanedDataCleaner 鈥?scanA
ndClean 鏂规硶 鈥?搴旇澶勭悊娓呯悊閿欒

    TypeError: fs.access.mockRe
solvedValue is not a function

    [0m [90m 69 |[39m     be
foreEach(() [33m=>[39m {
     [90m 70 |[39m       [90
m// Mock fs.access to succeed (
directory exists)[39m
    [31m[1m>[22m[39m[90m 7
1 |[39m       fs[33m.[39macc
ess[33m.[39mmockResolvedValue
(undefined)[33m;[39m
     [90m    |[39m           
      [31m[1m^[22m[39m
     [90m 72 |[39m     })[33
m;[39m
     [90m 73 |[39m     
     [90m 74 |[39m     test(
[32m'褰?Partitions 鐩綍涓嶅瓨鍦ㄦ椂搴旇鎴
愬姛'[39m[33m,[39m [36masync
[39m () [33m=>[39m {[0m

      at Object.<anonymous> (sr
c/utils/__tests__/OrphanedDataC
leaner.test.js:71:17)

  鈼?OrphanedDataCleaner 鈥?scanA
ndClean 鏂规硶 鈥?搴旇璁板綍娓呯悊鍘嗗彶

    TypeError: fs.access.mockRe
solvedValue is not a function

    [0m [90m 69 |[39m     be
foreEach(() [33m=>[39m {
     [90m 70 |[39m       [90
m// Mock fs.access to succeed (
directory exists)[39m
    [31m[1m>[22m[39m[90m 7
1 |[39m       fs[33m.[39macc
ess[33m.[39mmockResolvedValue
(undefined)[33m;[39m
     [90m    |[39m           
      [31m[1m^[22m[39m
     [90m 72 |[39m     })[33
m;[39m
     [90m 73 |[39m     
     [90m 74 |[39m     test(
[32m'褰?Partitions 鐩綍涓嶅瓨鍦ㄦ椂搴旇鎴
愬姛'[39m[33m,[39m [36masync
[39m () [33m=>[39m {[0m

      at Object.<anonymous> (sr
c/utils/__tests__/OrphanedDataC
leaner.test.js:71:17)

  鈼?OrphanedDataCleaner 鈥?clean
AccountData 鏂规硶 鈥?搴旇鎴愬姛娓呯悊鎸囧畾璐
﹀彿鐨勬暟鎹?
    TypeError: fs.access.mockRe
solvedValue is not a function

    [0m [90m 212 |[39m      
 
     [90m 213 |[39m       [9
0m// Mock directory exists[39m
    [31m[1m>[22m[39m[90m 2
14 |[39m       fs[33m.[39mac
cess[33m.[39mmockResolvedValu
e(undefined)[33m;[39m
     [90m     |[39m          
       [31m[1m^[22m[39m
     [90m 215 |[39m       
     [90m 216 |[39m       [9
0m// Mock directory stats[39m
     [90m 217 |[39m       [3
6mconst[39m mockStats [33m=[
39m { size[33m:[39m [35m50[
39m[33m,[39m files[33m:[39m
 [35m3[39m }[33m;[39m[0m

      at Object.<anonymous> (sr
c/utils/__tests__/OrphanedDataC
leaner.test.js:214:17)

  鈼?OrphanedDataCleaner 鈥?clean
AccountData 鏂规硶 鈥?褰撶洰褰曚笉瀛樺湪鏃跺簲璇
ユ垚鍔?
    TypeError: fs.access.mockRe
jectedValue is not a function

    [0m [90m 228 |[39m      
 
     [90m 229 |[39m       [9
0m// Mock directory doesn't exi
st[39m
    [31m[1m>[22m[39m[90m 2
30 |[39m       fs[33m.[39mac
cess[33m.[39mmockRejectedValu
e([36mnew[39m [33mError[39m
([32m'Directory not found'[39
m))[33m;[39m
     [90m     |[39m          
       [31m[1m^[22m[39m
     [90m 231 |[39m       
     [90m 232 |[39m       [3
6mconst[39m result [33m=[39m
 [36mawait[39m cleaner[33m.
[39mcleanAccountData(accountId)
[33m;[39m
     [90m 233 |[39m       [0
m

      at Object.<anonymous> (sr
c/utils/__tests__/OrphanedDataC
leaner.test.js:230:17)

  鈼?OrphanedDataCleaner 鈥?clean
AccountData 鏂规硶 鈥?搴旇澶勭悊娓呯悊閿欒

    TypeError: fs.access.mockRe
solvedValue is not a function

    [0m [90m 241 |[39m      
 
     [90m 242 |[39m       [9
0m// Mock directory exists[39m
    [31m[1m>[22m[39m[90m 2
43 |[39m       fs[33m.[39mac
cess[33m.[39mmockResolvedValu
e(undefined)[33m;[39m
     [90m     |[39m          
       [31m[1m^[22m[39m
     [90m 244 |[39m       
     [90m 245 |[39m       [9
0m// Mock removal failure[39m
     [90m 246 |[39m       fs
[33m.[39mrm[33m.[39mmockReje
ctedValue([36mnew[39m [33mEr
ror[39m([32m'Permission denie
d'[39m))[33m;[39m[0m

      at Object.<anonymous> (sr
c/utils/__tests__/OrphanedDataC
leaner.test.js:243:17)

  鈼?OrphanedDataCleaner 鈥?_getD
irectorySize 鏂规硶 鈥?搴旇姝ｇ‘璁＄畻鐩綍
澶у皬

    TypeError: fs.readdir.mockR
esolvedValue is not a function

    [0m [90m 305 |[39m      
 ][33m;[39m
     [90m 306 |[39m       
    [31m[1m>[22m[39m[90m 3
07 |[39m       fs[33m.[39mre
addir[33m.[39mmockResolvedVal
ue(mockEntries)[33m;[39m
     [90m     |[39m          
        [31m[1m^[22m[39m
     [90m 308 |[39m       
     [90m 309 |[39m       [9
0m// Mock stat for files[39m
     [90m 310 |[39m       fs
[33m.[39mstat[33m.[39mmockIm
plementation((filePath) [33m=>
[39m {[0m

      at Object.<anonymous> (sr
c/utils/__tests__/OrphanedDataC
leaner.test.js:307:18)

  鈼?OrphanedDataCleaner 鈥?_getD
irectorySize 鏂规硶 鈥?搴旇澶勭悊鏉冮檺閿欒

    TypeError: fs.readdir.mockR
ejectedValue is not a function

    [0m [90m 331 |[39m      
 
     [90m 332 |[39m       [9
0m// Mock readdir to throw erro
r[39m
    [31m[1m>[22m[39m[90m 3
33 |[39m       fs[33m.[39mre
addir[33m.[39mmockRejectedVal
ue([36mnew[39m [33mError[39
m([32m'Permission denied'[39m
))[33m;[39m
     [90m     |[39m          
        [31m[1m^[22m[39m
     [90m 334 |[39m       
     [90m 335 |[39m       [3
6mconst[39m result [33m=[39m
 [36mawait[39m cleaner[33m.
[39m_getDirectorySize(testDir)
[33m;[39m
     [90m 336 |[39m       [0
m

      at Object.<anonymous> (sr
c/utils/__tests__/OrphanedDataC
leaner.test.js:333:18)

FAIL src/presentation/ipc/handl
ers/__tests__/TranslationServic
eIPCHandlers.test.js
  TranslationServiceIPCHandlers
    Handler Registration
      鈭?should register all 13 
translation IPC channels (5 ms)
      鈭?should unregister all c
hannels on cleanup (2 ms)
    translation:translate
      鈭?should handle translati
on request with account routing
 (3 ms)
      脳 should reject translati
on request without accountId (3
 ms)
    translation:getConfig
      鈭?should get account-spec
ific configuration (3 ms)
    translation:saveConfig
      鈭?should save account-spe
cific configuration (5 ms)
    translation:clearCache
      鈭?should clear cache for 
specific account (4 ms)
      脳 should clear all cache 
when no accountId provided (3 m
s)
    translation:getStats
      脳 should get translation 
statistics (3 ms)
    Privacy Handlers
      鈭?should clear translatio
n history (2 ms)
      鈭?should clear user data 
(2 ms)
      脳 should get privacy repo
rt (2 ms)
    Engine Configuration
      鈭?should save engine conf
iguration (2 ms)
      脳 should get engine confi
guration (3 ms)
    Error Handling
      脳 should handle translati
on service errors gracefully (4
 ms)

  鈼?TranslationServiceIPCHandle
rs 鈥?translation:translate 鈥?sh
ould reject translation request
 without accountId

    expect(received).toContain(
expected) // indexOf

    Expected substring: "Accoun
t ID is required"
    Received string:    "IPC re
quest to 'translation:translate
' failed validation"

    [0m [90m 122 |[39m      
 expect(response[33m.[39msucc
ess)[33m.[39mtoBe([36mfalse
[39m)[33m;[39m
     [90m 123 |[39m       exp
ect(response[33m.[39merror)[
33m.[39mtoBeDefined()[33m;[3
9m
    [31m[1m>[22m[39m[90m 1
24 |[39m       expect(response
[33m.[39merror[33m.[39mmess
age)[33m.[39mtoContain([32m'
Account ID is required'[39m)[
33m;[39m
     [90m     |[39m          
                            [3
1m[1m^[22m[39m
     [90m 125 |[39m     })[3
3m;[39m
     [90m 126 |[39m   })[33m
;[39m
     [90m 127 |[39m[0m

      at Object.<anonymous> (sr
c/presentation/ipc/handlers/__t
ests__/TranslationServiceIPCHan
dlers.test.js:124:38)

  鈼?TranslationServiceIPCHandle
rs 鈥?translation:clearCache 鈥?s
hould clear all cache when no a
ccountId provided

    expect(received).toBe(expec
ted) // Object.is equality

    Expected: true
    Received: false

    [0m [90m 184 |[39m      
 [36mconst[39m response [33m
=[39m [36mawait[39m router[
33m.[39mhandle([32m'translati
on:clearCache'[39m[33m,[39m 
request)[33m;[39m
     [90m 185 |[39m
    [31m[1m>[22m[39m[90m 1
86 |[39m       expect(response
[33m.[39msuccess)[33m.[39mt
oBe([36mtrue[39m)[33m;[39m
     [90m     |[39m          
                      [31m[1m
^[22m[39m
     [90m 187 |[39m       exp
ect(mockTranslationService[33m
.[39mcacheManager[33m.[39mcl
ear)[33m.[39mtoHaveBeenCalled
()[33m;[39m
     [90m 188 |[39m     })[3
3m;[39m
     [90m 189 |[39m   })[33m
;[39m[0m

      at Object.<anonymous> (sr
c/presentation/ipc/handlers/__t
ests__/TranslationServiceIPCHan
dlers.test.js:186:32)

  鈼?TranslationServiceIPCHandle
rs 鈥?translation:getStats 鈥?sho
uld get translation statistics

    expect(received).toBe(expec
ted) // Object.is equality

    Expected: 100
    Received: undefined

    [0m [90m 201 |[39m      
 expect(response[33m.[39msucc
ess)[33m.[39mtoBe([36mtrue[
39m)[33m;[39m
     [90m 202 |[39m       exp
ect(response[33m.[39mdata)[3
3m.[39mtoBeDefined()[33m;[39
m
    [31m[1m>[22m[39m[90m 2
03 |[39m       expect(response
[33m.[39mdata[33m.[39mtotal
Translations)[33m.[39mtoBe([
35m100[39m)[33m;[39m
     [90m     |[39m          
                               
      [31m[1m^[22m[39m
     [90m 204 |[39m     })[3
3m;[39m
     [90m 205 |[39m   })[33m
;[39m
     [90m 206 |[39m[0m

      at Object.<anonymous> (sr
c/presentation/ipc/handlers/__t
ests__/TranslationServiceIPCHan
dlers.test.js:203:47)

  鈼?TranslationServiceIPCHandle
rs 鈥?Privacy Handlers 鈥?should 
get privacy report

    expect(received).toBe(expec
ted) // Object.is equality

    Expected: true
    Received: undefined

    [0m [90m 243 |[39m      
 expect(response[33m.[39msucc
ess)[33m.[39mtoBe([36mtrue[
39m)[33m;[39m
     [90m 244 |[39m       exp
ect(response[33m.[39mdata)[3
3m.[39mtoBeDefined()[33m;[39
m
    [31m[1m>[22m[39m[90m 2
45 |[39m       expect(response
[33m.[39mdata[33m.[39mdataS
tored)[33m.[39mtoBe([36mtrue
[39m)[33m;[39m
     [90m     |[39m          
                              
[31m[1m^[22m[39m
     [90m 246 |[39m     })[3
3m;[39m
     [90m 247 |[39m   })[33m
;[39m
     [90m 248 |[39m[0m

      at Object.<anonymous> (sr
c/presentation/ipc/handlers/__t
ests__/TranslationServiceIPCHan
dlers.test.js:245:40)

  鈼?TranslationServiceIPCHandle
rs 鈥?Engine Configuration 鈥?sho
uld get engine configuration

    expect(received).toBe(expec
ted) // Object.is equality

    Expected: "test-key"
    Received: undefined

    [0m [90m 277 |[39m      
 expect(response[33m.[39msucc
ess)[33m.[39mtoBe([36mtrue[
39m)[33m;[39m
     [90m 278 |[39m       exp
ect(response[33m.[39mdata)[3
3m.[39mtoBeDefined()[33m;[39
m
    [31m[1m>[22m[39m[90m 2
79 |[39m       expect(response
[33m.[39mdata[33m.[39mapiKe
y)[33m.[39mtoBe([32m'test-ke
y'[39m)[33m;[39m
     [90m     |[39m          
                          [31m
[1m^[22m[39m
     [90m 280 |[39m     })[3
3m;[39m
     [90m 281 |[39m   })[33m
;[39m
     [90m 282 |[39m[0m

      at Object.<anonymous> (sr
c/presentation/ipc/handlers/__t
ests__/TranslationServiceIPCHan
dlers.test.js:279:36)

  鈼?TranslationServiceIPCHandle
rs 鈥?Error Handling 鈥?should ha
ndle translation service errors
 gracefully

    expect(received).toBe(expec
ted) // Object.is equality

    Expected: false
    Received: true

    [0m [90m 296 |[39m      
 [36mconst[39m response [33m
=[39m [36mawait[39m router[
33m.[39mhandle([32m'translati
on:translate'[39m[33m,[39m r
equest)[33m;[39m
     [90m 297 |[39m
    [31m[1m>[22m[39m[90m 2
98 |[39m       expect(response
[33m.[39msuccess)[33m.[39mt
oBe([36mfalse[39m)[33m;[39m
     [90m     |[39m          
                      [31m[1m
^[22m[39m
     [90m 299 |[39m       exp
ect(response[33m.[39merror)[
33m.[39mtoBeDefined()[33m;[3
9m
     [90m 300 |[39m       exp
ect(response[33m.[39merror[3
3m.[39mmessage)[33m.[39mtoCo
ntain([32m'Translation failed'
[39m)[33m;[39m
     [90m 301 |[39m     })[3
3m;[39m[0m

      at Object.<anonymous> (sr
c/presentation/ipc/handlers/__t
ests__/TranslationServiceIPCHan
dlers.test.js:298:32)

FAIL src/managers/__tests__/Ses
sionManager_ProxyLeak.test.js
  SessionManager Proxy Leak Pre
vention
    脳 should set WebRTC IP hand
ling policy to disable_non_prox
ied_udp when configuring proxy 
(5 ms)
    脳 should use socks5:// sche
me for socks5 protocol (4 ms)
    脳 should handle setWebRTCIP
HandlingPolicy error gracefully
 (3 ms)

  鈼?SessionManager Proxy Leak P
revention 鈥?should set WebRTC I
P handling policy to disable_no
n_proxied_udp when configuring 
proxy

    TypeError: Cannot read prop
erties of undefined (reading 'f
romPartition')

    [0m [90m 41 |[39m       
  }[33m;[39m
     [90m 42 |[39m
    [31m[1m>[22m[39m[90m 4
3 |[39m         session[33m.
[39mfromPartition[33m.[39mmoc
kReturnValue(mockSession)[33m;
[39m
     [90m    |[39m           
      [31m[1m^[22m[39m
     [90m 44 |[39m
     [90m 45 |[39m         [
90m// Create SessionManager ins
tance[39m
     [90m 46 |[39m         se
ssionManager [33m=[39m [36mn
ew[39m [33mSessionManager[39
m({[0m

      at Object.<anonymous> (sr
c/managers/__tests__/SessionMan
ager_ProxyLeak.test.js:43:17)

  鈼?SessionManager Proxy Leak P
revention 鈥?should use socks5:/
/ scheme for socks5 protocol

    TypeError: Cannot read prop
erties of undefined (reading 'f
romPartition')

    [0m [90m 41 |[39m       
  }[33m;[39m
     [90m 42 |[39m
    [31m[1m>[22m[39m[90m 4
3 |[39m         session[33m.
[39mfromPartition[33m.[39mmoc
kReturnValue(mockSession)[33m;
[39m
     [90m    |[39m           
      [31m[1m^[22m[39m
     [90m 44 |[39m
     [90m 45 |[39m         [
90m// Create SessionManager ins
tance[39m
     [90m 46 |[39m         se
ssionManager [33m=[39m [36mn
ew[39m [33mSessionManager[39
m({[0m

      at Object.<anonymous> (sr
c/managers/__tests__/SessionMan
ager_ProxyLeak.test.js:43:17)

  鈼?SessionManager Proxy Leak P
revention 鈥?should handle setWe
bRTCIPHandlingPolicy error grac
efully

    TypeError: Cannot read prop
erties of undefined (reading 'f
romPartition')

    [0m [90m 41 |[39m       
  }[33m;[39m
     [90m 42 |[39m
    [31m[1m>[22m[39m[90m 4
3 |[39m         session[33m.
[39mfromPartition[33m.[39mmoc
kReturnValue(mockSession)[33m;
[39m
     [90m    |[39m           
      [31m[1m^[22m[39m
     [90m 44 |[39m
     [90m 45 |[39m         [
90m// Create SessionManager ins
tance[39m
     [90m 46 |[39m         se
ssionManager [33m=[39m [36mn
ew[39m [33mSessionManager[39
m({[0m

      at Object.<anonymous> (sr
c/managers/__tests__/SessionMan
ager_ProxyLeak.test.js:43:17)

PASS test/__tests__/TestInfrast
ructure.property.test.js (12.38
6 s)
  Test Infrastructure Property 
Tests
    Property 38: Test Environme
nt Isolation
      StorageMock Isolation
        鈭?state changes in one 
StorageMock instance do not aff
ect new instances (87 ms)
        鈭?reset() clears all st
ate for test isolation (42 ms)
      ElectronMock Isolation
        鈭?BrowserWindow instanc
es are isolated between resets 
(21 ms)
        鈭?ElectronMock reset() 
clears all state (39 ms)
      NetworkMock Isolation
        鈭?network handlers are 
isolated between instances (645
 ms)
        鈭?reset() clears all ne
twork state (10951 ms)
      TestContext Isolation
        鈭?createTestContext ret
urns isolated instances (72 ms)
        鈭?reset() clears test c
ontext state (39 ms)
      FileSystemMock Isolation
        鈭?file system state is 
isolated between instances (23 
ms)
      JsonStoreMock Isolation
        鈭?JSON store state is i
solated between instances (24 m
s)
    Property 39: Test Failure C
ontext
      formatFailureContext prov
ides complete information
        鈭?failure context inclu
des input, expected, and actual
 values (47 ms)
        鈭?failure context inclu
des error information when pres
ent (21 ms)
      deepEqual provides accura
te comparison
        鈭?deepEqual correctly i
dentifies equal objects (13 ms)
        鈭?deepEqual correctly i
dentifies different objects (12
 ms)
      deepClone creates indepen
dent copies
        鈭?deepClone creates a c
opy that can be modified indepe
ndently (15 ms)
      Custom matchers provide d
etailed failure information
        鈭?toHaveErrorCode match
er provides clear failure messa
ges (9 ms)
        鈭?toHaveValidationError
sFor matcher identifies missing
 fields (3 ms)
      Test context records erro
rs with full information
        鈭?recordError captures 
error details for failure conte
xt (25 ms)
        鈭?multiple errors are r
ecorded in order (65 ms)

  console.info
    [PluginManager] Plugin 'bDC{N1rTvg)R' v4.52.4 registered

      at PluginManager._log (src/infrastructure/plugins/PluginManager.js:483:21)

  console.info
    [PluginManager] Plugin '*@y@mz.;y<' v5.77.5 registered

      at PluginManager._log (src/infrastructure/plugins/PluginManager.js:483:21)

  console.info
    [PluginManager] Plugin '|' v95.96.6 registered

      at PluginManager._log (src/infrastructure/plugins/PluginManager.js:483:21)

  console.info
    [PluginManager] Plugin 'co' v25.0.37 registered

      at PluginManager._log (src/infrastructure/plugins/PluginManager.js:483:21)

  console.info
    [PluginManager] Plugin '%#$ a{yygg ' v3.3.55 registered

      at PluginManager._log (src/infrastructure/plugins/PluginManager.js:483:21)

  console.info
    [PluginManager] Plugin '-<~' v58.1.40 registered

      at PluginManager._log (src/infrastructure/plugins/PluginManager.js:483:21)

  console.info
    [PluginManager] Plugin 'X<nQD2zO' v2.1.0 registered

      at PluginManager._log (src/infrastructure/plugins/PluginManager.js:483:21)

  console.info
    [PluginManager] Plugin 'iG!' v76.85.3 registered

      at PluginManager._log (src/infrastructure/plugins/PluginManager.js:483:21)

  console.info
    [PluginManager] Plugin '!b' v17.42.64 registered

      at PluginManager._log (src/infrastructure/plugins/PluginManager.js:483:21)

  console.info
    [PluginManager] Plugin '9wpB' v4.76.98 registered

      at PluginManager._log (src/infrastructure/plugins/PluginManager.js:483:21)

  console.info
    [PluginManager] Plugin '(X/U)wHkKeX7' v87.34.93 registered

      at PluginManager._log (src/infrastructure/plugins/PluginManager.js:483:21)

  console.info
    [PluginManager] Plugin '&&' v46.46.69 registered

      at PluginManager._log (src/infrastructure/plugins/PluginManager.js:483:21)

  console.info
    [PluginManager] Plugin '`z3\bfn' v5.70.72 registered

      at PluginManager._log (src/infrastructure/plugins/PluginManager.js:483:21)

  console.info
    [PluginManager] Plugin '$' v86.22.2 registered

      at PluginManager._log (src/infrastructure/plugins/PluginManager.js:483:21)

  console.info
    [PluginManager] Plugin ' vQ~FlX;i~))' v61.2.96 registered

      at PluginManager._log (src/infrastructure/plugins/PluginManager.js:483:21)

  console.info
    [PluginManager] Plugin '84' v56.2.31 registered

      at PluginManager._log (src/infrastructure/plugins/PluginManager.js:483:21)

  console.info
    [PluginManager] Plugin 'UVs' v2.78.92 registered

      at PluginManager._log (src/infrastructure/plugins/PluginManager.js:483:21)

  console.info
    [PluginManager] Plugin 'bB=>W,Nz[5{' v84.55.28 registered

      at PluginManager._log (src/infrastructure/plugins/PluginManager.js:483:21)

  console.info
    [PluginManager] Plugin '.`ZD=9F!' v1.6.24 registered

      at PluginManager._log (src/infrastructure/plugins/PluginManager.js:483:21)

  console.info
    [PluginManager] Plugin 'C"%%.J$2g'j' v10.70.4 registered

      at PluginManager._log (src/infrastructure/plugins/PluginManager.js:483:21)

  console.info
    [PluginManager] Plugin '0HNHWb,' v91.51.95 registered

      at PluginManager._log (src/infrastructure/plugins/PluginManager.js:483:21)

  console.info
    [PluginManager] Plugin 'cUwvP|2,G' v53.59.95 registered

      at PluginManager._log (src/infrastructure/plugins/PluginManager.js:483:21)

  console.info
    [PluginManager] Plugin '|' v79.0.97 registered

      at PluginManager._log (src/infrastructure/plugins/PluginManager.js:483:21)

  console.info
    [PluginManager] Plugin 'H`sQtZSq5pI5' v93.6.51 registered

      at PluginManager._log (src/infrastructure/plugins/PluginManager.js:483:21)

  console.info
    [PluginManager] Plugin '.3bF"u>' v77.51.39 registered

      at PluginManager._log (src/infrastructure/plugins/PluginManager.js:483:21)

  console.info
    [PluginManager] Plugin '0)' v16.0.44 registered

      at PluginManager._log (src/infrastructure/plugins/PluginManager.js:483:21)

  console.info
    [PluginManager] Plugin '4#&BaxaFc-6' v18.54.73 registered

      at PluginManager._log (src/infrastructure/plugins/PluginManager.js:483:21)

  console.info
    [PluginManager] Plugin 'b3X>;^' v5.43.90 registered

      at PluginManager._log (src/infrastructure/plugins/PluginManager.js:483:21)

  console.info
    [PluginManager] Plugin '?m!0mw' v46.5.16 registered

      at PluginManager._log (src/infrastructure/plugins/PluginManager.js:483:21)

  console.info
    [PluginManager] Plugin 'Mh1qx%7G7Qcc' v19.96.39 registered

      at PluginManager._log (src/infrastructure/plugins/PluginManager.js:483:21)

  console.info
    [PluginManager] Plugin '#A0\]m' v5.46.1 registered

      at PluginManager._log (src/infrastructure/plugins/PluginManager.js:483:21)

  console.info
    [PluginManager] Plugin 'nkt+' v88.27.2 registered

      at PluginManager._log (src/infrastructure/plugins/PluginManager.js:483:21)

  console.info
    [PluginManager] Plugin ';Z8uak/^{' v4.17.0 registered

      at PluginManager._log (src/infrastructure/plugins/PluginManager.js:483:21)

  console.info
    [PluginManager] Plugin 'c' v87.87.89 registered

      at PluginManager._log (src/infrastructure/plugins/PluginManager.js:483:21)

  console.info
    [PluginManager] Plugin 'toString' v21.82.54 registered

      at PluginManager._log (src/infrastructure/plugins/PluginManager.js:483:21)

  console.info
    [PluginManager] Plugin '7{84rd\' v5.85.23 registered

      at PluginManager._log (src/infrastructure/plugins/PluginManager.js:483:21)

  console.info
    [PluginManager] Plugin 'ggJM?nKZ' v92.0.49 registered

      at PluginManager._log (src/infrastructure/plugins/PluginManager.js:483:21)

  console.info
    [PluginManager] Plugin '7A' v35.62.77 registered

      at PluginManager._log (src/infrastructure/plugins/PluginManager.js:483:21)

  console.info
    [PluginManager] Plugin './&ON$H!P'~' v69.52.2 registered

      at PluginManager._log (src/infrastructure/plugins/PluginManager.js:483:21)

  console.info
    [PluginManager] Plugin '%SZ_=6O^m>=' v83.58.2 registered

      at PluginManager._log (src/infrastructure/plugins/PluginManager.js:483:21)

  console.info
    [PluginManager] Plugin ')jl' v1.0.0 registered

      at PluginManager._log (src/infrastructure/plugins/PluginManager.js:483:21)

  console.info
    [PluginManager] Plugin 'x/%^z' v99.1.87 registered

      at PluginManager._log (src/infrastructure/plugins/PluginManager.js:483:21)

  console.info
    [PluginManager] Plugin 'TZ~s' v6.98.95 registered

      at PluginManager._log (src/infrastructure/plugins/PluginManager.js:483:21)

  console.info
    [PluginManager] Plugin '7H.Dv' v61.12.73 registered

      at PluginManager._log (src/infrastructure/plugins/PluginManager.js:483:21)

  console.info
    [PluginManager] Plugin '#XlutoL' v10.49.33 registered

      at PluginManager._log (src/infrastructure/plugins/PluginManager.js:483:21)

  console.info
    [PluginManager] Plugin '?C|.)*ziJ' v85.4.99 registered

      at PluginManager._log (src/infrastructure/plugins/PluginManager.js:483:21)

  console.info
    [PluginManager] Plugin 'Z|' v99.0.10 registered

      at PluginManager._log (src/infrastructure/plugins/PluginManager.js:483:21)

  console.info
    [PluginManager] Plugin '"tzF5U.' v85.33.68 registered

      at PluginManager._log (src/infrastructure/plugins/PluginManager.js:483:21)

  console.info
    [PluginManager] Plugin 'call' v94.5.15 registered

      at PluginManager._log (src/infrastructure/plugins/PluginManager.js:483:21)

  console.info
    [PluginManager] Plugin '$|&p}>' v5.7.72 registered

      at PluginManager._log (src/infrastructure/plugins/PluginManager.js:483:21)

  console.info
    [PluginManager] Plugin '.l~6N6' v6.48.83 registered

      at PluginManager._log (src/infrastructure/plugins/PluginManager.js:483:21)

  console.info
    [PluginManager] Plugin 'd"I.T"' v74.65.0 registered

      at PluginManager._log (src/infrastructure/plugins/PluginManager.js:483:21)

  console.info
    [PluginManager] Plugin 'E3)+1' v3.21.8 registered

      at PluginManager._log (src/infrastructure/plugins/PluginManager.js:483:21)

  console.info
    [PluginManager] Plugin '<(' v3.24.4 registered

      at PluginManager._log (src/infrastructure/plugins/PluginManager.js:483:21)

  console.info
    [PluginManager] Plugin '3o`U3y' v79.97.82 registered

      at PluginManager._log (src/infrastructure/plugins/PluginManager.js:483:21)

  console.info
    [PluginManager] Plugin '6Y' v61.0.94 registered

      at PluginManager._log (src/infrastructure/plugins/PluginManager.js:483:21)

  console.info
    [PluginManager] Plugin '-!^B\^%'3 -' v64.44.7 registered

      at PluginManager._log (src/infrastructure/plugins/PluginManager.js:483:21)

  console.info
    [PluginManager] Plugin 'constructor' v35.45.89 registered

      at PluginManager._log (src/infrastructure/plugins/PluginManager.js:483:21)

  console.info
    [PluginManager] Plugin 'mgKDLe9)}' v4.40.1 registered

      at PluginManager._log (src/infrastructure/plugins/PluginManager.js:483:21)

  console.info
    [PluginManager] Plugin '$lo1!?" &y' v22.34.6 registered

      at PluginManager._log (src/infrastructure/plugins/PluginManager.js:483:21)

  console.info
    [PluginManager] Plugin 's-i' v35.5.93 registered

      at PluginManager._log (src/infrastructure/plugins/PluginManager.js:483:21)

  console.info
    [PluginManager] Plugin '5q?S' v2.0.52 registered

      at PluginManager._log (src/infrastructure/plugins/PluginManager.js:483:21)

  console.info
    [PluginManager] Plugin '&'"[}fN3~^,1' v87.18.55 registered

      at PluginManager._log (src/infrastructure/plugins/PluginManager.js:483:21)

  console.info
    [PluginManager] Plugin '~"D"' v35.95.4 registered

      at PluginManager._log (src/infrastructure/plugins/PluginManager.js:483:21)

  console.info
    [PluginManager] Plugin 'l}566j"w6]' v61.5.49 registered

      at PluginManager._log (src/infrastructure/plugins/PluginManager.js:483:21)

  console.info
    [PluginManager] Plugin 't~FYRl' v9.74.96 registered

      at PluginManager._log (src/infrastructure/plugins/PluginManager.js:483:21)

  console.info
    [PluginManager] Plugin 'a1' v8.35.53 registered

      at PluginManager._log (src/infrastructure/plugins/PluginManager.js:483:21)

  console.info
    [PluginManager] Plugin '~llsQWz$]t' v19.11.72 registered

      at PluginManager._log (src/infrastructure/plugins/PluginManager.js:483:21)

  console.info
    [PluginManager] Plugin 'Uj^qR"H5QX' v21.21.59 registered

      at PluginManager._log (src/infrastructure/plugins/PluginManager.js:483:21)

  console.info
    [PluginManager] Plugin 'uZ' v14.68.88 registered

      at PluginManager._log (src/infrastructure/plugins/PluginManager.js:483:21)

  console.info
    [PluginManager] Plugin ')Lr3d'B}XF^' v5.76.20 registered

      at PluginManager._log (src/infrastructure/plugins/PluginManager.js:483:21)

  console.info
    [PluginManager] Plugin ')' v4.94.57 registered

      at PluginManager._log (src/infrastructure/plugins/PluginManager.js:483:21)

  console.info
    [PluginManager] Plugin '5t' v4.59.77 registered

      at PluginManager._log (src/infrastructure/plugins/PluginManager.js:483:21)

  console.info
    [PluginManager] Plugin '&#1.%!' v74.34.94 registered

      at PluginManager._log (src/infrastructure/plugins/PluginManager.js:483:21)

  console.info
    [PluginManager] Plugin 'rAx *-dB"W' v8.97.33 registered

      at PluginManager._log (src/infrastructure/plugins/PluginManager.js:483:21)

  console.info
    [PluginManager] Plugin '^O;I%"/D\'' v92.31.97 registered

      at PluginManager._log (src/infrastructure/plugins/PluginManager.js:483:21)

  console.info
    [PluginManager] Plugin 'lHs3' v15.90.48 registered

      at PluginManager._log (src/infrastructure/plugins/PluginManager.js:483:21)

  console.info
    [PluginManager] Plugin 'dN%' v95.6.2 registered

      at PluginManager._log (src/infrastructure/plugins/PluginManager.js:483:21)

  console.info
    [PluginManager] Plugin '?G' v0.66.93 registered

      at PluginManager._log (src/infrastructure/plugins/PluginManager.js:483:21)

  console.info
    [PluginManager] Plugin 'Mbj5\' v94.74.50 registered

      at PluginManager._log (src/infrastructure/plugins/PluginManager.js:483:21)

  console.info
    [PluginManager] Plugin '6rS4-y/AJ^' v5.1.88 registered

      at PluginManager._log (src/infrastructure/plugins/PluginManager.js:483:21)

  console.info
    [PluginManager] Plugin ' $' v93.20.3 registered

      at PluginManager._log (src/infrastructure/plugins/PluginManager.js:483:21)

  console.info
    [PluginManager] Plugin 'z' v53.93.94 registered

      at PluginManager._log (src/infrastructure/plugins/PluginManager.js:483:21)

  console.info
    [PluginManager] Plugin '@ YY|=\2' v97.0.53 registered

      at PluginManager._log (src/infrastructure/plugins/PluginManager.js:483:21)

  console.info
    [PluginManager] Plugin 'b{%xep' v23.61.50 registered

      at PluginManager._log (src/infrastructure/plugins/PluginManager.js:483:21)

  console.info
    [PluginManager] Plugin 'h)"%)z,$<#' v79.2.3 registered

      at PluginManager._log (src/infrastructure/plugins/PluginManager.js:483:21)

  console.info
    [PluginManager] Plugin 'Qk?`kv#' v24.93.5 registered

      at PluginManager._log (src/infrastructure/plugins/PluginManager.js:483:21)

  console.info
    [PluginManager] Plugin '7LX+wmm<' v70.79.94 registered

      at PluginManager._log (src/infrastructure/plugins/PluginManager.js:483:21)

  console.info
    [PluginManager] Plugin 'Aq{Q{JY;BK $' v1.35.52 registered

      at PluginManager._log (src/infrastructure/plugins/PluginManager.js:483:21)

  console.info
    [PluginManager] Plugin 'lm$Eo!=hQa' v20.99.60 registered

      at PluginManager._log (src/infrastructure/plugins/PluginManager.js:483:21)

  console.info
    [PluginManager] Plugin 'Gx\' v24.2.30 registered

      at PluginManager._log (src/infrastructure/plugins/PluginManager.js:483:21)

  console.info
    [PluginManager] Plugin '>%$>T' v93.95.2 registered

      at PluginManager._log (src/infrastructure/plugins/PluginManager.js:483:21)

  console.info
    [PluginManager] Plugin '}H' v10.95.95 registered

      at PluginManager._log (src/infrastructure/plugins/PluginManager.js:483:21)

  console.info
    [PluginManager] Plugin '|r&#oS' v95.3.2 registered

      at PluginManager._log (src/infrastructure/plugins/PluginManager.js:483:21)

  console.info
    [PluginManager] Plugin '~BF0%z3SU' v3.11.95 registered

      at PluginManager._log (src/infrastructure/plugins/PluginManager.js:483:21)

  console.info
    [PluginManager] Plugin 'W"At' v6.29.53 registered

      at PluginManager._log (src/infrastructure/plugins/PluginManager.js:483:21)

  console.info
    [PluginManager] Plugin 'F=PS' v8.35.4 registered

      at PluginManager._log (src/infrastructure/plugins/PluginManager.js:483:21)

  console.info
    [PluginManager] Plugin 'o' v6.6.99 registered

      at PluginManager._log (src/infrastructure/plugins/PluginManager.js:483:21)

  console.info
    [PluginManager] Plugin 'x9Zy/' v75.49.84 registered

      at PluginManager._log (src/infrastructure/plugins/PluginManager.js:483:21)

  console.info
    [PluginManager] Plugin '\' v2.80.97 registered

      at PluginManager._log (src/infrastructure/plugins/PluginManager.js:483:21)

  console.info
    [PluginManager] Plugin 'plugin-0' v1.0.0 registered

      at PluginManager._log (src/infrastructure/plugins/PluginManager.js:483:21)

  console.info
    [PluginManager] Plugin 'plugin-1' v1.0.0 registered

      at PluginManager._log (src/infrastructure/plugins/PluginManager.js:483:21)

  console.info
    [PluginManager] Plugin 'plugin-2' v1.0.0 registered

      at PluginManager._log (src/infrastructure/plugins/PluginManager.js:483:21)

  console.info
    [PluginManager] Plugin 'plugin-3' v1.0.0 registered

      at PluginManager._log (src/infrastructure/plugins/PluginManager.js:483:21)

  console.info
    [PluginManager] Plugin 'plugin-4' v1.0.0 registered

      at PluginManager._log (src/infrastructure/plugins/PluginManager.js:483:21)

  console.info
    [PluginManager] Plugin 'plugin-5' v1.0.0 registered

      at PluginManager._log (src/infrastructure/plugins/PluginManager.js:483:21)

  console.info
    [PluginManager] Plugin 'plugin-6' v1.0.0 registered

      at PluginManager._log (src/infrastructure/plugins/PluginManager.js:483:21)

  console.info
    [PluginManager] Plugin 'plugin-0' enabled

      at PluginManager._log (src/infrastructure/plugins/PluginManager.js:483:21)

  console.info
    [PluginManager] Plugin 'plugin-1' enabled

      at PluginManager._log (src/infrastructure/plugins/PluginManager.js:483:21)

  console.info
    [PluginManager] Plugin 'plugin-3' enabled

      at PluginManager._log (src/infrastructure/plugins/PluginManager.js:483:21)

  console.info
    [PluginManager] Plugin 'plugin-5' enabled

      at PluginManager._log (src/infrastructure/plugins/PluginManager.js:483:21)

  console.info
    [PluginManager] Plugin 'plugin-2' enabled

      at PluginManager._log (src/infrastructure/plugins/PluginManager.js:483:21)

  console.info
    [PluginManager] Plugin 'plugin-4' enabled

      at PluginManager._log (src/infrastructure/plugins/PluginManager.js:483:21)

  console.info
    [PluginManager] Plugin 'plugin-6' enabled

      at PluginManager._log (src/infrastructure/plugins/PluginManager.js:483:21)

  console.info
    [PluginManager] Plugin 'plugin-0' v1.0.0 registered

      at PluginManager._log (src/infrastructure/plugins/PluginManager.js:483:21)

  console.info
    [PluginManager] Plugin 'plugin-1' v1.0.0 registered

      at PluginManager._log (src/infrastructure/plugins/PluginManager.js:483:21)

  console.info
    [PluginManager] Plugin 'plugin-2' v1.0.0 registered

      at PluginManager._log (src/infrastructure/plugins/PluginManager.js:483:21)

  console.info
    [PluginManager] Plugin 'plugin-3' v1.0.0 registered

      at PluginManager._log (src/infrastructure/plugins/PluginManager.js:483:21)

  console.info
    [PluginManager] Plugin 'plugin-4' v1.0.0 registered

      at PluginManager._log (src/infrastructure/plugins/PluginManager.js:483:21)

  console.info
    [PluginManager] Plugin 'plugin-5' v1.0.0 registered

      at PluginManager._log (src/infrastructure/plugins/PluginManager.js:483:21)

  console.info
    [PluginManager] Plugin 'plugin-0' enabled

      at PluginManager._log (src/infrastructure/plugins/PluginManager.js:483:21)

  console.info
    [PluginManager] Plugin 'plugin-2' enabled

      at PluginManager._log (src/infrastructure/plugins/PluginManager.js:483:21)

  console.info
    [PluginManager] Plugin 'plugin-4' enabled

      at PluginManager._log (src/infrastructure/plugins/PluginManager.js:483:21)

  console.info
    [PluginManager] Plugin 'plugin-5' enabled

      at PluginManager._log (src/infrastructure/plugins/PluginManager.js:483:21)

  console.info
    [PluginManager] Plugin 'plugin-1' enabled

      at PluginManager._log (src/infrastructure/plugins/PluginManager.js:483:21)

  console.info
    [PluginManager] Plugin 'plugin-3' enabled

      at PluginManager._log (src/infrastructure/plugins/PluginManager.js:483:21)

  console.info
    [PluginManager] Plugin 'plugin-0' v1.0.0 registered

      at PluginManager._log (src/infrastructure/plugins/PluginManager.js:483:21)

  console.info
    [PluginManager] Plugin 'plugin-1' v1.0.0 registered

      at PluginManager._log (src/infrastructure/plugins/PluginManager.js:483:21)

  console.info
    [PluginManager] Plugin 'plugin-2' v1.0.0 registered

      at PluginManager._log (src/infrastructure/plugins/PluginManager.js:483:21)

  console.info
    [PluginManager] Plugin 'plugin-3' v1.0.0 registered

      at PluginManager._log (src/infrastructure/plugins/PluginManager.js:483:21)

  console.info
    [PluginManager] Plugin 'plugin-4' v1.0.0 registered

      at PluginManager._log (src/infrastructure/plugins/PluginManager.js:483:21)

  console.info
    [PluginManager] Plugin 'plugin-5' v1.0.0 registered

      at PluginManager._log (src/infrastructure/plugins/PluginManager.js:483:21)

  console.info
    [PluginManager] Plugin 'plugin-6' v1.0.0 registered

      at PluginManager._log (src/infrastructure/plugins/PluginManager.js:483:21)

  console.info
    [PluginManager] Plugin 'plugin-0' enabled

      at PluginManager._log (src/infrastructure/plugins/PluginManager.js:483:21)

  console.info
    [PluginManager] Plugin 'plugin-1' enabled

      at PluginManager._log (src/infrastructure/plugins/PluginManager.js:483:21)

  console.info
    [PluginManager] Plugin 'plugin-2' enabled

      at PluginManager._log (src/infrastructure/plugins/PluginManager.js:483:21)

  console.info
    [PluginManager] Plugin 'plugin-3' enabled

      at PluginManager._log (src/infrastructure/plugins/PluginManager.js:483:21)

  console.info
    [PluginManager] Plugin 'plugin-4' enabled

      at PluginManager._log (src/infrastructure/plugins/PluginManager.js:483:21)

  console.info
    [PluginManager] Plugin 'plugin-6' enabled

      at PluginManager._log (src/infrastructure/plugins/PluginManager.js:483:21)

  console.info
    [PluginManager] Plugin 'plugin-5' enabled

      at PluginManager._log (src/infrastructure/plugins/PluginManager.js:483:21)

  console.info
    [PluginManager] Plugin 'plugin-0' v1.0.0 registered

      at PluginManager._log (src/infrastructure/plugins/PluginManager.js:483:21)

  console.info
    [PluginManager] Plugin 'plugin-1' v1.0.0 registered

      at PluginManager._log (src/infrastructure/plugins/PluginManager.js:483:21)

  console.info
    [PluginManager] Plugin 'plugin-2' v1.0.0 registered

      at PluginManager._log (src/infrastructure/plugins/PluginManager.js:483:21)

  console.info
    [PluginManager] Plugin 'plugin-3' v1.0.0 registered

      at PluginManager._log (src/infrastructure/plugins/PluginManager.js:483:21)

  console.info
    [PluginManager] Plugin 'plugin-4' v1.0.0 registered

      at PluginManager._log (src/infrastructure/plugins/PluginManager.js:483:21)

  console.info
    [PluginManager] Plugin 'plugin-0' enabled

      at PluginManager._log (src/infrastructure/plugins/PluginManager.js:483:21)

  console.info
    [PluginManager] Plugin 'plugin-4' enabled

      at PluginManager._log (src/infrastructure/plugins/PluginManager.js:483:21)

  console.info
    [PluginManager] Plugin 'plugin-1' enabled

      at PluginManager._log (src/infrastructure/plugins/PluginManager.js:483:21)

  console.info
    [PluginManager] Plugin 'plugin-2' enabled

      at PluginManager._log (src/infrastructure/plugins/PluginManager.js:483:21)

  console.info
    [PluginManager] Plugin 'plugin-3' enabled

      at PluginManager._log (src/infrastructure/plugins/PluginManager.js:483:21)

  console.info
    [PluginManager] Plugin 'plugin-0' v1.0.0 registered

      at PluginManager._log (src/infrastructure/plugins/PluginManager.js:483:21)

  console.info
    [PluginManager] Plugin 'plugin-1' v1.0.0 registered

      at PluginManager._log (src/infrastructure/plugins/PluginManager.js:483:21)

  console.info
    [PluginManager] Plugin 'plugin-0' enabled

      at PluginManager._log (src/infrastructure/plugins/PluginManager.js:483:21)

  console.info
    [PluginManager] Plugin 'plugin-1' enabled

      at PluginManager._log (src/infrastructure/plugins/PluginManager.js:483:21)

  console.info
    [PluginManager] Plugin 'plugin-0' v1.0.0 registered

      at PluginManager._log (src/infrastructure/plugins/PluginManager.js:483:21)

  console.info
    [PluginManager] Plugin 'plugin-1' v1.0.0 registered

      at PluginManager._log (src/infrastructure/plugins/PluginManager.js:483:21)

  console.info
    [PluginManager] Plugin 'plugin-2' v1.0.0 registered

      at PluginManager._log (src/infrastructure/plugins/PluginManager.js:483:21)

  console.info
    [PluginManager] Plugin 'plugin-0' enabled

      at PluginManager._log (src/infrastructure/plugins/PluginManager.js:483:21)

  console.info
    [PluginManager] Plugin 'plugin-1' enabled

      at PluginManager._log (src/infrastructure/plugins/PluginManager.js:483:21)

  console.info
    [PluginManager] Plugin 'plugin-2' enabled

      at PluginManager._log (src/infrastructure/plugins/PluginManager.js:483:21)

  console.info
    [PluginManager] Plugin 'plugin-0' v1.0.0 registered

      at PluginManager._log (src/infrastructure/plugins/PluginManager.js:483:21)

  console.info
    [PluginManager] Plugin 'plugin-1' v1.0.0 registered

      at PluginManager._log (src/infrastructure/plugins/PluginManager.js:483:21)

  console.info
    [PluginManager] Plugin 'plugin-2' v1.0.0 registered

      at PluginManager._log (src/infrastructure/plugins/PluginManager.js:483:21)

  console.info
    [PluginManager] Plugin 'plugin-3' v1.0.0 registered

      at PluginManager._log (src/infrastructure/plugins/PluginManager.js:483:21)

  console.info
    [PluginManager] Plugin 'plugin-4' v1.0.0 registered

      at PluginManager._log (src/infrastructure/plugins/PluginManager.js:483:21)

  console.info
    [PluginManager] Plugin 'plugin-5' v1.0.0 registered

      at PluginManager._log (src/infrastructure/plugins/PluginManager.js:483:21)

  console.info
    [PluginManager] Plugin 'plugin-0' enabled

      at PluginManager._log (src/infrastructure/plugins/PluginManager.js:483:21)

  console.info
    [PluginManager] Plugin 'plugin-1' enabled

      at PluginManager._log (src/infrastructure/plugins/PluginManager.js:483:21)

  console.info
    [PluginManager] Plugin 'plugin-3' enabled

      at PluginManager._log (src/infrastructure/plugins/PluginManager.js:483:21)

  console.info
    [PluginManager] Plugin 'plugin-5' enabled

      at PluginManager._log (src/infrastructure/plugins/PluginManager.js:483:21)

  console.info
    [PluginManager] Plugin 'plugin-2' enabled

      at PluginManager._log (src/infrastructure/plugins/PluginManager.js:483:21)

  console.info
    [PluginManager] Plugin 'plugin-4' enabled

      at PluginManager._log (src/infrastructure/plugins/PluginManager.js:483:21)

  console.info
    [PluginManager] Plugin 'plugin-0' v1.0.0 registered

      at PluginManager._log (src/infrastructure/plugins/PluginManager.js:483:21)

  console.info
    [PluginManager] Plugin 'plugin-1' v1.0.0 registered

      at PluginManager._log (src/infrastructure/plugins/PluginManager.js:483:21)

  console.info
    [PluginManager] Plugin 'plugin-2' v1.0.0 registered

      at PluginManager._log (src/infrastructure/plugins/PluginManager.js:483:21)

  console.info
    [PluginManager] Plugin 'plugin-3' v1.0.0 registered

      at PluginManager._log (src/infrastructure/plugins/PluginManager.js:483:21)

  console.info
    [PluginManager] Plugin 'plugin-4' v1.0.0 registered

      at PluginManager._log (src/infrastructure/plugins/PluginManager.js:483:21)

  console.info
    [PluginManager] Plugin 'plugin-5' v1.0.0 registered

      at PluginManager._log (src/infrastructure/plugins/PluginManager.js:483:21)

  console.info
    [PluginManager] Plugin 'plugin-6' v1.0.0 registered

      at PluginManager._log (src/infrastructure/plugins/PluginManager.js:483:21)

  console.info
    [PluginManager] Plugin 'plugin-7' v1.0.0 registered

      at PluginManager._log (src/infrastructure/plugins/PluginManager.js:483:21)

  console.info
    [PluginManager] Plugin 'plugin-0' enabled

      at PluginManager._log (src/infrastructure/plugins/PluginManager.js:483:21)

  console.info
    [PluginManager] Plugin 'plugin-1' enabled

      at PluginManager._log (src/infrastructure/plugins/PluginManager.js:483:21)

  console.info
    [PluginManager] Plugin 'plugin-5' enabled

      at PluginManager._log (src/infrastructure/plugins/PluginManager.js:483:21)

  console.info
    [PluginManager] Plugin 'plugin-2' enabled

      at PluginManager._log (src/infrastructure/plugins/PluginManager.js:483:21)

  console.info
    [PluginManager] Plugin 'plugin-3' enabled

      at PluginManager._log (src/infrastructure/plugins/PluginManager.js:483:21)

  console.info
    [PluginManager] Plugin 'plugin-4' enabled

      at PluginManager._log (src/infrastructure/plugins/PluginManager.js:483:21)

  console.info
    [PluginManager] Plugin 'plugin-7' enabled

      at PluginManager._log (src/infrastructure/plugins/PluginManager.js:483:21)

  console.info
    [PluginManager] Plugin 'plugin-6' enabled

      at PluginManager._log (src/infrastructure/plugins/PluginManager.js:483:21)

  console.info
    [PluginManager] Plugin 'plugin-0' v1.0.0 registered

      at PluginManager._log (src/infrastructure/plugins/PluginManager.js:483:21)

  console.info
    [PluginManager] Plugin 'plugin-1' v1.0.0 registered

      at PluginManager._log (src/infrastructure/plugins/PluginManager.js:483:21)

  console.info
    [PluginManager] Plugin 'plugin-2' v1.0.0 registered

      at PluginManager._log (src/infrastructure/plugins/PluginManager.js:483:21)

  console.info
    [PluginManager] Plugin 'plugin-3' v1.0.0 registered

      at PluginManager._log (src/infrastructure/plugins/PluginManager.js:483:21)

  console.info
    [PluginManager] Plugin 'plugin-0' enabled

      at PluginManager._log (src/infrastructure/plugins/PluginManager.js:483:21)

  console.info
    [PluginManager] Plugin 'plugin-2' enabled

      at PluginManager._log (src/infrastructure/plugins/PluginManager.js:483:21)

  console.info
    [PluginManager] Plugin 'plugin-1' enabled

      at PluginManager._log (src/infrastructure/plugins/PluginManager.js:483:21)

  console.info
    [PluginManager] Plugin 'plugin-3' enabled

      at PluginManager._log (src/infrastructure/plugins/PluginManager.js:483:21)

  console.info
    [PluginManager] Plugin 'plugin-0' v1.0.0 registered

      at PluginManager._log (src/infrastructure/plugins/PluginManager.js:483:21)

  console.info
    [PluginManager] Plugin 'plugin-1' v1.0.0 registered

      at PluginManager._log (src/infrastructure/plugins/PluginManager.js:483:21)

  console.info
    [PluginManager] Plugin 'plugin-2' v1.0.0 registered

      at PluginManager._log (src/infrastructure/plugins/PluginManager.js:483:21)

  console.info
    [PluginManager] Plugin 'plugin-3' v1.0.0 registered

      at PluginManager._log (src/infrastructure/plugins/PluginManager.js:483:21)

  console.info
    [PluginManager] Plugin 'plugin-0' enabled

      at PluginManager._log (src/infrastructure/plugins/PluginManager.js:483:21)

  console.info
    [PluginManager] Plugin 'plugin-1' enabled

      at PluginManager._log (src/infrastructure/plugins/PluginManager.js:483:21)

  console.info
    [PluginManager] Plugin 'plugin-2' enabled

      at PluginManager._log (src/infrastructure/plugins/PluginManager.js:483:21)

  console.info
    [PluginManager] Plugin 'plugin-3' enabled

      at PluginManager._log (src/infrastructure/plugins/PluginManager.js:483:21)

  console.info
    [PluginManager] Plugin 'plugin-0' v1.0.0 registered

      at PluginManager._log (src/infrastructure/plugins/PluginManager.js:483:21)

  console.info
    [PluginManager] Plugin 'plugin-1' v1.0.0 registered

      at PluginManager._log (src/infrastructure/plugins/PluginManager.js:483:21)

  console.info
    [PluginManager] Plugin 'plugin-2' v1.0.0 registered

      at PluginManager._log (src/infrastructure/plugins/PluginManager.js:483:21)

  console.info
    [PluginManager] Plugin 'plugin-3' v1.0.0 registered

      at PluginManager._log (src/infrastructure/plugins/PluginManager.js:483:21)

  console.info
    [PluginManager] Plugin 'plugin-0' enabled

      at PluginManager._log (src/infrastructure/plugins/PluginManager.js:483:21)

  console.info
    [PluginManager] Plugin 'plugin-1' enabled

      at PluginManager._log (src/infrastructure/plugins/PluginManager.js:483:21)

  console.info
    [PluginManager] Plugin 'plugin-3' enabled

      at PluginManager._log (src/infrastructure/plugins/PluginManager.js:483:21)

  console.info
    [PluginManager] Plugin 'plugin-2' enabled

      at PluginManager._log (src/infrastructure/plugins/PluginManager.js:483:21)

  console.info
    [PluginManager] Plugin 'plugin-0' v1.0.0 registered

      at PluginManager._log (src/infrastructure/plugins/PluginManager.js:483:21)

  console.info
    [PluginManager] Plugin 'plugin-1' v1.0.0 registered

      at PluginManager._log (src/infrastructure/plugins/PluginManager.js:483:21)

  console.info
    [PluginManager] Plugin 'plugin-2' v1.0.0 registered

      at PluginManager._log (src/infrastructure/plugins/PluginManager.js:483:21)

  console.info
    [PluginManager] Plugin 'plugin-3' v1.0.0 registered

      at PluginManager._log (src/infrastructure/plugins/PluginManager.js:483:21)

  console.info
    [PluginManager] Plugin 'plugin-4' v1.0.0 registered

      at PluginManager._log (src/infrastructure/plugins/PluginManager.js:483:21)

  console.info
    [PluginManager] Plugin 'plugin-5' v1.0.0 registered

      at PluginManager._log (src/infrastructure/plugins/PluginManager.js:483:21)

  console.info
    [PluginManager] Plugin 'plugin-0' enabled

      at PluginManager._log (src/infrastructure/plugins/PluginManager.js:483:21)

  console.info
    [PluginManager] Plugin 'plugin-1' enabled

      at PluginManager._log (src/infrastructure/plugins/PluginManager.js:483:21)

  console.info
    [PluginManager] Plugin 'plugin-3' enabled

      at PluginManager._log (src/infrastructure/plugins/PluginManager.js:483:21)

  console.info
    [PluginManager] Plugin 'plugin-4' enabled

      at PluginManager._log (src/infrastructure/plugins/PluginManager.js:483:21)

  console.info
    [PluginManager] Plugin 'plugin-2' enabled

      at PluginManager._log (src/infrastructure/plugins/PluginManager.js:483:21)

  console.info
    [PluginManager] Plugin 'plugin-5' enabled

      at PluginManager._log (src/infrastructure/plugins/PluginManager.js:483:21)

  console.info
    [PluginManager] Plugin 'plugin-0' v1.0.0 registered

      at PluginManager._log (src/infrastructure/plugins/PluginManager.js:483:21)

  console.info
    [PluginManager] Plugin 'plugin-1' v1.0.0 registered

      at PluginManager._log (src/infrastructure/plugins/PluginManager.js:483:21)

  console.info
    [PluginManager] Plugin 'plugin-2' v1.0.0 registered

      at PluginManager._log (src/infrastructure/plugins/PluginManager.js:483:21)

  console.info
    [PluginManager] Plugin 'plugin-3' v1.0.0 registered

      at PluginManager._log (src/infrastructure/plugins/PluginManager.js:483:21)

  console.info
    [PluginManager] Plugin 'plugin-4' v1.0.0 registered

      at PluginManager._log (src/infrastructure/plugins/PluginManager.js:483:21)

  console.info
    [PluginManager] Plugin 'plugin-5' v1.0.0 registered

      at PluginManager._log (src/infrastructure/plugins/PluginManager.js:483:21)

  console.info
    [PluginManager] Plugin 'plugin-6' v1.0.0 registered

      at PluginManager._log (src/infrastructure/plugins/PluginManager.js:483:21)

  console.info
    [PluginManager] Plugin 'plugin-7' v1.0.0 registered

      at PluginManager._log (src/infrastructure/plugins/PluginManager.js:483:21)

  console.info
    [PluginManager] Plugin 'plugin-0' enabled

      at PluginManager._log (src/infrastructure/plugins/PluginManager.js:483:21)

  console.info
    [PluginManager] Plugin 'plugin-1' enabled

      at PluginManager._log (src/infrastructure/plugins/PluginManager.js:483:21)

  console.info
    [PluginManager] Plugin 'plugin-2' enabled

      at PluginManager._log (src/infrastructure/plugins/PluginManager.js:483:21)

  console.info
    [PluginManager] Plugin 'plugin-3' enabled

      at PluginManager._log (src/infrastructure/plugins/PluginManager.js:483:21)

  console.info
    [PluginManager] Plugin 'plugin-5' enabled

      at PluginManager._log (src/infrastructure/plugins/PluginManager.js:483:21)

  console.info
    [PluginManager] Plugin 'plugin-7' enabled

      at PluginManager._log (src/infrastructure/plugins/PluginManager.js:483:21)

  console.info
    [PluginManager] Plugin 'plugin-4' enabled

      at PluginManager._log (src/infrastructure/plugins/PluginManager.js:483:21)

  console.info
    [PluginManager] Plugin 'plugin-6' enabled

      at PluginManager._log (src/infrastructure/plugins/PluginManager.js:483:21)

  console.info
    [PluginManager] Plugin 'plugin-0' v1.0.0 registered

      at PluginManager._log (src/infrastructure/plugins/PluginManager.js:483:21)

  console.info
    [PluginManager] Plugin 'plugin-1' v1.0.0 registered

      at PluginManager._log (src/infrastructure/plugins/PluginManager.js:483:21)

  console.info
    [PluginManager] Plugin 'plugin-0' enabled

      at PluginManager._log (src/infrastructure/plugins/PluginManager.js:483:21)

  console.info
    [PluginManager] Plugin 'plugin-1' enabled

      at PluginManager._log (src/infrastructure/plugins/PluginManager.js:483:21)

  console.info
    [PluginManager] Plugin 'plugin-0' v1.0.0 registered

      at PluginManager._log (src/infrastructure/plugins/PluginManager.js:483:21)

  console.info
    [PluginManager] Plugin 'plugin-1' v1.0.0 registered

      at PluginManager._log (src/infrastructure/plugins/PluginManager.js:483:21)

  console.info
    [PluginManager] Plugin 'plugin-2' v1.0.0 registered

      at PluginManager._log (src/infrastructure/plugins/PluginManager.js:483:21)

  console.info
    [PluginManager] Plugin 'plugin-3' v1.0.0 registered

      at PluginManager._log (src/infrastructure/plugins/PluginManager.js:483:21)

  console.info
    [PluginManager] Plugin 'plugin-4' v1.0.0 registered

      at PluginManager._log (src/infrastructure/plugins/PluginManager.js:483:21)

  console.info
    [PluginManager] Plugin 'plugin-5' v1.0.0 registered

      at PluginManager._log (src/infrastructure/plugins/PluginManager.js:483:21)

  console.info
    [PluginManager] Plugin 'plugin-0' enabled

      at PluginManager._log (src/infrastructure/plugins/PluginManager.js:483:21)

  console.info
    [PluginManager] Plugin 'plugin-5' enabled

      at PluginManager._log (src/infrastructure/plugins/PluginManager.js:483:21)

  console.info
    [PluginManager] Plugin 'plugin-1' enabled

      at PluginManager._log (src/infrastructure/plugins/PluginManager.js:483:21)

  console.info
    [PluginManager] Plugin 'plugin-2' enabled

      at PluginManager._log (src/infrastructure/plugins/PluginManager.js:483:21)

  console.info
    [PluginManager] Plugin 'plugin-3' enabled

      at PluginManager._log (src/infrastructure/plugins/PluginManager.js:483:21)

  console.info
    [PluginManager] Plugin 'plugin-4' enabled

      at PluginManager._log (src/infrastructure/plugins/PluginManager.js:483:21)

  console.info
    [PluginManager] Plugin 'plugin-0' v1.0.0 registered

      at PluginManager._log (src/infrastructure/plugins/PluginManager.js:483:21)

  console.info
    [PluginManager] Plugin 'plugin-1' v1.0.0 registered

      at PluginManager._log (src/infrastructure/plugins/PluginManager.js:483:21)

  console.info
    [PluginManager] Plugin 'plugin-2' v1.0.0 registered

      at PluginManager._log (src/infrastructure/plugins/PluginManager.js:483:21)

  console.info
    [PluginManager] Plugin 'plugin-0' enabled

      at PluginManager._log (src/infrastructure/plugins/PluginManager.js:483:21)

  console.info
    [PluginManager] Plugin 'plugin-1' enabled

      at PluginManager._log (src/infrastructure/plugins/PluginManager.js:483:21)

  console.info
    [PluginManager] Plugin 'plugin-2' enabled

      at PluginManager._log (src/infrastructure/plugins/PluginManager.js:483:21)

  console.info
    [PluginManager] Plugin 'plugin-0' v1.0.0 registered

      at PluginManager._log (src/infrastructure/plugins/PluginManager.js:483:21)

  console.info
    [PluginManager] Plugin 'plugin-1' v1.0.0 registered

      at PluginManager._log (src/infrastructure/plugins/PluginManager.js:483:21)

  console.info
    [PluginManager] Plugin 'plugin-2' v1.0.0 registered

      at PluginManager._log (src/infrastructure/plugins/PluginManager.js:483:21)

  console.info
    [PluginManager] Plugin 'plugin-3' v1.0.0 registered

      at PluginManager._log (src/infrastructure/plugins/PluginManager.js:483:21)

  console.info
    [PluginManager] Plugin 'plugin-4' v1.0.0 registered

      at PluginManager._log (src/infrastructure/plugins/PluginManager.js:483:21)

  console.info
    [PluginManager] Plugin 'plugin-5' v1.0.0 registered

      at PluginManager._log (src/infrastructure/plugins/PluginManager.js:483:21)

  console.info
    [PluginManager] Plugin 'plugin-6' v1.0.0 registered

      at PluginManager._log (src/infrastructure/plugins/PluginManager.js:483:21)

  console.info
    [PluginManager] Plugin 'plugin-0' enabled

      at PluginManager._log (src/infrastructure/plugins/PluginManager.js:483:21)

  console.info
    [PluginManager] Plugin 'plugin-1' enabled

      at PluginManager._log (src/infrastructure/plugins/PluginManager.js:483:21)

  console.info
    [PluginManager] Plugin 'plugin-6' enabled

      at PluginManager._log (src/infrastructure/plugins/PluginManager.js:483:21)

  console.info
    [PluginManager] Plugin 'plugin-2' enabled

      at PluginManager._log (src/infrastructure/plugins/PluginManager.js:483:21)

  console.info
    [PluginManager] Plugin 'plugin-4' enabled

      at PluginManager._log (src/infrastructure/plugins/PluginManager.js:483:21)

  console.info
    [PluginManager] Plugin 'plugin-3' enabled

      at PluginManager._log (src/infrastructure/plugins/PluginManager.js:483:21)

  console.info
    [PluginManager] Plugin 'plugin-5' enabled

      at PluginManager._log (src/infrastructure/plugins/PluginManager.js:483:21)

  console.info
    [PluginManager] Plugin 'plugin-0' v1.0.0 registered

      at PluginManager._log (src/infrastructure/plugins/PluginManager.js:483:21)

  console.info
    [PluginManager] Plugin 'plugin-1' v1.0.0 registered

      at PluginManager._log (src/infrastructure/plugins/PluginManager.js:483:21)

  console.info
    [PluginManager] Plugin 'plugin-2' v1.0.0 registered

      at PluginManager._log (src/infrastructure/plugins/PluginManager.js:483:21)

  console.info
    [PluginManager] Plugin 'plugin-3' v1.0.0 registered

      at PluginManager._log (src/infrastructure/plugins/PluginManager.js:483:21)

  console.info
    [PluginManager] Plugin 'plugin-4' v1.0.0 registered

      at PluginManager._log (src/infrastructure/plugins/PluginManager.js:483:21)

  console.info
    [PluginManager] Plugin 'plugin-5' v1.0.0 registered

      at PluginManager._log (src/infrastructure/plugins/PluginManager.js:483:21)

  console.info
    [PluginManager] Plugin 'plugin-6' v1.0.0 registered

      at PluginManager._log (src/infrastructure/plugins/PluginManager.js:483:21)

  console.info
    [PluginManager] Plugin 'plugin-0' enabled

      at PluginManager._log (src/infrastructure/plugins/PluginManager.js:483:21)

  console.info
    [PluginManager] Plugin 'plugin-1' enabled

      at PluginManager._log (src/infrastructure/plugins/PluginManager.js:483:21)

  console.info
    [PluginManager] Plugin 'plugin-3' enabled

      at PluginManager._log (src/infrastructure/plugins/PluginManager.js:483:21)

  console.info
    [PluginManager] Plugin 'plugin-6' enabled

      at PluginManager._log (src/infrastructure/plugins/PluginManager.js:483:21)

  console.info
    [PluginManager] Plugin 'plugin-2' enabled

      at PluginManager._log (src/infrastructure/plugins/PluginManager.js:483:21)

  console.info
    [PluginManager] Plugin 'plugin-4' enabled

      at PluginManager._log (src/infrastructure/plugins/PluginManager.js:483:21)

  console.info
    [PluginManager] Plugin 'plugin-5' enabled

      at PluginManager._log (src/infrastructure/plugins/PluginManager.js:483:21)

  console.info
    [PluginManager] Plugin 'plugin-0' v1.0.0 registered

      at PluginManager._log (src/infrastructure/plugins/PluginManager.js:483:21)

  console.info
    [PluginManager] Plugin 'plugin-1' v1.0.0 registered

      at PluginManager._log (src/infrastructure/plugins/PluginManager.js:483:21)

  console.info
    [PluginManager] Plugin 'plugin-2' v1.0.0 registered

      at PluginManager._log (src/infrastructure/plugins/PluginManager.js:483:21)

  console.info
    [PluginManager] Plugin 'plugin-3' v1.0.0 registered

      at PluginManager._log (src/infrastructure/plugins/PluginManager.js:483:21)

  console.info
    [PluginManager] Plugin 'plugin-0' enabled

      at PluginManager._log (src/infrastructure/plugins/PluginManager.js:483:21)

  console.info
    [PluginManager] Plugin 'plugin-1' enabled

      at PluginManager._log (src/infrastructure/plugins/PluginManager.js:483:21)

  console.info
    [PluginManager] Plugin 'plugin-3' enabled

      at PluginManager._log (src/infrastructure/plugins/PluginManager.js:483:21)

  console.info
    [PluginManager] Plugin 'plugin-2' enabled

      at PluginManager._log (src/infrastructure/plugins/PluginManager.js:483:21)

  console.info
    [PluginManager] Plugin 'plugin-0' v1.0.0 registered

      at PluginManager._log (src/infrastructure/plugins/PluginManager.js:483:21)

  console.info
    [PluginManager] Plugin 'plugin-1' v1.0.0 registered

      at PluginManager._log (src/infrastructure/plugins/PluginManager.js:483:21)

  console.info
    [PluginManager] Plugin 'plugin-2' v1.0.0 registered

      at PluginManager._log (src/infrastructure/plugins/PluginManager.js:483:21)

  console.info
    [PluginManager] Plugin 'plugin-3' v1.0.0 registered

      at PluginManager._log (src/infrastructure/plugins/PluginManager.js:483:21)

  console.info
    [PluginManager] Plugin 'plugin-0' enabled

      at PluginManager._log (src/infrastructure/plugins/PluginManager.js:483:21)

  console.info
    [PluginManager] Plugin 'plugin-3' enabled

      at PluginManager._log (src/infrastructure/plugins/PluginManager.js:483:21)

  console.info
    [PluginManager] Plugin 'plugin-1' enabled

      at PluginManager._log (src/infrastructure/plugins/PluginManager.js:483:21)

  console.info
    [PluginManager] Plugin 'plugin-2' enabled

      at PluginManager._log (src/infrastructure/plugins/PluginManager.js:483:21)

  console.info
    [PluginManager] Plugin 'plugin-0' v1.0.0 registered

      at PluginManager._log (src/infrastructure/plugins/PluginManager.js:483:21)

  console.info
    [PluginManager] Plugin 'plugin-1' v1.0.0 registered

      at PluginManager._log (src/infrastructure/plugins/PluginManager.js:483:21)

  console.info
    [PluginManager] Plugin 'plugin-2' v1.0.0 registered

      at PluginManager._log (src/infrastructure/plugins/PluginManager.js:483:21)

  console.info
    [PluginManager] Plugin 'plugin-0' enabled

      at PluginManager._log (src/infrastructure/plugins/PluginManager.js:483:21)

  console.info
    [PluginManager] Plugin 'plugin-1' enabled

      at PluginManager._log (src/infrastructure/plugins/PluginManager.js:483:21)

  console.info
    [PluginManager] Plugin 'plugin-2' enabled

      at PluginManager._log (src/infrastructure/plugins/PluginManager.js:483:21)

  console.info
    [PluginManager] Plugin 'plugin-0' v1.0.0 registered

      at PluginManager._log (src/infrastructure/plugins/PluginManager.js:483:21)

  console.info
    [PluginManager] Plugin 'plugin-1' v1.0.0 registered

      at PluginManager._log (src/infrastructure/plugins/PluginManager.js:483:21)

  console.info
    [PluginManager] Plugin 'plugin-2' v1.0.0 registered

      at PluginManager._log (src/infrastructure/plugins/PluginManager.js:483:21)

  console.info
    [PluginManager] Plugin 'plugin-3' v1.0.0 registered

      at PluginManager._log (src/infrastructure/plugins/PluginManager.js:483:21)

  console.info
    [PluginManager] Plugin 'plugin-4' v1.0.0 registered

      at PluginManager._log (src/infrastructure/plugins/PluginManager.js:483:21)

  console.info
    [PluginManager] Plugin 'plugin-5' v1.0.0 registered

      at PluginManager._log (src/infrastructure/plugins/PluginManager.js:483:21)

  console.info
    [PluginManager] Plugin 'plugin-6' v1.0.0 registered

      at PluginManager._log (src/infrastructure/plugins/PluginManager.js:483:21)

  console.info
    [PluginManager] Plugin 'plugin-7' v1.0.0 registered

      at PluginManager._log (src/infrastructure/plugins/PluginManager.js:483:21)

  console.info
    [PluginManager] Plugin 'plugin-0' enabled

      at PluginManager._log (src/infrastructure/plugins/PluginManager.js:483:21)

  console.info
    [PluginManager] Plugin 'plugin-1' enabled

      at PluginManager._log (src/infrastructure/plugins/PluginManager.js:483:21)

  console.info
    [PluginManager] Plugin 'plugin-2' enabled

      at PluginManager._log (src/infrastructure/plugins/PluginManager.js:483:21)

  console.info
    [PluginManager] Plugin 'plugin-3' enabled

      at PluginManager._log (src/infrastructure/plugins/PluginManager.js:483:21)

  console.info
    [PluginManager] Plugin 'plugin-4' enabled

      at PluginManager._log (src/infrastructure/plugins/PluginManager.js:483:21)

  console.info
    [PluginManager] Plugin 'plugin-5' enabled

      at PluginManager._log (src/infrastructure/plugins/PluginManager.js:483:21)

  console.info
    [PluginManager] Plugin 'plugin-6' enabled

      at PluginManager._log (src/infrastructure/plugins/PluginManager.js:483:21)

  console.info
    [PluginManager] Plugin 'plugin-7' enabled

      at PluginManager._log (src/infrastructure/plugins/PluginManager.js:483:21)

  console.info
    [PluginManager] Plugin 'plugin-0' v1.0.0 registered

      at PluginManager._log (src/infrastructure/plugins/PluginManager.js:483:21)

  console.info
    [PluginManager] Plugin 'plugin-1' v1.0.0 registered

      at PluginManager._log (src/infrastructure/plugins/PluginManager.js:483:21)

  console.info
    [PluginManager] Plugin 'plugin-2' v1.0.0 registered

      at PluginManager._log (src/infrastructure/plugins/PluginManager.js:483:21)

  console.info
    [PluginManager] Plugin 'plugin-3' v1.0.0 registered

      at PluginManager._log (src/infrastructure/plugins/PluginManager.js:483:21)

  console.info
    [PluginManager] Plugin 'plugin-4' v1.0.0 registered

      at PluginManager._log (src/infrastructure/plugins/PluginManager.js:483:21)

  console.info
    [PluginManager] Plugin 'plugin-0' enabled

      at PluginManager._log (src/infrastructure/plugins/PluginManager.js:483:21)

  console.info
    [PluginManager] Plugin 'plugin-3' enabled

      at PluginManager._log (src/infrastructure/plugins/PluginManager.js:483:21)

  console.info
    [PluginManager] Plugin 'plugin-1' enabled

      at PluginManager._log (src/infrastructure/plugins/PluginManager.js:483:21)

  console.info
    [PluginManager] Plugin 'plugin-2' enabled

      at PluginManager._log (src/infrastructure/plugins/PluginManager.js:483:21)

  console.info
    [PluginManager] Plugin 'plugin-4' enabled

      at PluginManager._log (src/infrastructure/plugins/PluginManager.js:483:21)

  console.info
    [PluginManager] Plugin 'plugin-0' v1.0.0 registered

      at PluginManager._log (src/infrastructure/plugins/PluginManager.js:483:21)

  console.info
    [PluginManager] Plugin 'plugin-1' v1.0.0 registered

      at PluginManager._log (src/infrastructure/plugins/PluginManager.js:483:21)

  console.info
    [PluginManager] Plugin 'plugin-2' v1.0.0 registered

      at PluginManager._log (src/infrastructure/plugins/PluginManager.js:483:21)

  console.info
    [PluginManager] Plugin 'plugin-3' v1.0.0 registered

      at PluginManager._log (src/infrastructure/plugins/PluginManager.js:483:21)

  console.info
    [PluginManager] Plugin 'plugin-0' enabled

      at PluginManager._log (src/infrastructure/plugins/PluginManager.js:483:21)

  console.info
    [PluginManager] Plugin 'plugin-1' enabled

      at PluginManager._log (src/infrastructure/plugins/PluginManager.js:483:21)

  console.info
    [PluginManager] Plugin 'plugin-2' enabled

      at PluginManager._log (src/infrastructure/plugins/PluginManager.js:483:21)

  console.info
    [PluginManager] Plugin 'plugin-3' enabled

      at PluginManager._log (src/infrastructure/plugins/PluginManager.js:483:21)

  console.info
    [PluginManager] Plugin 'plugin-0' v1.0.0 registered

      at PluginManager._log (src/infrastructure/plugins/PluginManager.js:483:21)

  console.info
    [PluginManager] Plugin 'plugin-1' v1.0.0 registered

      at PluginManager._log (src/infrastructure/plugins/PluginManager.js:483:21)

  console.info
    [PluginManager] Plugin 'plugin-0' enabled

      at PluginManager._log (src/infrastructure/plugins/PluginManager.js:483:21)

  console.info
    [PluginManager] Plugin 'plugin-1' enabled

      at PluginManager._log (src/infrastructure/plugins/PluginManager.js:483:21)

  console.info
    [PluginManager] Plugin 'plugin-0' v1.0.0 registered

      at PluginManager._log (src/infrastructure/plugins/PluginManager.js:483:21)

  console.info
    [PluginManager] Plugin 'plugin-1' v1.0.0 registered

      at PluginManager._log (src/infrastructure/plugins/PluginManager.js:483:21)

  console.info
    [PluginManager] Plugin 'plugin-2' v1.0.0 registered

      at PluginManager._log (src/infrastructure/plugins/PluginManager.js:483:21)

  console.info
    [PluginManager] Plugin 'plugin-0' enabled

      at PluginManager._log (src/infrastructure/plugins/PluginManager.js:483:21)

  console.info
    [PluginManager] Plugin 'plugin-1' enabled

      at PluginManager._log (src/infrastructure/plugins/PluginManager.js:483:21)

  console.info
    [PluginManager] Plugin 'plugin-2' enabled

      at PluginManager._log (src/infrastructure/plugins/PluginManager.js:483:21)

  console.info
    [PluginManager] Plugin 'plugin-0' v1.0.0 registered

      at PluginManager._log (src/infrastructure/plugins/PluginManager.js:483:21)

  console.info
    [PluginManager] Plugin 'plugin-1' v1.0.0 registered

      at PluginManager._log (src/infrastructure/plugins/PluginManager.js:483:21)

  console.info
    [PluginManager] Plugin 'plugin-2' v1.0.0 registered

      at PluginManager._log (src/infrastructure/plugins/PluginManager.js:483:21)

  console.info
    [PluginManager] Plugin 'plugin-0' enabled

      at PluginManager._log (src/infrastructure/plugins/PluginManager.js:483:21)

  console.info
    [PluginManager] Plugin 'plugin-1' enabled

      at PluginManager._log (src/infrastructure/plugins/PluginManager.js:483:21)

  console.info
    [PluginManager] Plugin 'plugin-2' enabled

      at PluginManager._log (src/infrastructure/plugins/PluginManager.js:483:21)

  console.info
    [PluginManager] Plugin 'plugin-0' v1.0.0 registered

      at PluginManager._log (src/infrastructure/plugins/PluginManager.js:483:21)

  console.info
    [PluginManager] Plugin 'plugin-1' v1.0.0 registered

      at PluginManager._log (src/infrastructure/plugins/PluginManager.js:483:21)

  console.info
    [PluginManager] Plugin 'plugin-2' v1.0.0 registered

      at PluginManager._log (src/infrastructure/plugins/PluginManager.js:483:21)

  console.info
    [PluginManager] Plugin 'plugin-3' v1.0.0 registered

      at PluginManager._log (src/infrastructure/plugins/PluginManager.js:483:21)

  console.info
    [PluginManager] Plugin 'plugin-4' v1.0.0 registered

      at PluginManager._log (src/infrastructure/plugins/PluginManager.js:483:21)

  console.info
    [PluginManager] Plugin 'plugin-5' v1.0.0 registered

      at PluginManager._log (src/infrastructure/plugins/PluginManager.js:483:21)

  console.info
    [PluginManager] Plugin 'plugin-0' enabled

      at PluginManager._log (src/infrastructure/plugins/PluginManager.js:483:21)

  console.info
    [PluginManager] Plugin 'plugin-5' enabled

      at PluginManager._log (src/infrastructure/plugins/PluginManager.js:483:21)

  console.info
    [PluginManager] Plugin 'plugin-1' enabled

      at PluginManager._log (src/infrastructure/plugins/PluginManager.js:483:21)

  console.info
    [PluginManager] Plugin 'plugin-2' enabled

      at PluginManager._log (src/infrastructure/plugins/PluginManager.js:483:21)

  console.info
    [PluginManager] Plugin 'plugin-3' enabled

      at PluginManager._log (src/infrastructure/plugins/PluginManager.js:483:21)

  console.info
    [PluginManager] Plugin 'plugin-4' enabled

      at PluginManager._log (src/infrastructure/plugins/PluginManager.js:483:21)

  console.info
    [PluginManager] Plugin 'plugin-0' v1.0.0 registered

      at PluginManager._log (src/infrastructure/plugins/PluginManager.js:483:21)

  console.info
    [PluginManager] Plugin 'plugin-1' v1.0.0 registered

      at PluginManager._log (src/infrastructure/plugins/PluginManager.js:483:21)

  console.info
    [PluginManager] Plugin 'plugin-2' v1.0.0 registered

      at PluginManager._log (src/infrastructure/plugins/PluginManager.js:483:21)

  console.info
    [PluginManager] Plugin 'plugin-3' v1.0.0 registered

      at PluginManager._log (src/infrastructure/plugins/PluginManager.js:483:21)

  console.info
    [PluginManager] Plugin 'plugin-4' v1.0.0 registered

      at PluginManager._log (src/infrastructure/plugins/PluginManager.js:483:21)

  console.info
    [PluginManager] Plugin 'plugin-5' v1.0.0 registered

      at PluginManager._log (src/infrastructure/plugins/PluginManager.js:483:21)

  console.info
    [PluginManager] Plugin 'plugin-0' enabled

      at PluginManager._log (src/infrastructure/plugins/PluginManager.js:483:21)

  console.info
    [PluginManager] Plugin 'plugin-5' enabled

      at PluginManager._log (src/infrastructure/plugins/PluginManager.js:483:21)

  console.info
    [PluginManager] Plugin 'plugin-1' enabled

      at PluginManager._log (src/infrastructure/plugins/PluginManager.js:483:21)

  console.info
    [PluginManager] Plugin 'plugin-2' enabled

      at PluginManager._log (src/infrastructure/plugins/PluginManager.js:483:21)

  console.info
    [PluginManager] Plugin 'plugin-3' enabled

      at PluginManager._log (src/infrastructure/plugins/PluginManager.js:483:21)

  console.info
    [PluginManager] Plugin 'plugin-4' enabled

      at PluginManager._log (src/infrastructure/plugins/PluginManager.js:483:21)

  console.info
    [PluginManager] Plugin 'plugin-0' v1.0.0 registered

      at PluginManager._log (src/infrastructure/plugins/PluginManager.js:483:21)

  console.info
    [PluginManager] Plugin 'plugin-1' v1.0.0 registered

      at PluginManager._log (src/infrastructure/plugins/PluginManager.js:483:21)

  console.info
    [PluginManager] Plugin 'plugin-2' v1.0.0 registered

      at PluginManager._log (src/infrastructure/plugins/PluginManager.js:483:21)

  console.info
    [PluginManager] Plugin 'plugin-3' v1.0.0 registered

      at PluginManager._log (src/infrastructure/plugins/PluginManager.js:483:21)

  console.info
    [PluginManager] Plugin 'plugin-4' v1.0.0 registered

      at PluginManager._log (src/infrastructure/plugins/PluginManager.js:483:21)

  console.info
    [PluginManager] Plugin 'plugin-5' v1.0.0 registered

      at PluginManager._log (src/infrastructure/plugins/PluginManager.js:483:21)

  console.info
    [PluginManager] Plugin 'plugin-6' v1.0.0 registered

      at PluginManager._log (src/infrastructure/plugins/PluginManager.js:483:21)

  console.info
    [PluginManager] Plugin 'plugin-0' enabled

      at PluginManager._log (src/infrastructure/plugins/PluginManager.js:483:21)

  console.info
    [PluginManager] Plugin 'plugin-1' enabled

      at PluginManager._log (src/infrastructure/plugins/PluginManager.js:483:21)

  console.info
    [PluginManager] Plugin 'plugin-3' enabled

      at PluginManager._log (src/infrastructure/plugins/PluginManager.js:483:21)

  console.info
    [PluginManager] Plugin 'plugin-6' enabled

      at PluginManager._log (src/infrastructure/plugins/PluginManager.js:483:21)

  console.info
    [PluginManager] Plugin 'plugin-4' enabled

      at PluginManager._log (src/infrastructure/plugins/PluginManager.js:483:21)

  console.info
    [PluginManager] Plugin 'plugin-2' enabled

      at PluginManager._log (src/infrastructure/plugins/PluginManager.js:483:21)

  console.info
    [PluginManager] Plugin 'plugin-5' enabled

      at PluginManager._log (src/infrastructure/plugins/PluginManager.js:483:21)

  console.info
    [PluginManager] Plugin 'plugin-0' v1.0.0 registered

      at PluginManager._log (src/infrastructure/plugins/PluginManager.js:483:21)

  console.info
    [PluginManager] Plugin 'plugin-1' v1.0.0 registered

      at PluginManager._log (src/infrastructure/plugins/PluginManager.js:483:21)

  console.info
    [PluginManager] Plugin 'plugin-0' enabled

      at PluginManager._log (src/infrastructure/plugins/PluginManager.js:483:21)

  console.info
    [PluginManager] Plugin 'plugin-1' enabled

      at PluginManager._log (src/infrastructure/plugins/PluginManager.js:483:21)

  console.info
    [PluginManager] Plugin 'plugin-0' v1.0.0 registered

      at PluginManager._log (src/infrastructure/plugins/PluginManager.js:483:21)

  console.info
    [PluginManager] Plugin 'plugin-1' v1.0.0 registered

      at PluginManager._log (src/infrastructure/plugins/PluginManager.js:483:21)

  console.info
    [PluginManager] Plugin 'plugin-2' v1.0.0 registered

      at PluginManager._log (src/infrastructure/plugins/PluginManager.js:483:21)

  console.info
    [PluginManager] Plugin 'plugin-0' enabled

      at PluginManager._log (src/infrastructure/plugins/PluginManager.js:483:21)

  console.info
    [PluginManager] Plugin 'plugin-2' enabled

      at PluginManager._log (src/infrastructure/plugins/PluginManager.js:483:21)

  console.info
    [PluginManager] Plugin 'plugin-1' enabled

      at PluginManager._log (src/infrastructure/plugins/PluginManager.js:483:21)

  console.info
    [PluginManager] Plugin 'plugin-0' v1.0.0 registered

      at PluginManager._log (src/infrastructure/plugins/PluginManager.js:483:21)

  console.info
    [PluginManager] Plugin 'plugin-1' v1.0.0 registered

      at PluginManager._log (src/infrastructure/plugins/PluginManager.js:483:21)

  console.info
    [PluginManager] Plugin 'plugin-2' v1.0.0 registered

      at PluginManager._log (src/infrastructure/plugins/PluginManager.js:483:21)

  console.info
    [PluginManager] Plugin 'plugin-0' enabled

      at PluginManager._log (src/infrastructure/plugins/PluginManager.js:483:21)

  console.info
    [PluginManager] Plugin 'plugin-1' enabled

      at PluginManager._log (src/infrastructure/plugins/PluginManager.js:483:21)

  console.info
    [PluginManager] Plugin 'plugin-2' enabled

      at PluginManager._log (src/infrastructure/plugins/PluginManager.js:483:21)

  console.info
    [PluginManager] Plugin 'plugin-0' v1.0.0 registered

      at PluginManager._log (src/infrastructure/plugins/PluginManager.js:483:21)

  console.info
    [PluginManager] Plugin 'plugin-1' v1.0.0 registered

      at PluginManager._log (src/infrastructure/plugins/PluginManager.js:483:21)

  console.info
    [PluginManager] Plugin 'plugin-2' v1.0.0 registered

      at PluginManager._log (src/infrastructure/plugins/PluginManager.js:483:21)

  console.info
    [PluginManager] Plugin 'plugin-3' v1.0.0 registered

      at PluginManager._log (src/infrastructure/plugins/PluginManager.js:483:21)

  console.info
    [PluginManager] Plugin 'plugin-4' v1.0.0 registered

      at PluginManager._log (src/infrastructure/plugins/PluginManager.js:483:21)

  console.info
    [PluginManager] Plugin 'plugin-5' v1.0.0 registered

      at PluginManager._log (src/infrastructure/plugins/PluginManager.js:483:21)

  console.info
    [PluginManager] Plugin 'plugin-6' v1.0.0 registered

      at PluginManager._log (src/infrastructure/plugins/PluginManager.js:483:21)

  console.info
    [PluginManager] Plugin 'plugin-7' v1.0.0 registered

      at PluginManager._log (src/infrastructure/plugins/PluginManager.js:483:21)

  console.info
    [PluginManager] Plugin 'plugin-0' enabled

      at PluginManager._log (src/infrastructure/plugins/PluginManager.js:483:21)

  console.info
    [PluginManager] Plugin 'plugin-1' enabled

      at PluginManager._log (src/infrastructure/plugins/PluginManager.js:483:21)

  console.info
    [PluginManager] Plugin 'plugin-3' enabled

      at PluginManager._log (src/infrastructure/plugins/PluginManager.js:483:21)

  console.info
    [PluginManager] Plugin 'plugin-6' enabled

      at PluginManager._log (src/infrastructure/plugins/PluginManager.js:483:21)

  console.info
    [PluginManager] Plugin 'plugin-2' enabled

      at PluginManager._log (src/infrastructure/plugins/PluginManager.js:483:21)

  console.info
    [PluginManager] Plugin 'plugin-4' enabled

      at PluginManager._log (src/infrastructure/plugins/PluginManager.js:483:21)

  console.info
    [PluginManager] Plugin 'plugin-5' enabled

      at PluginManager._log (src/infrastructure/plugins/PluginManager.js:483:21)

  console.info
    [PluginManager] Plugin 'plugin-7' enabled

      at PluginManager._log (src/infrastructure/plugins/PluginManager.js:483:21)

  console.info
    [PluginManager] Plugin 'plugin-0' v1.0.0 registered

      at PluginManager._log (src/infrastructure/plugins/PluginManager.js:483:21)

  console.info
    [PluginManager] Plugin 'plugin-1' v1.0.0 registered

      at PluginManager._log (src/infrastructure/plugins/PluginManager.js:483:21)

  console.info
    [PluginManager] Plugin 'plugin-2' v1.0.0 registered

      at PluginManager._log (src/infrastructure/plugins/PluginManager.js:483:21)

  console.info
    [PluginManager] Plugin 'plugin-3' v1.0.0 registered

      at PluginManager._log (src/infrastructure/plugins/PluginManager.js:483:21)

  console.info
    [PluginManager] Plugin 'plugin-0' enabled

      at PluginManager._log (src/infrastructure/plugins/PluginManager.js:483:21)

  console.info
    [PluginManager] Plugin 'plugin-1' enabled

      at PluginManager._log (src/infrastructure/plugins/PluginManager.js:483:21)

  console.info
    [PluginManager] Plugin 'plugin-2' enabled

      at PluginManager._log (src/infrastructure/plugins/PluginManager.js:483:21)

  console.info
    [PluginManager] Plugin 'plugin-3' enabled

      at PluginManager._log (src/infrastructure/plugins/PluginManager.js:483:21)

  console.info
    [PluginManager] Plugin 'plugin-0' v1.0.0 registered

      at PluginManager._log (src/infrastructure/plugins/PluginManager.js:483:21)

  console.info
    [PluginManager] Plugin 'plugin-1' v1.0.0 registered

      at PluginManager._log (src/infrastructure/plugins/PluginManager.js:483:21)

  console.info
    [PluginManager] Plugin 'plugin-0' enabled

      at PluginManager._log (src/infrastructure/plugins/PluginManager.js:483:21)

  console.info
    [PluginManager] Plugin 'plugin-1' enabled

      at PluginManager._log (src/infrastructure/plugins/PluginManager.js:483:21)

  console.info
    [PluginManager] Plugin 'plugin-0' v1.0.0 registered

      at PluginManager._log (src/infrastructure/plugins/PluginManager.js:483:21)

  console.info
    [PluginManager] Plugin 'plugin-1' v1.0.0 registered

      at PluginManager._log (src/infrastructure/plugins/PluginManager.js:483:21)

  console.info
    [PluginManager] Plugin 'plugin-2' v1.0.0 registered

      at PluginManager._log (src/infrastructure/plugins/PluginManager.js:483:21)

  console.info
    [PluginManager] Plugin 'plugin-3' v1.0.0 registered

      at PluginManager._log (src/infrastructure/plugins/PluginManager.js:483:21)

  console.info
    [PluginManager] Plugin 'plugin-0' enabled

      at PluginManager._log (src/infrastructure/plugins/PluginManager.js:483:21)

  console.info
    [PluginManager] Plugin 'plugin-1' enabled

      at PluginManager._log (src/infrastructure/plugins/PluginManager.js:483:21)

  console.info
    [PluginManager] Plugin 'plugin-2' enabled

      at PluginManager._log (src/infrastructure/plugins/PluginManager.js:483:21)

  console.info
    [PluginManager] Plugin 'plugin-3' enabled

      at PluginManager._log (src/infrastructure/plugins/PluginManager.js:483:21)

  console.info
    [PluginManager] Plugin 'plugin-0' v1.0.0 registered

      at PluginManager._log (src/infrastructure/plugins/PluginManager.js:483:21)

  console.info
    [PluginManager] Plugin 'plugin-1' v1.0.0 registered

      at PluginManager._log (src/infrastructure/plugins/PluginManager.js:483:21)

  console.info
    [PluginManager] Plugin 'plugin-2' v1.0.0 registered

      at PluginManager._log (src/infrastructure/plugins/PluginManager.js:483:21)

  console.info
    [PluginManager] Plugin 'plugin-3' v1.0.0 registered

      at PluginManager._log (src/infrastructure/plugins/PluginManager.js:483:21)

  console.info
    [PluginManager] Plugin 'plugin-4' v1.0.0 registered

      at PluginManager._log (src/infrastructure/plugins/PluginManager.js:483:21)

  console.info
    [PluginManager] Plugin 'plugin-5' v1.0.0 registered

      at PluginManager._log (src/infrastructure/plugins/PluginManager.js:483:21)

  console.info
    [PluginManager] Plugin 'plugin-6' v1.0.0 registered

      at PluginManager._log (src/infrastructure/plugins/PluginManager.js:483:21)

  console.info
    [PluginManager] Plugin 'plugin-7' v1.0.0 registered

      at PluginManager._log (src/infrastructure/plugins/PluginManager.js:483:21)

  console.info
    [PluginManager] Plugin 'plugin-0' enabled

      at PluginManager._log (src/infrastructure/plugins/PluginManager.js:483:21)

  console.info
    [PluginManager] Plugin 'plugin-3' enabled

      at PluginManager._log (src/infrastructure/plugins/PluginManager.js:483:21)

  console.info
    [PluginManager] Plugin 'plugin-7' enabled

      at PluginManager._log (src/infrastructure/plugins/PluginManager.js:483:21)

  console.info
    [PluginManager] Plugin 'plugin-1' enabled

      at PluginManager._log (src/infrastructure/plugins/PluginManager.js:483:21)

  console.info
    [PluginManager] Plugin 'plugin-5' enabled

      at PluginManager._log (src/infrastructure/plugins/PluginManager.js:483:21)

  console.info
    [PluginManager] Plugin 'plugin-2' enabled

      at PluginManager._log (src/infrastructure/plugins/PluginManager.js:483:21)

  console.info
    [PluginManager] Plugin 'plugin-4' enabled

      at PluginManager._log (src/infrastructure/plugins/PluginManager.js:483:21)

  console.info
    [PluginManager] Plugin 'plugin-6' enabled

      at PluginManager._log (src/infrastructure/plugins/PluginManager.js:483:21)

  console.info
    [PluginManager] Plugin 'plugin-0' v1.0.0 registered

      at PluginManager._log (src/infrastructure/plugins/PluginManager.js:483:21)

  console.info
    [PluginManager] Plugin 'plugin-1' v1.0.0 registered

      at PluginManager._log (src/infrastructure/plugins/PluginManager.js:483:21)

  console.info
    [PluginManager] Plugin 'plugin-2' v1.0.0 registered

      at PluginManager._log (src/infrastructure/plugins/PluginManager.js:483:21)

  console.info
    [PluginManager] Plugin 'plugin-3' v1.0.0 registered

      at PluginManager._log (src/infrastructure/plugins/PluginManager.js:483:21)

  console.info
    [PluginManager] Plugin 'plugin-4' v1.0.0 registered

      at PluginManager._log (src/infrastructure/plugins/PluginManager.js:483:21)

  console.info
    [PluginManager] Plugin 'plugin-5' v1.0.0 registered

      at PluginManager._log (src/infrastructure/plugins/PluginManager.js:483:21)

  console.info
    [PluginManager] Plugin 'plugin-0' enabled

      at PluginManager._log (src/infrastructure/plugins/PluginManager.js:483:21)

  console.info
    [PluginManager] Plugin 'plugin-1' enabled

      at PluginManager._log (src/infrastructure/plugins/PluginManager.js:483:21)

  console.info
    [PluginManager] Plugin 'plugin-5' enabled

      at PluginManager._log (src/infrastructure/plugins/PluginManager.js:483:21)

  console.info
    [PluginManager] Plugin 'plugin-2' enabled

      at PluginManager._log (src/infrastructure/plugins/PluginManager.js:483:21)

  console.info
    [PluginManager] Plugin 'plugin-3' enabled

      at PluginManager._log (src/infrastructure/plugins/PluginManager.js:483:21)

  console.info
    [PluginManager] Plugin 'plugin-4' enabled

      at PluginManager._log (src/infrastructure/plugins/PluginManager.js:483:21)

  console.info
    [PluginManager] Plugin 'plugin-0' v1.0.0 registered

      at PluginManager._log (src/infrastructure/plugins/PluginManager.js:483:21)

  console.info
    [PluginManager] Plugin 'plugin-1' v1.0.0 registered

      at PluginManager._log (src/infrastructure/plugins/PluginManager.js:483:21)

  console.info
    [PluginManager] Plugin 'plugin-2' v1.0.0 registered

      at PluginManager._log (src/infrastructure/plugins/PluginManager.js:483:21)

  console.info
    [PluginManager] Plugin 'plugin-3' v1.0.0 registered

      at PluginManager._log (src/infrastructure/plugins/PluginManager.js:483:21)

  console.info
    [PluginManager] Plugin 'plugin-4' v1.0.0 registered

      at PluginManager._log (src/infrastructure/plugins/PluginManager.js:483:21)

  console.info
    [PluginManager] Plugin 'plugin-5' v1.0.0 registered

      at PluginManager._log (src/infrastructure/plugins/PluginManager.js:483:21)

  console.info
    [PluginManager] Plugin 'plugin-6' v1.0.0 registered

      at PluginManager._log (src/infrastructure/plugins/PluginManager.js:483:21)

  console.info
    [PluginManager] Plugin 'plugin-7' v1.0.0 registered

      at PluginManager._log (src/infrastructure/plugins/PluginManager.js:483:21)

  console.info
    [PluginManager] Plugin 'plugin-0' enabled

      at PluginManager._log (src/infrastructure/plugins/PluginManager.js:483:21)

  console.info
    [PluginManager] Plugin 'plugin-6' enabled

      at PluginManager._log (src/infrastructure/plugins/PluginManager.js:483:21)

  console.info
    [PluginManager] Plugin 'plugin-7' enabled

      at PluginManager._log (src/infrastructure/plugins/PluginManager.js:483:21)

  console.info
    [PluginManager] Plugin 'plugin-1' enabled

      at PluginManager._log (src/infrastructure/plugins/PluginManager.js:483:21)

  console.info
    [PluginManager] Plugin 'plugin-4' enabled

      at PluginManager._log (src/infrastructure/plugins/PluginManager.js:483:21)

  console.info
    [PluginManager] Plugin 'plugin-2' enabled

      at PluginManager._log (src/infrastructure/plugins/PluginManager.js:483:21)

  console.info
    [PluginManager] Plugin 'plugin-5' enabled

      at PluginManager._log (src/infrastructure/plugins/PluginManager.js:483:21)

  console.info
    [PluginManager] Plugin 'plugin-3' enabled

      at PluginManager._log (src/infrastructure/plugins/PluginManager.js:483:21)

  console.info
    [PluginManager] Plugin 'plugin-0' v1.0.0 registered

      at PluginManager._log (src/infrastructure/plugins/PluginManager.js:483:21)

  console.info
    [PluginManager] Plugin 'plugin-1' v1.0.0 registered

      at PluginManager._log (src/infrastructure/plugins/PluginManager.js:483:21)

  console.info
    [PluginManager] Plugin 'plugin-2' v1.0.0 registered

      at PluginManager._log (src/infrastructure/plugins/PluginManager.js:483:21)

  console.info
    [PluginManager] Plugin 'plugin-3' v1.0.0 registered

      at PluginManager._log (src/infrastructure/plugins/PluginManager.js:483:21)

  console.info
    [PluginManager] Plugin 'plugin-0' enabled

      at PluginManager._log (src/infrastructure/plugins/PluginManager.js:483:21)

  console.info
    [PluginManager] Plugin 'plugin-1' enabled

      at PluginManager._log (src/infrastructure/plugins/PluginManager.js:483:21)

  console.info
    [PluginManager] Plugin 'plugin-2' enabled

      at PluginManager._log (src/infrastructure/plugins/PluginManager.js:483:21)

  console.info
    [PluginManager] Plugin 'plugin-3' enabled

      at PluginManager._log (src/infrastructure/plugins/PluginManager.js:483:21)

  console.info
    [PluginManager] Plugin 'plugin-0' v1.0.0 registered

      at PluginManager._log (src/infrastructure/plugins/PluginManager.js:483:21)

  console.info
    [PluginManager] Plugin 'plugin-1' v1.0.0 registered

      at PluginManager._log (src/infrastructure/plugins/PluginManager.js:483:21)

  console.info
    [PluginManager] Plugin 'plugin-2' v1.0.0 registered

      at PluginManager._log (src/infrastructure/plugins/PluginManager.js:483:21)

  console.info
    [PluginManager] Plugin 'plugin-0' enabled

      at PluginManager._log (src/infrastructure/plugins/PluginManager.js:483:21)

  console.info
    [PluginManager] Plugin 'plugin-2' enabled

      at PluginManager._log (src/infrastructure/plugins/PluginManager.js:483:21)

  console.info
    [PluginManager] Plugin 'plugin-1' enabled

      at PluginManager._log (src/infrastructure/plugins/PluginManager.js:483:21)

  console.info
    [PluginManager] Plugin 'plugin-0' v1.0.0 registered

      at PluginManager._log (src/infrastructure/plugins/PluginManager.js:483:21)

  console.info
    [PluginManager] Plugin 'plugin-1' v1.0.0 registered

      at PluginManager._log (src/infrastructure/plugins/PluginManager.js:483:21)

  console.info
    [PluginManager] Plugin 'plugin-2' v1.0.0 registered

      at PluginManager._log (src/infrastructure/plugins/PluginManager.js:483:21)

  console.info
    [PluginManager] Plugin 'plugin-3' v1.0.0 registered

      at PluginManager._log (src/infrastructure/plugins/PluginManager.js:483:21)

  console.info
    [PluginManager] Plugin 'plugin-4' v1.0.0 registered

      at PluginManager._log (src/infrastructure/plugins/PluginManager.js:483:21)

  console.info
    [PluginManager] Plugin 'plugin-0' enabled

      at PluginManager._log (src/infrastructure/plugins/PluginManager.js:483:21)

  console.info
    [PluginManager] Plugin 'plugin-3' enabled

      at PluginManager._log (src/infrastructure/plugins/PluginManager.js:483:21)

  console.info
    [PluginManager] Plugin 'plugin-1' enabled

      at PluginManager._log (src/infrastructure/plugins/PluginManager.js:483:21)

  console.info
    [PluginManager] Plugin 'plugin-2' enabled

      at PluginManager._log (src/infrastructure/plugins/PluginManager.js:483:21)

  console.info
    [PluginManager] Plugin 'plugin-4' enabled

      at PluginManager._log (src/infrastructure/plugins/PluginManager.js:483:21)

  console.info
    [PluginManager] Plugin 'plugin-0' v1.0.0 registered

      at PluginManager._log (src/infrastructure/plugins/PluginManager.js:483:21)

  console.info
    [PluginManager] Plugin 'plugin-1' v1.0.0 registered

      at PluginManager._log (src/infrastructure/plugins/PluginManager.js:483:21)

  console.info
    [PluginManager] Plugin 'plugin-0' enabled

      at PluginManager._log (src/infrastructure/plugins/PluginManager.js:483:21)

  console.info
    [PluginManager] Plugin 'plugin-1' enabled

      at PluginManager._log (src/infrastructure/plugins/PluginManager.js:483:21)

  console.info
    [PluginManager] Plugin 'plugin-0' v1.0.0 registered

      at PluginManager._log (src/infrastructure/plugins/PluginManager.js:483:21)

  console.info
    [PluginManager] Plugin 'plugin-1' v1.0.0 registered

      at PluginManager._log (src/infrastructure/plugins/PluginManager.js:483:21)

  console.info
    [PluginManager] Plugin 'plugin-2' v1.0.0 registered

      at PluginManager._log (src/infrastructure/plugins/PluginManager.js:483:21)

  console.info
    [PluginManager] Plugin 'plugin-0' enabled

      at PluginManager._log (src/infrastructure/plugins/PluginManager.js:483:21)

  console.info
    [PluginManager] Plugin 'plugin-1' enabled

      at PluginManager._log (src/infrastructure/plugins/PluginManager.js:483:21)

  console.info
    [PluginManager] Plugin 'plugin-2' enabled

      at PluginManager._log (src/infrastructure/plugins/PluginManager.js:483:21)

  console.info
    [PluginManager] Plugin 'plugin-0' v1.0.0 registered

      at PluginManager._log (src/infrastructure/plugins/PluginManager.js:483:21)

  console.info
    [PluginManager] Plugin 'plugin-1' v1.0.0 registered

      at PluginManager._log (src/infrastructure/plugins/PluginManager.js:483:21)

  console.info
    [PluginManager] Plugin 'plugin-2' v1.0.0 registered

      at PluginManager._log (src/infrastructure/plugins/PluginManager.js:483:21)

  console.info
    [PluginManager] Plugin 'plugin-0' enabled

      at PluginManager._log (src/infrastructure/plugins/PluginManager.js:483:21)

  console.info
    [PluginManager] Plugin 'plugin-1' enabled

      at PluginManager._log (src/infrastructure/plugins/PluginManager.js:483:21)

  console.info
    [PluginManager] Plugin 'plugin-2' enabled

      at PluginManager._log (src/infrastructure/plugins/PluginManager.js:483:21)

  console.info
    [PluginManager] Plugin 'plugin-0' v1.0.0 registered

      at PluginManager._log (src/infrastructure/plugins/PluginManager.js:483:21)

  console.info
    [PluginManager] Plugin 'plugin-1' v1.0.0 registered

      at PluginManager._log (src/infrastructure/plugins/PluginManager.js:483:21)

  console.info
    [PluginManager] Plugin 'plugin-2' v1.0.0 registered

      at PluginManager._log (src/infrastructure/plugins/PluginManager.js:483:21)

  console.info
    [PluginManager] Plugin 'plugin-3' v1.0.0 registered

      at PluginManager._log (src/infrastructure/plugins/PluginManager.js:483:21)

  console.info
    [PluginManager] Plugin 'plugin-0' enabled

      at PluginManager._log (src/infrastructure/plugins/PluginManager.js:483:21)

  console.info
    [PluginManager] Plugin 'plugin-1' enabled

      at PluginManager._log (src/infrastructure/plugins/PluginManager.js:483:21)

  console.info
    [PluginManager] Plugin 'plugin-2' enabled

      at PluginManager._log (src/infrastructure/plugins/PluginManager.js:483:21)

  console.info
    [PluginManager] Plugin 'plugin-3' enabled

      at PluginManager._log (src/infrastructure/plugins/PluginManager.js:483:21)

  console.info
    [PluginManager] Plugin 'plugin-0' v1.0.0 registered

      at PluginManager._log (src/infrastructure/plugins/PluginManager.js:483:21)

  console.info
    [PluginManager] Plugin 'plugin-1' v1.0.0 registered

      at PluginManager._log (src/infrastructure/plugins/PluginManager.js:483:21)

  console.info
    [PluginManager] Plugin 'plugin-2' v1.0.0 registered

      at PluginManager._log (src/infrastructure/plugins/PluginManager.js:483:21)

  console.info
    [PluginManager] Plugin 'plugin-3' v1.0.0 registered

      at PluginManager._log (src/infrastructure/plugins/PluginManager.js:483:21)

  console.info
    [PluginManager] Plugin 'plugin-4' v1.0.0 registered

      at PluginManager._log (src/infrastructure/plugins/PluginManager.js:483:21)

  console.info
    [PluginManager] Plugin 'plugin-5' v1.0.0 registered

      at PluginManager._log (src/infrastructure/plugins/PluginManager.js:483:21)

  console.info
    [PluginManager] Plugin 'plugin-6' v1.0.0 registered

      at PluginManager._log (src/infrastructure/plugins/PluginManager.js:483:21)

  console.info
    [PluginManager] Plugin 'plugin-0' enabled

      at PluginManager._log (src/infrastructure/plugins/PluginManager.js:483:21)

  console.info
    [PluginManager] Plugin 'plugin-1' enabled

      at PluginManager._log (src/infrastructure/plugins/PluginManager.js:483:21)

  console.info
    [PluginManager] Plugin 'plugin-2' enabled

      at PluginManager._log (src/infrastructure/plugins/PluginManager.js:483:21)

  console.info
    [PluginManager] Plugin 'plugin-3' enabled

      at PluginManager._log (src/infrastructure/plugins/PluginManager.js:483:21)

  console.info
    [PluginManager] Plugin 'plugin-4' enabled

      at PluginManager._log (src/infrastructure/plugins/PluginManager.js:483:21)

  console.info
    [PluginManager] Plugin 'plugin-6' enabled

      at PluginManager._log (src/infrastructure/plugins/PluginManager.js:483:21)

  console.info
    [PluginManager] Plugin 'plugin-5' enabled

      at PluginManager._log (src/infrastructure/plugins/PluginManager.js:483:21)

  console.info
    [PluginManager] Plugin 'plugin-0' v1.0.0 registered

      at PluginManager._log (src/infrastructure/plugins/PluginManager.js:483:21)

  console.info
    [PluginManager] Plugin 'plugin-1' v1.0.0 registered

      at PluginManager._log (src/infrastructure/plugins/PluginManager.js:483:21)

  console.info
    [PluginManager] Plugin 'plugin-2' v1.0.0 registered

      at PluginManager._log (src/infrastructure/plugins/PluginManager.js:483:21)

  console.info
    [PluginManager] Plugin 'plugin-3' v1.0.0 registered

      at PluginManager._log (src/infrastructure/plugins/PluginManager.js:483:21)

  console.info
    [PluginManager] Plugin 'plugin-4' v1.0.0 registered

      at PluginManager._log (src/infrastructure/plugins/PluginManager.js:483:21)

  console.info
    [PluginManager] Plugin 'plugin-5' v1.0.0 registered

      at PluginManager._log (src/infrastructure/plugins/PluginManager.js:483:21)

  console.info
    [PluginManager] Plugin 'plugin-6' v1.0.0 registered

      at PluginManager._log (src/infrastructure/plugins/PluginManager.js:483:21)

  console.info
    [PluginManager] Plugin 'plugin-0' enabled

      at PluginManager._log (src/infrastructure/plugins/PluginManager.js:483:21)

  console.info
    [PluginManager] Plugin 'plugin-3' enabled

      at PluginManager._log (src/infrastructure/plugins/PluginManager.js:483:21)

  console.info
    [PluginManager] Plugin 'plugin-1' enabled

      at PluginManager._log (src/infrastructure/plugins/PluginManager.js:483:21)

  console.info
    [PluginManager] Plugin 'plugin-2' enabled

      at PluginManager._log (src/infrastructure/plugins/PluginManager.js:483:21)

  console.info
    [PluginManager] Plugin 'plugin-4' enabled

      at PluginManager._log (src/infrastructure/plugins/PluginManager.js:483:21)

  console.info
    [PluginManager] Plugin 'plugin-5' enabled

      at PluginManager._log (src/infrastructure/plugins/PluginManager.js:483:21)

  console.info
    [PluginManager] Plugin 'plugin-6' enabled

      at PluginManager._log (src/infrastructure/plugins/PluginManager.js:483:21)

  console.info
    [PluginManager] Plugin 'plugin-0' v1.0.0 registered

      at PluginManager._log (src/infrastructure/plugins/PluginManager.js:483:21)

  console.info
    [PluginManager] Plugin 'plugin-1' v1.0.0 registered

      at PluginManager._log (src/infrastructure/plugins/PluginManager.js:483:21)

  console.info
    [PluginManager] Plugin 'plugin-2' v1.0.0 registered

      at PluginManager._log (src/infrastructure/plugins/PluginManager.js:483:21)

  console.info
    [PluginManager] Plugin 'plugin-3' v1.0.0 registered

      at PluginManager._log (src/infrastructure/plugins/PluginManager.js:483:21)

  console.info
    [PluginManager] Plugin 'plugin-0' enabled

      at PluginManager._log (src/infrastructure/plugins/PluginManager.js:483:21)

  console.info
    [PluginManager] Plugin 'plugin-1' enabled

      at PluginManager._log (src/infrastructure/plugins/PluginManager.js:483:21)

  console.info
    [PluginManager] Plugin 'plugin-2' enabled

      at PluginManager._log (src/infrastructure/plugins/PluginManager.js:483:21)

  console.info
    [PluginManager] Plugin 'plugin-3' enabled

      at PluginManager._log (src/infrastructure/plugins/PluginManager.js:483:21)

  console.info
    [PluginManager] Plugin 'plugin-0' v1.0.0 registered

      at PluginManager._log (src/infrastructure/plugins/PluginManager.js:483:21)

  console.info
    [PluginManager] Plugin 'plugin-1' v1.0.0 registered

      at PluginManager._log (src/infrastructure/plugins/PluginManager.js:483:21)

  console.info
    [PluginManager] Plugin 'plugin-2' v1.0.0 registered

      at PluginManager._log (src/infrastructure/plugins/PluginManager.js:483:21)

  console.info
    [PluginManager] Plugin 'plugin-3' v1.0.0 registered

      at PluginManager._log (src/infrastructure/plugins/PluginManager.js:483:21)

  console.info
    [PluginManager] Plugin 'plugin-4' v1.0.0 registered

      at PluginManager._log (src/infrastructure/plugins/PluginManager.js:483:21)

  console.info
    [PluginManager] Plugin 'plugin-0' enabled

      at PluginManager._log (src/infrastructure/plugins/PluginManager.js:483:21)

  console.info
    [PluginManager] Plugin 'plugin-4' enabled

      at PluginManager._log (src/infrastructure/plugins/PluginManager.js:483:21)

  console.info
    [PluginManager] Plugin 'plugin-1' enabled

      at PluginManager._log (src/infrastructure/plugins/PluginManager.js:483:21)

  console.info
    [PluginManager] Plugin 'plugin-2' enabled

      at PluginManager._log (src/infrastructure/plugins/PluginManager.js:483:21)

  console.info
    [PluginManager] Plugin 'plugin-3' enabled

      at PluginManager._log (src/infrastructure/plugins/PluginManager.js:483:21)

  console.info
    [PluginManager] Plugin 'plugin-0' v1.0.0 registered

      at PluginManager._log (src/infrastructure/plugins/PluginManager.js:483:21)

  console.info
    [PluginManager] Plugin 'plugin-1' v1.0.0 registered

      at PluginManager._log (src/infrastructure/plugins/PluginManager.js:483:21)

  console.info
    [PluginManager] Plugin 'plugin-2' v1.0.0 registered

      at PluginManager._log (src/infrastructure/plugins/PluginManager.js:483:21)

  console.info
    [PluginManager] Plugin 'plugin-3' v1.0.0 registered

      at PluginManager._log (src/infrastructure/plugins/PluginManager.js:483:21)

  console.info
    [PluginManager] Plugin 'plugin-4' v1.0.0 registered

      at PluginManager._log (src/infrastructure/plugins/PluginManager.js:483:21)

  console.info
    [PluginManager] Plugin 'plugin-5' v1.0.0 registered

      at PluginManager._log (src/infrastructure/plugins/PluginManager.js:483:21)

  console.info
    [PluginManager] Plugin 'plugin-6' v1.0.0 registered

      at PluginManager._log (src/infrastructure/plugins/PluginManager.js:483:21)

  console.info
    [PluginManager] Plugin 'plugin-7' v1.0.0 registered

      at PluginManager._log (src/infrastructure/plugins/PluginManager.js:483:21)

  console.info
    [PluginManager] Plugin 'plugin-0' enabled

      at PluginManager._log (src/infrastructure/plugins/PluginManager.js:483:21)

  console.info
    [PluginManager] Plugin 'plugin-2' enabled

      at PluginManager._log (src/infrastructure/plugins/PluginManager.js:483:21)

  console.info
    [PluginManager] Plugin 'plugin-1' enabled

      at PluginManager._log (src/infrastructure/plugins/PluginManager.js:483:21)

  console.info
    [PluginManager] Plugin 'plugin-4' enabled

      at PluginManager._log (src/infrastructure/plugins/PluginManager.js:483:21)

  console.info
    [PluginManager] Plugin 'plugin-3' enabled

      at PluginManager._log (src/infrastructure/plugins/PluginManager.js:483:21)

  console.info
    [PluginManager] Plugin 'plugin-5' enabled

      at PluginManager._log (src/infrastructure/plugins/PluginManager.js:483:21)

  console.info
    [PluginManager] Plugin 'plugin-6' enabled

      at PluginManager._log (src/infrastructure/plugins/PluginManager.js:483:21)

  console.info
    [PluginManager] Plugin 'plugin-7' enabled

      at PluginManager._log (src/infrastructure/plugins/PluginManager.js:483:21)

  console.info
    [PluginManager] Plugin 'plugin-0' v1.0.0 registered

      at PluginManager._log (src/infrastructure/plugins/PluginManager.js:483:21)

  console.info
    [PluginManager] Plugin 'plugin-1' v1.0.0 registered

      at PluginManager._log (src/infrastructure/plugins/PluginManager.js:483:21)

  console.info
    [PluginManager] Plugin 'plugin-2' v1.0.0 registered

      at PluginManager._log (src/infrastructure/plugins/PluginManager.js:483:21)

  console.info
    [PluginManager] Plugin 'plugin-3' v1.0.0 registered

      at PluginManager._log (src/infrastructure/plugins/PluginManager.js:483:21)

  console.info
    [PluginManager] Plugin 'plugin-4' v1.0.0 registered

      at PluginManager._log (src/infrastructure/plugins/PluginManager.js:483:21)

  console.info
    [PluginManager] Plugin 'plugin-5' v1.0.0 registered

      at PluginManager._log (src/infrastructure/plugins/PluginManager.js:483:21)

  console.info
    [PluginManager] Plugin 'plugin-0' enabled

      at PluginManager._log (src/infrastructure/plugins/PluginManager.js:483:21)

  console.info
    [PluginManager] Plugin 'plugin-1' enabled

      at PluginManager._log (src/infrastructure/plugins/PluginManager.js:483:21)

  console.info
    [PluginManager] Plugin 'plugin-2' enabled

      at PluginManager._log (src/infrastructure/plugins/PluginManager.js:483:21)

  console.info
    [PluginManager] Plugin 'plugin-4' enabled

      at PluginManager._log (src/infrastructure/plugins/PluginManager.js:483:21)

  console.info
    [PluginManager] Plugin 'plugin-3' enabled

      at PluginManager._log (src/infrastructure/plugins/PluginManager.js:483:21)

  console.info
    [PluginManager] Plugin 'plugin-5' enabled

      at PluginManager._log (src/infrastructure/plugins/PluginManager.js:483:21)

  console.info
    [PluginManager] Plugin 'plugin-0' v1.0.0 registered

      at PluginManager._log (src/infrastructure/plugins/PluginManager.js:483:21)

  console.info
    [PluginManager] Plugin 'plugin-1' v1.0.0 registered

      at PluginManager._log (src/infrastructure/plugins/PluginManager.js:483:21)

  console.info
    [PluginManager] Plugin 'plugin-0' enabled

      at PluginManager._log (src/infrastructure/plugins/PluginManager.js:483:21)

  console.info
    [PluginManager] Plugin 'plugin-1' enabled

      at PluginManager._log (src/infrastructure/plugins/PluginManager.js:483:21)

  console.info
    [PluginManager] Plugin 'plugin-0' v1.0.0 registered

      at PluginManager._log (src/infrastructure/plugins/PluginManager.js:483:21)

  console.info
    [PluginManager] Plugin 'plugin-1' v1.0.0 registered

      at PluginManager._log (src/infrastructure/plugins/PluginManager.js:483:21)

  console.info
    [PluginManager] Plugin 'plugin-2' v1.0.0 registered

      at PluginManager._log (src/infrastructure/plugins/PluginManager.js:483:21)

  console.info
    [PluginManager] Plugin 'plugin-3' v1.0.0 registered

      at PluginManager._log (src/infrastructure/plugins/PluginManager.js:483:21)

  console.info
    [PluginManager] Plugin 'plugin-4' v1.0.0 registered

      at PluginManager._log (src/infrastructure/plugins/PluginManager.js:483:21)

  console.info
    [PluginManager] Plugin 'plugin-5' v1.0.0 registered

      at PluginManager._log (src/infrastructure/plugins/PluginManager.js:483:21)

  console.info
    [PluginManager] Plugin 'plugin-6' v1.0.0 registered

      at PluginManager._log (src/infrastructure/plugins/PluginManager.js:483:21)

  console.info
    [PluginManager] Plugin 'plugin-7' v1.0.0 registered

      at PluginManager._log (src/infrastructure/plugins/PluginManager.js:483:21)

  console.info
    [PluginManager] Plugin 'plugin-0' enabled

      at PluginManager._log (src/infrastructure/plugins/PluginManager.js:483:21)

  console.info
    [PluginManager] Plugin 'plugin-2' enabled

      at PluginManager._log (src/infrastructure/plugins/PluginManager.js:483:21)

  console.info
    [PluginManager] Plugin 'plugin-3' enabled

      at PluginManager._log (src/infrastructure/plugins/PluginManager.js:483:21)

  console.info
    [PluginManager] Plugin 'plugin-7' enabled

      at PluginManager._log (src/infrastructure/plugins/PluginManager.js:483:21)

  console.info
    [PluginManager] Plugin 'plugin-1' enabled

      at PluginManager._log (src/infrastructure/plugins/PluginManager.js:483:21)

  console.info
    [PluginManager] Plugin 'plugin-5' enabled

      at PluginManager._log (src/infrastructure/plugins/PluginManager.js:483:21)

  console.info
    [PluginManager] Plugin 'plugin-4' enabled

      at PluginManager._log (src/infrastructure/plugins/PluginManager.js:483:21)

  console.info
    [PluginManager] Plugin 'plugin-6' enabled

      at PluginManager._log (src/infrastructure/plugins/PluginManager.js:483:21)

  console.info
    [PluginManager] Plugin 'plugin-0' v1.0.0 registered

      at PluginManager._log (src/infrastructure/plugins/PluginManager.js:483:21)

  console.info
    [PluginManager] Plugin 'plugin-1' v1.0.0 registered

      at PluginManager._log (src/infrastructure/plugins/PluginManager.js:483:21)

  console.info
    [PluginManager] Plugin 'plugin-2' v1.0.0 registered

      at PluginManager._log (src/infrastructure/plugins/PluginManager.js:483:21)

  console.info
    [PluginManager] Plugin 'plugin-3' v1.0.0 registered

      at PluginManager._log (src/infrastructure/plugins/PluginManager.js:483:21)

  console.info
    [PluginManager] Plugin 'plugin-4' v1.0.0 registered

      at PluginManager._log (src/infrastructure/plugins/PluginManager.js:483:21)

  console.info
    [PluginManager] Plugin 'plugin-5' v1.0.0 registered

      at PluginManager._log (src/infrastructure/plugins/PluginManager.js:483:21)

  console.info
    [PluginManager] Plugin 'plugin-6' v1.0.0 registered

      at PluginManager._log (src/infrastructure/plugins/PluginManager.js:483:21)

  console.info
    [PluginManager] Plugin 'plugin-0' enabled

      at PluginManager._log (src/infrastructure/plugins/PluginManager.js:483:21)

  console.info
    [PluginManager] Plugin 'plugin-1' enabled

      at PluginManager._log (src/infrastructure/plugins/PluginManager.js:483:21)

  console.info
    [PluginManager] Plugin 'plugin-5' enabled

      at PluginManager._log (src/infrastructure/plugins/PluginManager.js:483:21)

  console.info
    [PluginManager] Plugin 'plugin-3' enabled

      at PluginManager._log (src/infrastructure/plugins/PluginManager.js:483:21)

  console.info
    [PluginManager] Plugin 'plugin-2' enabled

      at PluginManager._log (src/infrastructure/plugins/PluginManager.js:483:21)

  console.info
    [PluginManager] Plugin 'plugin-6' enabled

      at PluginManager._log (src/infrastructure/plugins/PluginManager.js:483:21)

  console.info
    [PluginManager] Plugin 'plugin-4' enabled

      at PluginManager._log (src/infrastructure/plugins/PluginManager.js:483:21)

  console.info
    [PluginManager] Plugin 'plugin-0' v1.0.0 registered

      at PluginManager._log (src/infrastructure/plugins/PluginManager.js:483:21)

  console.info
    [PluginManager] Plugin 'plugin-1' v1.0.0 registered

      at PluginManager._log (src/infrastructure/plugins/PluginManager.js:483:21)

  console.info
    [PluginManager] Plugin 'plugin-2' v1.0.0 registered

      at PluginManager._log (src/infrastructure/plugins/PluginManager.js:483:21)

  console.info
    [PluginManager] Plugin 'plugin-0' enabled

      at PluginManager._log (src/infrastructure/plugins/PluginManager.js:483:21)

  console.info
    [PluginManager] Plugin 'plugin-1' enabled

      at PluginManager._log (src/infrastructure/plugins/PluginManager.js:483:21)

  console.info
    [PluginManager] Plugin 'plugin-2' enabled

      at PluginManager._log (src/infrastructure/plugins/PluginManager.js:483:21)

  console.info
    [PluginManager] Plugin 'plugin-0' v1.0.0 registered

      at PluginManager._log (src/infrastructure/plugins/PluginManager.js:483:21)

  console.info
    [PluginManager] Plugin 'plugin-1' v1.0.0 registered

      at PluginManager._log (src/infrastructure/plugins/PluginManager.js:483:21)

  console.info
    [PluginManager] Plugin 'plugin-2' v1.0.0 registered

      at PluginManager._log (src/infrastructure/plugins/PluginManager.js:483:21)

  console.info
    [PluginManager] Plugin 'plugin-3' v1.0.0 registered

      at PluginManager._log (src/infrastructure/plugins/PluginManager.js:483:21)

  console.info
    [PluginManager] Plugin 'plugin-4' v1.0.0 registered

      at PluginManager._log (src/infrastructure/plugins/PluginManager.js:483:21)

  console.info
    [PluginManager] Plugin 'plugin-5' v1.0.0 registered

      at PluginManager._log (src/infrastructure/plugins/PluginManager.js:483:21)

  console.info
    [PluginManager] Plugin 'plugin-6' v1.0.0 registered

      at PluginManager._log (src/infrastructure/plugins/PluginManager.js:483:21)

  console.info
    [PluginManager] Plugin 'plugin-7' v1.0.0 registered

      at PluginManager._log (src/infrastructure/plugins/PluginManager.js:483:21)

  console.info
    [PluginManager] Plugin 'plugin-0' enabled

      at PluginManager._log (src/infrastructure/plugins/PluginManager.js:483:21)

  console.info
    [PluginManager] Plugin 'plugin-4' enabled

      at PluginManager._log (src/infrastructure/plugins/PluginManager.js:483:21)

  console.info
    [PluginManager] Plugin 'plugin-1' enabled

      at PluginManager._log (src/infrastructure/plugins/PluginManager.js:483:21)

  console.info
    [PluginManager] Plugin 'plugin-5' enabled

      at PluginManager._log (src/infrastructure/plugins/PluginManager.js:483:21)

  console.info
    [PluginManager] Plugin 'plugin-7' enabled

      at PluginManager._log (src/infrastructure/plugins/PluginManager.js:483:21)

  console.info
    [PluginManager] Plugin 'plugin-2' enabled

      at PluginManager._log (src/infrastructure/plugins/PluginManager.js:483:21)

  console.info
    [PluginManager] Plugin 'plugin-3' enabled

      at PluginManager._log (src/infrastructure/plugins/PluginManager.js:483:21)

  console.info
    [PluginManager] Plugin 'plugin-6' enabled

      at PluginManager._log (src/infrastructure/plugins/PluginManager.js:483:21)

  console.info
    [PluginManager] Plugin 'plugin-0' v1.0.0 registered

      at PluginManager._log (src/infrastructure/plugins/PluginManager.js:483:21)

  console.info
    [PluginManager] Plugin 'plugin-1' v1.0.0 registered

      at PluginManager._log (src/infrastructure/plugins/PluginManager.js:483:21)

  console.info
    [PluginManager] Plugin 'plugin-0' enabled

      at PluginManager._log (src/infrastructure/plugins/PluginManager.js:483:21)

  console.info
    [PluginManager] Plugin 'plugin-1' enabled

      at PluginManager._log (src/infrastructure/plugins/PluginManager.js:483:21)

  console.info
    [PluginManager] Plugin 'plugin-0' v1.0.0 registered

      at PluginManager._log (src/infrastructure/plugins/PluginManager.js:483:21)

  console.info
    [PluginManager] Plugin 'plugin-1' v1.0.0 registered

      at PluginManager._log (src/infrastructure/plugins/PluginManager.js:483:21)

  console.info
    [PluginManager] Plugin 'plugin-2' v1.0.0 registered

      at PluginManager._log (src/infrastructure/plugins/PluginManager.js:483:21)

  console.info
    [PluginManager] Plugin 'plugin-3' v1.0.0 registered

      at PluginManager._log (src/infrastructure/plugins/PluginManager.js:483:21)

  console.info
    [PluginManager] Plugin 'plugin-4' v1.0.0 registered

      at PluginManager._log (src/infrastructure/plugins/PluginManager.js:483:21)

  console.info
    [PluginManager] Plugin 'plugin-0' enabled

      at PluginManager._log (src/infrastructure/plugins/PluginManager.js:483:21)

  console.info
    [PluginManager] Plugin 'plugin-1' enabled

      at PluginManager._log (src/infrastructure/plugins/PluginManager.js:483:21)

  console.info
    [PluginManager] Plugin 'plugin-3' enabled

      at PluginManager._log (src/infrastructure/plugins/PluginManager.js:483:21)

  console.info
    [PluginManager] Plugin 'plugin-4' enabled

      at PluginManager._log (src/infrastructure/plugins/PluginManager.js:483:21)

  console.info
    [PluginManager] Plugin 'plugin-2' enabled

      at PluginManager._log (src/infrastructure/plugins/PluginManager.js:483:21)

  console.info
    [PluginManager] Plugin 'plugin-0' v1.0.0 registered

      at PluginManager._log (src/infrastructure/plugins/PluginManager.js:483:21)

  console.info
    [PluginManager] Plugin 'plugin-1' v1.0.0 registered

      at PluginManager._log (src/infrastructure/plugins/PluginManager.js:483:21)

  console.info
    [PluginManager] Plugin 'plugin-0' enabled

      at PluginManager._log (src/infrastructure/plugins/PluginManager.js:483:21)

  console.info
    [PluginManager] Plugin 'plugin-1' enabled

      at PluginManager._log (src/infrastructure/plugins/PluginManager.js:483:21)

  console.info
    [PluginManager] Plugin 'plugin-0' v1.0.0 registered

      at PluginManager._log (src/infrastructure/plugins/PluginManager.js:483:21)

  console.info
    [PluginManager] Plugin 'plugin-1' v1.0.0 registered

      at PluginManager._log (src/infrastructure/plugins/PluginManager.js:483:21)

  console.info
    [PluginManager] Plugin 'plugin-2' v1.0.0 registered

      at PluginManager._log (src/infrastructure/plugins/PluginManager.js:483:21)

  console.info
    [PluginManager] Plugin 'plugin-3' v1.0.0 registered

      at PluginManager._log (src/infrastructure/plugins/PluginManager.js:483:21)

  console.info
    [PluginManager] Plugin 'plugin-4' v1.0.0 registered

      at PluginManager._log (src/infrastructure/plugins/PluginManager.js:483:21)

  console.info
    [PluginManager] Plugin 'plugin-5' v1.0.0 registered

      at PluginManager._log (src/infrastructure/plugins/PluginManager.js:483:21)

  console.info
    [PluginManager] Plugin 'plugin-6' v1.0.0 registered

      at PluginManager._log (src/infrastructure/plugins/PluginManager.js:483:21)

  console.info
    [PluginManager] Plugin 'plugin-7' v1.0.0 registered

      at PluginManager._log (src/infrastructure/plugins/PluginManager.js:483:21)

  console.info
    [PluginManager] Plugin 'plugin-0' enabled

      at PluginManager._log (src/infrastructure/plugins/PluginManager.js:483:21)

  console.info
    [PluginManager] Plugin 'plugin-1' enabled

      at PluginManager._log (src/infrastructure/plugins/PluginManager.js:483:21)

  console.info
    [PluginManager] Plugin 'plugin-2' enabled

      at PluginManager._log (src/infrastructure/plugins/PluginManager.js:483:21)

  console.info
    [PluginManager] Plugin 'plugin-3' enabled

      at PluginManager._log (src/infrastructure/plugins/PluginManager.js:483:21)

  console.info
    [PluginManager] Plugin 'plugin-4' enabled

      at PluginManager._log (src/infrastructure/plugins/PluginManager.js:483:21)

  console.info
    [PluginManager] Plugin 'plugin-5' enabled

      at PluginManager._log (src/infrastructure/plugins/PluginManager.js:483:21)

  console.info
    [PluginManager] Plugin 'plugin-6' enabled

      at PluginManager._log (src/infrastructure/plugins/PluginManager.js:483:21)

  console.info
    [PluginManager] Plugin 'plugin-7' enabled

      at PluginManager._log (src/infrastructure/plugins/PluginManager.js:483:21)

  console.info
    [PluginManager] Plugin 'plugin-0' v1.0.0 registered

      at PluginManager._log (src/infrastructure/plugins/PluginManager.js:483:21)

  console.info
    [PluginManager] Plugin 'plugin-1' v1.0.0 registered

      at PluginManager._log (src/infrastructure/plugins/PluginManager.js:483:21)

  console.info
    [PluginManager] Plugin 'plugin-2' v1.0.0 registered

      at PluginManager._log (src/infrastructure/plugins/PluginManager.js:483:21)

  console.info
    [PluginManager] Plugin 'plugin-3' v1.0.0 registered

      at PluginManager._log (src/infrastructure/plugins/PluginManager.js:483:21)

  console.info
    [PluginManager] Plugin 'plugin-0' enabled

      at PluginManager._log (src/infrastructure/plugins/PluginManager.js:483:21)

  console.info
    [PluginManager] Plugin 'plugin-2' enabled

      at PluginManager._log (src/infrastructure/plugins/PluginManager.js:483:21)

  console.info
    [PluginManager] Plugin 'plugin-1' enabled

      at PluginManager._log (src/infrastructure/plugins/PluginManager.js:483:21)

  console.info
    [PluginManager] Plugin 'plugin-3' enabled

      at PluginManager._log (src/infrastructure/plugins/PluginManager.js:483:21)

  console.info
    [PluginManager] Plugin 'plugin-0' v1.0.0 registered

      at PluginManager._log (src/infrastructure/plugins/PluginManager.js:483:21)

  console.info
    [PluginManager] Plugin 'plugin-1' v1.0.0 registered

      at PluginManager._log (src/infrastructure/plugins/PluginManager.js:483:21)

  console.info
    [PluginManager] Plugin 'plugin-2' v1.0.0 registered

      at PluginManager._log (src/infrastructure/plugins/PluginManager.js:483:21)

  console.info
    [PluginManager] Plugin 'plugin-3' v1.0.0 registered

      at PluginManager._log (src/infrastructure/plugins/PluginManager.js:483:21)

  console.info
    [PluginManager] Plugin 'plugin-4' v1.0.0 registered

      at PluginManager._log (src/infrastructure/plugins/PluginManager.js:483:21)

  console.info
    [PluginManager] Plugin 'plugin-5' v1.0.0 registered

      at PluginManager._log (src/infrastructure/plugins/PluginManager.js:483:21)

  console.info
    [PluginManager] Plugin 'plugin-6' v1.0.0 registered

      at PluginManager._log (src/infrastructure/plugins/PluginManager.js:483:21)

  console.info
    [PluginManager] Plugin 'plugin-7' v1.0.0 registered

      at PluginManager._log (src/infrastructure/plugins/PluginManager.js:483:21)

  console.info
    [PluginManager] Plugin 'plugin-0' enabled

      at PluginManager._log (src/infrastructure/plugins/PluginManager.js:483:21)

  console.info
    [PluginManager] Plugin 'plugin-1' enabled

      at PluginManager._log (src/infrastructure/plugins/PluginManager.js:483:21)

  console.info
    [PluginManager] Plugin 'plugin-4' enabled

      at PluginManager._log (src/infrastructure/plugins/PluginManager.js:483:21)

  console.info
    [PluginManager] Plugin 'plugin-2' enabled

      at PluginManager._log (src/infrastructure/plugins/PluginManager.js:483:21)

  console.info
    [PluginManager] Plugin 'plugin-6' enabled

      at PluginManager._log (src/infrastructure/plugins/PluginManager.js:483:21)

  console.info
    [PluginManager] Plugin 'plugin-3' enabled

      at PluginManager._log (src/infrastructure/plugins/PluginManager.js:483:21)

  console.info
    [PluginManager] Plugin 'plugin-5' enabled

      at PluginManager._log (src/infrastructure/plugins/PluginManager.js:483:21)

  console.info
    [PluginManager] Plugin 'plugin-7' enabled

      at PluginManager._log (src/infrastructure/plugins/PluginManager.js:483:21)

  console.info
    [PluginManager] Plugin 'plugin-0' v1.0.0 registered

      at PluginManager._log (src/infrastructure/plugins/PluginManager.js:483:21)

  console.info
    [PluginManager] Plugin 'plugin-1' v1.0.0 registered

      at PluginManager._log (src/infrastructure/plugins/PluginManager.js:483:21)

  console.info
    [PluginManager] Plugin 'plugin-2' v1.0.0 registered

      at PluginManager._log (src/infrastructure/plugins/PluginManager.js:483:21)

  console.info
    [PluginManager] Plugin 'plugin-3' v1.0.0 registered

      at PluginManager._log (src/infrastructure/plugins/PluginManager.js:483:21)

  console.info
    [PluginManager] Plugin 'plugin-0' enabled

      at PluginManager._log (src/infrastructure/plugins/PluginManager.js:483:21)

  console.info
    [PluginManager] Plugin 'plugin-1' enabled

      at PluginManager._log (src/infrastructure/plugins/PluginManager.js:483:21)

  console.info
    [PluginManager] Plugin 'plugin-2' enabled

      at PluginManager._log (src/infrastructure/plugins/PluginManager.js:483:21)

  console.info
    [PluginManager] Plugin 'plugin-3' enabled

      at PluginManager._log (src/infrastructure/plugins/PluginManager.js:483:21)

  console.info
    [PluginManager] Plugin 'plugin-0' v1.0.0 registered

      at PluginManager._log (src/infrastructure/plugins/PluginManager.js:483:21)

  console.info
    [PluginManager] Plugin 'plugin-1' v1.0.0 registered

      at PluginManager._log (src/infrastructure/plugins/PluginManager.js:483:21)

  console.info
    [PluginManager] Plugin 'plugin-2' v1.0.0 registered

      at PluginManager._log (src/infrastructure/plugins/PluginManager.js:483:21)

  console.info
    [PluginManager] Plugin 'plugin-3' v1.0.0 registered

      at PluginManager._log (src/infrastructure/plugins/PluginManager.js:483:21)

  console.info
    [PluginManager] Plugin 'plugin-4' v1.0.0 registered

      at PluginManager._log (src/infrastructure/plugins/PluginManager.js:483:21)

  console.info
    [PluginManager] Plugin 'plugin-5' v1.0.0 registered

      at PluginManager._log (src/infrastructure/plugins/PluginManager.js:483:21)

  console.info
    [PluginManager] Plugin 'plugin-6' v1.0.0 registered

      at PluginManager._log (src/infrastructure/plugins/PluginManager.js:483:21)

  console.info
    [PluginManager] Plugin 'plugin-7' v1.0.0 registered

      at PluginManager._log (src/infrastructure/plugins/PluginManager.js:483:21)

  console.info
    [PluginManager] Plugin 'plugin-0' enabled

      at PluginManager._log (src/infrastructure/plugins/PluginManager.js:483:21)

  console.info
    [PluginManager] Plugin 'plugin-1' enabled

      at PluginManager._log (src/infrastructure/plugins/PluginManager.js:483:21)

  console.info
    [PluginManager] Plugin 'plugin-3' enabled

      at PluginManager._log (src/infrastructure/plugins/PluginManager.js:483:21)

  console.info
    [PluginManager] Plugin 'plugin-4' enabled

      at PluginManager._log (src/infrastructure/plugins/PluginManager.js:483:21)

  console.info
    [PluginManager] Plugin 'plugin-7' enabled

      at PluginManager._log (src/infrastructure/plugins/PluginManager.js:483:21)

  console.info
    [PluginManager] Plugin 'plugin-2' enabled

      at PluginManager._log (src/infrastructure/plugins/PluginManager.js:483:21)

  console.info
    [PluginManager] Plugin 'plugin-5' enabled

      at PluginManager._log (src/infrastructure/plugins/PluginManager.js:483:21)

  console.info
    [PluginManager] Plugin 'plugin-6' enabled

      at PluginManager._log (src/infrastructure/plugins/PluginManager.js:483:21)

  console.info
    [PluginManager] Plugin 'plugin-0' v1.0.0 registered

      at PluginManager._log (src/infrastructure/plugins/PluginManager.js:483:21)

  console.info
    [PluginManager] Plugin 'plugin-1' v1.0.0 registered

      at PluginManager._log (src/infrastructure/plugins/PluginManager.js:483:21)

  console.info
    [PluginManager] Plugin 'plugin-2' v1.0.0 registered

      at PluginManager._log (src/infrastructure/plugins/PluginManager.js:483:21)

  console.info
    [PluginManager] Plugin 'plugin-3' v1.0.0 registered

      at PluginManager._log (src/infrastructure/plugins/PluginManager.js:483:21)

  console.info
    [PluginManager] Plugin 'plugin-0' enabled

      at PluginManager._log (src/infrastructure/plugins/PluginManager.js:483:21)

  console.info
    [PluginManager] Plugin 'plugin-1' enabled

      at PluginManager._log (src/infrastructure/plugins/PluginManager.js:483:21)

  console.info
    [PluginManager] Plugin 'plugin-3' enabled

      at PluginManager._log (src/infrastructure/plugins/PluginManager.js:483:21)

  console.info
    [PluginManager] Plugin 'plugin-2' enabled

      at PluginManager._log (src/infrastructure/plugins/PluginManager.js:483:21)

  console.info
    [PluginManager] Plugin 'plugin-0' v1.0.0 registered

      at PluginManager._log (src/infrastructure/plugins/PluginManager.js:483:21)

  console.info
    [PluginManager] Plugin 'plugin-1' v1.0.0 registered

      at PluginManager._log (src/infrastructure/plugins/PluginManager.js:483:21)

  console.info
    [PluginManager] Plugin 'plugin-2' v1.0.0 registered

      at PluginManager._log (src/infrastructure/plugins/PluginManager.js:483:21)

  console.info
    [PluginManager] Plugin 'plugin-3' v1.0.0 registered

      at PluginManager._log (src/infrastructure/plugins/PluginManager.js:483:21)

  console.info
    [PluginManager] Plugin 'plugin-0' enabled

      at PluginManager._log (src/infrastructure/plugins/PluginManager.js:483:21)

  console.info
    [PluginManager] Plugin 'plugin-1' enabled

      at PluginManager._log (src/infrastructure/plugins/PluginManager.js:483:21)

  console.info
    [PluginManager] Plugin 'plugin-2' enabled

      at PluginManager._log (src/infrastructure/plugins/PluginManager.js:483:21)

  console.info
    [PluginManager] Plugin 'plugin-3' enabled

      at PluginManager._log (src/infrastructure/plugins/PluginManager.js:483:21)

  console.info
    [PluginManager] Plugin 'plugin-0' v1.0.0 registered

      at PluginManager._log (src/infrastructure/plugins/PluginManager.js:483:21)

  console.info
    [PluginManager] Plugin 'plugin-1' v1.0.0 registered

      at PluginManager._log (src/infrastructure/plugins/PluginManager.js:483:21)

  console.info
    [PluginManager] Plugin 'plugin-2' v1.0.0 registered

      at PluginManager._log (src/infrastructure/plugins/PluginManager.js:483:21)

  console.info
    [PluginManager] Plugin 'plugin-3' v1.0.0 registered

      at PluginManager._log (src/infrastructure/plugins/PluginManager.js:483:21)

  console.info
    [PluginManager] Plugin 'plugin-0' enabled

      at PluginManager._log (src/infrastructure/plugins/PluginManager.js:483:21)

  console.info
    [PluginManager] Plugin 'plugin-1' enabled

      at PluginManager._log (src/infrastructure/plugins/PluginManager.js:483:21)

  console.info
    [PluginManager] Plugin 'plugin-2' enabled

      at PluginManager._log (src/infrastructure/plugins/PluginManager.js:483:21)

  console.info
    [PluginManager] Plugin 'plugin-3' enabled

      at PluginManager._log (src/infrastructure/plugins/PluginManager.js:483:21)

  console.info
    [PluginManager] Plugin 'plugin-0' v1.0.0 registered

      at PluginManager._log (src/infrastructure/plugins/PluginManager.js:483:21)

  console.info
    [PluginManager] Plugin 'plugin-1' v1.0.0 registered

      at PluginManager._log (src/infrastructure/plugins/PluginManager.js:483:21)

  console.info
    [PluginManager] Plugin 'plugin-2' v1.0.0 registered

      at PluginManager._log (src/infrastructure/plugins/PluginManager.js:483:21)

  console.info
    [PluginManager] Plugin 'plugin-3' v1.0.0 registered

      at PluginManager._log (src/infrastructure/plugins/PluginManager.js:483:21)

  console.info
    [PluginManager] Plugin 'plugin-0' enabled

      at PluginManager._log (src/infrastructure/plugins/PluginManager.js:483:21)

  console.info
    [PluginManager] Plugin 'plugin-3' enabled

      at PluginManager._log (src/infrastructure/plugins/PluginManager.js:483:21)

  console.info
    [PluginManager] Plugin 'plugin-1' enabled

      at PluginManager._log (src/infrastructure/plugins/PluginManager.js:483:21)

  console.info
    [PluginManager] Plugin 'plugin-2' enabled

      at PluginManager._log (src/infrastructure/plugins/PluginManager.js:483:21)

  console.info
    [PluginManager] Plugin 'plugin-0' v1.0.0 registered

      at PluginManager._log (src/infrastructure/plugins/PluginManager.js:483:21)

  console.info
    [PluginManager] Plugin 'plugin-1' v1.0.0 registered

      at PluginManager._log (src/infrastructure/plugins/PluginManager.js:483:21)

  console.info
    [PluginManager] Plugin 'plugin-2' v1.0.0 registered

      at PluginManager._log (src/infrastructure/plugins/PluginManager.js:483:21)

  console.info
    [PluginManager] Plugin 'plugin-3' v1.0.0 registered

      at PluginManager._log (src/infrastructure/plugins/PluginManager.js:483:21)

  console.info
    [PluginManager] Plugin 'plugin-4' v1.0.0 registered

      at PluginManager._log (src/infrastructure/plugins/PluginManager.js:483:21)

  console.info
    [PluginManager] Plugin 'plugin-5' v1.0.0 registered

      at PluginManager._log (src/infrastructure/plugins/PluginManager.js:483:21)

  console.info
    [PluginManager] Plugin 'plugin-6' v1.0.0 registered

      at PluginManager._log (src/infrastructure/plugins/PluginManager.js:483:21)

  console.info
    [PluginManager] Plugin 'plugin-7' v1.0.0 registered

      at PluginManager._log (src/infrastructure/plugins/PluginManager.js:483:21)

  console.info
    [PluginManager] Plugin 'plugin-0' enabled

      at PluginManager._log (src/infrastructure/plugins/PluginManager.js:483:21)

  console.info
    [PluginManager] Plugin 'plugin-4' enabled

      at PluginManager._log (src/infrastructure/plugins/PluginManager.js:483:21)

  console.info
    [PluginManager] Plugin 'plugin-1' enabled

      at PluginManager._log (src/infrastructure/plugins/PluginManager.js:483:21)

  console.info
    [PluginManager] Plugin 'plugin-7' enabled

      at PluginManager._log (src/infrastructure/plugins/PluginManager.js:483:21)

  console.info
    [PluginManager] Plugin 'plugin-2' enabled

      at PluginManager._log (src/infrastructure/plugins/PluginManager.js:483:21)

  console.info
    [PluginManager] Plugin 'plugin-3' enabled

      at PluginManager._log (src/infrastructure/plugins/PluginManager.js:483:21)

  console.info
    [PluginManager] Plugin 'plugin-5' enabled

      at PluginManager._log (src/infrastructure/plugins/PluginManager.js:483:21)

  console.info
    [PluginManager] Plugin 'plugin-6' enabled

      at PluginManager._log (src/infrastructure/plugins/PluginManager.js:483:21)

  console.info
    [PluginManager] Plugin 'plugin-0' v1.0.0 registered

      at PluginManager._log (src/infrastructure/plugins/PluginManager.js:483:21)

  console.info
    [PluginManager] Plugin 'plugin-1' v1.0.0 registered

      at PluginManager._log (src/infrastructure/plugins/PluginManager.js:483:21)

  console.info
    [PluginManager] Plugin 'plugin-2' v1.0.0 registered

      at PluginManager._log (src/infrastructure/plugins/PluginManager.js:483:21)

  console.info
    [PluginManager] Plugin 'plugin-0' enabled

      at PluginManager._log (src/infrastructure/plugins/PluginManager.js:483:21)

  console.info
    [PluginManager] Plugin 'plugin-2' enabled

      at PluginManager._log (src/infrastructure/plugins/PluginManager.js:483:21)

  console.info
    [PluginManager] Plugin 'plugin-1' enabled

      at PluginManager._log (src/infrastructure/plugins/PluginManager.js:483:21)

  console.info
    [PluginManager] Plugin 'plugin-0' v1.0.0 registered

      at PluginManager._log (src/infrastructure/plugins/PluginManager.js:483:21)

  console.info
    [PluginManager] Plugin 'plugin-1' v1.0.0 registered

      at PluginManager._log (src/infrastructure/plugins/PluginManager.js:483:21)

  console.info
    [PluginManager] Plugin 'plugin-2' v1.0.0 registered

      at PluginManager._log (src/infrastructure/plugins/PluginManager.js:483:21)

  console.info
    [PluginManager] Plugin 'plugin-3' v1.0.0 registered

      at PluginManager._log (src/infrastructure/plugins/PluginManager.js:483:21)

  console.info
    [PluginManager] Plugin 'plugin-4' v1.0.0 registered

      at PluginManager._log (src/infrastructure/plugins/PluginManager.js:483:21)

  console.info
    [PluginManager] Plugin 'plugin-0' enabled

      at PluginManager._log (src/infrastructure/plugins/PluginManager.js:483:21)

  console.info
    [PluginManager] Plugin 'plugin-1' enabled

      at PluginManager._log (src/infrastructure/plugins/PluginManager.js:483:21)

  console.info
    [PluginManager] Plugin 'plugin-2' enabled

      at PluginManager._log (src/infrastructure/plugins/PluginManager.js:483:21)

  console.info
    [PluginManager] Plugin 'plugin-3' enabled

      at PluginManager._log (src/infrastructure/plugins/PluginManager.js:483:21)

  console.info
    [PluginManager] Plugin 'plugin-4' enabled

      at PluginManager._log (src/infrastructure/plugins/PluginManager.js:483:21)

  console.info
    [PluginManager] Plugin 'plugin-0' v1.0.0 registered

      at PluginManager._log (src/infrastructure/plugins/PluginManager.js:483:21)

  console.info
    [PluginManager] Plugin 'plugin-1' v1.0.0 registered

      at PluginManager._log (src/infrastructure/plugins/PluginManager.js:483:21)

  console.info
    [PluginManager] Plugin 'plugin-2' v1.0.0 registered

      at PluginManager._log (src/infrastructure/plugins/PluginManager.js:483:21)

  console.info
    [PluginManager] Plugin 'plugin-3' v1.0.0 registered

      at PluginManager._log (src/infrastructure/plugins/PluginManager.js:483:21)

  console.info
    [PluginManager] Plugin 'plugin-4' v1.0.0 registered

      at PluginManager._log (src/infrastructure/plugins/PluginManager.js:483:21)

  console.info
    [PluginManager] Plugin 'plugin-5' v1.0.0 registered

      at PluginManager._log (src/infrastructure/plugins/PluginManager.js:483:21)

  console.info
    [PluginManager] Plugin 'plugin-0' enabled

      at PluginManager._log (src/infrastructure/plugins/PluginManager.js:483:21)

  console.info
    [PluginManager] Plugin 'plugin-4' enabled

      at PluginManager._log (src/infrastructure/plugins/PluginManager.js:483:21)

  console.info
    [PluginManager] Plugin 'plugin-1' enabled

      at PluginManager._log (src/infrastructure/plugins/PluginManager.js:483:21)

  console.info
    [PluginManager] Plugin 'plugin-2' enabled

      at PluginManager._log (src/infrastructure/plugins/PluginManager.js:483:21)

  console.info
    [PluginManager] Plugin 'plugin-3' enabled

      at PluginManager._log (src/infrastructure/plugins/PluginManager.js:483:21)

  console.info
    [PluginManager] Plugin 'plugin-5' enabled

      at PluginManager._log (src/infrastructure/plugins/PluginManager.js:483:21)

  console.info
    [PluginManager] Plugin 'plugin-0' v1.0.0 registered

      at PluginManager._log (src/infrastructure/plugins/PluginManager.js:483:21)

  console.info
    [PluginManager] Plugin 'plugin-1' v1.0.0 registered

      at PluginManager._log (src/infrastructure/plugins/PluginManager.js:483:21)

  console.info
    [PluginManager] Plugin 'plugin-0' enabled

      at PluginManager._log (src/infrastructure/plugins/PluginManager.js:483:21)

  console.info
    [PluginManager] Plugin 'plugin-1' enabled

      at PluginManager._log (src/infrastructure/plugins/PluginManager.js:483:21)

  console.info
    [PluginManager] Plugin 'plugin-0' v1.0.0 registered

      at PluginManager._log (src/infrastructure/plugins/PluginManager.js:483:21)

  console.info
    [PluginManager] Plugin 'plugin-1' v1.0.0 registered

      at PluginManager._log (src/infrastructure/plugins/PluginManager.js:483:21)

  console.info
    [PluginManager] Plugin 'plugin-2' v1.0.0 registered

      at PluginManager._log (src/infrastructure/plugins/PluginManager.js:483:21)

  console.info
    [PluginManager] Plugin 'plugin-3' v1.0.0 registered

      at PluginManager._log (src/infrastructure/plugins/PluginManager.js:483:21)

  console.info
    [PluginManager] Plugin 'plugin-4' v1.0.0 registered

      at PluginManager._log (src/infrastructure/plugins/PluginManager.js:483:21)

  console.info
    [PluginManager] Plugin 'plugin-5' v1.0.0 registered

      at PluginManager._log (src/infrastructure/plugins/PluginManager.js:483:21)

  console.info
    [PluginManager] Plugin 'plugin-6' v1.0.0 registered

      at PluginManager._log (src/infrastructure/plugins/PluginManager.js:483:21)

  console.info
    [PluginManager] Plugin 'plugin-0' enabled

      at PluginManager._log (src/infrastructure/plugins/PluginManager.js:483:21)

  console.info
    [PluginManager] Plugin 'plugin-2' enabled

      at PluginManager._log (src/infrastructure/plugins/PluginManager.js:483:21)

  console.info
    [PluginManager] Plugin 'plugin-1' enabled

      at PluginManager._log (src/infrastructure/plugins/PluginManager.js:483:21)

  console.info
    [PluginManager] Plugin 'plugin-3' enabled

      at PluginManager._log (src/infrastructure/plugins/PluginManager.js:483:21)

  console.info
    [PluginManager] Plugin 'plugin-6' enabled

      at PluginManager._log (src/infrastructure/plugins/PluginManager.js:483:21)

  console.info
    [PluginManager] Plugin 'plugin-4' enabled

      at PluginManager._log (src/infrastructure/plugins/PluginManager.js:483:21)

  console.info
    [PluginManager] Plugin 'plugin-5' enabled

      at PluginManager._log (src/infrastructure/plugins/PluginManager.js:483:21)

  console.info
    [PluginManager] Plugin 'plugin-0' v1.0.0 registered

      at PluginManager._log (src/infrastructure/plugins/PluginManager.js:483:21)

  console.info
    [PluginManager] Plugin 'plugin-1' v1.0.0 registered

      at PluginManager._log (src/infrastructure/plugins/PluginManager.js:483:21)

  console.info
    [PluginManager] Plugin 'plugin-2' v1.0.0 registered

      at PluginManager._log (src/infrastructure/plugins/PluginManager.js:483:21)

  console.info
    [PluginManager] Plugin 'plugin-3' v1.0.0 registered

      at PluginManager._log (src/infrastructure/plugins/PluginManager.js:483:21)

  console.info
    [PluginManager] Plugin 'plugin-4' v1.0.0 registered

      at PluginManager._log (src/infrastructure/plugins/PluginManager.js:483:21)

  console.info
    [PluginManager] Plugin 'plugin-5' v1.0.0 registered

      at PluginManager._log (src/infrastructure/plugins/PluginManager.js:483:21)

  console.info
    [PluginManager] Plugin 'plugin-6' v1.0.0 registered

      at PluginManager._log (src/infrastructure/plugins/PluginManager.js:483:21)

  console.info
    [PluginManager] Plugin 'plugin-7' v1.0.0 registered

      at PluginManager._log (src/infrastructure/plugins/PluginManager.js:483:21)

  console.info
    [PluginManager] Plugin 'plugin-0' enabled

      at PluginManager._log (src/infrastructure/plugins/PluginManager.js:483:21)

  console.info
    [PluginManager] Plugin 'plugin-1' enabled

      at PluginManager._log (src/infrastructure/plugins/PluginManager.js:483:21)

  console.info
    [PluginManager] Plugin 'plugin-2' enabled

      at PluginManager._log (src/infrastructure/plugins/PluginManager.js:483:21)

  console.info
    [PluginManager] Plugin 'plugin-3' enabled

      at PluginManager._log (src/infrastructure/plugins/PluginManager.js:483:21)

  console.info
    [PluginManager] Plugin 'plugin-4' enabled

      at PluginManager._log (src/infrastructure/plugins/PluginManager.js:483:21)

  console.info
    [PluginManager] Plugin 'plugin-5' enabled

      at PluginManager._log (src/infrastructure/plugins/PluginManager.js:483:21)

  console.info
    [PluginManager] Plugin 'plugin-7' enabled

      at PluginManager._log (src/infrastructure/plugins/PluginManager.js:483:21)

  console.info
    [PluginManager] Plugin 'plugin-6' enabled

      at PluginManager._log (src/infrastructure/plugins/PluginManager.js:483:21)

  console.info
    [PluginManager] Plugin 'plugin-0' v1.0.0 registered

      at PluginManager._log (src/infrastructure/plugins/PluginManager.js:483:21)

  console.info
    [PluginManager] Plugin 'plugin-1' v1.0.0 registered

      at PluginManager._log (src/infrastructure/plugins/PluginManager.js:483:21)

  console.info
    [PluginManager] Plugin 'plugin-2' v1.0.0 registered

      at PluginManager._log (src/infrastructure/plugins/PluginManager.js:483:21)

  console.info
    [PluginManager] Plugin 'plugin-3' v1.0.0 registered

      at PluginManager._log (src/infrastructure/plugins/PluginManager.js:483:21)

  console.info
    [PluginManager] Plugin 'plugin-4' v1.0.0 registered

      at PluginManager._log (src/infrastructure/plugins/PluginManager.js:483:21)

  console.info
    [PluginManager] Plugin 'plugin-5' v1.0.0 registered

      at PluginManager._log (src/infrastructure/plugins/PluginManager.js:483:21)

  console.info
    [PluginManager] Plugin 'plugin-6' v1.0.0 registered

      at PluginManager._log (src/infrastructure/plugins/PluginManager.js:483:21)

  console.info
    [PluginManager] Plugin 'plugin-0' enabled

      at PluginManager._log (src/infrastructure/plugins/PluginManager.js:483:21)

  console.info
    [PluginManager] Plugin 'plugin-1' enabled

      at PluginManager._log (src/infrastructure/plugins/PluginManager.js:483:21)

  console.info
    [PluginManager] Plugin 'plugin-4' enabled

      at PluginManager._log (src/infrastructure/plugins/PluginManager.js:483:21)

  console.info
    [PluginManager] Plugin 'plugin-2' enabled

      at PluginManager._log (src/infrastructure/plugins/PluginManager.js:483:21)

  console.info
    [PluginManager] Plugin 'plugin-3' enabled

      at PluginManager._log (src/infrastructure/plugins/PluginManager.js:483:21)

  console.info
    [PluginManager] Plugin 'plugin-5' enabled

      at PluginManager._log (src/infrastructure/plugins/PluginManager.js:483:21)

  console.info
    [PluginManager] Plugin 'plugin-6' enabled

      at PluginManager._log (src/infrastructure/plugins/PluginManager.js:483:21)

  console.info
    [PluginManager] Plugin 'plugin-0' v1.0.0 registered

      at PluginManager._log (src/infrastructure/plugins/PluginManager.js:483:21)

  console.info
    [PluginManager] Plugin 'plugin-1' v1.0.0 registered

      at PluginManager._log (src/infrastructure/plugins/PluginManager.js:483:21)

  console.info
    [PluginManager] Plugin 'plugin-2' v1.0.0 registered

      at PluginManager._log (src/infrastructure/plugins/PluginManager.js:483:21)

  console.info
    [PluginManager] Plugin 'plugin-0' enabled

      at PluginManager._log (src/infrastructure/plugins/PluginManager.js:483:21)

  console.info
    [PluginManager] Plugin 'plugin-1' enabled

      at PluginManager._log (src/infrastructure/plugins/PluginManager.js:483:21)

  console.info
    [PluginManager] Plugin 'plugin-2' enabled

      at PluginManager._log (src/infrastructure/plugins/PluginManager.js:483:21)

  console.info
    [PluginManager] Plugin 'plugin-0' v1.0.0 registered

      at PluginManager._log (src/infrastructure/plugins/PluginManager.js:483:21)

  console.info
    [PluginManager] Plugin 'plugin-1' v1.0.0 registered

      at PluginManager._log (src/infrastructure/plugins/PluginManager.js:483:21)

  console.info
    [PluginManager] Plugin 'plugin-2' v1.0.0 registered

      at PluginManager._log (src/infrastructure/plugins/PluginManager.js:483:21)

  console.info
    [PluginManager] Plugin 'plugin-3' v1.0.0 registered

      at PluginManager._log (src/infrastructure/plugins/PluginManager.js:483:21)

  console.info
    [PluginManager] Plugin 'plugin-4' v1.0.0 registered

      at PluginManager._log (src/infrastructure/plugins/PluginManager.js:483:21)

  console.info
    [PluginManager] Plugin 'plugin-5' v1.0.0 registered

      at PluginManager._log (src/infrastructure/plugins/PluginManager.js:483:21)

  console.info
    [PluginManager] Plugin 'plugin-6' v1.0.0 registered

      at PluginManager._log (src/infrastructure/plugins/PluginManager.js:483:21)

  console.info
    [PluginManager] Plugin 'plugin-7' v1.0.0 registered

      at PluginManager._log (src/infrastructure/plugins/PluginManager.js:483:21)

  console.info
    [PluginManager] Plugin 'plugin-0' enabled

      at PluginManager._log (src/infrastructure/plugins/PluginManager.js:483:21)

  console.info
    [PluginManager] Plugin 'plugin-2' enabled

      at PluginManager._log (src/infrastructure/plugins/PluginManager.js:483:21)

  console.info
    [PluginManager] Plugin 'plugin-4' enabled

      at PluginManager._log (src/infrastructure/plugins/PluginManager.js:483:21)

  console.info
    [PluginManager] Plugin 'plugin-1' enabled

      at PluginManager._log (src/infrastructure/plugins/PluginManager.js:483:21)

  console.info
    [PluginManager] Plugin 'plugin-6' enabled

      at PluginManager._log (src/infrastructure/plugins/PluginManager.js:483:21)

  console.info
    [PluginManager] Plugin 'plugin-3' enabled

      at PluginManager._log (src/infrastructure/plugins/PluginManager.js:483:21)

  console.info
    [PluginManager] Plugin 'plugin-7' enabled

      at PluginManager._log (src/infrastructure/plugins/PluginManager.js:483:21)

  console.info
    [PluginManager] Plugin 'plugin-5' enabled

      at PluginManager._log (src/infrastructure/plugins/PluginManager.js:483:21)

  console.info
    [PluginManager] Plugin 'plugin-0' v1.0.0 registered

      at PluginManager._log (src/infrastructure/plugins/PluginManager.js:483:21)

  console.info
    [PluginManager] Plugin 'plugin-1' v1.0.0 registered

      at PluginManager._log (src/infrastructure/plugins/PluginManager.js:483:21)

  console.info
    [PluginManager] Plugin 'plugin-2' v1.0.0 registered

      at PluginManager._log (src/infrastructure/plugins/PluginManager.js:483:21)

  console.info
    [PluginManager] Plugin 'plugin-3' v1.0.0 registered

      at PluginManager._log (src/infrastructure/plugins/PluginManager.js:483:21)

  console.info
    [PluginManager] Plugin 'plugin-4' v1.0.0 registered

      at PluginManager._log (src/infrastructure/plugins/PluginManager.js:483:21)

  console.info
    [PluginManager] Plugin 'plugin-0' enabled

      at PluginManager._log (src/infrastructure/plugins/PluginManager.js:483:21)

  console.info
    [PluginManager] Plugin 'plugin-1' enabled

      at PluginManager._log (src/infrastructure/plugins/PluginManager.js:483:21)

  console.info
    [PluginManager] Plugin 'plugin-2' enabled

      at PluginManager._log (src/infrastructure/plugins/PluginManager.js:483:21)

  console.info
    [PluginManager] Plugin 'plugin-3' enabled

      at PluginManager._log (src/infrastructure/plugins/PluginManager.js:483:21)

  console.info
    [PluginManager] Plugin 'plugin-4' enabled

      at PluginManager._log (src/infrastructure/plugins/PluginManager.js:483:21)

  console.info
    [PluginManager] Plugin 'plugin-0' v1.0.0 registered

      at PluginManager._log (src/infrastructure/plugins/PluginManager.js:483:21)

  console.info
    [PluginManager] Plugin 'plugin-1' v1.0.0 registered

      at PluginManager._log (src/infrastructure/plugins/PluginManager.js:483:21)

  console.info
    [PluginManager] Plugin 'plugin-0' enabled

      at PluginManager._log (src/infrastructure/plugins/PluginManager.js:483:21)

  console.info
    [PluginManager] Plugin 'plugin-1' enabled

      at PluginManager._log (src/infrastructure/plugins/PluginManager.js:483:21)

  console.info
    [PluginManager] Plugin 'plugin-0' v1.0.0 registered

      at PluginManager._log (src/infrastructure/plugins/PluginManager.js:483:21)

  console.info
    [PluginManager] Plugin 'plugin-1' v1.0.0 registered

      at PluginManager._log (src/infrastructure/plugins/PluginManager.js:483:21)

  console.info
    [PluginManager] Plugin 'plugin-2' v1.0.0 registered

      at PluginManager._log (src/infrastructure/plugins/PluginManager.js:483:21)

  console.info
    [PluginManager] Plugin 'plugin-3' v1.0.0 registered

      at PluginManager._log (src/infrastructure/plugins/PluginManager.js:483:21)

  console.info
    [PluginManager] Plugin 'plugin-4' v1.0.0 registered

      at PluginManager._log (src/infrastructure/plugins/PluginManager.js:483:21)

  console.info
    [PluginManager] Plugin 'plugin-5' v1.0.0 registered

      at PluginManager._log (src/infrastructure/plugins/PluginManager.js:483:21)

  console.info
    [PluginManager] Plugin 'plugin-6' v1.0.0 registered

      at PluginManager._log (src/infrastructure/plugins/PluginManager.js:483:21)

  console.info
    [PluginManager] Plugin 'plugin-7' v1.0.0 registered

      at PluginManager._log (src/infrastructure/plugins/PluginManager.js:483:21)

  console.info
    [PluginManager] Plugin 'plugin-0' enabled

      at PluginManager._log (src/infrastructure/plugins/PluginManager.js:483:21)

  console.info
    [PluginManager] Plugin 'plugin-1' enabled

      at PluginManager._log (src/infrastructure/plugins/PluginManager.js:483:21)

  console.info
    [PluginManager] Plugin 'plugin-2' enabled

      at PluginManager._log (src/infrastructure/plugins/PluginManager.js:483:21)

  console.info
    [PluginManager] Plugin 'plugin-7' enabled

      at PluginManager._log (src/infrastructure/plugins/PluginManager.js:483:21)

  console.info
    [PluginManager] Plugin 'plugin-3' enabled

      at PluginManager._log (src/infrastructure/plugins/PluginManager.js:483:21)

  console.info
    [PluginManager] Plugin 'plugin-5' enabled

      at PluginManager._log (src/infrastructure/plugins/PluginManager.js:483:21)

  console.info
    [PluginManager] Plugin 'plugin-4' enabled

      at PluginManager._log (src/infrastructure/plugins/PluginManager.js:483:21)

  console.info
    [PluginManager] Plugin 'plugin-6' enabled

      at PluginManager._log (src/infrastructure/plugins/PluginManager.js:483:21)

  console.info
    [PluginManager] Plugin 'plugin-0' v1.0.0 registered

      at PluginManager._log (src/infrastructure/plugins/PluginManager.js:483:21)

  console.info
    [PluginManager] Plugin 'plugin-1' v1.0.0 registered

      at PluginManager._log (src/infrastructure/plugins/PluginManager.js:483:21)

  console.info
    [PluginManager] Plugin 'plugin-2' v1.0.0 registered

      at PluginManager._log (src/infrastructure/plugins/PluginManager.js:483:21)

  console.info
    [PluginManager] Plugin 'plugin-3' v1.0.0 registered

      at PluginManager._log (src/infrastructure/plugins/PluginManager.js:483:21)

  console.info
    [PluginManager] Plugin 'plugin-4' v1.0.0 registered

      at PluginManager._log (src/infrastructure/plugins/PluginManager.js:483:21)

  console.info
    [PluginManager] Plugin 'plugin-5' v1.0.0 registered

      at PluginManager._log (src/infrastructure/plugins/PluginManager.js:483:21)

  console.info
    [PluginManager] Plugin 'plugin-0' enabled

      at PluginManager._log (src/infrastructure/plugins/PluginManager.js:483:21)

  console.info
    [PluginManager] Plugin 'plugin-1' enabled

      at PluginManager._log (src/infrastructure/plugins/PluginManager.js:483:21)

  console.info
    [PluginManager] Plugin 'plugin-2' enabled

      at PluginManager._log (src/infrastructure/plugins/PluginManager.js:483:21)

  console.info
    [PluginManager] Plugin 'plugin-4' enabled

      at PluginManager._log (src/infrastructure/plugins/PluginManager.js:483:21)

  console.info
    [PluginManager] Plugin 'plugin-5' enabled

      at PluginManager._log (src/infrastructure/plugins/PluginManager.js:483:21)

  console.info
    [PluginManager] Plugin 'plugin-3' enabled

      at PluginManager._log (src/infrastructure/plugins/PluginManager.js:483:21)

  console.info
    [PluginManager] Plugin 'plugin-0' v1.0.0 registered

      at PluginManager._log (src/infrastructure/plugins/PluginManager.js:483:21)

  console.info
    [PluginManager] Plugin 'plugin-1' v1.0.0 registered

      at PluginManager._log (src/infrastructure/plugins/PluginManager.js:483:21)

  console.info
    [PluginManager] Plugin 'plugin-2' v1.0.0 registered

      at PluginManager._log (src/infrastructure/plugins/PluginManager.js:483:21)

  console.info
    [PluginManager] Plugin 'plugin-3' v1.0.0 registered

      at PluginManager._log (src/infrastructure/plugins/PluginManager.js:483:21)

  console.info
    [PluginManager] Plugin 'plugin-4' v1.0.0 registered

      at PluginManager._log (src/infrastructure/plugins/PluginManager.js:483:21)

  console.info
    [PluginManager] Plugin 'plugin-5' v1.0.0 registered

      at PluginManager._log (src/infrastructure/plugins/PluginManager.js:483:21)

  console.info
    [PluginManager] Plugin 'plugin-6' v1.0.0 registered

      at PluginManager._log (src/infrastructure/plugins/PluginManager.js:483:21)

  console.info
    [PluginManager] Plugin 'plugin-0' enabled

      at PluginManager._log (src/infrastructure/plugins/PluginManager.js:483:21)

  console.info
    [PluginManager] Plugin 'plugin-1' enabled

      at PluginManager._log (src/infrastructure/plugins/PluginManager.js:483:21)

  console.info
    [PluginManager] Plugin 'plugin-3' enabled

      at PluginManager._log (src/infrastructure/plugins/PluginManager.js:483:21)

  console.info
    [PluginManager] Plugin 'plugin-5' enabled

      at PluginManager._log (src/infrastructure/plugins/PluginManager.js:483:21)

  console.info
    [PluginManager] Plugin 'plugin-6' enabled

      at PluginManager._log (src/infrastructure/plugins/PluginManager.js:483:21)

  console.info
    [PluginManager] Plugin 'plugin-2' enabled

      at PluginManager._log (src/infrastructure/plugins/PluginManager.js:483:21)

  console.info
    [PluginManager] Plugin 'plugin-4' enabled

      at PluginManager._log (src/infrastructure/plugins/PluginManager.js:483:21)

  console.info
    [PluginManager] Plugin 'plugin-0' v1.0.0 registered

      at PluginManager._log (src/infrastructure/plugins/PluginManager.js:483:21)

  console.info
    [PluginManager] Plugin 'plugin-1' v1.0.0 registered

      at PluginManager._log (src/infrastructure/plugins/PluginManager.js:483:21)

  console.info
    [PluginManager] Plugin 'plugin-2' v1.0.0 registered

      at PluginManager._log (src/infrastructure/plugins/PluginManager.js:483:21)

  console.info
    [PluginManager] Plugin 'plugin-3' v1.0.0 registered

      at PluginManager._log (src/infrastructure/plugins/PluginManager.js:483:21)

  console.info
    [PluginManager] Plugin 'plugin-0' enabled

      at PluginManager._log (src/infrastructure/plugins/PluginManager.js:483:21)

  console.info
    [PluginManager] Plugin 'plugin-1' enabled

      at PluginManager._log (src/infrastructure/plugins/PluginManager.js:483:21)

  console.info
    [PluginManager] Plugin 'plugin-2' enabled

      at PluginManager._log (src/infrastructure/plugins/PluginManager.js:483:21)

  console.info
    [PluginManager] Plugin 'plugin-3' enabled

      at PluginManager._log (src/infrastructure/plugins/PluginManager.js:483:21)

  console.info
    [PluginManager] Plugin 'plugin-0' v1.0.0 registered

      at PluginManager._log (src/infrastructure/plugins/PluginManager.js:483:21)

  console.info
    [PluginManager] Plugin 'plugin-1' v1.0.0 registered

      at PluginManager._log (src/infrastructure/plugins/PluginManager.js:483:21)

  console.info
    [PluginManager] Plugin 'plugin-0' enabled

      at PluginManager._log (src/infrastructure/plugins/PluginManager.js:483:21)

  console.info
    [PluginManager] Plugin 'plugin-1' enabled

      at PluginManager._log (src/infrastructure/plugins/PluginManager.js:483:21)

  console.info
    [PluginManager] Plugin 'plugin-0' v1.0.0 registered

      at PluginManager._log (src/infrastructure/plugins/PluginManager.js:483:21)

  console.info
    [PluginManager] Plugin 'plugin-1' v1.0.0 registered

      at PluginManager._log (src/infrastructure/plugins/PluginManager.js:483:21)

  console.info
    [PluginManager] Plugin 'plugin-2' v1.0.0 registered

      at PluginManager._log (src/infrastructure/plugins/PluginManager.js:483:21)

  console.info
    [PluginManager] Plugin 'plugin-3' v1.0.0 registered

      at PluginManager._log (src/infrastructure/plugins/PluginManager.js:483:21)

  console.info
    [PluginManager] Plugin 'plugin-0' enabled

      at PluginManager._log (src/infrastructure/plugins/PluginManager.js:483:21)

  console.info
    [PluginManager] Plugin 'plugin-1' enabled

      at PluginManager._log (src/infrastructure/plugins/PluginManager.js:483:21)

  console.info
    [PluginManager] Plugin 'plugin-3' enabled

      at PluginManager._log (src/infrastructure/plugins/PluginManager.js:483:21)

  console.info
    [PluginManager] Plugin 'plugin-2' enabled

      at PluginManager._log (src/infrastructure/plugins/PluginManager.js:483:21)

  console.info
    [PluginManager] Plugin 'plugin-0' v1.0.0 registered

      at PluginManager._log (src/infrastructure/plugins/PluginManager.js:483:21)

  console.info
    [PluginManager] Plugin 'plugin-1' v1.0.0 registered

      at PluginManager._log (src/infrastructure/plugins/PluginManager.js:483:21)

  console.info
    [PluginManager] Plugin 'plugin-0' enabled

      at PluginManager._log (src/infrastructure/plugins/PluginManager.js:483:21)

  console.info
    [PluginManager] Plugin 'plugin-1' enabled

      at PluginManager._log (src/infrastructure/plugins/PluginManager.js:483:21)

  console.info
    [PluginManager] Plugin 'plugin-0' v1.0.0 registered

      at PluginManager._log (src/infrastructure/plugins/PluginManager.js:483:21)

  console.info
    [PluginManager] Plugin 'plugin-1' v1.0.0 registered

      at PluginManager._log (src/infrastructure/plugins/PluginManager.js:483:21)

  console.info
    [PluginManager] Plugin 'plugin-2' v1.0.0 registered

      at PluginManager._log (src/infrastructure/plugins/PluginManager.js:483:21)

  console.info
    [PluginManager] Plugin 'plugin-3' v1.0.0 registered

      at PluginManager._log (src/infrastructure/plugins/PluginManager.js:483:21)

  console.info
    [PluginManager] Plugin 'plugin-4' v1.0.0 registered

      at PluginManager._log (src/infrastructure/plugins/PluginManager.js:483:21)

  console.info
    [PluginManager] Plugin 'plugin-5' v1.0.0 registered

      at PluginManager._log (src/infrastructure/plugins/PluginManager.js:483:21)

  console.info
    [PluginManager] Plugin 'plugin-0' enabled

      at PluginManager._log (src/infrastructure/plugins/PluginManager.js:483:21)

  console.info
    [PluginManager] Plugin 'plugin-1' enabled

      at PluginManager._log (src/infrastructure/plugins/PluginManager.js:483:21)

  console.info
    [PluginManager] Plugin 'plugin-4' enabled

      at PluginManager._log (src/infrastructure/plugins/PluginManager.js:483:21)

  console.info
    [PluginManager] Plugin 'plugin-5' enabled

      at PluginManager._log (src/infrastructure/plugins/PluginManager.js:483:21)

  console.info
    [PluginManager] Plugin 'plugin-2' enabled

      at PluginManager._log (src/infrastructure/plugins/PluginManager.js:483:21)

  console.info
    [PluginManager] Plugin 'plugin-3' enabled

      at PluginManager._log (src/infrastructure/plugins/PluginManager.js:483:21)

  console.info
    [PluginManager] Plugin 'plugin-0' v1.0.0 registered

      at PluginManager._log (src/infrastructure/plugins/PluginManager.js:483:21)

  console.info
    [PluginManager] Plugin 'plugin-1' v1.0.0 registered

      at PluginManager._log (src/infrastructure/plugins/PluginManager.js:483:21)

  console.info
    [PluginManager] Plugin 'plugin-2' v1.0.0 registered

      at PluginManager._log (src/infrastructure/plugins/PluginManager.js:483:21)

  console.info
    [PluginManager] Plugin 'plugin-3' v1.0.0 registered

      at PluginManager._log (src/infrastructure/plugins/PluginManager.js:483:21)

  console.info
    [PluginManager] Plugin 'plugin-0' enabled

      at PluginManager._log (src/infrastructure/plugins/PluginManager.js:483:21)

  console.info
    [PluginManager] Plugin 'plugin-1' enabled

      at PluginManager._log (src/infrastructure/plugins/PluginManager.js:483:21)

  console.info
    [PluginManager] Plugin 'plugin-2' enabled

      at PluginManager._log (src/infrastructure/plugins/PluginManager.js:483:21)

  console.info
    [PluginManager] Plugin 'plugin-3' enabled

      at PluginManager._log (src/infrastructure/plugins/PluginManager.js:483:21)

  console.info
    [PluginManager] Plugin 'plugin-0' v1.0.0 registered

      at PluginManager._log (src/infrastructure/plugins/PluginManager.js:483:21)

  console.info
    [PluginManager] Plugin 'plugin-1' v1.0.0 registered

      at PluginManager._log (src/infrastructure/plugins/PluginManager.js:483:21)

  console.info
    [PluginManager] Plugin 'plugin-2' v1.0.0 registered

      at PluginManager._log (src/infrastructure/plugins/PluginManager.js:483:21)

  console.info
    [PluginManager] Plugin 'plugin-0' enabled

      at PluginManager._log (src/infrastructure/plugins/PluginManager.js:483:21)

  console.info
    [PluginManager] Plugin 'plugin-1' enabled

      at PluginManager._log (src/infrastructure/plugins/PluginManager.js:483:21)

  console.info
    [PluginManager] Plugin 'plugin-2' enabled

      at PluginManager._log (src/infrastructure/plugins/PluginManager.js:483:21)

  console.info
    [PluginManager] Plugin 'plugin-0' v1.0.0 registered

      at PluginManager._log (src/infrastructure/plugins/PluginManager.js:483:21)

  console.info
    [PluginManager] Plugin 'plugin-1' v1.0.0 registered

      at PluginManager._log (src/infrastructure/plugins/PluginManager.js:483:21)

  console.info
    [PluginManager] Plugin 'plugin-2' v1.0.0 registered

      at PluginManager._log (src/infrastructure/plugins/PluginManager.js:483:21)

  console.info
    [PluginManager] Plugin 'plugin-3' v1.0.0 registered

      at PluginManager._log (src/infrastructure/plugins/PluginManager.js:483:21)

  console.info
    [PluginManager] Plugin 'plugin-4' v1.0.0 registered

      at PluginManager._log (src/infrastructure/plugins/PluginManager.js:483:21)

  console.info
    [PluginManager] Plugin 'plugin-5' v1.0.0 registered

      at PluginManager._log (src/infrastructure/plugins/PluginManager.js:483:21)

  console.info
    [PluginManager] Plugin 'plugin-6' v1.0.0 registered

      at PluginManager._log (src/infrastructure/plugins/PluginManager.js:483:21)

  console.info
    [PluginManager] Plugin 'plugin-0' enabled

      at PluginManager._log (src/infrastructure/plugins/PluginManager.js:483:21)

  console.info
    [PluginManager] Plugin 'plugin-1' enabled

      at PluginManager._log (src/infrastructure/plugins/PluginManager.js:483:21)

  console.info
    [PluginManager] Plugin 'plugin-2' enabled

      at PluginManager._log (src/infrastructure/plugins/PluginManager.js:483:21)

  console.info
    [PluginManager] Plugin 'plugin-3' enabled

      at PluginManager._log (src/infrastructure/plugins/PluginManager.js:483:21)

  console.info
    [PluginManager] Plugin 'plugin-5' enabled

      at PluginManager._log (src/infrastructure/plugins/PluginManager.js:483:21)

  console.info
    [PluginManager] Plugin 'plugin-4' enabled

      at PluginManager._log (src/infrastructure/plugins/PluginManager.js:483:21)

  console.info
    [PluginManager] Plugin 'plugin-6' enabled

      at PluginManager._log (src/infrastructure/plugins/PluginManager.js:483:21)

  console.info
    [PluginManager] Plugin 'plugin-0' v1.0.0 registered

      at PluginManager._log (src/infrastructure/plugins/PluginManager.js:483:21)

  console.info
    [PluginManager] Plugin 'plugin-1' v1.0.0 registered

      at PluginManager._log (src/infrastructure/plugins/PluginManager.js:483:21)

  console.info
    [PluginManager] Plugin 'plugin-2' v1.0.0 registered

      at PluginManager._log (src/infrastructure/plugins/PluginManager.js:483:21)

  console.info
    [PluginManager] Plugin 'plugin-3' v1.0.0 registered

      at PluginManager._log (src/infrastructure/plugins/PluginManager.js:483:21)

  console.info
    [PluginManager] Plugin 'plugin-0' enabled

      at PluginManager._log (src/infrastructure/plugins/PluginManager.js:483:21)

  console.info
    [PluginManager] Plugin 'plugin-1' enabled

      at PluginManager._log (src/infrastructure/plugins/PluginManager.js:483:21)

  console.info
    [PluginManager] Plugin 'plugin-2' enabled

      at PluginManager._log (src/infrastructure/plugins/PluginManager.js:483:21)

  console.info
    [PluginManager] Plugin 'plugin-3' enabled

      at PluginManager._log (src/infrastructure/plugins/PluginManager.js:483:21)

  console.info
    [PluginManager] Plugin 'plugin-0' v1.0.0 registered

      at PluginManager._log (src/infrastructure/plugins/PluginManager.js:483:21)

  console.info
    [PluginManager] Plugin 'plugin-1' v1.0.0 registered

      at PluginManager._log (src/infrastructure/plugins/PluginManager.js:483:21)

  console.info
    [PluginManager] Plugin 'plugin-2' v1.0.0 registered

      at PluginManager._log (src/infrastructure/plugins/PluginManager.js:483:21)

  console.info
    [PluginManager] Plugin 'plugin-3' v1.0.0 registered

      at PluginManager._log (src/infrastructure/plugins/PluginManager.js:483:21)

  console.info
    [PluginManager] Plugin 'plugin-0' enabled

      at PluginManager._log (src/infrastructure/plugins/PluginManager.js:483:21)

  console.info
    [PluginManager] Plugin 'plugin-1' enabled

      at PluginManager._log (src/infrastructure/plugins/PluginManager.js:483:21)

  console.info
    [PluginManager] Plugin 'plugin-3' enabled

      at PluginManager._log (src/infrastructure/plugins/PluginManager.js:483:21)

  console.info
    [PluginManager] Plugin 'plugin-2' enabled

      at PluginManager._log (src/infrastructure/plugins/PluginManager.js:483:21)

  console.info
    [PluginManager] Plugin 'plugin-0' v1.0.0 registered

      at PluginManager._log (src/infrastructure/plugins/PluginManager.js:483:21)

  console.info
    [PluginManager] Plugin 'plugin-1' v1.0.0 registered

      at PluginManager._log (src/infrastructure/plugins/PluginManager.js:483:21)

  console.info
    [PluginManager] Plugin 'plugin-2' v1.0.0 registered

      at PluginManager._log (src/infrastructure/plugins/PluginManager.js:483:21)

  console.info
    [PluginManager] Plugin 'plugin-3' v1.0.0 registered

      at PluginManager._log (src/infrastructure/plugins/PluginManager.js:483:21)

  console.info
    [PluginManager] Plugin 'plugin-4' v1.0.0 registered

      at PluginManager._log (src/infrastructure/plugins/PluginManager.js:483:21)

  console.info
    [PluginManager] Plugin 'plugin-0' enabled

      at PluginManager._log (src/infrastructure/plugins/PluginManager.js:483:21)

  console.info
    [PluginManager] Plugin 'plugin-1' enabled

      at PluginManager._log (src/infrastructure/plugins/PluginManager.js:483:21)

  console.info
    [PluginManager] Plugin 'plugin-2' enabled

      at PluginManager._log (src/infrastructure/plugins/PluginManager.js:483:21)

  console.info
    [PluginManager] Plugin 'plugin-4' enabled

      at PluginManager._log (src/infrastructure/plugins/PluginManager.js:483:21)

  console.info
    [PluginManager] Plugin 'plugin-3' enabled

      at PluginManager._log (src/infrastructure/plugins/PluginManager.js:483:21)

  console.info
    [PluginManager] Plugin 'plugin-0' v1.0.0 registered

      at PluginManager._log (src/infrastructure/plugins/PluginManager.js:483:21)

  console.info
    [PluginManager] Plugin 'plugin-1' v1.0.0 registered

      at PluginManager._log (src/infrastructure/plugins/PluginManager.js:483:21)

  console.info
    [PluginManager] Plugin 'plugin-2' v1.0.0 registered

      at PluginManager._log (src/infrastructure/plugins/PluginManager.js:483:21)

  console.info
    [PluginManager] Plugin 'plugin-3' v1.0.0 registered

      at PluginManager._log (src/infrastructure/plugins/PluginManager.js:483:21)

  console.info
    [PluginManager] Plugin 'plugin-0' enabled

      at PluginManager._log (src/infrastructure/plugins/PluginManager.js:483:21)

  console.info
    [PluginManager] Plugin 'plugin-1' enabled

      at PluginManager._log (src/infrastructure/plugins/PluginManager.js:483:21)

  console.info
    [PluginManager] Plugin 'plugin-2' enabled

      at PluginManager._log (src/infrastructure/plugins/PluginManager.js:483:21)

  console.info
    [PluginManager] Plugin 'plugin-3' enabled

      at PluginManager._log (src/infrastructure/plugins/PluginManager.js:483:21)

  console.info
    [PluginManager] Plugin 'plugin-0' v1.0.0 registered

      at PluginManager._log (src/infrastructure/plugins/PluginManager.js:483:21)

  console.info
    [PluginManager] Plugin 'plugin-1' v1.0.0 registered

      at PluginManager._log (src/infrastructure/plugins/PluginManager.js:483:21)

  console.info
    [PluginManager] Plugin 'plugin-2' v1.0.0 registered

      at PluginManager._log (src/infrastructure/plugins/PluginManager.js:483:21)

  console.info
    [PluginManager] Plugin 'plugin-0' enabled

      at PluginManager._log (src/infrastructure/plugins/PluginManager.js:483:21)

  console.info
    [PluginManager] Plugin 'plugin-1' enabled

      at PluginManager._log (src/infrastructure/plugins/PluginManager.js:483:21)

  console.info
    [PluginManager] Plugin 'plugin-2' enabled

      at PluginManager._log (src/infrastructure/plugins/PluginManager.js:483:21)

  console.info
    [PluginManager] Plugin 'plugin-0' v1.0.0 registered

      at PluginManager._log (src/infrastructure/plugins/PluginManager.js:483:21)

  console.info
    [PluginManager] Plugin 'plugin-1' v1.0.0 registered

      at PluginManager._log (src/infrastructure/plugins/PluginManager.js:483:21)

  console.info
    [PluginManager] Plugin 'plugin-2' v1.0.0 registered

      at PluginManager._log (src/infrastructure/plugins/PluginManager.js:483:21)

  console.info
    [PluginManager] Plugin 'plugin-3' v1.0.0 registered

      at PluginManager._log (src/infrastructure/plugins/PluginManager.js:483:21)

  console.info
    [PluginManager] Plugin 'plugin-4' v1.0.0 registered

      at PluginManager._log (src/infrastructure/plugins/PluginManager.js:483:21)

  console.info
    [PluginManager] Plugin 'plugin-0' enabled

      at PluginManager._log (src/infrastructure/plugins/PluginManager.js:483:21)

  console.info
    [PluginManager] Plugin 'plugin-1' enabled

      at PluginManager._log (src/infrastructure/plugins/PluginManager.js:483:21)

  console.info
    [PluginManager] Plugin 'plugin-2' enabled

      at PluginManager._log (src/infrastructure/plugins/PluginManager.js:483:21)

  console.info
    [PluginManager] Plugin 'plugin-3' enabled

      at PluginManager._log (src/infrastructure/plugins/PluginManager.js:483:21)

  console.info
    [PluginManager] Plugin 'plugin-4' enabled

      at PluginManager._log (src/infrastructure/plugins/PluginManager.js:483:21)

  console.info
    [PluginManager] Plugin 'plugin-0' v1.0.0 registered

      at PluginManager._log (src/infrastructure/plugins/PluginManager.js:483:21)

  console.info
    [PluginManager] Plugin 'plugin-1' v1.0.0 registered

      at PluginManager._log (src/infrastructure/plugins/PluginManager.js:483:21)

  console.info
    [PluginManager] Plugin 'plugin-2' v1.0.0 registered

      at PluginManager._log (src/infrastructure/plugins/PluginManager.js:483:21)

  console.info
    [PluginManager] Plugin 'plugin-3' v1.0.0 registered

      at PluginManager._log (src/infrastructure/plugins/PluginManager.js:483:21)

  console.info
    [PluginManager] Plugin 'plugin-4' v1.0.0 registered

      at PluginManager._log (src/infrastructure/plugins/PluginManager.js:483:21)

  console.info
    [PluginManager] Plugin 'plugin-0' enabled

      at PluginManager._log (src/infrastructure/plugins/PluginManager.js:483:21)

  console.info
    [PluginManager] Plugin 'plugin-1' enabled

      at PluginManager._log (src/infrastructure/plugins/PluginManager.js:483:21)

  console.info
    [PluginManager] Plugin 'plugin-2' enabled

      at PluginManager._log (src/infrastructure/plugins/PluginManager.js:483:21)

  console.info
    [PluginManager] Plugin 'plugin-3' enabled

      at PluginManager._log (src/infrastructure/plugins/PluginManager.js:483:21)

  console.info
    [PluginManager] Plugin 'plugin-4' enabled

      at PluginManager._log (src/infrastructure/plugins/PluginManager.js:483:21)

  console.info
    [PluginManager] Plugin 'plugin-0' v1.0.0 registered

      at PluginManager._log (src/infrastructure/plugins/PluginManager.js:483:21)

  console.info
    [PluginManager] Plugin 'plugin-1' v1.0.0 registered

      at PluginManager._log (src/infrastructure/plugins/PluginManager.js:483:21)

  console.info
    [PluginManager] Plugin 'plugin-0' v1.0.0 registered

      at PluginManager._log (src/infrastructure/plugins/PluginManager.js:483:21)

  console.info
    [PluginManager] Plugin 'plugin-1' v1.0.0 registered

      at PluginManager._log (src/infrastructure/plugins/PluginManager.js:483:21)

  console.info
    [PluginManager] Plugin 'plugin-2' v1.0.0 registered

      at PluginManager._log (src/infrastructure/plugins/PluginManager.js:483:21)

  console.info
    [PluginManager] Plugin 'plugin-3' v1.0.0 registered

      at PluginManager._log (src/infrastructure/plugins/PluginManager.js:483:21)

  console.info
    [PluginManager] Plugin 'plugin-4' v1.0.0 registered

      at PluginManager._log (src/infrastructure/plugins/PluginManager.js:483:21)

  console.info
    [PluginManager] Plugin 'plugin-0' v1.0.0 registered

      at PluginManager._log (src/infrastructure/plugins/PluginManager.js:483:21)

  console.info
    [PluginManager] Plugin 'plugin-1' v1.0.0 registered

      at PluginManager._log (src/infrastructure/plugins/PluginManager.js:483:21)

  console.info
    [PluginManager] Plugin 'plugin-2' v1.0.0 registered

      at PluginManager._log (src/infrastructure/plugins/PluginManager.js:483:21)

  console.info
    [PluginManager] Plugin 'plugin-0' v1.0.0 registered

      at PluginManager._log (src/infrastructure/plugins/PluginManager.js:483:21)

  console.info
    [PluginManager] Plugin 'plugin-1' v1.0.0 registered

      at PluginManager._log (src/infrastructure/plugins/PluginManager.js:483:21)

  console.info
    [PluginManager] Plugin 'plugin-2' v1.0.0 registered

      at PluginManager._log (src/infrastructure/plugins/PluginManager.js:483:21)

  console.info
    [PluginManager] Plugin 'plugin-3' v1.0.0 registered

      at PluginManager._log (src/infrastructure/plugins/PluginManager.js:483:21)

  console.info
    [PluginManager] Plugin 'plugin-0' v1.0.0 registered

      at PluginManager._log (src/infrastructure/plugins/PluginManager.js:483:21)

  console.info
    [PluginManager] Plugin 'plugin-1' v1.0.0 registered

      at PluginManager._log (src/infrastructure/plugins/PluginManager.js:483:21)

  console.info
    [PluginManager] Plugin 'plugin-2' v1.0.0 registered

      at PluginManager._log (src/infrastructure/plugins/PluginManager.js:483:21)

  console.info
    [PluginManager] Plugin 'plugin-3' v1.0.0 registered

      at PluginManager._log (src/infrastructure/plugins/PluginManager.js:483:21)

  console.info
    [PluginManager] Plugin 'plugin-0' v1.0.0 registered

      at PluginManager._log (src/infrastructure/plugins/PluginManager.js:483:21)

  console.info
    [PluginManager] Plugin 'plugin-1' v1.0.0 registered

      at PluginManager._log (src/infrastructure/plugins/PluginManager.js:483:21)

  console.info
    [PluginManager] Plugin 'plugin-2' v1.0.0 registered

      at PluginManager._log (src/infrastructure/plugins/PluginManager.js:483:21)

  console.info
    [PluginManager] Plugin 'plugin-3' v1.0.0 registered

      at PluginManager._log (src/infrastructure/plugins/PluginManager.js:483:21)

  console.info
    [PluginManager] Plugin 'plugin-0' v1.0.0 registered

      at PluginManager._log (src/infrastructure/plugins/PluginManager.js:483:21)

  console.info
    [PluginManager] Plugin 'plugin-1' v1.0.0 registered

      at PluginManager._log (src/infrastructure/plugins/PluginManager.js:483:21)

  console.info
    [PluginManager] Plugin 'plugin-0' v1.0.0 registered

      at PluginManager._log (src/infrastructure/plugins/PluginManager.js:483:21)

  console.info
    [PluginManager] Plugin 'plugin-1' v1.0.0 registered

      at PluginManager._log (src/infrastructure/plugins/PluginManager.js:483:21)

  console.info
    [PluginManager] Plugin 'plugin-2' v1.0.0 registered

      at PluginManager._log (src/infrastructure/plugins/PluginManager.js:483:21)

  console.info
    [PluginManager] Plugin 'plugin-3' v1.0.0 registered

      at PluginManager._log (src/infrastructure/plugins/PluginManager.js:483:21)

  console.info
    [PluginManager] Plugin 'plugin-0' v1.0.0 registered

      at PluginManager._log (src/infrastructure/plugins/PluginManager.js:483:21)

  console.info
    [PluginManager] Plugin 'plugin-1' v1.0.0 registered

      at PluginManager._log (src/infrastructure/plugins/PluginManager.js:483:21)

  console.info
    [PluginManager] Plugin 'plugin-0' v1.0.0 registered

      at PluginManager._log (src/infrastructure/plugins/PluginManager.js:483:21)

  console.info
    [PluginManager] Plugin 'plugin-1' v1.0.0 registered

      at PluginManager._log (src/infrastructure/plugins/PluginManager.js:483:21)

  console.info
    [PluginManager] Plugin 'plugin-2' v1.0.0 registered

      at PluginManager._log (src/infrastructure/plugins/PluginManager.js:483:21)

  console.info
    [PluginManager] Plugin 'plugin-3' v1.0.0 registered

      at PluginManager._log (src/infrastructure/plugins/PluginManager.js:483:21)

  console.info
    [PluginManager] Plugin 'plugin-0' v1.0.0 registered

      at PluginManager._log (src/infrastructure/plugins/PluginManager.js:483:21)

  console.info
    [PluginManager] Plugin 'plugin-1' v1.0.0 registered

      at PluginManager._log (src/infrastructure/plugins/PluginManager.js:483:21)

  console.info
    [PluginManager] Plugin 'plugin-0' v1.0.0 registered

      at PluginManager._log (src/infrastructure/plugins/PluginManager.js:483:21)

  console.info
    [PluginManager] Plugin 'plugin-1' v1.0.0 registered

      at PluginManager._log (src/infrastructure/plugins/PluginManager.js:483:21)

  console.info
    [PluginManager] Plugin 'plugin-2' v1.0.0 registered

      at PluginManager._log (src/infrastructure/plugins/PluginManager.js:483:21)

  console.info
    [PluginManager] Plugin 'plugin-0' v1.0.0 registered

      at PluginManager._log (src/infrastructure/plugins/PluginManager.js:483:21)

  console.info
    [PluginManager] Plugin 'plugin-1' v1.0.0 registered

      at PluginManager._log (src/infrastructure/plugins/PluginManager.js:483:21)

  console.info
    [PluginManager] Plugin 'plugin-0' v1.0.0 registered

      at PluginManager._log (src/infrastructure/plugins/PluginManager.js:483:21)

  console.info
    [PluginManager] Plugin 'plugin-1' v1.0.0 registered

      at PluginManager._log (src/infrastructure/plugins/PluginManager.js:483:21)

  console.info
    [PluginManager] Plugin 'plugin-2' v1.0.0 registered

      at PluginManager._log (src/infrastructure/plugins/PluginManager.js:483:21)

  console.info
    [PluginManager] Plugin 'plugin-0' v1.0.0 registered

      at PluginManager._log (src/infrastructure/plugins/PluginManager.js:483:21)

  console.info
    [PluginManager] Plugin 'plugin-1' v1.0.0 registered

      at PluginManager._log (src/infrastructure/plugins/PluginManager.js:483:21)

  console.info
    [PluginManager] Plugin 'plugin-2' v1.0.0 registered

      at PluginManager._log (src/infrastructure/plugins/PluginManager.js:483:21)

  console.info
    [PluginManager] Plugin 'plugin-3' v1.0.0 registered

      at PluginManager._log (src/infrastructure/plugins/PluginManager.js:483:21)

  console.info
    [PluginManager] Plugin 'plugin-0' v1.0.0 registered

      at PluginManager._log (src/infrastructure/plugins/PluginManager.js:483:21)

  console.info
    [PluginManager] Plugin 'plugin-1' v1.0.0 registered

      at PluginManager._log (src/infrastructure/plugins/PluginManager.js:483:21)

  console.info
    [PluginManager] Plugin 'plugin-0' v1.0.0 registered

      at PluginManager._log (src/infrastructure/plugins/PluginManager.js:483:21)

  console.info
    [PluginManager] Plugin 'plugin-1' v1.0.0 registered

      at PluginManager._log (src/infrastructure/plugins/PluginManager.js:483:21)

  console.info
    [PluginManager] Plugin 'plugin-0' v1.0.0 registered

      at PluginManager._log (src/infrastructure/plugins/PluginManager.js:483:21)

  console.info
    [PluginManager] Plugin 'plugin-1' v1.0.0 registered

      at PluginManager._log (src/infrastructure/plugins/PluginManager.js:483:21)

  console.info
    [PluginManager] Plugin 'plugin-2' v1.0.0 registered

      at PluginManager._log (src/infrastructure/plugins/PluginManager.js:483:21)

  console.info
    [PluginManager] Plugin 'plugin-3' v1.0.0 registered

      at PluginManager._log (src/infrastructure/plugins/PluginManager.js:483:21)

  console.info
    [PluginManager] Plugin 'plugin-4' v1.0.0 registered

      at PluginManager._log (src/infrastructure/plugins/PluginManager.js:483:21)

  console.info
    [PluginManager] Plugin 'plugin-0' v1.0.0 registered

      at PluginManager._log (src/infrastructure/plugins/PluginManager.js:483:21)

  console.info
    [PluginManager] Plugin 'plugin-1' v1.0.0 registered

      at PluginManager._log (src/infrastructure/plugins/PluginManager.js:483:21)

  console.info
    [PluginManager] Plugin 'plugin-2' v1.0.0 registered

      at PluginManager._log (src/infrastructure/plugins/PluginManager.js:483:21)

  console.info
    [PluginManager] Plugin 'plugin-3' v1.0.0 registered

      at PluginManager._log (src/infrastructure/plugins/PluginManager.js:483:21)

  console.info
    [PluginManager] Plugin 'plugin-4' v1.0.0 registered

      at PluginManager._log (src/infrastructure/plugins/PluginManager.js:483:21)

  console.info
    [PluginManager] Plugin 'plugin-0' v1.0.0 registered

      at PluginManager._log (src/infrastructure/plugins/PluginManager.js:483:21)

  console.info
    [PluginManager] Plugin 'plugin-1' v1.0.0 registered

      at PluginManager._log (src/infrastructure/plugins/PluginManager.js:483:21)

  console.info
    [PluginManager] Plugin 'plugin-0' v1.0.0 registered

      at PluginManager._log (src/infrastructure/plugins/PluginManager.js:483:21)

  console.info
    [PluginManager] Plugin 'plugin-1' v1.0.0 registered

      at PluginManager._log (src/infrastructure/plugins/PluginManager.js:483:21)

  console.info
    [PluginManager] Plugin 'plugin-2' v1.0.0 registered

      at PluginManager._log (src/infrastructure/plugins/PluginManager.js:483:21)

  console.info
    [PluginManager] Plugin 'plugin-0' v1.0.0 registered

      at PluginManager._log (src/infrastructure/plugins/PluginManager.js:483:21)

  console.info
    [PluginManager] Plugin 'plugin-1' v1.0.0 registered

      at PluginManager._log (src/infrastructure/plugins/PluginManager.js:483:21)

  console.info
    [PluginManager] Plugin 'plugin-2' v1.0.0 registered

      at PluginManager._log (src/infrastructure/plugins/PluginManager.js:483:21)

  console.info
    [PluginManager] Plugin 'plugin-3' v1.0.0 registered

      at PluginManager._log (src/infrastructure/plugins/PluginManager.js:483:21)

  console.info
    [PluginManager] Plugin 'plugin-4' v1.0.0 registered

      at PluginManager._log (src/infrastructure/plugins/PluginManager.js:483:21)

  console.info
    [PluginManager] Plugin 'plugin-0' v1.0.0 registered

      at PluginManager._log (src/infrastructure/plugins/PluginManager.js:483:21)

  console.info
    [PluginManager] Plugin 'plugin-1' v1.0.0 registered

      at PluginManager._log (src/infrastructure/plugins/PluginManager.js:483:21)

  console.info
    [PluginManager] Plugin 'plugin-2' v1.0.0 registered

      at PluginManager._log (src/infrastructure/plugins/PluginManager.js:483:21)

  console.info
    [PluginManager] Plugin 'plugin-0' v1.0.0 registered

      at PluginManager._log (src/infrastructure/plugins/PluginManager.js:483:21)

  console.info
    [PluginManager] Plugin 'plugin-1' v1.0.0 registered

      at PluginManager._log (src/infrastructure/plugins/PluginManager.js:483:21)

  console.info
    [PluginManager] Plugin 'plugin-2' v1.0.0 registered

      at PluginManager._log (src/infrastructure/plugins/PluginManager.js:483:21)

  console.info
    [PluginManager] Plugin 'plugin-3' v1.0.0 registered

      at PluginManager._log (src/infrastructure/plugins/PluginManager.js:483:21)

  console.info
    [PluginManager] Plugin 'plugin-0' v1.0.0 registered

      at PluginManager._log (src/infrastructure/plugins/PluginManager.js:483:21)

  console.info
    [PluginManager] Plugin 'plugin-1' v1.0.0 registered

      at PluginManager._log (src/infrastructure/plugins/PluginManager.js:483:21)

  console.info
    [PluginManager] Plugin 'plugin-2' v1.0.0 registered

      at PluginManager._log (src/infrastructure/plugins/PluginManager.js:483:21)

  console.info
    [PluginManager] Plugin 'plugin-0' v1.0.0 registered

      at PluginManager._log (src/infrastructure/plugins/PluginManager.js:483:21)

  console.info
    [PluginManager] Plugin 'plugin-1' v1.0.0 registered

      at PluginManager._log (src/infrastructure/plugins/PluginManager.js:483:21)

  console.info
    [PluginManager] Plugin 'plugin-2' v1.0.0 registered

      at PluginManager._log (src/infrastructure/plugins/PluginManager.js:483:21)

  console.info
    [PluginManager] Plugin 'plugin-3' v1.0.0 registered

      at PluginManager._log (src/infrastructure/plugins/PluginManager.js:483:21)

  console.info
    [PluginManager] Plugin 'plugin-0' v1.0.0 registered

      at PluginManager._log (src/infrastructure/plugins/PluginManager.js:483:21)

  console.info
    [PluginManager] Plugin 'plugin-1' v1.0.0 registered

      at PluginManager._log (src/infrastructure/plugins/PluginManager.js:483:21)

  console.info
    [PluginManager] Plugin 'plugin-0' v1.0.0 registered

      at PluginManager._log (src/infrastructure/plugins/PluginManager.js:483:21)

  console.info
    [PluginManager] Plugin 'plugin-1' v1.0.0 registered

      at PluginManager._log (src/infrastructure/plugins/PluginManager.js:483:21)

  console.info
    [PluginManager] Plugin 'plugin-0' v1.0.0 registered

      at PluginManager._log (src/infrastructure/plugins/PluginManager.js:483:21)

  console.info
    [PluginManager] Plugin 'plugin-1' v1.0.0 registered

      at PluginManager._log (src/infrastructure/plugins/PluginManager.js:483:21)

  console.info
    [PluginManager] Plugin 'plugin-2' v1.0.0 registered

      at PluginManager._log (src/infrastructure/plugins/PluginManager.js:483:21)

  console.info
    [PluginManager] Plugin 'plugin-0' v1.0.0 registered

      at PluginManager._log (src/infrastructure/plugins/PluginManager.js:483:21)

  console.info
    [PluginManager] Plugin 'plugin-1' v1.0.0 registered

      at PluginManager._log (src/infrastructure/plugins/PluginManager.js:483:21)

  console.info
    [PluginManager] Plugin 'plugin-0' v1.0.0 registered

      at PluginManager._log (src/infrastructure/plugins/PluginManager.js:483:21)

  console.info
    [PluginManager] Plugin 'plugin-1' v1.0.0 registered

      at PluginManager._log (src/infrastructure/plugins/PluginManager.js:483:21)

  console.info
    [PluginManager] Plugin 'plugin-2' v1.0.0 registered

      at PluginManager._log (src/infrastructure/plugins/PluginManager.js:483:21)

  console.info
    [PluginManager] Plugin 'plugin-3' v1.0.0 registered

      at PluginManager._log (src/infrastructure/plugins/PluginManager.js:483:21)

  console.info
    [PluginManager] Plugin 'plugin-0' v1.0.0 registered

      at PluginManager._log (src/infrastructure/plugins/PluginManager.js:483:21)

  console.info
    [PluginManager] Plugin 'plugin-1' v1.0.0 registered

      at PluginManager._log (src/infrastructure/plugins/PluginManager.js:483:21)

  console.info
    [PluginManager] Plugin 'plugin-2' v1.0.0 registered

      at PluginManager._log (src/infrastructure/plugins/PluginManager.js:483:21)

  console.info
    [PluginManager] Plugin 'plugin-3' v1.0.0 registered

      at PluginManager._log (src/infrastructure/plugins/PluginManager.js:483:21)

  console.info
    [PluginManager] Plugin 'plugin-4' v1.0.0 registered

      at PluginManager._log (src/infrastructure/plugins/PluginManager.js:483:21)

  console.info
    [PluginManager] Plugin 'plugin-0' v1.0.0 registered

      at PluginManager._log (src/infrastructure/plugins/PluginManager.js:483:21)

  console.info
    [PluginManager] Plugin 'plugin-1' v1.0.0 registered

      at PluginManager._log (src/infrastructure/plugins/PluginManager.js:483:21)

  console.info
    [PluginManager] Plugin 'plugin-2' v1.0.0 registered

      at PluginManager._log (src/infrastructure/plugins/PluginManager.js:483:21)

  console.info
    [PluginManager] Plugin 'plugin-0' v1.0.0 registered

      at PluginManager._log (src/infrastructure/plugins/PluginManager.js:483:21)

  console.info
    [PluginManager] Plugin 'plugin-1' v1.0.0 registered

      at PluginManager._log (src/infrastructure/plugins/PluginManager.js:483:21)

  console.info
    [PluginManager] Plugin 'plugin-2' v1.0.0 registered

      at PluginManager._log (src/infrastructure/plugins/PluginManager.js:483:21)

  console.info
    [PluginManager] Plugin 'plugin-3' v1.0.0 registered

      at PluginManager._log (src/infrastructure/plugins/PluginManager.js:483:21)

  console.info
    [PluginManager] Plugin 'plugin-4' v1.0.0 registered

      at PluginManager._log (src/infrastructure/plugins/PluginManager.js:483:21)

  console.info
    [PluginManager] Plugin 'plugin-0' v1.0.0 registered

      at PluginManager._log (src/infrastructure/plugins/PluginManager.js:483:21)

  console.info
    [PluginManager] Plugin 'plugin-1' v1.0.0 registered

      at PluginManager._log (src/infrastructure/plugins/PluginManager.js:483:21)

  console.info
    [PluginManager] Plugin 'plugin-0' v1.0.0 registered

      at PluginManager._log (src/infrastructure/plugins/PluginManager.js:483:21)

  console.info
    [PluginManager] Plugin 'plugin-1' v1.0.0 registered

      at PluginManager._log (src/infrastructure/plugins/PluginManager.js:483:21)

  console.info
    [PluginManager] Plugin 'plugin-2' v1.0.0 registered

      at PluginManager._log (src/infrastructure/plugins/PluginManager.js:483:21)

  console.info
    [PluginManager] Plugin 'plugin-3' v1.0.0 registered

      at PluginManager._log (src/infrastructure/plugins/PluginManager.js:483:21)

  console.info
    [PluginManager] Plugin 'plugin-4' v1.0.0 registered

      at PluginManager._log (src/infrastructure/plugins/PluginManager.js:483:21)

  console.info
    [PluginManager] Plugin 'plugin-0' v1.0.0 registered

      at PluginManager._log (src/infrastructure/plugins/PluginManager.js:483:21)

  console.info
    [PluginManager] Plugin 'plugin-1' v1.0.0 registered

      at PluginManager._log (src/infrastructure/plugins/PluginManager.js:483:21)

  console.info
    [PluginManager] Plugin 'plugin-2' v1.0.0 registered

      at PluginManager._log (src/infrastructure/plugins/PluginManager.js:483:21)

  console.info
    [PluginManager] Plugin 'plugin-3' v1.0.0 registered

      at PluginManager._log (src/infrastructure/plugins/PluginManager.js:483:21)

  console.info
    [PluginManager] Plugin 'plugin-4' v1.0.0 registered

      at PluginManager._log (src/infrastructure/plugins/PluginManager.js:483:21)

  console.info
    [PluginManager] Plugin 'plugin-0' v1.0.0 registered

      at PluginManager._log (src/infrastructure/plugins/PluginManager.js:483:21)

  console.info
    [PluginManager] Plugin 'plugin-1' v1.0.0 registered

      at PluginManager._log (src/infrastructure/plugins/PluginManager.js:483:21)

  console.info
    [PluginManager] Plugin 'plugin-0' v1.0.0 registered

      at PluginManager._log (src/infrastructure/plugins/PluginManager.js:483:21)

  console.info
    [PluginManager] Plugin 'plugin-1' v1.0.0 registered

      at PluginManager._log (src/infrastructure/plugins/PluginManager.js:483:21)

  console.info
    [PluginManager] Plugin 'plugin-0' v1.0.0 registered

      at PluginManager._log (src/infrastructure/plugins/PluginManager.js:483:21)

  console.info
    [PluginManager] Plugin 'plugin-1' v1.0.0 registered

      at PluginManager._log (src/infrastructure/plugins/PluginManager.js:483:21)

  console.info
    [PluginManager] Plugin 'plugin-2' v1.0.0 registered

      at PluginManager._log (src/infrastructure/plugins/PluginManager.js:483:21)

  console.info
    [PluginManager] Plugin 'plugin-3' v1.0.0 registered

      at PluginManager._log (src/infrastructure/plugins/PluginManager.js:483:21)

  console.info
    [PluginManager] Plugin 'plugin-0' v1.0.0 registered

      at PluginManager._log (src/infrastructure/plugins/PluginManager.js:483:21)

  console.info
    [PluginManager] Plugin 'plugin-1' v1.0.0 registered

      at PluginManager._log (src/infrastructure/plugins/PluginManager.js:483:21)

  console.info
    [PluginManager] Plugin 'plugin-2' v1.0.0 registered

      at PluginManager._log (src/infrastructure/plugins/PluginManager.js:483:21)

  console.info
    [PluginManager] Plugin 'plugin-3' v1.0.0 registered

      at PluginManager._log (src/infrastructure/plugins/PluginManager.js:483:21)

  console.info
    [PluginManager] Plugin 'plugin-4' v1.0.0 registered

      at PluginManager._log (src/infrastructure/plugins/PluginManager.js:483:21)

  console.info
    [PluginManager] Plugin 'plugin-0' v1.0.0 registered

      at PluginManager._log (src/infrastructure/plugins/PluginManager.js:483:21)

  console.info
    [PluginManager] Plugin 'plugin-1' v1.0.0 registered

      at PluginManager._log (src/infrastructure/plugins/PluginManager.js:483:21)

  console.info
    [PluginManager] Plugin 'plugin-0' v1.0.0 registered

      at PluginManager._log (src/infrastructure/plugins/PluginManager.js:483:21)

  console.info
    [PluginManager] Plugin 'plugin-1' v1.0.0 registered

      at PluginManager._log (src/infrastructure/plugins/PluginManager.js:483:21)

  console.info
    [PluginManager] Plugin 'plugin-0' v1.0.0 registered

      at PluginManager._log (src/infrastructure/plugins/PluginManager.js:483:21)

  console.info
    [PluginManager] Plugin 'plugin-1' v1.0.0 registered

      at PluginManager._log (src/infrastructure/plugins/PluginManager.js:483:21)

  console.info
    [PluginManager] Plugin 'plugin-2' v1.0.0 registered

      at PluginManager._log (src/infrastructure/plugins/PluginManager.js:483:21)

  console.info
    [PluginManager] Plugin 'plugin-3' v1.0.0 registered

      at PluginManager._log (src/infrastructure/plugins/PluginManager.js:483:21)

  console.info
    [PluginManager] Plugin 'plugin-0' v1.0.0 registered

      at PluginManager._log (src/infrastructure/plugins/PluginManager.js:483:21)

  console.info
    [PluginManager] Plugin 'plugin-1' v1.0.0 registered

      at PluginManager._log (src/infrastructure/plugins/PluginManager.js:483:21)

  console.info
    [PluginManager] Plugin 'plugin-2' v1.0.0 registered

      at PluginManager._log (src/infrastructure/plugins/PluginManager.js:483:21)

  console.info
    [PluginManager] Plugin 'plugin-0' v1.0.0 registered

      at PluginManager._log (src/infrastructure/plugins/PluginManager.js:483:21)

  console.info
    [PluginManager] Plugin 'plugin-1' v1.0.0 registered

      at PluginManager._log (src/infrastructure/plugins/PluginManager.js:483:21)

  console.info
    [PluginManager] Plugin 'plugin-2' v1.0.0 registered

      at PluginManager._log (src/infrastructure/plugins/PluginManager.js:483:21)

  console.info
    [PluginManager] Plugin 'plugin-0' v1.0.0 registered

      at PluginManager._log (src/infrastructure/plugins/PluginManager.js:483:21)

  console.info
    [PluginManager] Plugin 'plugin-1' v1.0.0 registered

      at PluginManager._log (src/infrastructure/plugins/PluginManager.js:483:21)

  console.info
    [PluginManager] Plugin 'plugin-2' v1.0.0 registered

      at PluginManager._log (src/infrastructure/plugins/PluginManager.js:483:21)

  console.info
    [PluginManager] Plugin 'plugin-3' v1.0.0 registered

      at PluginManager._log (src/infrastructure/plugins/PluginManager.js:483:21)

  console.info
    [PluginManager] Plugin 'plugin-0' v1.0.0 registered

      at PluginManager._log (src/infrastructure/plugins/PluginManager.js:483:21)

  console.info
    [PluginManager] Plugin 'plugin-1' v1.0.0 registered

      at PluginManager._log (src/infrastructure/plugins/PluginManager.js:483:21)

  console.info
    [PluginManager] Plugin 'plugin-2' v1.0.0 registered

      at PluginManager._log (src/infrastructure/plugins/PluginManager.js:483:21)

  console.info
    [PluginManager] Plugin 'plugin-3' v1.0.0 registered

      at PluginManager._log (src/infrastructure/plugins/PluginManager.js:483:21)

  console.info
    [PluginManager] Plugin 'plugin-4' v1.0.0 registered

      at PluginManager._log (src/infrastructure/plugins/PluginManager.js:483:21)

  console.info
    [PluginManager] Plugin 'plugin-0' v1.0.0 registered

      at PluginManager._log (src/infrastructure/plugins/PluginManager.js:483:21)

  console.info
    [PluginManager] Plugin 'plugin-1' v1.0.0 registered

      at PluginManager._log (src/infrastructure/plugins/PluginManager.js:483:21)

  console.info
    [PluginManager] Plugin 'plugin-2' v1.0.0 registered

      at PluginManager._log (src/infrastructure/plugins/PluginManager.js:483:21)

  console.info
    [PluginManager] Plugin 'plugin-0' v1.0.0 registered

      at PluginManager._log (src/infrastructure/plugins/PluginManager.js:483:21)

  console.info
    [PluginManager] Plugin 'plugin-1' v1.0.0 registered

      at PluginManager._log (src/infrastructure/plugins/PluginManager.js:483:21)

  console.info
    [PluginManager] Plugin 'plugin-2' v1.0.0 registered

      at PluginManager._log (src/infrastructure/plugins/PluginManager.js:483:21)

  console.info
    [PluginManager] Plugin 'plugin-3' v1.0.0 registered

      at PluginManager._log (src/infrastructure/plugins/PluginManager.js:483:21)

  console.info
    [PluginManager] Plugin 'plugin-4' v1.0.0 registered

      at PluginManager._log (src/infrastructure/plugins/PluginManager.js:483:21)

  console.info
    [PluginManager] Plugin 'independent-0' v1.0.0 registered

      at PluginManager._log (src/infrastructure/plugins/PluginManager.js:483:21)

  console.info
    [PluginManager] Plugin 'independent-1' v1.0.0 registered

      at PluginManager._log (src/infrastructure/plugins/PluginManager.js:483:21)

  console.info
    [PluginManager] Plugin 'independent-2' v1.0.0 registered

      at PluginManager._log (src/infrastructure/plugins/PluginManager.js:483:21)

  console.info
    [PluginManager] Plugin 'independent-3' v1.0.0 registered

      at PluginManager._log (src/infrastructure/plugins/PluginManager.js:483:21)

  console.info
    [PluginManager] Plugin 'independent-4' v1.0.0 registered

      at PluginManager._log (src/infrastructure/plugins/PluginManager.js:483:21)

  console.info
    [PluginManager] Plugin 'independent-0' enabled

      at PluginManager._log (src/infrastructure/plugins/PluginManager.js:483:21)

  console.info
    [PluginManager] Plugin 'independent-1' enabled

      at PluginManager._log (src/infrastructure/plugins/PluginManager.js:483:21)

  console.info
    [PluginManager] Plugin 'independent-2' enabled

      at PluginManager._log (src/infrastructure/plugins/PluginManager.js:483:21)

  console.info
    [PluginManager] Plugin 'independent-3' enabled

      at PluginManager._log (src/infrastructure/plugins/PluginManager.js:483:21)

  console.info
    [PluginManager] Plugin 'independent-4' enabled

      at PluginManager._log (src/infrastructure/plugins/PluginManager.js:483:21)

  console.info
    [PluginManager] Plugin 'independent-0' v1.0.0 registered

      at PluginManager._log (src/infrastructure/plugins/PluginManager.js:483:21)

  console.info
    [PluginManager] Plugin 'independent-1' v1.0.0 registered

      at PluginManager._log (src/infrastructure/plugins/PluginManager.js:483:21)

  console.info
    [PluginManager] Plugin 'independent-2' v1.0.0 registered

      at PluginManager._log (src/infrastructure/plugins/PluginManager.js:483:21)

  console.info
    [PluginManager] Plugin 'independent-3' v1.0.0 registered

      at PluginManager._log (src/infrastructure/plugins/PluginManager.js:483:21)

  console.info
    [PluginManager] Plugin 'independent-4' v1.0.0 registered

      at PluginManager._log (src/infrastructure/plugins/PluginManager.js:483:21)

  console.info
    [PluginManager] Plugin 'independent-5' v1.0.0 registered

      at PluginManager._log (src/infrastructure/plugins/PluginManager.js:483:21)

  console.info
    [PluginManager] Plugin 'independent-6' v1.0.0 registered

      at PluginManager._log (src/infrastructure/plugins/PluginManager.js:483:21)

  console.info
    [PluginManager] Plugin 'independent-0' enabled

      at PluginManager._log (src/infrastructure/plugins/PluginManager.js:483:21)

  console.info
    [PluginManager] Plugin 'independent-1' enabled

      at PluginManager._log (src/infrastructure/plugins/PluginManager.js:483:21)

  console.info
    [PluginManager] Plugin 'independent-2' enabled

      at PluginManager._log (src/infrastructure/plugins/PluginManager.js:483:21)

  console.info
    [PluginManager] Plugin 'independent-3' enabled

      at PluginManager._log (src/infrastructure/plugins/PluginManager.js:483:21)

  console.info
    [PluginManager] Plugin 'independent-4' enabled

      at PluginManager._log (src/infrastructure/plugins/PluginManager.js:483:21)

  console.info
    [PluginManager] Plugin 'independent-5' enabled

      at PluginManager._log (src/infrastructure/plugins/PluginManager.js:483:21)

  console.info
    [PluginManager] Plugin 'independent-6' enabled

      at PluginManager._log (src/infrastructure/plugins/PluginManager.js:483:21)

  console.info
    [PluginManager] Plugin 'independent-0' v1.0.0 registered

      at PluginManager._log (src/infrastructure/plugins/PluginManager.js:483:21)

  console.info
    [PluginManager] Plugin 'independent-1' v1.0.0 registered

      at PluginManager._log (src/infrastructure/plugins/PluginManager.js:483:21)

  console.info
    [PluginManager] Plugin 'independent-0' enabled

      at PluginManager._log (src/infrastructure/plugins/PluginManager.js:483:21)

  console.info
    [PluginManager] Plugin 'independent-1' enabled

      at PluginManager._log (src/infrastructure/plugins/PluginManager.js:483:21)

  console.info
    [PluginManager] Plugin 'independent-0' v1.0.0 registered

      at PluginManager._log (src/infrastructure/plugins/PluginManager.js:483:21)

  console.info
    [PluginManager] Plugin 'independent-1' v1.0.0 registered

      at PluginManager._log (src/infrastructure/plugins/PluginManager.js:483:21)

  console.info
    [PluginManager] Plugin 'independent-2' v1.0.0 registered

      at PluginManager._log (src/infrastructure/plugins/PluginManager.js:483:21)

  console.info
    [PluginManager] Plugin 'independent-3' v1.0.0 registered

      at PluginManager._log (src/infrastructure/plugins/PluginManager.js:483:21)

  console.info
    [PluginManager] Plugin 'independent-0' enabled

      at PluginManager._log (src/infrastructure/plugins/PluginManager.js:483:21)

  console.info
    [PluginManager] Plugin 'independent-1' enabled

      at PluginManager._log (src/infrastructure/plugins/PluginManager.js:483:21)

  console.info
    [PluginManager] Plugin 'independent-2' enabled

      at PluginManager._log (src/infrastructure/plugins/PluginManager.js:483:21)

  console.info
    [PluginManager] Plugin 'independent-3' enabled

      at PluginManager._log (src/infrastructure/plugins/PluginManager.js:483:21)

  console.info
    [PluginManager] Plugin 'independent-0' v1.0.0 registered

      at PluginManager._log (src/infrastructure/plugins/PluginManager.js:483:21)

  console.info
    [PluginManager] Plugin 'independent-1' v1.0.0 registered

      at PluginManager._log (src/infrastructure/plugins/PluginManager.js:483:21)

  console.info
    [PluginManager] Plugin 'independent-0' enabled

      at PluginManager._log (src/infrastructure/plugins/PluginManager.js:483:21)

  console.info
    [PluginManager] Plugin 'independent-1' enabled

      at PluginManager._log (src/infrastructure/plugins/PluginManager.js:483:21)

  console.info
    [PluginManager] Plugin 'independent-0' v1.0.0 registered

      at PluginManager._log (src/infrastructure/plugins/PluginManager.js:483:21)

  console.info
    [PluginManager] Plugin 'independent-1' v1.0.0 registered

      at PluginManager._log (src/infrastructure/plugins/PluginManager.js:483:21)

  console.info
    [PluginManager] Plugin 'independent-2' v1.0.0 registered

      at PluginManager._log (src/infrastructure/plugins/PluginManager.js:483:21)

  console.info
    [PluginManager] Plugin 'independent-3' v1.0.0 registered

      at PluginManager._log (src/infrastructure/plugins/PluginManager.js:483:21)

  console.info
    [PluginManager] Plugin 'independent-4' v1.0.0 registered

      at PluginManager._log (src/infrastructure/plugins/PluginManager.js:483:21)

  console.info
    [PluginManager] Plugin 'independent-5' v1.0.0 registered

      at PluginManager._log (src/infrastructure/plugins/PluginManager.js:483:21)

  console.info
    [PluginManager] Plugin 'independent-6' v1.0.0 registered

      at PluginManager._log (src/infrastructure/plugins/PluginManager.js:483:21)

  console.info
    [PluginManager] Plugin 'independent-7' v1.0.0 registered

      at PluginManager._log (src/infrastructure/plugins/PluginManager.js:483:21)

  console.info
    [PluginManager] Plugin 'independent-8' v1.0.0 registered

      at PluginManager._log (src/infrastructure/plugins/PluginManager.js:483:21)

  console.info
    [PluginManager] Plugin 'independent-0' enabled

      at PluginManager._log (src/infrastructure/plugins/PluginManager.js:483:21)

  console.info
    [PluginManager] Plugin 'independent-1' enabled

      at PluginManager._log (src/infrastructure/plugins/PluginManager.js:483:21)

  console.info
    [PluginManager] Plugin 'independent-2' enabled

      at PluginManager._log (src/infrastructure/plugins/PluginManager.js:483:21)

  console.info
    [PluginManager] Plugin 'independent-3' enabled

      at PluginManager._log (src/infrastructure/plugins/PluginManager.js:483:21)

  console.info
    [PluginManager] Plugin 'independent-4' enabled

      at PluginManager._log (src/infrastructure/plugins/PluginManager.js:483:21)

  console.info
    [PluginManager] Plugin 'independent-5' enabled

      at PluginManager._log (src/infrastructure/plugins/PluginManager.js:483:21)

  console.info
    [PluginManager] Plugin 'independent-6' enabled

      at PluginManager._log (src/infrastructure/plugins/PluginManager.js:483:21)

  console.info
    [PluginManager] Plugin 'independent-7' enabled

      at PluginManager._log (src/infrastructure/plugins/PluginManager.js:483:21)

  console.info
    [PluginManager] Plugin 'independent-8' enabled

      at PluginManager._log (src/infrastructure/plugins/PluginManager.js:483:21)

  console.info
    [PluginManager] Plugin 'independent-0' v1.0.0 registered

      at PluginManager._log (src/infrastructure/plugins/PluginManager.js:483:21)

  console.info
    [PluginManager] Plugin 'independent-1' v1.0.0 registered

      at PluginManager._log (src/infrastructure/plugins/PluginManager.js:483:21)

  console.info
    [PluginManager] Plugin 'independent-2' v1.0.0 registered

      at PluginManager._log (src/infrastructure/plugins/PluginManager.js:483:21)

  console.info
    [PluginManager] Plugin 'independent-3' v1.0.0 registered

      at PluginManager._log (src/infrastructure/plugins/PluginManager.js:483:21)

  console.info
    [PluginManager] Plugin 'independent-4' v1.0.0 registered

      at PluginManager._log (src/infrastructure/plugins/PluginManager.js:483:21)

  console.info
    [PluginManager] Plugin 'independent-5' v1.0.0 registered

      at PluginManager._log (src/infrastructure/plugins/PluginManager.js:483:21)

  console.info
    [PluginManager] Plugin 'independent-6' v1.0.0 registered

      at PluginManager._log (src/infrastructure/plugins/PluginManager.js:483:21)

  console.info
    [PluginManager] Plugin 'independent-7' v1.0.0 registered

      at PluginManager._log (src/infrastructure/plugins/PluginManager.js:483:21)

  console.info
    [PluginManager] Plugin 'independent-8' v1.0.0 registered

      at PluginManager._log (src/infrastructure/plugins/PluginManager.js:483:21)

  console.info
    [PluginManager] Plugin 'independent-9' v1.0.0 registered

      at PluginManager._log (src/infrastructure/plugins/PluginManager.js:483:21)

  console.info
    [PluginManager] Plugin 'independent-0' enabled

      at PluginManager._log (src/infrastructure/plugins/PluginManager.js:483:21)

  console.info
    [PluginManager] Plugin 'independent-1' enabled

      at PluginManager._log (src/infrastructure/plugins/PluginManager.js:483:21)

  console.info
    [PluginManager] Plugin 'independent-2' enabled

      at PluginManager._log (src/infrastructure/plugins/PluginManager.js:483:21)

  console.info
    [PluginManager] Plugin 'independent-3' enabled

      at PluginManager._log (src/infrastructure/plugins/PluginManager.js:483:21)

  console.info
    [PluginManager] Plugin 'independent-4' enabled

      at PluginManager._log (src/infrastructure/plugins/PluginManager.js:483:21)

  console.info
    [PluginManager] Plugin 'independent-5' enabled

      at PluginManager._log (src/infrastructure/plugins/PluginManager.js:483:21)

  console.info
    [PluginManager] Plugin 'independent-6' enabled

      at PluginManager._log (src/infrastructure/plugins/PluginManager.js:483:21)

  console.info
    [PluginManager] Plugin 'independent-7' enabled

      at PluginManager._log (src/infrastructure/plugins/PluginManager.js:483:21)

  console.info
    [PluginManager] Plugin 'independent-8' enabled

      at PluginManager._log (src/infrastructure/plugins/PluginManager.js:483:21)

  console.info
    [PluginManager] Plugin 'independent-9' enabled

      at PluginManager._log (src/infrastructure/plugins/PluginManager.js:483:21)

  console.info
    [PluginManager] Plugin 'independent-0' v1.0.0 registered

      at PluginManager._log (src/infrastructure/plugins/PluginManager.js:483:21)

  console.info
    [PluginManager] Plugin 'independent-1' v1.0.0 registered

      at PluginManager._log (src/infrastructure/plugins/PluginManager.js:483:21)

  console.info
    [PluginManager] Plugin 'independent-2' v1.0.0 registered

      at PluginManager._log (src/infrastructure/plugins/PluginManager.js:483:21)

  console.info
    [PluginManager] Plugin 'independent-3' v1.0.0 registered

      at PluginManager._log (src/infrastructure/plugins/PluginManager.js:483:21)

  console.info
    [PluginManager] Plugin 'independent-4' v1.0.0 registered

      at PluginManager._log (src/infrastructure/plugins/PluginManager.js:483:21)

  console.info
    [PluginManager] Plugin 'independent-5' v1.0.0 registered

      at PluginManager._log (src/infrastructure/plugins/PluginManager.js:483:21)

  console.info
    [PluginManager] Plugin 'independent-6' v1.0.0 registered

      at PluginManager._log (src/infrastructure/plugins/PluginManager.js:483:21)

  console.info
    [PluginManager] Plugin 'independent-7' v1.0.0 registered

      at PluginManager._log (src/infrastructure/plugins/PluginManager.js:483:21)

  console.info
    [PluginManager] Plugin 'independent-8' v1.0.0 registered

      at PluginManager._log (src/infrastructure/plugins/PluginManager.js:483:21)

  console.info
    [PluginManager] Plugin 'independent-0' enabled

      at PluginManager._log (src/infrastructure/plugins/PluginManager.js:483:21)

  console.info
    [PluginManager] Plugin 'independent-1' enabled

      at PluginManager._log (src/infrastructure/plugins/PluginManager.js:483:21)

  console.info
    [PluginManager] Plugin 'independent-2' enabled

      at PluginManager._log (src/infrastructure/plugins/PluginManager.js:483:21)

  console.info
    [PluginManager] Plugin 'independent-3' enabled

      at PluginManager._log (src/infrastructure/plugins/PluginManager.js:483:21)

  console.info
    [PluginManager] Plugin 'independent-4' enabled

      at PluginManager._log (src/infrastructure/plugins/PluginManager.js:483:21)

  console.info
    [PluginManager] Plugin 'independent-5' enabled

      at PluginManager._log (src/infrastructure/plugins/PluginManager.js:483:21)

  console.info
    [PluginManager] Plugin 'independent-6' enabled

      at PluginManager._log (src/infrastructure/plugins/PluginManager.js:483:21)

  console.info
    [PluginManager] Plugin 'independent-7' enabled

      at PluginManager._log (src/infrastructure/plugins/PluginManager.js:483:21)

  console.info
    [PluginManager] Plugin 'independent-8' enabled

      at PluginManager._log (src/infrastructure/plugins/PluginManager.js:483:21)

  console.info
    [PluginManager] Plugin 'independent-0' v1.0.0 registered

      at PluginManager._log (src/infrastructure/plugins/PluginManager.js:483:21)

  console.info
    [PluginManager] Plugin 'independent-1' v1.0.0 registered

      at PluginManager._log (src/infrastructure/plugins/PluginManager.js:483:21)

  console.info
    [PluginManager] Plugin 'independent-2' v1.0.0 registered

      at PluginManager._log (src/infrastructure/plugins/PluginManager.js:483:21)

  console.info
    [PluginManager] Plugin 'independent-3' v1.0.0 registered

      at PluginManager._log (src/infrastructure/plugins/PluginManager.js:483:21)

  console.info
    [PluginManager] Plugin 'independent-4' v1.0.0 registered

      at PluginManager._log (src/infrastructure/plugins/PluginManager.js:483:21)

  console.info
    [PluginManager] Plugin 'independent-5' v1.0.0 registered

      at PluginManager._log (src/infrastructure/plugins/PluginManager.js:483:21)

  console.info
    [PluginManager] Plugin 'independent-6' v1.0.0 registered

      at PluginManager._log (src/infrastructure/plugins/PluginManager.js:483:21)

  console.info
    [PluginManager] Plugin 'independent-0' enabled

      at PluginManager._log (src/infrastructure/plugins/PluginManager.js:483:21)

  console.info
    [PluginManager] Plugin 'independent-1' enabled

      at PluginManager._log (src/infrastructure/plugins/PluginManager.js:483:21)

  console.info
    [PluginManager] Plugin 'independent-2' enabled

      at PluginManager._log (src/infrastructure/plugins/PluginManager.js:483:21)

  console.info
    [PluginManager] Plugin 'independent-3' enabled

      at PluginManager._log (src/infrastructure/plugins/PluginManager.js:483:21)

  console.info
    [PluginManager] Plugin 'independent-4' enabled

      at PluginManager._log (src/infrastructure/plugins/PluginManager.js:483:21)

  console.info
    [PluginManager] Plugin 'independent-5' enabled

      at PluginManager._log (src/infrastructure/plugins/PluginManager.js:483:21)

  console.info
    [PluginManager] Plugin 'independent-6' enabled

      at PluginManager._log (src/infrastructure/plugins/PluginManager.js:483:21)

  console.info
    [PluginManager] Plugin 'independent-0' v1.0.0 registered

      at PluginManager._log (src/infrastructure/plugins/PluginManager.js:483:21)

  console.info
    [PluginManager] Plugin 'independent-1' v1.0.0 registered

      at PluginManager._log (src/infrastructure/plugins/PluginManager.js:483:21)

  console.info
    [PluginManager] Plugin 'independent-2' v1.0.0 registered

      at PluginManager._log (src/infrastructure/plugins/PluginManager.js:483:21)

  console.info
    [PluginManager] Plugin 'independent-0' enabled

      at PluginManager._log (src/infrastructure/plugins/PluginManager.js:483:21)

  console.info
    [PluginManager] Plugin 'independent-1' enabled

      at PluginManager._log (src/infrastructure/plugins/PluginManager.js:483:21)

  console.info
    [PluginManager] Plugin 'independent-2' enabled

      at PluginManager._log (src/infrastructure/plugins/PluginManager.js:483:21)

  console.info
    [PluginManager] Plugin 'independent-0' v1.0.0 registered

      at PluginManager._log (src/infrastructure/plugins/PluginManager.js:483:21)

  console.info
    [PluginManager] Plugin 'independent-1' v1.0.0 registered

      at PluginManager._log (src/infrastructure/plugins/PluginManager.js:483:21)

  console.info
    [PluginManager] Plugin 'independent-2' v1.0.0 registered

      at PluginManager._log (src/infrastructure/plugins/PluginManager.js:483:21)

  console.info
    [PluginManager] Plugin 'independent-3' v1.0.0 registered

      at PluginManager._log (src/infrastructure/plugins/PluginManager.js:483:21)

  console.info
    [PluginManager] Plugin 'independent-4' v1.0.0 registered

      at PluginManager._log (src/infrastructure/plugins/PluginManager.js:483:21)

  console.info
    [PluginManager] Plugin 'independent-5' v1.0.0 registered

      at PluginManager._log (src/infrastructure/plugins/PluginManager.js:483:21)

  console.info
    [PluginManager] Plugin 'independent-6' v1.0.0 registered

      at PluginManager._log (src/infrastructure/plugins/PluginManager.js:483:21)

  console.info
    [PluginManager] Plugin 'independent-7' v1.0.0 registered

      at PluginManager._log (src/infrastructure/plugins/PluginManager.js:483:21)

  console.info
    [PluginManager] Plugin 'independent-0' enabled

      at PluginManager._log (src/infrastructure/plugins/PluginManager.js:483:21)

  console.info
    [PluginManager] Plugin 'independent-1' enabled

      at PluginManager._log (src/infrastructure/plugins/PluginManager.js:483:21)

  console.info
    [PluginManager] Plugin 'independent-2' enabled

      at PluginManager._log (src/infrastructure/plugins/PluginManager.js:483:21)

  console.info
    [PluginManager] Plugin 'independent-3' enabled

      at PluginManager._log (src/infrastructure/plugins/PluginManager.js:483:21)

  console.info
    [PluginManager] Plugin 'independent-4' enabled

      at PluginManager._log (src/infrastructure/plugins/PluginManager.js:483:21)

  console.info
    [PluginManager] Plugin 'independent-5' enabled

      at PluginManager._log (src/infrastructure/plugins/PluginManager.js:483:21)

  console.info
    [PluginManager] Plugin 'independent-6' enabled

      at PluginManager._log (src/infrastructure/plugins/PluginManager.js:483:21)

  console.info
    [PluginManager] Plugin 'independent-7' enabled

      at PluginManager._log (src/infrastructure/plugins/PluginManager.js:483:21)

  console.info
    [PluginManager] Plugin 'independent-0' v1.0.0 registered

      at PluginManager._log (src/infrastructure/plugins/PluginManager.js:483:21)

  console.info
    [PluginManager] Plugin 'independent-1' v1.0.0 registered

      at PluginManager._log (src/infrastructure/plugins/PluginManager.js:483:21)

  console.info
    [PluginManager] Plugin 'independent-2' v1.0.0 registered

      at PluginManager._log (src/infrastructure/plugins/PluginManager.js:483:21)

  console.info
    [PluginManager] Plugin 'independent-3' v1.0.0 registered

      at PluginManager._log (src/infrastructure/plugins/PluginManager.js:483:21)

  console.info
    [PluginManager] Plugin 'independent-4' v1.0.0 registered

      at PluginManager._log (src/infrastructure/plugins/PluginManager.js:483:21)

  console.info
    [PluginManager] Plugin 'independent-5' v1.0.0 registered

      at PluginManager._log (src/infrastructure/plugins/PluginManager.js:483:21)

  console.info
    [PluginManager] Plugin 'independent-0' enabled

      at PluginManager._log (src/infrastructure/plugins/PluginManager.js:483:21)

  console.info
    [PluginManager] Plugin 'independent-1' enabled

      at PluginManager._log (src/infrastructure/plugins/PluginManager.js:483:21)

  console.info
    [PluginManager] Plugin 'independent-2' enabled

      at PluginManager._log (src/infrastructure/plugins/PluginManager.js:483:21)

  console.info
    [PluginManager] Plugin 'independent-3' enabled

      at PluginManager._log (src/infrastructure/plugins/PluginManager.js:483:21)

  console.info
    [PluginManager] Plugin 'independent-4' enabled

      at PluginManager._log (src/infrastructure/plugins/PluginManager.js:483:21)

  console.info
    [PluginManager] Plugin 'independent-5' enabled

      at PluginManager._log (src/infrastructure/plugins/PluginManager.js:483:21)

  console.info
    [PluginManager] Plugin 'independent-0' v1.0.0 registered

      at PluginManager._log (src/infrastructure/plugins/PluginManager.js:483:21)

  console.info
    [PluginManager] Plugin 'independent-1' v1.0.0 registered

      at PluginManager._log (src/infrastructure/plugins/PluginManager.js:483:21)

  console.info
    [PluginManager] Plugin 'independent-2' v1.0.0 registered

      at PluginManager._log (src/infrastructure/plugins/PluginManager.js:483:21)

  console.info
    [PluginManager] Plugin 'independent-3' v1.0.0 registered

      at PluginManager._log (src/infrastructure/plugins/PluginManager.js:483:21)

  console.info
    [PluginManager] Plugin 'independent-4' v1.0.0 registered

      at PluginManager._log (src/infrastructure/plugins/PluginManager.js:483:21)

  console.info
    [PluginManager] Plugin 'independent-5' v1.0.0 registered

      at PluginManager._log (src/infrastructure/plugins/PluginManager.js:483:21)

  console.info
    [PluginManager] Plugin 'independent-6' v1.0.0 registered

      at PluginManager._log (src/infrastructure/plugins/PluginManager.js:483:21)

  console.info
    [PluginManager] Plugin 'independent-0' enabled

      at PluginManager._log (src/infrastructure/plugins/PluginManager.js:483:21)

  console.info
    [PluginManager] Plugin 'independent-1' enabled

      at PluginManager._log (src/infrastructure/plugins/PluginManager.js:483:21)

  console.info
    [PluginManager] Plugin 'independent-2' enabled

      at PluginManager._log (src/infrastructure/plugins/PluginManager.js:483:21)

  console.info
    [PluginManager] Plugin 'independent-3' enabled

      at PluginManager._log (src/infrastructure/plugins/PluginManager.js:483:21)

  console.info
    [PluginManager] Plugin 'independent-4' enabled

      at PluginManager._log (src/infrastructure/plugins/PluginManager.js:483:21)

  console.info
    [PluginManager] Plugin 'independent-5' enabled

      at PluginManager._log (src/infrastructure/plugins/PluginManager.js:483:21)

  console.info
    [PluginManager] Plugin 'independent-6' enabled

      at PluginManager._log (src/infrastructure/plugins/PluginManager.js:483:21)

  console.info
    [PluginManager] Plugin 'independent-0' v1.0.0 registered

      at PluginManager._log (src/infrastructure/plugins/PluginManager.js:483:21)

  console.info
    [PluginManager] Plugin 'independent-1' v1.0.0 registered

      at PluginManager._log (src/infrastructure/plugins/PluginManager.js:483:21)

  console.info
    [PluginManager] Plugin 'independent-2' v1.0.0 registered

      at PluginManager._log (src/infrastructure/plugins/PluginManager.js:483:21)

  console.info
    [PluginManager] Plugin 'independent-3' v1.0.0 registered

      at PluginManager._log (src/infrastructure/plugins/PluginManager.js:483:21)

  console.info
    [PluginManager] Plugin 'independent-4' v1.0.0 registered

      at PluginManager._log (src/infrastructure/plugins/PluginManager.js:483:21)

  console.info
    [PluginManager] Plugin 'independent-0' enabled

      at PluginManager._log (src/infrastructure/plugins/PluginManager.js:483:21)

  console.info
    [PluginManager] Plugin 'independent-1' enabled

      at PluginManager._log (src/infrastructure/plugins/PluginManager.js:483:21)

  console.info
    [PluginManager] Plugin 'independent-2' enabled

      at PluginManager._log (src/infrastructure/plugins/PluginManager.js:483:21)

  console.info
    [PluginManager] Plugin 'independent-3' enabled

      at PluginManager._log (src/infrastructure/plugins/PluginManager.js:483:21)

  console.info
    [PluginManager] Plugin 'independent-4' enabled

      at PluginManager._log (src/infrastructure/plugins/PluginManager.js:483:21)

  console.info
    [PluginManager] Plugin 'independent-0' v1.0.0 registered

      at PluginManager._log (src/infrastructure/plugins/PluginManager.js:483:21)

  console.info
    [PluginManager] Plugin 'independent-1' v1.0.0 registered

      at PluginManager._log (src/infrastructure/plugins/PluginManager.js:483:21)

  console.info
    [PluginManager] Plugin 'independent-2' v1.0.0 registered

      at PluginManager._log (src/infrastructure/plugins/PluginManager.js:483:21)

  console.info
    [PluginManager] Plugin 'independent-3' v1.0.0 registered

      at PluginManager._log (src/infrastructure/plugins/PluginManager.js:483:21)

  console.info
    [PluginManager] Plugin 'independent-4' v1.0.0 registered

      at PluginManager._log (src/infrastructure/plugins/PluginManager.js:483:21)

  console.info
    [PluginManager] Plugin 'independent-5' v1.0.0 registered

      at PluginManager._log (src/infrastructure/plugins/PluginManager.js:483:21)

  console.info
    [PluginManager] Plugin 'independent-6' v1.0.0 registered

      at PluginManager._log (src/infrastructure/plugins/PluginManager.js:483:21)

  console.info
    [PluginManager] Plugin 'independent-7' v1.0.0 registered

      at PluginManager._log (src/infrastructure/plugins/PluginManager.js:483:21)

  console.info
    [PluginManager] Plugin 'independent-8' v1.0.0 registered

      at PluginManager._log (src/infrastructure/plugins/PluginManager.js:483:21)

  console.info
    [PluginManager] Plugin 'independent-0' enabled

      at PluginManager._log (src/infrastructure/plugins/PluginManager.js:483:21)

  console.info
    [PluginManager] Plugin 'independent-1' enabled

      at PluginManager._log (src/infrastructure/plugins/PluginManager.js:483:21)

  console.info
    [PluginManager] Plugin 'independent-2' enabled

      at PluginManager._log (src/infrastructure/plugins/PluginManager.js:483:21)

  console.info
    [PluginManager] Plugin 'independent-3' enabled

      at PluginManager._log (src/infrastructure/plugins/PluginManager.js:483:21)

  console.info
    [PluginManager] Plugin 'independent-4' enabled

      at PluginManager._log (src/infrastructure/plugins/PluginManager.js:483:21)

  console.info
    [PluginManager] Plugin 'independent-5' enabled

      at PluginManager._log (src/infrastructure/plugins/PluginManager.js:483:21)

  console.info
    [PluginManager] Plugin 'independent-6' enabled

      at PluginManager._log (src/infrastructure/plugins/PluginManager.js:483:21)

  console.info
    [PluginManager] Plugin 'independent-7' enabled

      at PluginManager._log (src/infrastructure/plugins/PluginManager.js:483:21)

  console.info
    [PluginManager] Plugin 'independent-8' enabled

      at PluginManager._log (src/infrastructure/plugins/PluginManager.js:483:21)

  console.info
    [PluginManager] Plugin 'independent-0' v1.0.0 registered

      at PluginManager._log (src/infrastructure/plugins/PluginManager.js:483:21)

  console.info
    [PluginManager] Plugin 'independent-1' v1.0.0 registered

      at PluginManager._log (src/infrastructure/plugins/PluginManager.js:483:21)

  console.info
    [PluginManager] Plugin 'independent-2' v1.0.0 registered

      at PluginManager._log (src/infrastructure/plugins/PluginManager.js:483:21)

  console.info
    [PluginManager] Plugin 'independent-3' v1.0.0 registered

      at PluginManager._log (src/infrastructure/plugins/PluginManager.js:483:21)

  console.info
    [PluginManager] Plugin 'independent-0' enabled

      at PluginManager._log (src/infrastructure/plugins/PluginManager.js:483:21)

  console.info
    [PluginManager] Plugin 'independent-1' enabled

      at PluginManager._log (src/infrastructure/plugins/PluginManager.js:483:21)

  console.info
    [PluginManager] Plugin 'independent-2' enabled

      at PluginManager._log (src/infrastructure/plugins/PluginManager.js:483:21)

  console.info
    [PluginManager] Plugin 'independent-3' enabled

      at PluginManager._log (src/infrastructure/plugins/PluginManager.js:483:21)

  console.info
    [PluginManager] Plugin 'independent-0' v1.0.0 registered

      at PluginManager._log (src/infrastructure/plugins/PluginManager.js:483:21)

  console.info
    [PluginManager] Plugin 'independent-1' v1.0.0 registered

      at PluginManager._log (src/infrastructure/plugins/PluginManager.js:483:21)

  console.info
    [PluginManager] Plugin 'independent-0' enabled

      at PluginManager._log (src/infrastructure/plugins/PluginManager.js:483:21)

  console.info
    [PluginManager] Plugin 'independent-1' enabled

      at PluginManager._log (src/infrastructure/plugins/PluginManager.js:483:21)

  console.info
    [PluginManager] Plugin 'independent-0' v1.0.0 registered

      at PluginManager._log (src/infrastructure/plugins/PluginManager.js:483:21)

  console.info
    [PluginManager] Plugin 'independent-1' v1.0.0 registered

      at PluginManager._log (src/infrastructure/plugins/PluginManager.js:483:21)

  console.info
    [PluginManager] Plugin 'independent-2' v1.0.0 registered

      at PluginManager._log (src/infrastructure/plugins/PluginManager.js:483:21)

  console.info
    [PluginManager] Plugin 'independent-0' enabled

      at PluginManager._log (src/infrastructure/plugins/PluginManager.js:483:21)

  console.info
    [PluginManager] Plugin 'independent-1' enabled

      at PluginManager._log (src/infrastructure/plugins/PluginManager.js:483:21)

  console.info
    [PluginManager] Plugin 'independent-2' enabled

      at PluginManager._log (src/infrastructure/plugins/PluginManager.js:483:21)

  console.info
    [PluginManager] Plugin 'independent-0' v1.0.0 registered

      at PluginManager._log (src/infrastructure/plugins/PluginManager.js:483:21)

  console.info
    [PluginManager] Plugin 'independent-1' v1.0.0 registered

      at PluginManager._log (src/infrastructure/plugins/PluginManager.js:483:21)

  console.info
    [PluginManager] Plugin 'independent-2' v1.0.0 registered

      at PluginManager._log (src/infrastructure/plugins/PluginManager.js:483:21)

  console.info
    [PluginManager] Plugin 'independent-3' v1.0.0 registered

      at PluginManager._log (src/infrastructure/plugins/PluginManager.js:483:21)

  console.info
    [PluginManager] Plugin 'independent-4' v1.0.0 registered

      at PluginManager._log (src/infrastructure/plugins/PluginManager.js:483:21)

  console.info
    [PluginManager] Plugin 'independent-0' enabled

      at PluginManager._log (src/infrastructure/plugins/PluginManager.js:483:21)

  console.info
    [PluginManager] Plugin 'independent-1' enabled

      at PluginManager._log (src/infrastructure/plugins/PluginManager.js:483:21)

  console.info
    [PluginManager] Plugin 'independent-2' enabled

      at PluginManager._log (src/infrastructure/plugins/PluginManager.js:483:21)

  console.info
    [PluginManager] Plugin 'independent-3' enabled

      at PluginManager._log (src/infrastructure/plugins/PluginManager.js:483:21)

  console.info
    [PluginManager] Plugin 'independent-4' enabled

      at PluginManager._log (src/infrastructure/plugins/PluginManager.js:483:21)

  console.info
    [PluginManager] Plugin 'independent-0' v1.0.0 registered

      at PluginManager._log (src/infrastructure/plugins/PluginManager.js:483:21)

  console.info
    [PluginManager] Plugin 'independent-1' v1.0.0 registered

      at PluginManager._log (src/infrastructure/plugins/PluginManager.js:483:21)

  console.info
    [PluginManager] Plugin 'independent-2' v1.0.0 registered

      at PluginManager._log (src/infrastructure/plugins/PluginManager.js:483:21)

  console.info
    [PluginManager] Plugin 'independent-3' v1.0.0 registered

      at PluginManager._log (src/infrastructure/plugins/PluginManager.js:483:21)

  console.info
    [PluginManager] Plugin 'independent-0' enabled

      at PluginManager._log (src/infrastructure/plugins/PluginManager.js:483:21)

  console.info
    [PluginManager] Plugin 'independent-1' enabled

      at PluginManager._log (src/infrastructure/plugins/PluginManager.js:483:21)

  console.info
    [PluginManager] Plugin 'independent-2' enabled

      at PluginManager._log (src/infrastructure/plugins/PluginManager.js:483:21)

  console.info
    [PluginManager] Plugin 'independent-3' enabled

      at PluginManager._log (src/infrastructure/plugins/PluginManager.js:483:21)

  console.info
    [PluginManager] Plugin 'independent-0' v1.0.0 registered

      at PluginManager._log (src/infrastructure/plugins/PluginManager.js:483:21)

  console.info
    [PluginManager] Plugin 'independent-1' v1.0.0 registered

      at PluginManager._log (src/infrastructure/plugins/PluginManager.js:483:21)

  console.info
    [PluginManager] Plugin 'independent-0' enabled

      at PluginManager._log (src/infrastructure/plugins/PluginManager.js:483:21)

  console.info
    [PluginManager] Plugin 'independent-1' enabled

      at PluginManager._log (src/infrastructure/plugins/PluginManager.js:483:21)

  console.info
    [PluginManager] Plugin 'independent-0' v1.0.0 registered

      at PluginManager._log (src/infrastructure/plugins/PluginManager.js:483:21)

  console.info
    [PluginManager] Plugin 'independent-1' v1.0.0 registered

      at PluginManager._log (src/infrastructure/plugins/PluginManager.js:483:21)

  console.info
    [PluginManager] Plugin 'independent-0' enabled

      at PluginManager._log (src/infrastructure/plugins/PluginManager.js:483:21)

  console.info
    [PluginManager] Plugin 'independent-1' enabled

      at PluginManager._log (src/infrastructure/plugins/PluginManager.js:483:21)

  console.info
    [PluginManager] Plugin 'independent-0' v1.0.0 registered

      at PluginManager._log (src/infrastructure/plugins/PluginManager.js:483:21)

  console.info
    [PluginManager] Plugin 'independent-1' v1.0.0 registered

      at PluginManager._log (src/infrastructure/plugins/PluginManager.js:483:21)

  console.info
    [PluginManager] Plugin 'independent-2' v1.0.0 registered

      at PluginManager._log (src/infrastructure/plugins/PluginManager.js:483:21)

  console.info
    [PluginManager] Plugin 'independent-3' v1.0.0 registered

      at PluginManager._log (src/infrastructure/plugins/PluginManager.js:483:21)

  console.info
    [PluginManager] Plugin 'independent-4' v1.0.0 registered

      at PluginManager._log (src/infrastructure/plugins/PluginManager.js:483:21)

  console.info
    [PluginManager] Plugin 'independent-5' v1.0.0 registered

      at PluginManager._log (src/infrastructure/plugins/PluginManager.js:483:21)

  console.info
    [PluginManager] Plugin 'independent-6' v1.0.0 registered

      at PluginManager._log (src/infrastructure/plugins/PluginManager.js:483:21)

  console.info
    [PluginManager] Plugin 'independent-7' v1.0.0 registered

      at PluginManager._log (src/infrastructure/plugins/PluginManager.js:483:21)

  console.info
    [PluginManager] Plugin 'independent-8' v1.0.0 registered

      at PluginManager._log (src/infrastructure/plugins/PluginManager.js:483:21)

  console.info
    [PluginManager] Plugin 'independent-0' enabled

      at PluginManager._log (src/infrastructure/plugins/PluginManager.js:483:21)

  console.info
    [PluginManager] Plugin 'independent-1' enabled

      at PluginManager._log (src/infrastructure/plugins/PluginManager.js:483:21)

  console.info
    [PluginManager] Plugin 'independent-2' enabled

      at PluginManager._log (src/infrastructure/plugins/PluginManager.js:483:21)

  console.info
    [PluginManager] Plugin 'independent-3' enabled

      at PluginManager._log (src/infrastructure/plugins/PluginManager.js:483:21)

  console.info
    [PluginManager] Plugin 'independent-4' enabled

      at PluginManager._log (src/infrastructure/plugins/PluginManager.js:483:21)

  console.info
    [PluginManager] Plugin 'independent-5' enabled

      at PluginManager._log (src/infrastructure/plugins/PluginManager.js:483:21)

  console.info
    [PluginManager] Plugin 'independent-6' enabled

      at PluginManager._log (src/infrastructure/plugins/PluginManager.js:483:21)

  console.info
    [PluginManager] Plugin 'independent-7' enabled

      at PluginManager._log (src/infrastructure/plugins/PluginManager.js:483:21)

  console.info
    [PluginManager] Plugin 'independent-8' enabled

      at PluginManager._log (src/infrastructure/plugins/PluginManager.js:483:21)

  console.info
    [PluginManager] Plugin 'independent-0' v1.0.0 registered

      at PluginManager._log (src/infrastructure/plugins/PluginManager.js:483:21)

  console.info
    [PluginManager] Plugin 'independent-1' v1.0.0 registered

      at PluginManager._log (src/infrastructure/plugins/PluginManager.js:483:21)

  console.info
    [PluginManager] Plugin 'independent-2' v1.0.0 registered

      at PluginManager._log (src/infrastructure/plugins/PluginManager.js:483:21)

  console.info
    [PluginManager] Plugin 'independent-3' v1.0.0 registered

      at PluginManager._log (src/infrastructure/plugins/PluginManager.js:483:21)

  console.info
    [PluginManager] Plugin 'independent-0' enabled

      at PluginManager._log (src/infrastructure/plugins/PluginManager.js:483:21)

  console.info
    [PluginManager] Plugin 'independent-1' enabled

      at PluginManager._log (src/infrastructure/plugins/PluginManager.js:483:21)

  console.info
    [PluginManager] Plugin 'independent-2' enabled

      at PluginManager._log (src/infrastructure/plugins/PluginManager.js:483:21)

  console.info
    [PluginManager] Plugin 'independent-3' enabled

      at PluginManager._log (src/infrastructure/plugins/PluginManager.js:483:21)

  console.info
    [PluginManager] Plugin 'independent-0' v1.0.0 registered

      at PluginManager._log (src/infrastructure/plugins/PluginManager.js:483:21)

  console.info
    [PluginManager] Plugin 'independent-1' v1.0.0 registered

      at PluginManager._log (src/infrastructure/plugins/PluginManager.js:483:21)

  console.info
    [PluginManager] Plugin 'independent-2' v1.0.0 registered

      at PluginManager._log (src/infrastructure/plugins/PluginManager.js:483:21)

  console.info
    [PluginManager] Plugin 'independent-0' enabled

      at PluginManager._log (src/infrastructure/plugins/PluginManager.js:483:21)

  console.info
    [PluginManager] Plugin 'independent-1' enabled

      at PluginManager._log (src/infrastructure/plugins/PluginManager.js:483:21)

  console.info
    [PluginManager] Plugin 'independent-2' enabled

      at PluginManager._log (src/infrastructure/plugins/PluginManager.js:483:21)

  console.info
    [PluginManager] Plugin 'independent-0' v1.0.0 registered

      at PluginManager._log (src/infrastructure/plugins/PluginManager.js:483:21)

  console.info
    [PluginManager] Plugin 'independent-1' v1.0.0 registered

      at PluginManager._log (src/infrastructure/plugins/PluginManager.js:483:21)

  console.info
    [PluginManager] Plugin 'independent-2' v1.0.0 registered

      at PluginManager._log (src/infrastructure/plugins/PluginManager.js:483:21)

  console.info
    [PluginManager] Plugin 'independent-3' v1.0.0 registered

      at PluginManager._log (src/infrastructure/plugins/PluginManager.js:483:21)

  console.info
    [PluginManager] Plugin 'independent-0' enabled

      at PluginManager._log (src/infrastructure/plugins/PluginManager.js:483:21)

  console.info
    [PluginManager] Plugin 'independent-1' enabled

      at PluginManager._log (src/infrastructure/plugins/PluginManager.js:483:21)

  console.info
    [PluginManager] Plugin 'independent-2' enabled

      at PluginManager._log (src/infrastructure/plugins/PluginManager.js:483:21)

  console.info
    [PluginManager] Plugin 'independent-3' enabled

      at PluginManager._log (src/infrastructure/plugins/PluginManager.js:483:21)

  console.info
    [PluginManager] Plugin 'independent-0' v1.0.0 registered

      at PluginManager._log (src/infrastructure/plugins/PluginManager.js:483:21)

  console.info
    [PluginManager] Plugin 'independent-1' v1.0.0 registered

      at PluginManager._log (src/infrastructure/plugins/PluginManager.js:483:21)

  console.info
    [PluginManager] Plugin 'independent-2' v1.0.0 registered

      at PluginManager._log (src/infrastructure/plugins/PluginManager.js:483:21)

  console.info
    [PluginManager] Plugin 'independent-3' v1.0.0 registered

      at PluginManager._log (src/infrastructure/plugins/PluginManager.js:483:21)

  console.info
    [PluginManager] Plugin 'independent-4' v1.0.0 registered

      at PluginManager._log (src/infrastructure/plugins/PluginManager.js:483:21)

  console.info
    [PluginManager] Plugin 'independent-0' enabled

      at PluginManager._log (src/infrastructure/plugins/PluginManager.js:483:21)

  console.info
    [PluginManager] Plugin 'independent-1' enabled

      at PluginManager._log (src/infrastructure/plugins/PluginManager.js:483:21)

  console.info
    [PluginManager] Plugin 'independent-2' enabled

      at PluginManager._log (src/infrastructure/plugins/PluginManager.js:483:21)

  console.info
    [PluginManager] Plugin 'independent-3' enabled

      at PluginManager._log (src/infrastructure/plugins/PluginManager.js:483:21)

  console.info
    [PluginManager] Plugin 'independent-4' enabled

      at PluginManager._log (src/infrastructure/plugins/PluginManager.js:483:21)

  console.info
    [PluginManager] Plugin 'independent-0' v1.0.0 registered

      at PluginManager._log (src/infrastructure/plugins/PluginManager.js:483:21)

  console.info
    [PluginManager] Plugin 'independent-1' v1.0.0 registered

      at PluginManager._log (src/infrastructure/plugins/PluginManager.js:483:21)

  console.info
    [PluginManager] Plugin 'independent-2' v1.0.0 registered

      at PluginManager._log (src/infrastructure/plugins/PluginManager.js:483:21)

  console.info
    [PluginManager] Plugin 'independent-3' v1.0.0 registered

      at PluginManager._log (src/infrastructure/plugins/PluginManager.js:483:21)

  console.info
    [PluginManager] Plugin 'independent-4' v1.0.0 registered

      at PluginManager._log (src/infrastructure/plugins/PluginManager.js:483:21)

  console.info
    [PluginManager] Plugin 'independent-5' v1.0.0 registered

      at PluginManager._log (src/infrastructure/plugins/PluginManager.js:483:21)

  console.info
    [PluginManager] Plugin 'independent-6' v1.0.0 registered

      at PluginManager._log (src/infrastructure/plugins/PluginManager.js:483:21)

  console.info
    [PluginManager] Plugin 'independent-0' enabled

      at PluginManager._log (src/infrastructure/plugins/PluginManager.js:483:21)

  console.info
    [PluginManager] Plugin 'independent-1' enabled

      at PluginManager._log (src/infrastructure/plugins/PluginManager.js:483:21)

  console.info
    [PluginManager] Plugin 'independent-2' enabled

      at PluginManager._log (src/infrastructure/plugins/PluginManager.js:483:21)

  console.info
    [PluginManager] Plugin 'independent-3' enabled

      at PluginManager._log (src/infrastructure/plugins/PluginManager.js:483:21)

  console.info
    [PluginManager] Plugin 'independent-4' enabled

      at PluginManager._log (src/infrastructure/plugins/PluginManager.js:483:21)

  console.info
    [PluginManager] Plugin 'independent-5' enabled

      at PluginManager._log (src/infrastructure/plugins/PluginManager.js:483:21)

  console.info
    [PluginManager] Plugin 'independent-6' enabled

      at PluginManager._log (src/infrastructure/plugins/PluginManager.js:483:21)

  console.info
    [PluginManager] Plugin 'independent-0' v1.0.0 registered

      at PluginManager._log (src/infrastructure/plugins/PluginManager.js:483:21)

  console.info
    [PluginManager] Plugin 'independent-1' v1.0.0 registered

      at PluginManager._log (src/infrastructure/plugins/PluginManager.js:483:21)

  console.info
    [PluginManager] Plugin 'independent-2' v1.0.0 registered

      at PluginManager._log (src/infrastructure/plugins/PluginManager.js:483:21)

  console.info
    [PluginManager] Plugin 'independent-3' v1.0.0 registered

      at PluginManager._log (src/infrastructure/plugins/PluginManager.js:483:21)

  console.info
    [PluginManager] Plugin 'independent-0' enabled

      at PluginManager._log (src/infrastructure/plugins/PluginManager.js:483:21)

  console.info
    [PluginManager] Plugin 'independent-1' enabled

      at PluginManager._log (src/infrastructure/plugins/PluginManager.js:483:21)

  console.info
    [PluginManager] Plugin 'independent-2' enabled

      at PluginManager._log (src/infrastructure/plugins/PluginManager.js:483:21)

  console.info
    [PluginManager] Plugin 'independent-3' enabled

      at PluginManager._log (src/infrastructure/plugins/PluginManager.js:483:21)

  console.info
    [PluginManager] Plugin 'independent-0' v1.0.0 registered

      at PluginManager._log (src/infrastructure/plugins/PluginManager.js:483:21)

  console.info
    [PluginManager] Plugin 'independent-1' v1.0.0 registered

      at PluginManager._log (src/infrastructure/plugins/PluginManager.js:483:21)

  console.info
    [PluginManager] Plugin 'independent-2' v1.0.0 registered

      at PluginManager._log (src/infrastructure/plugins/PluginManager.js:483:21)

  console.info
    [PluginManager] Plugin 'independent-3' v1.0.0 registered

      at PluginManager._log (src/infrastructure/plugins/PluginManager.js:483:21)

  console.info
    [PluginManager] Plugin 'independent-4' v1.0.0 registered

      at PluginManager._log (src/infrastructure/plugins/PluginManager.js:483:21)

  console.info
    [PluginManager] Plugin 'independent-0' enabled

      at PluginManager._log (src/infrastructure/plugins/PluginManager.js:483:21)

  console.info
    [PluginManager] Plugin 'independent-1' enabled

      at PluginManager._log (src/infrastructure/plugins/PluginManager.js:483:21)

  console.info
    [PluginManager] Plugin 'independent-2' enabled

      at PluginManager._log (src/infrastructure/plugins/PluginManager.js:483:21)

  console.info
    [PluginManager] Plugin 'independent-3' enabled

      at PluginManager._log (src/infrastructure/plugins/PluginManager.js:483:21)

  console.info
    [PluginManager] Plugin 'independent-4' enabled

      at PluginManager._log (src/infrastructure/plugins/PluginManager.js:483:21)

  console.info
    [PluginManager] Plugin 'independent-0' v1.0.0 registered

      at PluginManager._log (src/infrastructure/plugins/PluginManager.js:483:21)

  console.info
    [PluginManager] Plugin 'independent-1' v1.0.0 registered

      at PluginManager._log (src/infrastructure/plugins/PluginManager.js:483:21)

  console.info
    [PluginManager] Plugin 'independent-2' v1.0.0 registered

      at PluginManager._log (src/infrastructure/plugins/PluginManager.js:483:21)

  console.info
    [PluginManager] Plugin 'independent-3' v1.0.0 registered

      at PluginManager._log (src/infrastructure/plugins/PluginManager.js:483:21)

  console.info
    [PluginManager] Plugin 'independent-4' v1.0.0 registered

      at PluginManager._log (src/infrastructure/plugins/PluginManager.js:483:21)

  console.info
    [PluginManager] Plugin 'independent-5' v1.0.0 registered

      at PluginManager._log (src/infrastructure/plugins/PluginManager.js:483:21)

  console.info
    [PluginManager] Plugin 'independent-6' v1.0.0 registered

      at PluginManager._log (src/infrastructure/plugins/PluginManager.js:483:21)

  console.info
    [PluginManager] Plugin 'independent-0' enabled

      at PluginManager._log (src/infrastructure/plugins/PluginManager.js:483:21)

  console.info
    [PluginManager] Plugin 'independent-1' enabled

      at PluginManager._log (src/infrastructure/plugins/PluginManager.js:483:21)

  console.info
    [PluginManager] Plugin 'independent-2' enabled

      at PluginManager._log (src/infrastructure/plugins/PluginManager.js:483:21)

  console.info
    [PluginManager] Plugin 'independent-3' enabled

      at PluginManager._log (src/infrastructure/plugins/PluginManager.js:483:21)

  console.info
    [PluginManager] Plugin 'independent-4' enabled

      at PluginManager._log (src/infrastructure/plugins/PluginManager.js:483:21)

  console.info
    [PluginManager] Plugin 'independent-5' enabled

      at PluginManager._log (src/infrastructure/plugins/PluginManager.js:483:21)

  console.info
    [PluginManager] Plugin 'independent-6' enabled

      at PluginManager._log (src/infrastructure/plugins/PluginManager.js:483:21)

  console.info
    [PluginManager] Plugin 'independent-0' v1.0.0 registered

      at PluginManager._log (src/infrastructure/plugins/PluginManager.js:483:21)

  console.info
    [PluginManager] Plugin 'independent-1' v1.0.0 registered

      at PluginManager._log (src/infrastructure/plugins/PluginManager.js:483:21)

  console.info
    [PluginManager] Plugin 'independent-0' enabled

      at PluginManager._log (src/infrastructure/plugins/PluginManager.js:483:21)

  console.info
    [PluginManager] Plugin 'independent-1' enabled

      at PluginManager._log (src/infrastructure/plugins/PluginManager.js:483:21)

  console.info
    [PluginManager] Plugin 'independent-0' v1.0.0 registered

      at PluginManager._log (src/infrastructure/plugins/PluginManager.js:483:21)

  console.info
    [PluginManager] Plugin 'independent-1' v1.0.0 registered

      at PluginManager._log (src/infrastructure/plugins/PluginManager.js:483:21)

  console.info
    [PluginManager] Plugin 'independent-2' v1.0.0 registered

      at PluginManager._log (src/infrastructure/plugins/PluginManager.js:483:21)

  console.info
    [PluginManager] Plugin 'independent-3' v1.0.0 registered

      at PluginManager._log (src/infrastructure/plugins/PluginManager.js:483:21)

  console.info
    [PluginManager] Plugin 'independent-4' v1.0.0 registered

      at PluginManager._log (src/infrastructure/plugins/PluginManager.js:483:21)

  console.info
    [PluginManager] Plugin 'independent-5' v1.0.0 registered

      at PluginManager._log (src/infrastructure/plugins/PluginManager.js:483:21)

  console.info
    [PluginManager] Plugin 'independent-0' enabled

      at PluginManager._log (src/infrastructure/plugins/PluginManager.js:483:21)

  console.info
    [PluginManager] Plugin 'independent-1' enabled

      at PluginManager._log (src/infrastructure/plugins/PluginManager.js:483:21)

  console.info
    [PluginManager] Plugin 'independent-2' enabled

      at PluginManager._log (src/infrastructure/plugins/PluginManager.js:483:21)

  console.info
    [PluginManager] Plugin 'independent-3' enabled

      at PluginManager._log (src/infrastructure/plugins/PluginManager.js:483:21)

  console.info
    [PluginManager] Plugin 'independent-4' enabled

      at PluginManager._log (src/infrastructure/plugins/PluginManager.js:483:21)

  console.info
    [PluginManager] Plugin 'independent-5' enabled

      at PluginManager._log (src/infrastructure/plugins/PluginManager.js:483:21)

  console.info
    [PluginManager] Plugin 'independent-0' v1.0.0 registered

      at PluginManager._log (src/infrastructure/plugins/PluginManager.js:483:21)

  console.info
    [PluginManager] Plugin 'independent-1' v1.0.0 registered

      at PluginManager._log (src/infrastructure/plugins/PluginManager.js:483:21)

  console.info
    [PluginManager] Plugin 'independent-2' v1.0.0 registered

      at PluginManager._log (src/infrastructure/plugins/PluginManager.js:483:21)

  console.info
    [PluginManager] Plugin 'independent-0' enabled

      at PluginManager._log (src/infrastructure/plugins/PluginManager.js:483:21)

  console.info
    [PluginManager] Plugin 'independent-1' enabled

      at PluginManager._log (src/infrastructure/plugins/PluginManager.js:483:21)

  console.info
    [PluginManager] Plugin 'independent-2' enabled

      at PluginManager._log (src/infrastructure/plugins/PluginManager.js:483:21)

  console.info
    [PluginManager] Plugin 'independent-0' v1.0.0 registered

      at PluginManager._log (src/infrastructure/plugins/PluginManager.js:483:21)

  console.info
    [PluginManager] Plugin 'independent-1' v1.0.0 registered

      at PluginManager._log (src/infrastructure/plugins/PluginManager.js:483:21)

  console.info
    [PluginManager] Plugin 'independent-2' v1.0.0 registered

      at PluginManager._log (src/infrastructure/plugins/PluginManager.js:483:21)

  console.info
    [PluginManager] Plugin 'independent-3' v1.0.0 registered

      at PluginManager._log (src/infrastructure/plugins/PluginManager.js:483:21)

  console.info
    [PluginManager] Plugin 'independent-4' v1.0.0 registered

      at PluginManager._log (src/infrastructure/plugins/PluginManager.js:483:21)

  console.info
    [PluginManager] Plugin 'independent-5' v1.0.0 registered

      at PluginManager._log (src/infrastructure/plugins/PluginManager.js:483:21)

  console.info
    [PluginManager] Plugin 'independent-6' v1.0.0 registered

      at PluginManager._log (src/infrastructure/plugins/PluginManager.js:483:21)

  console.info
    [PluginManager] Plugin 'independent-7' v1.0.0 registered

      at PluginManager._log (src/infrastructure/plugins/PluginManager.js:483:21)

  console.info
    [PluginManager] Plugin 'independent-8' v1.0.0 registered

      at PluginManager._log (src/infrastructure/plugins/PluginManager.js:483:21)

  console.info
    [PluginManager] Plugin 'independent-0' enabled

      at PluginManager._log (src/infrastructure/plugins/PluginManager.js:483:21)

  console.info
    [PluginManager] Plugin 'independent-1' enabled

      at PluginManager._log (src/infrastructure/plugins/PluginManager.js:483:21)

  console.info
    [PluginManager] Plugin 'independent-2' enabled

      at PluginManager._log (src/infrastructure/plugins/PluginManager.js:483:21)

  console.info
    [PluginManager] Plugin 'independent-3' enabled

      at PluginManager._log (src/infrastructure/plugins/PluginManager.js:483:21)

  console.info
    [PluginManager] Plugin 'independent-4' enabled

      at PluginManager._log (src/infrastructure/plugins/PluginManager.js:483:21)

  console.info
    [PluginManager] Plugin 'independent-5' enabled

      at PluginManager._log (src/infrastructure/plugins/PluginManager.js:483:21)

  console.info
    [PluginManager] Plugin 'independent-6' enabled

      at PluginManager._log (src/infrastructure/plugins/PluginManager.js:483:21)

  console.info
    [PluginManager] Plugin 'independent-7' enabled

      at PluginManager._log (src/infrastructure/plugins/PluginManager.js:483:21)

  console.info
    [PluginManager] Plugin 'independent-8' enabled

      at PluginManager._log (src/infrastructure/plugins/PluginManager.js:483:21)

  console.info
    [PluginManager] Plugin 'independent-0' v1.0.0 registered

      at PluginManager._log (src/infrastructure/plugins/PluginManager.js:483:21)

  console.info
    [PluginManager] Plugin 'independent-1' v1.0.0 registered

      at PluginManager._log (src/infrastructure/plugins/PluginManager.js:483:21)

  console.info
    [PluginManager] Plugin 'independent-2' v1.0.0 registered

      at PluginManager._log (src/infrastructure/plugins/PluginManager.js:483:21)

  console.info
    [PluginManager] Plugin 'independent-0' enabled

      at PluginManager._log (src/infrastructure/plugins/PluginManager.js:483:21)

  console.info
    [PluginManager] Plugin 'independent-1' enabled

      at PluginManager._log (src/infrastructure/plugins/PluginManager.js:483:21)

  console.info
    [PluginManager] Plugin 'independent-2' enabled

      at PluginManager._log (src/infrastructure/plugins/PluginManager.js:483:21)

  console.info
    [PluginManager] Plugin 'independent-0' v1.0.0 registered

      at PluginManager._log (src/infrastructure/plugins/PluginManager.js:483:21)

  console.info
    [PluginManager] Plugin 'independent-1' v1.0.0 registered

      at PluginManager._log (src/infrastructure/plugins/PluginManager.js:483:21)

  console.info
    [PluginManager] Plugin 'independent-2' v1.0.0 registered

      at PluginManager._log (src/infrastructure/plugins/PluginManager.js:483:21)

  console.info
    [PluginManager] Plugin 'independent-3' v1.0.0 registered

      at PluginManager._log (src/infrastructure/plugins/PluginManager.js:483:21)

  console.info
    [PluginManager] Plugin 'independent-4' v1.0.0 registered

      at PluginManager._log (src/infrastructure/plugins/PluginManager.js:483:21)

  console.info
    [PluginManager] Plugin 'independent-5' v1.0.0 registered

      at PluginManager._log (src/infrastructure/plugins/PluginManager.js:483:21)

  console.info
    [PluginManager] Plugin 'independent-6' v1.0.0 registered

      at PluginManager._log (src/infrastructure/plugins/PluginManager.js:483:21)

  console.info
    [PluginManager] Plugin 'independent-0' enabled

      at PluginManager._log (src/infrastructure/plugins/PluginManager.js:483:21)

  console.info
    [PluginManager] Plugin 'independent-1' enabled

      at PluginManager._log (src/infrastructure/plugins/PluginManager.js:483:21)

  console.info
    [PluginManager] Plugin 'independent-2' enabled

      at PluginManager._log (src/infrastructure/plugins/PluginManager.js:483:21)

  console.info
    [PluginManager] Plugin 'independent-3' enabled

      at PluginManager._log (src/infrastructure/plugins/PluginManager.js:483:21)

  console.info
    [PluginManager] Plugin 'independent-4' enabled

      at PluginManager._log (src/infrastructure/plugins/PluginManager.js:483:21)

  console.info
    [PluginManager] Plugin 'independent-5' enabled

      at PluginManager._log (src/infrastructure/plugins/PluginManager.js:483:21)

  console.info
    [PluginManager] Plugin 'independent-6' enabled

      at PluginManager._log (src/infrastructure/plugins/PluginManager.js:483:21)

  console.info
    [PluginManager] Plugin 'independent-0' v1.0.0 registered

      at PluginManager._log (src/infrastructure/plugins/PluginManager.js:483:21)

  console.info
    [PluginManager] Plugin 'independent-1' v1.0.0 registered

      at PluginManager._log (src/infrastructure/plugins/PluginManager.js:483:21)

  console.info
    [PluginManager] Plugin 'independent-2' v1.0.0 registered

      at PluginManager._log (src/infrastructure/plugins/PluginManager.js:483:21)

  console.info
    [PluginManager] Plugin 'independent-3' v1.0.0 registered

      at PluginManager._log (src/infrastructure/plugins/PluginManager.js:483:21)

  console.info
    [PluginManager] Plugin 'independent-4' v1.0.0 registered

      at PluginManager._log (src/infrastructure/plugins/PluginManager.js:483:21)

  console.info
    [PluginManager] Plugin 'independent-5' v1.0.0 registered

      at PluginManager._log (src/infrastructure/plugins/PluginManager.js:483:21)

  console.info
    [PluginManager] Plugin 'independent-6' v1.0.0 registered

      at PluginManager._log (src/infrastructure/plugins/PluginManager.js:483:21)

  console.info
    [PluginManager] Plugin 'independent-0' enabled

      at PluginManager._log (src/infrastructure/plugins/PluginManager.js:483:21)

  console.info
    [PluginManager] Plugin 'independent-1' enabled

      at PluginManager._log (src/infrastructure/plugins/PluginManager.js:483:21)

  console.info
    [PluginManager] Plugin 'independent-2' enabled

      at PluginManager._log (src/infrastructure/plugins/PluginManager.js:483:21)

  console.info
    [PluginManager] Plugin 'independent-3' enabled

      at PluginManager._log (src/infrastructure/plugins/PluginManager.js:483:21)

  console.info
    [PluginManager] Plugin 'independent-4' enabled

      at PluginManager._log (src/infrastructure/plugins/PluginManager.js:483:21)

  console.info
    [PluginManager] Plugin 'independent-5' enabled

      at PluginManager._log (src/infrastructure/plugins/PluginManager.js:483:21)

  console.info
    [PluginManager] Plugin 'independent-6' enabled

      at PluginManager._log (src/infrastructure/plugins/PluginManager.js:483:21)

  console.info
    [PluginManager] Plugin 'independent-0' v1.0.0 registered

      at PluginManager._log (src/infrastructure/plugins/PluginManager.js:483:21)

  console.info
    [PluginManager] Plugin 'independent-1' v1.0.0 registered

      at PluginManager._log (src/infrastructure/plugins/PluginManager.js:483:21)

  console.info
    [PluginManager] Plugin 'independent-2' v1.0.0 registered

      at PluginManager._log (src/infrastructure/plugins/PluginManager.js:483:21)

  console.info
    [PluginManager] Plugin 'independent-3' v1.0.0 registered

      at PluginManager._log (src/infrastructure/plugins/PluginManager.js:483:21)

  console.info
    [PluginManager] Plugin 'independent-4' v1.0.0 registered

      at PluginManager._log (src/infrastructure/plugins/PluginManager.js:483:21)

  console.info
    [PluginManager] Plugin 'independent-5' v1.0.0 registered

      at PluginManager._log (src/infrastructure/plugins/PluginManager.js:483:21)

  console.info
    [PluginManager] Plugin 'independent-6' v1.0.0 registered

      at PluginManager._log (src/infrastructure/plugins/PluginManager.js:483:21)

  console.info
    [PluginManager] Plugin 'independent-7' v1.0.0 registered

      at PluginManager._log (src/infrastructure/plugins/PluginManager.js:483:21)

  console.info
    [PluginManager] Plugin 'independent-0' enabled

      at PluginManager._log (src/infrastructure/plugins/PluginManager.js:483:21)

  console.info
    [PluginManager] Plugin 'independent-1' enabled

      at PluginManager._log (src/infrastructure/plugins/PluginManager.js:483:21)

  console.info
    [PluginManager] Plugin 'independent-2' enabled

      at PluginManager._log (src/infrastructure/plugins/PluginManager.js:483:21)

  console.info
    [PluginManager] Plugin 'independent-3' enabled

      at PluginManager._log (src/infrastructure/plugins/PluginManager.js:483:21)

  console.info
    [PluginManager] Plugin 'independent-4' enabled

      at PluginManager._log (src/infrastructure/plugins/PluginManager.js:483:21)

  console.info
    [PluginManager] Plugin 'independent-5' enabled

      at PluginManager._log (src/infrastructure/plugins/PluginManager.js:483:21)

  console.info
    [PluginManager] Plugin 'independent-6' enabled

      at PluginManager._log (src/infrastructure/plugins/PluginManager.js:483:21)

  console.info
    [PluginManager] Plugin 'independent-7' enabled

      at PluginManager._log (src/infrastructure/plugins/PluginManager.js:483:21)

  console.info
    [PluginManager] Plugin 'independent-0' v1.0.0 registered

      at PluginManager._log (src/infrastructure/plugins/PluginManager.js:483:21)

  console.info
    [PluginManager] Plugin 'independent-1' v1.0.0 registered

      at PluginManager._log (src/infrastructure/plugins/PluginManager.js:483:21)

  console.info
    [PluginManager] Plugin 'independent-2' v1.0.0 registered

      at PluginManager._log (src/infrastructure/plugins/PluginManager.js:483:21)

  console.info
    [PluginManager] Plugin 'independent-0' enabled

      at PluginManager._log (src/infrastructure/plugins/PluginManager.js:483:21)

  console.info
    [PluginManager] Plugin 'independent-1' enabled

      at PluginManager._log (src/infrastructure/plugins/PluginManager.js:483:21)

  console.info
    [PluginManager] Plugin 'independent-2' enabled

      at PluginManager._log (src/infrastructure/plugins/PluginManager.js:483:21)

  console.info
    [PluginManager] Plugin 'independent-0' v1.0.0 registered

      at PluginManager._log (src/infrastructure/plugins/PluginManager.js:483:21)

  console.info
    [PluginManager] Plugin 'independent-1' v1.0.0 registered

      at PluginManager._log (src/infrastructure/plugins/PluginManager.js:483:21)

  console.info
    [PluginManager] Plugin 'independent-2' v1.0.0 registered

      at PluginManager._log (src/infrastructure/plugins/PluginManager.js:483:21)

  console.info
    [PluginManager] Plugin 'independent-3' v1.0.0 registered

      at PluginManager._log (src/infrastructure/plugins/PluginManager.js:483:21)

  console.info
    [PluginManager] Plugin 'independent-4' v1.0.0 registered

      at PluginManager._log (src/infrastructure/plugins/PluginManager.js:483:21)

  console.info
    [PluginManager] Plugin 'independent-5' v1.0.0 registered

      at PluginManager._log (src/infrastructure/plugins/PluginManager.js:483:21)

  console.info
    [PluginManager] Plugin 'independent-6' v1.0.0 registered

      at PluginManager._log (src/infrastructure/plugins/PluginManager.js:483:21)

  console.info
    [PluginManager] Plugin 'independent-7' v1.0.0 registered

      at PluginManager._log (src/infrastructure/plugins/PluginManager.js:483:21)

  console.info
    [PluginManager] Plugin 'independent-0' enabled

      at PluginManager._log (src/infrastructure/plugins/PluginManager.js:483:21)

  console.info
    [PluginManager] Plugin 'independent-1' enabled

      at PluginManager._log (src/infrastructure/plugins/PluginManager.js:483:21)

  console.info
    [PluginManager] Plugin 'independent-2' enabled

      at PluginManager._log (src/infrastructure/plugins/PluginManager.js:483:21)

  console.info
    [PluginManager] Plugin 'independent-3' enabled

      at PluginManager._log (src/infrastructure/plugins/PluginManager.js:483:21)

  console.info
    [PluginManager] Plugin 'independent-4' enabled

      at PluginManager._log (src/infrastructure/plugins/PluginManager.js:483:21)

  console.info
    [PluginManager] Plugin 'independent-5' enabled

      at PluginManager._log (src/infrastructure/plugins/PluginManager.js:483:21)

  console.info
    [PluginManager] Plugin 'independent-6' enabled

      at PluginManager._log (src/infrastructure/plugins/PluginManager.js:483:21)

  console.info
    [PluginManager] Plugin 'independent-7' enabled

      at PluginManager._log (src/infrastructure/plugins/PluginManager.js:483:21)

  console.info
    [PluginManager] Plugin 'independent-0' v1.0.0 registered

      at PluginManager._log (src/infrastructure/plugins/PluginManager.js:483:21)

  console.info
    [PluginManager] Plugin 'independent-1' v1.0.0 registered

      at PluginManager._log (src/infrastructure/plugins/PluginManager.js:483:21)

  console.info
    [PluginManager] Plugin 'independent-2' v1.0.0 registered

      at PluginManager._log (src/infrastructure/plugins/PluginManager.js:483:21)

  console.info
    [PluginManager] Plugin 'independent-0' enabled

      at PluginManager._log (src/infrastructure/plugins/PluginManager.js:483:21)

  console.info
    [PluginManager] Plugin 'independent-1' enabled

      at PluginManager._log (src/infrastructure/plugins/PluginManager.js:483:21)

  console.info
    [PluginManager] Plugin 'independent-2' enabled

      at PluginManager._log (src/infrastructure/plugins/PluginManager.js:483:21)

  console.info
    [PluginManager] Plugin 'independent-0' v1.0.0 registered

      at PluginManager._log (src/infrastructure/plugins/PluginManager.js:483:21)

  console.info
    [PluginManager] Plugin 'independent-1' v1.0.0 registered

      at PluginManager._log (src/infrastructure/plugins/PluginManager.js:483:21)

  console.info
    [PluginManager] Plugin 'independent-2' v1.0.0 registered

      at PluginManager._log (src/infrastructure/plugins/PluginManager.js:483:21)

  console.info
    [PluginManager] Plugin 'independent-3' v1.0.0 registered

      at PluginManager._log (src/infrastructure/plugins/PluginManager.js:483:21)

  console.info
    [PluginManager] Plugin 'independent-4' v1.0.0 registered

      at PluginManager._log (src/infrastructure/plugins/PluginManager.js:483:21)

  console.info
    [PluginManager] Plugin 'independent-5' v1.0.0 registered

      at PluginManager._log (src/infrastructure/plugins/PluginManager.js:483:21)

  console.info
    [PluginManager] Plugin 'independent-6' v1.0.0 registered

      at PluginManager._log (src/infrastructure/plugins/PluginManager.js:483:21)

  console.info
    [PluginManager] Plugin 'independent-7' v1.0.0 registered

      at PluginManager._log (src/infrastructure/plugins/PluginManager.js:483:21)

  console.info
    [PluginManager] Plugin 'independent-0' enabled

      at PluginManager._log (src/infrastructure/plugins/PluginManager.js:483:21)

  console.info
    [PluginManager] Plugin 'independent-1' enabled

      at PluginManager._log (src/infrastructure/plugins/PluginManager.js:483:21)

  console.info
    [PluginManager] Plugin 'independent-2' enabled

      at PluginManager._log (src/infrastructure/plugins/PluginManager.js:483:21)

  console.info
    [PluginManager] Plugin 'independent-3' enabled

      at PluginManager._log (src/infrastructure/plugins/PluginManager.js:483:21)

  console.info
    [PluginManager] Plugin 'independent-4' enabled

      at PluginManager._log (src/infrastructure/plugins/PluginManager.js:483:21)

  console.info
    [PluginManager] Plugin 'independent-5' enabled

      at PluginManager._log (src/infrastructure/plugins/PluginManager.js:483:21)

  console.info
    [PluginManager] Plugin 'independent-6' enabled

      at PluginManager._log (src/infrastructure/plugins/PluginManager.js:483:21)

  console.info
    [PluginManager] Plugin 'independent-7' enabled

      at PluginManager._log (src/infrastructure/plugins/PluginManager.js:483:21)

  console.info
    [PluginManager] Plugin 'independent-0' v1.0.0 registered

      at PluginManager._log (src/infrastructure/plugins/PluginManager.js:483:21)

  console.info
    [PluginManager] Plugin 'independent-1' v1.0.0 registered

      at PluginManager._log (src/infrastructure/plugins/PluginManager.js:483:21)

  console.info
    [PluginManager] Plugin 'independent-2' v1.0.0 registered

      at PluginManager._log (src/infrastructure/plugins/PluginManager.js:483:21)

  console.info
    [PluginManager] Plugin 'independent-3' v1.0.0 registered

      at PluginManager._log (src/infrastructure/plugins/PluginManager.js:483:21)

  console.info
    [PluginManager] Plugin 'independent-4' v1.0.0 registered

      at PluginManager._log (src/infrastructure/plugins/PluginManager.js:483:21)

  console.info
    [PluginManager] Plugin 'independent-5' v1.0.0 registered

      at PluginManager._log (src/infrastructure/plugins/PluginManager.js:483:21)

  console.info
    [PluginManager] Plugin 'independent-6' v1.0.0 registered

      at PluginManager._log (src/infrastructure/plugins/PluginManager.js:483:21)

  console.info
    [PluginManager] Plugin 'independent-0' enabled

      at PluginManager._log (src/infrastructure/plugins/PluginManager.js:483:21)

  console.info
    [PluginManager] Plugin 'independent-1' enabled

      at PluginManager._log (src/infrastructure/plugins/PluginManager.js:483:21)

  console.info
    [PluginManager] Plugin 'independent-2' enabled

      at PluginManager._log (src/infrastructure/plugins/PluginManager.js:483:21)

  console.info
    [PluginManager] Plugin 'independent-3' enabled

      at PluginManager._log (src/infrastructure/plugins/PluginManager.js:483:21)

  console.info
    [PluginManager] Plugin 'independent-4' enabled

      at PluginManager._log (src/infrastructure/plugins/PluginManager.js:483:21)

  console.info
    [PluginManager] Plugin 'independent-5' enabled

      at PluginManager._log (src/infrastructure/plugins/PluginManager.js:483:21)

  console.info
    [PluginManager] Plugin 'independent-6' enabled

      at PluginManager._log (src/infrastructure/plugins/PluginManager.js:483:21)

  console.info
    [PluginManager] Plugin 'independent-0' v1.0.0 registered

      at PluginManager._log (src/infrastructure/plugins/PluginManager.js:483:21)

  console.info
    [PluginManager] Plugin 'independent-1' v1.0.0 registered

      at PluginManager._log (src/infrastructure/plugins/PluginManager.js:483:21)

  console.info
    [PluginManager] Plugin 'independent-2' v1.0.0 registered

      at PluginManager._log (src/infrastructure/plugins/PluginManager.js:483:21)

  console.info
    [PluginManager] Plugin 'independent-3' v1.0.0 registered

      at PluginManager._log (src/infrastructure/plugins/PluginManager.js:483:21)

  console.info
    [PluginManager] Plugin 'independent-0' enabled

      at PluginManager._log (src/infrastructure/plugins/PluginManager.js:483:21)

  console.info
    [PluginManager] Plugin 'independent-1' enabled

      at PluginManager._log (src/infrastructure/plugins/PluginManager.js:483:21)

  console.info
    [PluginManager] Plugin 'independent-2' enabled

      at PluginManager._log (src/infrastructure/plugins/PluginManager.js:483:21)

  console.info
    [PluginManager] Plugin 'independent-3' enabled

      at PluginManager._log (src/infrastructure/plugins/PluginManager.js:483:21)

  console.info
    [PluginManager] Plugin 'independent-0' v1.0.0 registered

      at PluginManager._log (src/infrastructure/plugins/PluginManager.js:483:21)

  console.info
    [PluginManager] Plugin 'independent-1' v1.0.0 registered

      at PluginManager._log (src/infrastructure/plugins/PluginManager.js:483:21)

  console.info
    [PluginManager] Plugin 'independent-2' v1.0.0 registered

      at PluginManager._log (src/infrastructure/plugins/PluginManager.js:483:21)

  console.info
    [PluginManager] Plugin 'independent-3' v1.0.0 registered

      at PluginManager._log (src/infrastructure/plugins/PluginManager.js:483:21)

  console.info
    [PluginManager] Plugin 'independent-4' v1.0.0 registered

      at PluginManager._log (src/infrastructure/plugins/PluginManager.js:483:21)

  console.info
    [PluginManager] Plugin 'independent-5' v1.0.0 registered

      at PluginManager._log (src/infrastructure/plugins/PluginManager.js:483:21)

  console.info
    [PluginManager] Plugin 'independent-6' v1.0.0 registered

      at PluginManager._log (src/infrastructure/plugins/PluginManager.js:483:21)

  console.info
    [PluginManager] Plugin 'independent-7' v1.0.0 registered

      at PluginManager._log (src/infrastructure/plugins/PluginManager.js:483:21)

  console.info
    [PluginManager] Plugin 'independent-8' v1.0.0 registered

      at PluginManager._log (src/infrastructure/plugins/PluginManager.js:483:21)

  console.info
    [PluginManager] Plugin 'independent-9' v1.0.0 registered

      at PluginManager._log (src/infrastructure/plugins/PluginManager.js:483:21)

  console.info
    [PluginManager] Plugin 'independent-0' enabled

      at PluginManager._log (src/infrastructure/plugins/PluginManager.js:483:21)

  console.info
    [PluginManager] Plugin 'independent-1' enabled

      at PluginManager._log (src/infrastructure/plugins/PluginManager.js:483:21)

  console.info
    [PluginManager] Plugin 'independent-2' enabled

      at PluginManager._log (src/infrastructure/plugins/PluginManager.js:483:21)

  console.info
    [PluginManager] Plugin 'independent-3' enabled

      at PluginManager._log (src/infrastructure/plugins/PluginManager.js:483:21)

  console.info
    [PluginManager] Plugin 'independent-4' enabled

      at PluginManager._log (src/infrastructure/plugins/PluginManager.js:483:21)

  console.info
    [PluginManager] Plugin 'independent-5' enabled

      at PluginManager._log (src/infrastructure/plugins/PluginManager.js:483:21)

  console.info
    [PluginManager] Plugin 'independent-6' enabled

      at PluginManager._log (src/infrastructure/plugins/PluginManager.js:483:21)

  console.info
    [PluginManager] Plugin 'independent-7' enabled

      at PluginManager._log (src/infrastructure/plugins/PluginManager.js:483:21)

  console.info
    [PluginManager] Plugin 'independent-8' enabled

      at PluginManager._log (src/infrastructure/plugins/PluginManager.js:483:21)

  console.info
    [PluginManager] Plugin 'independent-9' enabled

      at PluginManager._log (src/infrastructure/plugins/PluginManager.js:483:21)

  console.info
    [PluginManager] Plugin 'independent-0' v1.0.0 registered

      at PluginManager._log (src/infrastructure/plugins/PluginManager.js:483:21)

  console.info
    [PluginManager] Plugin 'independent-1' v1.0.0 registered

      at PluginManager._log (src/infrastructure/plugins/PluginManager.js:483:21)

  console.info
    [PluginManager] Plugin 'independent-2' v1.0.0 registered

      at PluginManager._log (src/infrastructure/plugins/PluginManager.js:483:21)

  console.info
    [PluginManager] Plugin 'independent-0' enabled

      at PluginManager._log (src/infrastructure/plugins/PluginManager.js:483:21)

  console.info
    [PluginManager] Plugin 'independent-1' enabled

      at PluginManager._log (src/infrastructure/plugins/PluginManager.js:483:21)

  console.info
    [PluginManager] Plugin 'independent-2' enabled

      at PluginManager._log (src/infrastructure/plugins/PluginManager.js:483:21)

  console.info
    [PluginManager] Plugin 'independent-0' v1.0.0 registered

      at PluginManager._log (src/infrastructure/plugins/PluginManager.js:483:21)

  console.info
    [PluginManager] Plugin 'independent-1' v1.0.0 registered

      at PluginManager._log (src/infrastructure/plugins/PluginManager.js:483:21)

  console.info
    [PluginManager] Plugin 'independent-2' v1.0.0 registered

      at PluginManager._log (src/infrastructure/plugins/PluginManager.js:483:21)

  console.info
    [PluginManager] Plugin 'independent-3' v1.0.0 registered

      at PluginManager._log (src/infrastructure/plugins/PluginManager.js:483:21)

  console.info
    [PluginManager] Plugin 'independent-4' v1.0.0 registered

      at PluginManager._log (src/infrastructure/plugins/PluginManager.js:483:21)

  console.info
    [PluginManager] Plugin 'independent-5' v1.0.0 registered

      at PluginManager._log (src/infrastructure/plugins/PluginManager.js:483:21)

  console.info
    [PluginManager] Plugin 'independent-6' v1.0.0 registered

      at PluginManager._log (src/infrastructure/plugins/PluginManager.js:483:21)

  console.info
    [PluginManager] Plugin 'independent-7' v1.0.0 registered

      at PluginManager._log (src/infrastructure/plugins/PluginManager.js:483:21)

  console.info
    [PluginManager] Plugin 'independent-0' enabled

      at PluginManager._log (src/infrastructure/plugins/PluginManager.js:483:21)

  console.info
    [PluginManager] Plugin 'independent-1' enabled

      at PluginManager._log (src/infrastructure/plugins/PluginManager.js:483:21)

  console.info
    [PluginManager] Plugin 'independent-2' enabled

      at PluginManager._log (src/infrastructure/plugins/PluginManager.js:483:21)

  console.info
    [PluginManager] Plugin 'independent-3' enabled

      at PluginManager._log (src/infrastructure/plugins/PluginManager.js:483:21)

  console.info
    [PluginManager] Plugin 'independent-4' enabled

      at PluginManager._log (src/infrastructure/plugins/PluginManager.js:483:21)

  console.info
    [PluginManager] Plugin 'independent-5' enabled

      at PluginManager._log (src/infrastructure/plugins/PluginManager.js:483:21)

  console.info
    [PluginManager] Plugin 'independent-6' enabled

      at PluginManager._log (src/infrastructure/plugins/PluginManager.js:483:21)

  console.info
    [PluginManager] Plugin 'independent-7' enabled

      at PluginManager._log (src/infrastructure/plugins/PluginManager.js:483:21)

  console.info
    [PluginManager] Plugin 'independent-0' v1.0.0 registered

      at PluginManager._log (src/infrastructure/plugins/PluginManager.js:483:21)

  console.info
    [PluginManager] Plugin 'independent-1' v1.0.0 registered

      at PluginManager._log (src/infrastructure/plugins/PluginManager.js:483:21)

  console.info
    [PluginManager] Plugin 'independent-2' v1.0.0 registered

      at PluginManager._log (src/infrastructure/plugins/PluginManager.js:483:21)

  console.info
    [PluginManager] Plugin 'independent-3' v1.0.0 registered

      at PluginManager._log (src/infrastructure/plugins/PluginManager.js:483:21)

  console.info
    [PluginManager] Plugin 'independent-4' v1.0.0 registered

      at PluginManager._log (src/infrastructure/plugins/PluginManager.js:483:21)

  console.info
    [PluginManager] Plugin 'independent-5' v1.0.0 registered

      at PluginManager._log (src/infrastructure/plugins/PluginManager.js:483:21)

  console.info
    [PluginManager] Plugin 'independent-0' enabled

      at PluginManager._log (src/infrastructure/plugins/PluginManager.js:483:21)

  console.info
    [PluginManager] Plugin 'independent-1' enabled

      at PluginManager._log (src/infrastructure/plugins/PluginManager.js:483:21)

  console.info
    [PluginManager] Plugin 'independent-2' enabled

      at PluginManager._log (src/infrastructure/plugins/PluginManager.js:483:21)

  console.info
    [PluginManager] Plugin 'independent-3' enabled

      at PluginManager._log (src/infrastructure/plugins/PluginManager.js:483:21)

  console.info
    [PluginManager] Plugin 'independent-4' enabled

      at PluginManager._log (src/infrastructure/plugins/PluginManager.js:483:21)

  console.info
    [PluginManager] Plugin 'independent-5' enabled

      at PluginManager._log (src/infrastructure/plugins/PluginManager.js:483:21)

  console.info
    [PluginManager] Plugin 'independent-0' v1.0.0 registered

      at PluginManager._log (src/infrastructure/plugins/PluginManager.js:483:21)

  console.info
    [PluginManager] Plugin 'independent-1' v1.0.0 registered

      at PluginManager._log (src/infrastructure/plugins/PluginManager.js:483:21)

  console.info
    [PluginManager] Plugin 'independent-2' v1.0.0 registered

      at PluginManager._log (src/infrastructure/plugins/PluginManager.js:483:21)

  console.info
    [PluginManager] Plugin 'independent-3' v1.0.0 registered

      at PluginManager._log (src/infrastructure/plugins/PluginManager.js:483:21)

  console.info
    [PluginManager] Plugin 'independent-0' enabled

      at PluginManager._log (src/infrastructure/plugins/PluginManager.js:483:21)

  console.info
    [PluginManager] Plugin 'independent-1' enabled

      at PluginManager._log (src/infrastructure/plugins/PluginManager.js:483:21)

  console.info
    [PluginManager] Plugin 'independent-2' enabled

      at PluginManager._log (src/infrastructure/plugins/PluginManager.js:483:21)

  console.info
    [PluginManager] Plugin 'independent-3' enabled

      at PluginManager._log (src/infrastructure/plugins/PluginManager.js:483:21)

  console.info
    [PluginManager] Plugin 'independent-0' v1.0.0 registered

      at PluginManager._log (src/infrastructure/plugins/PluginManager.js:483:21)

  console.info
    [PluginManager] Plugin 'independent-1' v1.0.0 registered

      at PluginManager._log (src/infrastructure/plugins/PluginManager.js:483:21)

  console.info
    [PluginManager] Plugin 'independent-0' enabled

      at PluginManager._log (src/infrastructure/plugins/PluginManager.js:483:21)

  console.info
    [PluginManager] Plugin 'independent-1' enabled

      at PluginManager._log (src/infrastructure/plugins/PluginManager.js:483:21)

  console.info
    [PluginManager] Plugin 'independent-0' v1.0.0 registered

      at PluginManager._log (src/infrastructure/plugins/PluginManager.js:483:21)

  console.info
    [PluginManager] Plugin 'independent-1' v1.0.0 registered

      at PluginManager._log (src/infrastructure/plugins/PluginManager.js:483:21)

  console.info
    [PluginManager] Plugin 'independent-2' v1.0.0 registered

      at PluginManager._log (src/infrastructure/plugins/PluginManager.js:483:21)

  console.info
    [PluginManager] Plugin 'independent-3' v1.0.0 registered

      at PluginManager._log (src/infrastructure/plugins/PluginManager.js:483:21)

  console.info
    [PluginManager] Plugin 'independent-0' enabled

      at PluginManager._log (src/infrastructure/plugins/PluginManager.js:483:21)

  console.info
    [PluginManager] Plugin 'independent-1' enabled

      at PluginManager._log (src/infrastructure/plugins/PluginManager.js:483:21)

  console.info
    [PluginManager] Plugin 'independent-2' enabled

      at PluginManager._log (src/infrastructure/plugins/PluginManager.js:483:21)

  console.info
    [PluginManager] Plugin 'independent-3' enabled

      at PluginManager._log (src/infrastructure/plugins/PluginManager.js:483:21)

  console.info
    [PluginManager] Plugin 'independent-0' v1.0.0 registered

      at PluginManager._log (src/infrastructure/plugins/PluginManager.js:483:21)

  console.info
    [PluginManager] Plugin 'independent-1' v1.0.0 registered

      at PluginManager._log (src/infrastructure/plugins/PluginManager.js:483:21)

  console.info
    [PluginManager] Plugin 'independent-2' v1.0.0 registered

      at PluginManager._log (src/infrastructure/plugins/PluginManager.js:483:21)

  console.info
    [PluginManager] Plugin 'independent-3' v1.0.0 registered

      at PluginManager._log (src/infrastructure/plugins/PluginManager.js:483:21)

  console.info
    [PluginManager] Plugin 'independent-4' v1.0.0 registered

      at PluginManager._log (src/infrastructure/plugins/PluginManager.js:483:21)

  console.info
    [PluginManager] Plugin 'independent-5' v1.0.0 registered

      at PluginManager._log (src/infrastructure/plugins/PluginManager.js:483:21)

  console.info
    [PluginManager] Plugin 'independent-6' v1.0.0 registered

      at PluginManager._log (src/infrastructure/plugins/PluginManager.js:483:21)

  console.info
    [PluginManager] Plugin 'independent-0' enabled

      at PluginManager._log (src/infrastructure/plugins/PluginManager.js:483:21)

  console.info
    [PluginManager] Plugin 'independent-1' enabled

      at PluginManager._log (src/infrastructure/plugins/PluginManager.js:483:21)

  console.info
    [PluginManager] Plugin 'independent-2' enabled

      at PluginManager._log (src/infrastructure/plugins/PluginManager.js:483:21)

  console.info
    [PluginManager] Plugin 'independent-3' enabled

      at PluginManager._log (src/infrastructure/plugins/PluginManager.js:483:21)

  console.info
    [PluginManager] Plugin 'independent-4' enabled

      at PluginManager._log (src/infrastructure/plugins/PluginManager.js:483:21)

  console.info
    [PluginManager] Plugin 'independent-5' enabled

      at PluginManager._log (src/infrastructure/plugins/PluginManager.js:483:21)

  console.info
    [PluginManager] Plugin 'independent-6' enabled

      at PluginManager._log (src/infrastructure/plugins/PluginManager.js:483:21)

  console.info
    [PluginManager] Plugin 'independent-0' v1.0.0 registered

      at PluginManager._log (src/infrastructure/plugins/PluginManager.js:483:21)

  console.info
    [PluginManager] Plugin 'independent-1' v1.0.0 registered

      at PluginManager._log (src/infrastructure/plugins/PluginManager.js:483:21)

  console.info
    [PluginManager] Plugin 'independent-0' enabled

      at PluginManager._log (src/infrastructure/plugins/PluginManager.js:483:21)

  console.info
    [PluginManager] Plugin 'independent-1' enabled

      at PluginManager._log (src/infrastructure/plugins/PluginManager.js:483:21)

  console.info
    [PluginManager] Plugin 'independent-0' v1.0.0 registered

      at PluginManager._log (src/infrastructure/plugins/PluginManager.js:483:21)

  console.info
    [PluginManager] Plugin 'independent-1' v1.0.0 registered

      at PluginManager._log (src/infrastructure/plugins/PluginManager.js:483:21)

  console.info
    [PluginManager] Plugin 'independent-2' v1.0.0 registered

      at PluginManager._log (src/infrastructure/plugins/PluginManager.js:483:21)

  console.info
    [PluginManager] Plugin 'independent-3' v1.0.0 registered

      at PluginManager._log (src/infrastructure/plugins/PluginManager.js:483:21)

  console.info
    [PluginManager] Plugin 'independent-4' v1.0.0 registered

      at PluginManager._log (src/infrastructure/plugins/PluginManager.js:483:21)

  console.info
    [PluginManager] Plugin 'independent-5' v1.0.0 registered

      at PluginManager._log (src/infrastructure/plugins/PluginManager.js:483:21)

  console.info
    [PluginManager] Plugin 'independent-6' v1.0.0 registered

      at PluginManager._log (src/infrastructure/plugins/PluginManager.js:483:21)

  console.info
    [PluginManager] Plugin 'independent-0' enabled

      at PluginManager._log (src/infrastructure/plugins/PluginManager.js:483:21)

  console.info
    [PluginManager] Plugin 'independent-1' enabled

      at PluginManager._log (src/infrastructure/plugins/PluginManager.js:483:21)

  console.info
    [PluginManager] Plugin 'independent-2' enabled

      at PluginManager._log (src/infrastructure/plugins/PluginManager.js:483:21)

  console.info
    [PluginManager] Plugin 'independent-3' enabled

      at PluginManager._log (src/infrastructure/plugins/PluginManager.js:483:21)

  console.info
    [PluginManager] Plugin 'independent-4' enabled

      at PluginManager._log (src/infrastructure/plugins/PluginManager.js:483:21)

  console.info
    [PluginManager] Plugin 'independent-5' enabled

      at PluginManager._log (src/infrastructure/plugins/PluginManager.js:483:21)

  console.info
    [PluginManager] Plugin 'independent-6' enabled

      at PluginManager._log (src/infrastructure/plugins/PluginManager.js:483:21)

  console.info
    [PluginManager] Plugin 'independent-0' v1.0.0 registered

      at PluginManager._log (src/infrastructure/plugins/PluginManager.js:483:21)

  console.info
    [PluginManager] Plugin 'independent-1' v1.0.0 registered

      at PluginManager._log (src/infrastructure/plugins/PluginManager.js:483:21)

  console.info
    [PluginManager] Plugin 'independent-0' enabled

      at PluginManager._log (src/infrastructure/plugins/PluginManager.js:483:21)

  console.info
    [PluginManager] Plugin 'independent-1' enabled

      at PluginManager._log (src/infrastructure/plugins/PluginManager.js:483:21)

  console.info
    [PluginManager] Plugin 'independent-0' v1.0.0 registered

      at PluginManager._log (src/infrastructure/plugins/PluginManager.js:483:21)

  console.info
    [PluginManager] Plugin 'independent-1' v1.0.0 registered

      at PluginManager._log (src/infrastructure/plugins/PluginManager.js:483:21)

  console.info
    [PluginManager] Plugin 'independent-2' v1.0.0 registered

      at PluginManager._log (src/infrastructure/plugins/PluginManager.js:483:21)

  console.info
    [PluginManager] Plugin 'independent-3' v1.0.0 registered

      at PluginManager._log (src/infrastructure/plugins/PluginManager.js:483:21)

  console.info
    [PluginManager] Plugin 'independent-4' v1.0.0 registered

      at PluginManager._log (src/infrastructure/plugins/PluginManager.js:483:21)

  console.info
    [PluginManager] Plugin 'independent-5' v1.0.0 registered

      at PluginManager._log (src/infrastructure/plugins/PluginManager.js:483:21)

  console.info
    [PluginManager] Plugin 'independent-0' enabled

      at PluginManager._log (src/infrastructure/plugins/PluginManager.js:483:21)

  console.info
    [PluginManager] Plugin 'independent-1' enabled

      at PluginManager._log (src/infrastructure/plugins/PluginManager.js:483:21)

  console.info
    [PluginManager] Plugin 'independent-2' enabled

      at PluginManager._log (src/infrastructure/plugins/PluginManager.js:483:21)

  console.info
    [PluginManager] Plugin 'independent-3' enabled

      at PluginManager._log (src/infrastructure/plugins/PluginManager.js:483:21)

  console.info
    [PluginManager] Plugin 'independent-4' enabled

      at PluginManager._log (src/infrastructure/plugins/PluginManager.js:483:21)

  console.info
    [PluginManager] Plugin 'independent-5' enabled

      at PluginManager._log (src/infrastructure/plugins/PluginManager.js:483:21)

  console.info
    [PluginManager] Plugin 'independent-0' v1.0.0 registered

      at PluginManager._log (src/infrastructure/plugins/PluginManager.js:483:21)

  console.info
    [PluginManager] Plugin 'independent-1' v1.0.0 registered

      at PluginManager._log (src/infrastructure/plugins/PluginManager.js:483:21)

  console.info
    [PluginManager] Plugin 'independent-2' v1.0.0 registered

      at PluginManager._log (src/infrastructure/plugins/PluginManager.js:483:21)

  console.info
    [PluginManager] Plugin 'independent-3' v1.0.0 registered

      at PluginManager._log (src/infrastructure/plugins/PluginManager.js:483:21)

  console.info
    [PluginManager] Plugin 'independent-0' enabled

      at PluginManager._log (src/infrastructure/plugins/PluginManager.js:483:21)

  console.info
    [PluginManager] Plugin 'independent-1' enabled

      at PluginManager._log (src/infrastructure/plugins/PluginManager.js:483:21)

  console.info
    [PluginManager] Plugin 'independent-2' enabled

      at PluginManager._log (src/infrastructure/plugins/PluginManager.js:483:21)

  console.info
    [PluginManager] Plugin 'independent-3' enabled

      at PluginManager._log (src/infrastructure/plugins/PluginManager.js:483:21)

  console.info
    [PluginManager] Plugin 'independent-0' v1.0.0 registered

      at PluginManager._log (src/infrastructure/plugins/PluginManager.js:483:21)

  console.info
    [PluginManager] Plugin 'independent-1' v1.0.0 registered

      at PluginManager._log (src/infrastructure/plugins/PluginManager.js:483:21)

  console.info
    [PluginManager] Plugin 'independent-2' v1.0.0 registered

      at PluginManager._log (src/infrastructure/plugins/PluginManager.js:483:21)

  console.info
    [PluginManager] Plugin 'independent-3' v1.0.0 registered

      at PluginManager._log (src/infrastructure/plugins/PluginManager.js:483:21)

  console.info
    [PluginManager] Plugin 'independent-4' v1.0.0 registered

      at PluginManager._log (src/infrastructure/plugins/PluginManager.js:483:21)

  console.info
    [PluginManager] Plugin 'independent-5' v1.0.0 registered

      at PluginManager._log (src/infrastructure/plugins/PluginManager.js:483:21)

  console.info
    [PluginManager] Plugin 'independent-6' v1.0.0 registered

      at PluginManager._log (src/infrastructure/plugins/PluginManager.js:483:21)

  console.info
    [PluginManager] Plugin 'independent-7' v1.0.0 registered

      at PluginManager._log (src/infrastructure/plugins/PluginManager.js:483:21)

  console.info
    [PluginManager] Plugin 'independent-8' v1.0.0 registered

      at PluginManager._log (src/infrastructure/plugins/PluginManager.js:483:21)

  console.info
    [PluginManager] Plugin 'independent-0' enabled

      at PluginManager._log (src/infrastructure/plugins/PluginManager.js:483:21)

  console.info
    [PluginManager] Plugin 'independent-1' enabled

      at PluginManager._log (src/infrastructure/plugins/PluginManager.js:483:21)

  console.info
    [PluginManager] Plugin 'independent-2' enabled

      at PluginManager._log (src/infrastructure/plugins/PluginManager.js:483:21)

  console.info
    [PluginManager] Plugin 'independent-3' enabled

      at PluginManager._log (src/infrastructure/plugins/PluginManager.js:483:21)

  console.info
    [PluginManager] Plugin 'independent-4' enabled

      at PluginManager._log (src/infrastructure/plugins/PluginManager.js:483:21)

  console.info
    [PluginManager] Plugin 'independent-5' enabled

      at PluginManager._log (src/infrastructure/plugins/PluginManager.js:483:21)

  console.info
    [PluginManager] Plugin 'independent-6' enabled

      at PluginManager._log (src/infrastructure/plugins/PluginManager.js:483:21)

  console.info
    [PluginManager] Plugin 'independent-7' enabled

      at PluginManager._log (src/infrastructure/plugins/PluginManager.js:483:21)

  console.info
    [PluginManager] Plugin 'independent-8' enabled

      at PluginManager._log (src/infrastructure/plugins/PluginManager.js:483:21)

  console.info
    [PluginManager] Plugin 'independent-0' v1.0.0 registered

      at PluginManager._log (src/infrastructure/plugins/PluginManager.js:483:21)

  console.info
    [PluginManager] Plugin 'independent-1' v1.0.0 registered

      at PluginManager._log (src/infrastructure/plugins/PluginManager.js:483:21)

  console.info
    [PluginManager] Plugin 'independent-2' v1.0.0 registered

      at PluginManager._log (src/infrastructure/plugins/PluginManager.js:483:21)

  console.info
    [PluginManager] Plugin 'independent-3' v1.0.0 registered

      at PluginManager._log (src/infrastructure/plugins/PluginManager.js:483:21)

  console.info
    [PluginManager] Plugin 'independent-0' enabled

      at PluginManager._log (src/infrastructure/plugins/PluginManager.js:483:21)

  console.info
    [PluginManager] Plugin 'independent-1' enabled

      at PluginManager._log (src/infrastructure/plugins/PluginManager.js:483:21)

  console.info
    [PluginManager] Plugin 'independent-2' enabled

      at PluginManager._log (src/infrastructure/plugins/PluginManager.js:483:21)

  console.info
    [PluginManager] Plugin 'independent-3' enabled

      at PluginManager._log (src/infrastructure/plugins/PluginManager.js:483:21)

  console.info
    [PluginManager] Plugin 'independent-0' v1.0.0 registered

      at PluginManager._log (src/infrastructure/plugins/PluginManager.js:483:21)

  console.info
    [PluginManager] Plugin 'independent-1' v1.0.0 registered

      at PluginManager._log (src/infrastructure/plugins/PluginManager.js:483:21)

  console.info
    [PluginManager] Plugin 'independent-2' v1.0.0 registered

      at PluginManager._log (src/infrastructure/plugins/PluginManager.js:483:21)

  console.info
    [PluginManager] Plugin 'independent-3' v1.0.0 registered

      at PluginManager._log (src/infrastructure/plugins/PluginManager.js:483:21)

  console.info
    [PluginManager] Plugin 'independent-4' v1.0.0 registered

      at PluginManager._log (src/infrastructure/plugins/PluginManager.js:483:21)

  console.info
    [PluginManager] Plugin 'independent-0' enabled

      at PluginManager._log (src/infrastructure/plugins/PluginManager.js:483:21)

  console.info
    [PluginManager] Plugin 'independent-1' enabled

      at PluginManager._log (src/infrastructure/plugins/PluginManager.js:483:21)

  console.info
    [PluginManager] Plugin 'independent-2' enabled

      at PluginManager._log (src/infrastructure/plugins/PluginManager.js:483:21)

  console.info
    [PluginManager] Plugin 'independent-3' enabled

      at PluginManager._log (src/infrastructure/plugins/PluginManager.js:483:21)

  console.info
    [PluginManager] Plugin 'independent-4' enabled

      at PluginManager._log (src/infrastructure/plugins/PluginManager.js:483:21)

  console.info
    [PluginManager] Plugin 'independent-0' v1.0.0 registered

      at PluginManager._log (src/infrastructure/plugins/PluginManager.js:483:21)

  console.info
    [PluginManager] Plugin 'independent-1' v1.0.0 registered

      at PluginManager._log (src/infrastructure/plugins/PluginManager.js:483:21)

  console.info
    [PluginManager] Plugin 'independent-2' v1.0.0 registered

      at PluginManager._log (src/infrastructure/plugins/PluginManager.js:483:21)

  console.info
    [PluginManager] Plugin 'independent-0' enabled

      at PluginManager._log (src/infrastructure/plugins/PluginManager.js:483:21)

  console.info
    [PluginManager] Plugin 'independent-1' enabled

      at PluginManager._log (src/infrastructure/plugins/PluginManager.js:483:21)

  console.info
    [PluginManager] Plugin 'independent-2' enabled

      at PluginManager._log (src/infrastructure/plugins/PluginManager.js:483:21)

  console.info
    [PluginManager] Plugin 'independent-0' v1.0.0 registered

      at PluginManager._log (src/infrastructure/plugins/PluginManager.js:483:21)

  console.info
    [PluginManager] Plugin 'independent-1' v1.0.0 registered

      at PluginManager._log (src/infrastructure/plugins/PluginManager.js:483:21)

  console.info
    [PluginManager] Plugin 'independent-2' v1.0.0 registered

      at PluginManager._log (src/infrastructure/plugins/PluginManager.js:483:21)

  console.info
    [PluginManager] Plugin 'independent-3' v1.0.0 registered

      at PluginManager._log (src/infrastructure/plugins/PluginManager.js:483:21)

  console.info
    [PluginManager] Plugin 'independent-0' enabled

      at PluginManager._log (src/infrastructure/plugins/PluginManager.js:483:21)

  console.info
    [PluginManager] Plugin 'independent-1' enabled

      at PluginManager._log (src/infrastructure/plugins/PluginManager.js:483:21)

  console.info
    [PluginManager] Plugin 'independent-2' enabled

      at PluginManager._log (src/infrastructure/plugins/PluginManager.js:483:21)

  console.info
    [PluginManager] Plugin 'independent-3' enabled

      at PluginManager._log (src/infrastructure/plugins/PluginManager.js:483:21)

  console.info
    [PluginManager] Plugin 'independent-0' v1.0.0 registered

      at PluginManager._log (src/infrastructure/plugins/PluginManager.js:483:21)

  console.info
    [PluginManager] Plugin 'independent-1' v1.0.0 registered

      at PluginManager._log (src/infrastructure/plugins/PluginManager.js:483:21)

  console.info
    [PluginManager] Plugin 'independent-2' v1.0.0 registered

      at PluginManager._log (src/infrastructure/plugins/PluginManager.js:483:21)

  console.info
    [PluginManager] Plugin 'independent-3' v1.0.0 registered

      at PluginManager._log (src/infrastructure/plugins/PluginManager.js:483:21)

  console.info
    [PluginManager] Plugin 'independent-0' enabled

      at PluginManager._log (src/infrastructure/plugins/PluginManager.js:483:21)

  console.info
    [PluginManager] Plugin 'independent-1' enabled

      at PluginManager._log (src/infrastructure/plugins/PluginManager.js:483:21)

  console.info
    [PluginManager] Plugin 'independent-2' enabled

      at PluginManager._log (src/infrastructure/plugins/PluginManager.js:483:21)

  console.info
    [PluginManager] Plugin 'independent-3' enabled

      at PluginManager._log (src/infrastructure/plugins/PluginManager.js:483:21)

  console.info
    [PluginManager] Plugin 'independent-0' v1.0.0 registered

      at PluginManager._log (src/infrastructure/plugins/PluginManager.js:483:21)

  console.info
    [PluginManager] Plugin 'independent-1' v1.0.0 registered

      at PluginManager._log (src/infrastructure/plugins/PluginManager.js:483:21)

  console.info
    [PluginManager] Plugin 'independent-2' v1.0.0 registered

      at PluginManager._log (src/infrastructure/plugins/PluginManager.js:483:21)

  console.info
    [PluginManager] Plugin 'independent-3' v1.0.0 registered

      at PluginManager._log (src/infrastructure/plugins/PluginManager.js:483:21)

  console.info
    [PluginManager] Plugin 'independent-4' v1.0.0 registered

      at PluginManager._log (src/infrastructure/plugins/PluginManager.js:483:21)

  console.info
    [PluginManager] Plugin 'independent-0' enabled

      at PluginManager._log (src/infrastructure/plugins/PluginManager.js:483:21)

  console.info
    [PluginManager] Plugin 'independent-1' enabled

      at PluginManager._log (src/infrastructure/plugins/PluginManager.js:483:21)

  console.info
    [PluginManager] Plugin 'independent-2' enabled

      at PluginManager._log (src/infrastructure/plugins/PluginManager.js:483:21)

  console.info
    [PluginManager] Plugin 'independent-3' enabled

      at PluginManager._log (src/infrastructure/plugins/PluginManager.js:483:21)

  console.info
    [PluginManager] Plugin 'independent-4' enabled

      at PluginManager._log (src/infrastructure/plugins/PluginManager.js:483:21)

  console.info
    [PluginManager] Plugin 'independent-0' v1.0.0 registered

      at PluginManager._log (src/infrastructure/plugins/PluginManager.js:483:21)

  console.info
    [PluginManager] Plugin 'independent-1' v1.0.0 registered

      at PluginManager._log (src/infrastructure/plugins/PluginManager.js:483:21)

  console.info
    [PluginManager] Plugin 'independent-2' v1.0.0 registered

      at PluginManager._log (src/infrastructure/plugins/PluginManager.js:483:21)

  console.info
    [PluginManager] Plugin 'independent-3' v1.0.0 registered

      at PluginManager._log (src/infrastructure/plugins/PluginManager.js:483:21)

  console.info
    [PluginManager] Plugin 'independent-0' enabled

      at PluginManager._log (src/infrastructure/plugins/PluginManager.js:483:21)

  console.info
    [PluginManager] Plugin 'independent-1' enabled

      at PluginManager._log (src/infrastructure/plugins/PluginManager.js:483:21)

  console.info
    [PluginManager] Plugin 'independent-2' enabled

      at PluginManager._log (src/infrastructure/plugins/PluginManager.js:483:21)

  console.info
    [PluginManager] Plugin 'independent-3' enabled

      at PluginManager._log (src/infrastructure/plugins/PluginManager.js:483:21)

  console.info
    [PluginManager] Plugin 'independent-0' v1.0.0 registered

      at PluginManager._log (src/infrastructure/plugins/PluginManager.js:483:21)

  console.info
    [PluginManager] Plugin 'independent-1' v1.0.0 registered

      at PluginManager._log (src/infrastructure/plugins/PluginManager.js:483:21)

  console.info
    [PluginManager] Plugin 'independent-2' v1.0.0 registered

      at PluginManager._log (src/infrastructure/plugins/PluginManager.js:483:21)

  console.info
    [PluginManager] Plugin 'independent-3' v1.0.0 registered

      at PluginManager._log (src/infrastructure/plugins/PluginManager.js:483:21)

  console.info
    [PluginManager] Plugin 'independent-0' enabled

      at PluginManager._log (src/infrastructure/plugins/PluginManager.js:483:21)

  console.info
    [PluginManager] Plugin 'independent-1' enabled

      at PluginManager._log (src/infrastructure/plugins/PluginManager.js:483:21)

  console.info
    [PluginManager] Plugin 'independent-2' enabled

      at PluginManager._log (src/infrastructure/plugins/PluginManager.js:483:21)

  console.info
    [PluginManager] Plugin 'independent-3' enabled

      at PluginManager._log (src/infrastructure/plugins/PluginManager.js:483:21)

  console.info
    [PluginManager] Plugin 'independent-0' v1.0.0 registered

      at PluginManager._log (src/infrastructure/plugins/PluginManager.js:483:21)

  console.info
    [PluginManager] Plugin 'independent-1' v1.0.0 registered

      at PluginManager._log (src/infrastructure/plugins/PluginManager.js:483:21)

  console.info
    [PluginManager] Plugin 'independent-0' enabled

      at PluginManager._log (src/infrastructure/plugins/PluginManager.js:483:21)

  console.info
    [PluginManager] Plugin 'independent-1' enabled

      at PluginManager._log (src/infrastructure/plugins/PluginManager.js:483:21)

  console.info
    [PluginManager] Plugin 'independent-0' v1.0.0 registered

      at PluginManager._log (src/infrastructure/plugins/PluginManager.js:483:21)

  console.info
    [PluginManager] Plugin 'independent-1' v1.0.0 registered

      at PluginManager._log (src/infrastructure/plugins/PluginManager.js:483:21)

  console.info
    [PluginManager] Plugin 'independent-2' v1.0.0 registered

      at PluginManager._log (src/infrastructure/plugins/PluginManager.js:483:21)

  console.info
    [PluginManager] Plugin 'independent-0' enabled

      at PluginManager._log (src/infrastructure/plugins/PluginManager.js:483:21)

  console.info
    [PluginManager] Plugin 'independent-1' enabled

      at PluginManager._log (src/infrastructure/plugins/PluginManager.js:483:21)

  console.info
    [PluginManager] Plugin 'independent-2' enabled

      at PluginManager._log (src/infrastructure/plugins/PluginManager.js:483:21)

  console.info
    [PluginManager] Plugin 'independent-0' v1.0.0 registered

      at PluginManager._log (src/infrastructure/plugins/PluginManager.js:483:21)

  console.info
    [PluginManager] Plugin 'independent-1' v1.0.0 registered

      at PluginManager._log (src/infrastructure/plugins/PluginManager.js:483:21)

  console.info
    [PluginManager] Plugin 'independent-2' v1.0.0 registered

      at PluginManager._log (src/infrastructure/plugins/PluginManager.js:483:21)

  console.info
    [PluginManager] Plugin 'independent-3' v1.0.0 registered

      at PluginManager._log (src/infrastructure/plugins/PluginManager.js:483:21)

  console.info
    [PluginManager] Plugin 'independent-4' v1.0.0 registered

      at PluginManager._log (src/infrastructure/plugins/PluginManager.js:483:21)

  console.info
    [PluginManager] Plugin 'independent-5' v1.0.0 registered

      at PluginManager._log (src/infrastructure/plugins/PluginManager.js:483:21)

  console.info
    [PluginManager] Plugin 'independent-6' v1.0.0 registered

      at PluginManager._log (src/infrastructure/plugins/PluginManager.js:483:21)

  console.info
    [PluginManager] Plugin 'independent-7' v1.0.0 registered

      at PluginManager._log (src/infrastructure/plugins/PluginManager.js:483:21)

  console.info
    [PluginManager] Plugin 'independent-8' v1.0.0 registered

      at PluginManager._log (src/infrastructure/plugins/PluginManager.js:483:21)

  console.info
    [PluginManager] Plugin 'independent-9' v1.0.0 registered

      at PluginManager._log (src/infrastructure/plugins/PluginManager.js:483:21)

  console.info
    [PluginManager] Plugin 'independent-0' enabled

      at PluginManager._log (src/infrastructure/plugins/PluginManager.js:483:21)

  console.info
    [PluginManager] Plugin 'independent-1' enabled

      at PluginManager._log (src/infrastructure/plugins/PluginManager.js:483:21)

  console.info
    [PluginManager] Plugin 'independent-2' enabled

      at PluginManager._log (src/infrastructure/plugins/PluginManager.js:483:21)

  console.info
    [PluginManager] Plugin 'independent-3' enabled

      at PluginManager._log (src/infrastructure/plugins/PluginManager.js:483:21)

  console.info
    [PluginManager] Plugin 'independent-4' enabled

      at PluginManager._log (src/infrastructure/plugins/PluginManager.js:483:21)

  console.info
    [PluginManager] Plugin 'independent-5' enabled

      at PluginManager._log (src/infrastructure/plugins/PluginManager.js:483:21)

  console.info
    [PluginManager] Plugin 'independent-6' enabled

      at PluginManager._log (src/infrastructure/plugins/PluginManager.js:483:21)

  console.info
    [PluginManager] Plugin 'independent-7' enabled

      at PluginManager._log (src/infrastructure/plugins/PluginManager.js:483:21)

  console.info
    [PluginManager] Plugin 'independent-8' enabled

      at PluginManager._log (src/infrastructure/plugins/PluginManager.js:483:21)

  console.info
    [PluginManager] Plugin 'independent-9' enabled

      at PluginManager._log (src/infrastructure/plugins/PluginManager.js:483:21)

  console.info
    [PluginManager] Plugin 'independent-0' v1.0.0 registered

      at PluginManager._log (src/infrastructure/plugins/PluginManager.js:483:21)

  console.info
    [PluginManager] Plugin 'independent-1' v1.0.0 registered

      at PluginManager._log (src/infrastructure/plugins/PluginManager.js:483:21)

  console.info
    [PluginManager] Plugin 'independent-2' v1.0.0 registered

      at PluginManager._log (src/infrastructure/plugins/PluginManager.js:483:21)

  console.info
    [PluginManager] Plugin 'independent-3' v1.0.0 registered

      at PluginManager._log (src/infrastructure/plugins/PluginManager.js:483:21)

  console.info
    [PluginManager] Plugin 'independent-4' v1.0.0 registered

      at PluginManager._log (src/infrastructure/plugins/PluginManager.js:483:21)

  console.info
    [PluginManager] Plugin 'independent-5' v1.0.0 registered

      at PluginManager._log (src/infrastructure/plugins/PluginManager.js:483:21)

  console.info
    [PluginManager] Plugin 'independent-6' v1.0.0 registered

      at PluginManager._log (src/infrastructure/plugins/PluginManager.js:483:21)

  console.info
    [PluginManager] Plugin 'independent-7' v1.0.0 registered

      at PluginManager._log (src/infrastructure/plugins/PluginManager.js:483:21)

  console.info
    [PluginManager] Plugin 'independent-0' enabled

      at PluginManager._log (src/infrastructure/plugins/PluginManager.js:483:21)

  console.info
    [PluginManager] Plugin 'independent-1' enabled

      at PluginManager._log (src/infrastructure/plugins/PluginManager.js:483:21)

  console.info
    [PluginManager] Plugin 'independent-2' enabled

      at PluginManager._log (src/infrastructure/plugins/PluginManager.js:483:21)

  console.info
    [PluginManager] Plugin 'independent-3' enabled

      at PluginManager._log (src/infrastructure/plugins/PluginManager.js:483:21)

  console.info
    [PluginManager] Plugin 'independent-4' enabled

      at PluginManager._log (src/infrastructure/plugins/PluginManager.js:483:21)

  console.info
    [PluginManager] Plugin 'independent-5' enabled

      at PluginManager._log (src/infrastructure/plugins/PluginManager.js:483:21)

  console.info
    [PluginManager] Plugin 'independent-6' enabled

      at PluginManager._log (src/infrastructure/plugins/PluginManager.js:483:21)

  console.info
    [PluginManager] Plugin 'independent-7' enabled

      at PluginManager._log (src/infrastructure/plugins/PluginManager.js:483:21)

  console.info
    [PluginManager] Plugin 'independent-0' v1.0.0 registered

      at PluginManager._log (src/infrastructure/plugins/PluginManager.js:483:21)

  console.info
    [PluginManager] Plugin 'independent-1' v1.0.0 registered

      at PluginManager._log (src/infrastructure/plugins/PluginManager.js:483:21)

  console.info
    [PluginManager] Plugin 'independent-2' v1.0.0 registered

      at PluginManager._log (src/infrastructure/plugins/PluginManager.js:483:21)

  console.info
    [PluginManager] Plugin 'independent-0' enabled

      at PluginManager._log (src/infrastructure/plugins/PluginManager.js:483:21)

  console.info
    [PluginManager] Plugin 'independent-1' enabled

      at PluginManager._log (src/infrastructure/plugins/PluginManager.js:483:21)

  console.info
    [PluginManager] Plugin 'independent-2' enabled

      at PluginManager._log (src/infrastructure/plugins/PluginManager.js:483:21)

  console.info
    [PluginManager] Plugin 'independent-0' v1.0.0 registered

      at PluginManager._log (src/infrastructure/plugins/PluginManager.js:483:21)

  console.info
    [PluginManager] Plugin 'independent-1' v1.0.0 registered

      at PluginManager._log (src/infrastructure/plugins/PluginManager.js:483:21)

  console.info
    [PluginManager] Plugin 'independent-2' v1.0.0 registered

      at PluginManager._log (src/infrastructure/plugins/PluginManager.js:483:21)

  console.info
    [PluginManager] Plugin 'independent-3' v1.0.0 registered

      at PluginManager._log (src/infrastructure/plugins/PluginManager.js:483:21)

  console.info
    [PluginManager] Plugin 'independent-4' v1.0.0 registered

      at PluginManager._log (src/infrastructure/plugins/PluginManager.js:483:21)

  console.info
    [PluginManager] Plugin 'independent-5' v1.0.0 registered

      at PluginManager._log (src/infrastructure/plugins/PluginManager.js:483:21)

  console.info
    [PluginManager] Plugin 'independent-6' v1.0.0 registered

      at PluginManager._log (src/infrastructure/plugins/PluginManager.js:483:21)

  console.info
    [PluginManager] Plugin 'independent-0' enabled

      at PluginManager._log (src/infrastructure/plugins/PluginManager.js:483:21)

  console.info
    [PluginManager] Plugin 'independent-1' enabled

      at PluginManager._log (src/infrastructure/plugins/PluginManager.js:483:21)

  console.info
    [PluginManager] Plugin 'independent-2' enabled

      at PluginManager._log (src/infrastructure/plugins/PluginManager.js:483:21)

  console.info
    [PluginManager] Plugin 'independent-3' enabled

      at PluginManager._log (src/infrastructure/plugins/PluginManager.js:483:21)

  console.info
    [PluginManager] Plugin 'independent-4' enabled

      at PluginManager._log (src/infrastructure/plugins/PluginManager.js:483:21)

  console.info
    [PluginManager] Plugin 'independent-5' enabled

      at PluginManager._log (src/infrastructure/plugins/PluginManager.js:483:21)

  console.info
    [PluginManager] Plugin 'independent-6' enabled

      at PluginManager._log (src/infrastructure/plugins/PluginManager.js:483:21)

  console.info
    [PluginManager] Plugin 'independent-0' v1.0.0 registered

      at PluginManager._log (src/infrastructure/plugins/PluginManager.js:483:21)

  console.info
    [PluginManager] Plugin 'independent-1' v1.0.0 registered

      at PluginManager._log (src/infrastructure/plugins/PluginManager.js:483:21)

  console.info
    [PluginManager] Plugin 'independent-2' v1.0.0 registered

      at PluginManager._log (src/infrastructure/plugins/PluginManager.js:483:21)

  console.info
    [PluginManager] Plugin 'independent-3' v1.0.0 registered

      at PluginManager._log (src/infrastructure/plugins/PluginManager.js:483:21)

  console.info
    [PluginManager] Plugin 'independent-4' v1.0.0 registered

      at PluginManager._log (src/infrastructure/plugins/PluginManager.js:483:21)

  console.info
    [PluginManager] Plugin 'independent-5' v1.0.0 registered

      at PluginManager._log (src/infrastructure/plugins/PluginManager.js:483:21)

  console.info
    [PluginManager] Plugin 'independent-6' v1.0.0 registered

      at PluginManager._log (src/infrastructure/plugins/PluginManager.js:483:21)

  console.info
    [PluginManager] Plugin 'independent-7' v1.0.0 registered

      at PluginManager._log (src/infrastructure/plugins/PluginManager.js:483:21)

  console.info
    [PluginManager] Plugin 'independent-8' v1.0.0 registered

      at PluginManager._log (src/infrastructure/plugins/PluginManager.js:483:21)

  console.info
    [PluginManager] Plugin 'independent-9' v1.0.0 registered

      at PluginManager._log (src/infrastructure/plugins/PluginManager.js:483:21)

  console.info
    [PluginManager] Plugin 'independent-0' enabled

      at PluginManager._log (src/infrastructure/plugins/PluginManager.js:483:21)

  console.info
    [PluginManager] Plugin 'independent-1' enabled

      at PluginManager._log (src/infrastructure/plugins/PluginManager.js:483:21)

  console.info
    [PluginManager] Plugin 'independent-2' enabled

      at PluginManager._log (src/infrastructure/plugins/PluginManager.js:483:21)

  console.info
    [PluginManager] Plugin 'independent-3' enabled

      at PluginManager._log (src/infrastructure/plugins/PluginManager.js:483:21)

  console.info
    [PluginManager] Plugin 'independent-4' enabled

      at PluginManager._log (src/infrastructure/plugins/PluginManager.js:483:21)

  console.info
    [PluginManager] Plugin 'independent-5' enabled

      at PluginManager._log (src/infrastructure/plugins/PluginManager.js:483:21)

  console.info
    [PluginManager] Plugin 'independent-6' enabled

      at PluginManager._log (src/infrastructure/plugins/PluginManager.js:483:21)

  console.info
    [PluginManager] Plugin 'independent-7' enabled

      at PluginManager._log (src/infrastructure/plugins/PluginManager.js:483:21)

  console.info
    [PluginManager] Plugin 'independent-8' enabled

      at PluginManager._log (src/infrastructure/plugins/PluginManager.js:483:21)

  console.info
    [PluginManager] Plugin 'independent-9' enabled

      at PluginManager._log (src/infrastructure/plugins/PluginManager.js:483:21)

  console.info
    [PluginManager] Plugin 'independent-0' v1.0.0 registered

      at PluginManager._log (src/infrastructure/plugins/PluginManager.js:483:21)

  console.info
    [PluginManager] Plugin 'independent-1' v1.0.0 registered

      at PluginManager._log (src/infrastructure/plugins/PluginManager.js:483:21)

  console.info
    [PluginManager] Plugin 'independent-2' v1.0.0 registered

      at PluginManager._log (src/infrastructure/plugins/PluginManager.js:483:21)

  console.info
    [PluginManager] Plugin 'independent-3' v1.0.0 registered

      at PluginManager._log (src/infrastructure/plugins/PluginManager.js:483:21)

  console.info
    [PluginManager] Plugin 'independent-0' enabled

      at PluginManager._log (src/infrastructure/plugins/PluginManager.js:483:21)

  console.info
    [PluginManager] Plugin 'independent-1' enabled

      at PluginManager._log (src/infrastructure/plugins/PluginManager.js:483:21)

  console.info
    [PluginManager] Plugin 'independent-2' enabled

      at PluginManager._log (src/infrastructure/plugins/PluginManager.js:483:21)

  console.info
    [PluginManager] Plugin 'independent-3' enabled

      at PluginManager._log (src/infrastructure/plugins/PluginManager.js:483:21)

  console.info
    [PluginManager] Plugin 'independent-0' v1.0.0 registered

      at PluginManager._log (src/infrastructure/plugins/PluginManager.js:483:21)

  console.info
    [PluginManager] Plugin 'independent-1' v1.0.0 registered

      at PluginManager._log (src/infrastructure/plugins/PluginManager.js:483:21)

  console.info
    [PluginManager] Plugin 'independent-2' v1.0.0 registered

      at PluginManager._log (src/infrastructure/plugins/PluginManager.js:483:21)

  console.info
    [PluginManager] Plugin 'independent-3' v1.0.0 registered

      at PluginManager._log (src/infrastructure/plugins/PluginManager.js:483:21)

  console.info
    [PluginManager] Plugin 'independent-4' v1.0.0 registered

      at PluginManager._log (src/infrastructure/plugins/PluginManager.js:483:21)

  console.info
    [PluginManager] Plugin 'independent-5' v1.0.0 registered

      at PluginManager._log (src/infrastructure/plugins/PluginManager.js:483:21)

  console.info
    [PluginManager] Plugin 'independent-6' v1.0.0 registered

      at PluginManager._log (src/infrastructure/plugins/PluginManager.js:483:21)

  console.info
    [PluginManager] Plugin 'independent-7' v1.0.0 registered

      at PluginManager._log (src/infrastructure/plugins/PluginManager.js:483:21)

  console.info
    [PluginManager] Plugin 'independent-8' v1.0.0 registered

      at PluginManager._log (src/infrastructure/plugins/PluginManager.js:483:21)

  console.info
    [PluginManager] Plugin 'independent-0' enabled

      at PluginManager._log (src/infrastructure/plugins/PluginManager.js:483:21)

  console.info
    [PluginManager] Plugin 'independent-1' enabled

      at PluginManager._log (src/infrastructure/plugins/PluginManager.js:483:21)

  console.info
    [PluginManager] Plugin 'independent-2' enabled

      at PluginManager._log (src/infrastructure/plugins/PluginManager.js:483:21)

  console.info
    [PluginManager] Plugin 'independent-3' enabled

      at PluginManager._log (src/infrastructure/plugins/PluginManager.js:483:21)

  console.info
    [PluginManager] Plugin 'independent-4' enabled

      at PluginManager._log (src/infrastructure/plugins/PluginManager.js:483:21)

  console.info
    [PluginManager] Plugin 'independent-5' enabled

      at PluginManager._log (src/infrastructure/plugins/PluginManager.js:483:21)

  console.info
    [PluginManager] Plugin 'independent-6' enabled

      at PluginManager._log (src/infrastructure/plugins/PluginManager.js:483:21)

  console.info
    [PluginManager] Plugin 'independent-7' enabled

      at PluginManager._log (src/infrastructure/plugins/PluginManager.js:483:21)

  console.info
    [PluginManager] Plugin 'independent-8' enabled

      at PluginManager._log (src/infrastructure/plugins/PluginManager.js:483:21)

  console.info
    [PluginManager] Plugin 'independent-0' v1.0.0 registered

      at PluginManager._log (src/infrastructure/plugins/PluginManager.js:483:21)

  console.info
    [PluginManager] Plugin 'independent-1' v1.0.0 registered

      at PluginManager._log (src/infrastructure/plugins/PluginManager.js:483:21)

  console.info
    [PluginManager] Plugin 'independent-2' v1.0.0 registered

      at PluginManager._log (src/infrastructure/plugins/PluginManager.js:483:21)

  console.info
    [PluginManager] Plugin 'independent-3' v1.0.0 registered

      at PluginManager._log (src/infrastructure/plugins/PluginManager.js:483:21)

  console.info
    [PluginManager] Plugin 'independent-0' enabled

      at PluginManager._log (src/infrastructure/plugins/PluginManager.js:483:21)

  console.info
    [PluginManager] Plugin 'independent-1' enabled

      at PluginManager._log (src/infrastructure/plugins/PluginManager.js:483:21)

  console.info
    [PluginManager] Plugin 'independent-2' enabled

      at PluginManager._log (src/infrastructure/plugins/PluginManager.js:483:21)

  console.info
    [PluginManager] Plugin 'independent-3' enabled

      at PluginManager._log (src/infrastructure/plugins/PluginManager.js:483:21)

  console.info
    [PluginManager] Plugin 'independent-0' v1.0.0 registered

      at PluginManager._log (src/infrastructure/plugins/PluginManager.js:483:21)

  console.info
    [PluginManager] Plugin 'independent-1' v1.0.0 registered

      at PluginManager._log (src/infrastructure/plugins/PluginManager.js:483:21)

  console.info
    [PluginManager] Plugin 'independent-2' v1.0.0 registered

      at PluginManager._log (src/infrastructure/plugins/PluginManager.js:483:21)

  console.info
    [PluginManager] Plugin 'independent-3' v1.0.0 registered

      at PluginManager._log (src/infrastructure/plugins/PluginManager.js:483:21)

  console.info
    [PluginManager] Plugin 'independent-4' v1.0.0 registered

      at PluginManager._log (src/infrastructure/plugins/PluginManager.js:483:21)

  console.info
    [PluginManager] Plugin 'independent-5' v1.0.0 registered

      at PluginManager._log (src/infrastructure/plugins/PluginManager.js:483:21)

  console.info
    [PluginManager] Plugin 'independent-6' v1.0.0 registered

      at PluginManager._log (src/infrastructure/plugins/PluginManager.js:483:21)

  console.info
    [PluginManager] Plugin 'independent-7' v1.0.0 registered

      at PluginManager._log (src/infrastructure/plugins/PluginManager.js:483:21)

  console.info
    [PluginManager] Plugin 'independent-8' v1.0.0 registered

      at PluginManager._log (src/infrastructure/plugins/PluginManager.js:483:21)

  console.info
    [PluginManager] Plugin 'independent-9' v1.0.0 registered

      at PluginManager._log (src/infrastructure/plugins/PluginManager.js:483:21)

  console.info
    [PluginManager] Plugin 'independent-0' enabled

      at PluginManager._log (src/infrastructure/plugins/PluginManager.js:483:21)

  console.info
    [PluginManager] Plugin 'independent-1' enabled

      at PluginManager._log (src/infrastructure/plugins/PluginManager.js:483:21)

  console.info
    [PluginManager] Plugin 'independent-2' enabled

      at PluginManager._log (src/infrastructure/plugins/PluginManager.js:483:21)

  console.info
    [PluginManager] Plugin 'independent-3' enabled

      at PluginManager._log (src/infrastructure/plugins/PluginManager.js:483:21)

  console.info
    [PluginManager] Plugin 'independent-4' enabled

      at PluginManager._log (src/infrastructure/plugins/PluginManager.js:483:21)

  console.info
    [PluginManager] Plugin 'independent-5' enabled

      at PluginManager._log (src/infrastructure/plugins/PluginManager.js:483:21)

  console.info
    [PluginManager] Plugin 'independent-6' enabled

      at PluginManager._log (src/infrastructure/plugins/PluginManager.js:483:21)

  console.info
    [PluginManager] Plugin 'independent-7' enabled

      at PluginManager._log (src/infrastructure/plugins/PluginManager.js:483:21)

  console.info
    [PluginManager] Plugin 'independent-8' enabled

      at PluginManager._log (src/infrastructure/plugins/PluginManager.js:483:21)

  console.info
    [PluginManager] Plugin 'independent-9' enabled

      at PluginManager._log (src/infrastructure/plugins/PluginManager.js:483:21)

  console.info
    [PluginManager] Plugin 'independent-0' v1.0.0 registered

      at PluginManager._log (src/infrastructure/plugins/PluginManager.js:483:21)

  console.info
    [PluginManager] Plugin 'independent-1' v1.0.0 registered

      at PluginManager._log (src/infrastructure/plugins/PluginManager.js:483:21)

  console.info
    [PluginManager] Plugin 'independent-2' v1.0.0 registered

      at PluginManager._log (src/infrastructure/plugins/PluginManager.js:483:21)

  console.info
    [PluginManager] Plugin 'independent-3' v1.0.0 registered

      at PluginManager._log (src/infrastructure/plugins/PluginManager.js:483:21)

  console.info
    [PluginManager] Plugin 'independent-4' v1.0.0 registered

      at PluginManager._log (src/infrastructure/plugins/PluginManager.js:483:21)

  console.info
    [PluginManager] Plugin 'independent-5' v1.0.0 registered

      at PluginManager._log (src/infrastructure/plugins/PluginManager.js:483:21)

  console.info
    [PluginManager] Plugin 'independent-6' v1.0.0 registered

      at PluginManager._log (src/infrastructure/plugins/PluginManager.js:483:21)

  console.info
    [PluginManager] Plugin 'independent-7' v1.0.0 registered

      at PluginManager._log (src/infrastructure/plugins/PluginManager.js:483:21)

  console.info
    [PluginManager] Plugin 'independent-8' v1.0.0 registered

      at PluginManager._log (src/infrastructure/plugins/PluginManager.js:483:21)

  console.info
    [PluginManager] Plugin 'independent-9' v1.0.0 registered

      at PluginManager._log (src/infrastructure/plugins/PluginManager.js:483:21)

  console.info
    [PluginManager] Plugin 'independent-0' enabled

      at PluginManager._log (src/infrastructure/plugins/PluginManager.js:483:21)

  console.info
    [PluginManager] Plugin 'independent-1' enabled

      at PluginManager._log (src/infrastructure/plugins/PluginManager.js:483:21)

  console.info
    [PluginManager] Plugin 'independent-2' enabled

      at PluginManager._log (src/infrastructure/plugins/PluginManager.js:483:21)

  console.info
    [PluginManager] Plugin 'independent-3' enabled

      at PluginManager._log (src/infrastructure/plugins/PluginManager.js:483:21)

  console.info
    [PluginManager] Plugin 'independent-4' enabled

      at PluginManager._log (src/infrastructure/plugins/PluginManager.js:483:21)

  console.info
    [PluginManager] Plugin 'independent-5' enabled

      at PluginManager._log (src/infrastructure/plugins/PluginManager.js:483:21)

  console.info
    [PluginManager] Plugin 'independent-6' enabled

      at PluginManager._log (src/infrastructure/plugins/PluginManager.js:483:21)

  console.info
    [PluginManager] Plugin 'independent-7' enabled

      at PluginManager._log (src/infrastructure/plugins/PluginManager.js:483:21)

  console.info
    [PluginManager] Plugin 'independent-8' enabled

      at PluginManager._log (src/infrastructure/plugins/PluginManager.js:483:21)

  console.info
    [PluginManager] Plugin 'independent-9' enabled

      at PluginManager._log (src/infrastructure/plugins/PluginManager.js:483:21)

  console.info
    [PluginManager] Plugin 'independent-0' v1.0.0 registered

      at PluginManager._log (src/infrastructure/plugins/PluginManager.js:483:21)

  console.info
    [PluginManager] Plugin 'independent-1' v1.0.0 registered

      at PluginManager._log (src/infrastructure/plugins/PluginManager.js:483:21)

  console.info
    [PluginManager] Plugin 'independent-0' enabled

      at PluginManager._log (src/infrastructure/plugins/PluginManager.js:483:21)

  console.info
    [PluginManager] Plugin 'independent-1' enabled

      at PluginManager._log (src/infrastructure/plugins/PluginManager.js:483:21)

  console.info
    [PluginManager] Plugin 'independent-0' v1.0.0 registered

      at PluginManager._log (src/infrastructure/plugins/PluginManager.js:483:21)

  console.info
    [PluginManager] Plugin 'independent-1' v1.0.0 registered

      at PluginManager._log (src/infrastructure/plugins/PluginManager.js:483:21)

  console.info
    [PluginManager] Plugin 'independent-2' v1.0.0 registered

      at PluginManager._log (src/infrastructure/plugins/PluginManager.js:483:21)

  console.info
    [PluginManager] Plugin 'independent-3' v1.0.0 registered

      at PluginManager._log (src/infrastructure/plugins/PluginManager.js:483:21)

  console.info
    [PluginManager] Plugin 'independent-4' v1.0.0 registered

      at PluginManager._log (src/infrastructure/plugins/PluginManager.js:483:21)

  console.info
    [PluginManager] Plugin 'independent-5' v1.0.0 registered

      at PluginManager._log (src/infrastructure/plugins/PluginManager.js:483:21)

  console.info
    [PluginManager] Plugin 'independent-6' v1.0.0 registered

      at PluginManager._log (src/infrastructure/plugins/PluginManager.js:483:21)

  console.info
    [PluginManager] Plugin 'independent-0' enabled

      at PluginManager._log (src/infrastructure/plugins/PluginManager.js:483:21)

  console.info
    [PluginManager] Plugin 'independent-1' enabled

      at PluginManager._log (src/infrastructure/plugins/PluginManager.js:483:21)

  console.info
    [PluginManager] Plugin 'independent-2' enabled

      at PluginManager._log (src/infrastructure/plugins/PluginManager.js:483:21)

  console.info
    [PluginManager] Plugin 'independent-3' enabled

      at PluginManager._log (src/infrastructure/plugins/PluginManager.js:483:21)

  console.info
    [PluginManager] Plugin 'independent-4' enabled

      at PluginManager._log (src/infrastructure/plugins/PluginManager.js:483:21)

  console.info
    [PluginManager] Plugin 'independent-5' enabled

      at PluginManager._log (src/infrastructure/plugins/PluginManager.js:483:21)

  console.info
    [PluginManager] Plugin 'independent-6' enabled

      at PluginManager._log (src/infrastructure/plugins/PluginManager.js:483:21)

  console.info
    [PluginManager] Plugin 'independent-0' v1.0.0 registered

      at PluginManager._log (src/infrastructure/plugins/PluginManager.js:483:21)

  console.info
    [PluginManager] Plugin 'independent-1' v1.0.0 registered

      at PluginManager._log (src/infrastructure/plugins/PluginManager.js:483:21)

  console.info
    [PluginManager] Plugin 'independent-2' v1.0.0 registered

      at PluginManager._log (src/infrastructure/plugins/PluginManager.js:483:21)

  console.info
    [PluginManager] Plugin 'independent-3' v1.0.0 registered

      at PluginManager._log (src/infrastructure/plugins/PluginManager.js:483:21)

  console.info
    [PluginManager] Plugin 'independent-4' v1.0.0 registered

      at PluginManager._log (src/infrastructure/plugins/PluginManager.js:483:21)

  console.info
    [PluginManager] Plugin 'independent-0' enabled

      at PluginManager._log (src/infrastructure/plugins/PluginManager.js:483:21)

  console.info
    [PluginManager] Plugin 'independent-1' enabled

      at PluginManager._log (src/infrastructure/plugins/PluginManager.js:483:21)

  console.info
    [PluginManager] Plugin 'independent-2' enabled

      at PluginManager._log (src/infrastructure/plugins/PluginManager.js:483:21)

  console.info
    [PluginManager] Plugin 'independent-3' enabled

      at PluginManager._log (src/infrastructure/plugins/PluginManager.js:483:21)

  console.info
    [PluginManager] Plugin 'independent-4' enabled

      at PluginManager._log (src/infrastructure/plugins/PluginManager.js:483:21)

  console.info
    [PluginManager] Plugin 'independent-0' v1.0.0 registered

      at PluginManager._log (src/infrastructure/plugins/PluginManager.js:483:21)

  console.info
    [PluginManager] Plugin 'independent-1' v1.0.0 registered

      at PluginManager._log (src/infrastructure/plugins/PluginManager.js:483:21)

  console.info
    [PluginManager] Plugin 'independent-2' v1.0.0 registered

      at PluginManager._log (src/infrastructure/plugins/PluginManager.js:483:21)

  console.info
    [PluginManager] Plugin 'independent-3' v1.0.0 registered

      at PluginManager._log (src/infrastructure/plugins/PluginManager.js:483:21)

  console.info
    [PluginManager] Plugin 'independent-4' v1.0.0 registered

      at PluginManager._log (src/infrastructure/plugins/PluginManager.js:483:21)

  console.info
    [PluginManager] Plugin 'independent-5' v1.0.0 registered

      at PluginManager._log (src/infrastructure/plugins/PluginManager.js:483:21)

  console.info
    [PluginManager] Plugin 'independent-6' v1.0.0 registered

      at PluginManager._log (src/infrastructure/plugins/PluginManager.js:483:21)

  console.info
    [PluginManager] Plugin 'independent-7' v1.0.0 registered

      at PluginManager._log (src/infrastructure/plugins/PluginManager.js:483:21)

  console.info
    [PluginManager] Plugin 'independent-8' v1.0.0 registered

      at PluginManager._log (src/infrastructure/plugins/PluginManager.js:483:21)

  console.info
    [PluginManager] Plugin 'independent-0' enabled

      at PluginManager._log (src/infrastructure/plugins/PluginManager.js:483:21)

  console.info
    [PluginManager] Plugin 'independent-1' enabled

      at PluginManager._log (src/infrastructure/plugins/PluginManager.js:483:21)

  console.info
    [PluginManager] Plugin 'independent-2' enabled

      at PluginManager._log (src/infrastructure/plugins/PluginManager.js:483:21)

  console.info
    [PluginManager] Plugin 'independent-3' enabled

      at PluginManager._log (src/infrastructure/plugins/PluginManager.js:483:21)

  console.info
    [PluginManager] Plugin 'independent-4' enabled

      at PluginManager._log (src/infrastructure/plugins/PluginManager.js:483:21)

  console.info
    [PluginManager] Plugin 'independent-5' enabled

      at PluginManager._log (src/infrastructure/plugins/PluginManager.js:483:21)

  console.info
    [PluginManager] Plugin 'independent-6' enabled

      at PluginManager._log (src/infrastructure/plugins/PluginManager.js:483:21)

  console.info
    [PluginManager] Plugin 'independent-7' enabled

      at PluginManager._log (src/infrastructure/plugins/PluginManager.js:483:21)

  console.info
    [PluginManager] Plugin 'independent-8' enabled

      at PluginManager._log (src/infrastructure/plugins/PluginManager.js:483:21)

  console.info
    [PluginManager] Plugin 'independent-0' v1.0.0 registered

      at PluginManager._log (src/infrastructure/plugins/PluginManager.js:483:21)

  console.info
    [PluginManager] Plugin 'independent-1' v1.0.0 registered

      at PluginManager._log (src/infrastructure/plugins/PluginManager.js:483:21)

  console.info
    [PluginManager] Plugin 'independent-2' v1.0.0 registered

      at PluginManager._log (src/infrastructure/plugins/PluginManager.js:483:21)

  console.info
    [PluginManager] Plugin 'independent-3' v1.0.0 registered

      at PluginManager._log (src/infrastructure/plugins/PluginManager.js:483:21)

  console.info
    [PluginManager] Plugin 'independent-4' v1.0.0 registered

      at PluginManager._log (src/infrastructure/plugins/PluginManager.js:483:21)

  console.info
    [PluginManager] Plugin 'independent-5' v1.0.0 registered

      at PluginManager._log (src/infrastructure/plugins/PluginManager.js:483:21)

  console.info
    [PluginManager] Plugin 'independent-6' v1.0.0 registered

      at PluginManager._log (src/infrastructure/plugins/PluginManager.js:483:21)

  console.info
    [PluginManager] Plugin 'independent-7' v1.0.0 registered

      at PluginManager._log (src/infrastructure/plugins/PluginManager.js:483:21)

  console.info
    [PluginManager] Plugin 'independent-0' enabled

      at PluginManager._log (src/infrastructure/plugins/PluginManager.js:483:21)

  console.info
    [PluginManager] Plugin 'independent-1' enabled

      at PluginManager._log (src/infrastructure/plugins/PluginManager.js:483:21)

  console.info
    [PluginManager] Plugin 'independent-2' enabled

      at PluginManager._log (src/infrastructure/plugins/PluginManager.js:483:21)

  console.info
    [PluginManager] Plugin 'independent-3' enabled

      at PluginManager._log (src/infrastructure/plugins/PluginManager.js:483:21)

  console.info
    [PluginManager] Plugin 'independent-4' enabled

      at PluginManager._log (src/infrastructure/plugins/PluginManager.js:483:21)

  console.info
    [PluginManager] Plugin 'independent-5' enabled

      at PluginManager._log (src/infrastructure/plugins/PluginManager.js:483:21)

  console.info
    [PluginManager] Plugin 'independent-6' enabled

      at PluginManager._log (src/infrastructure/plugins/PluginManager.js:483:21)

  console.info
    [PluginManager] Plugin 'independent-7' enabled

      at PluginManager._log (src/infrastructure/plugins/PluginManager.js:483:21)

  console.info
    [PluginManager] Plugin 'independent-0' v1.0.0 registered

      at PluginManager._log (src/infrastructure/plugins/PluginManager.js:483:21)

  console.info
    [PluginManager] Plugin 'independent-1' v1.0.0 registered

      at PluginManager._log (src/infrastructure/plugins/PluginManager.js:483:21)

  console.info
    [PluginManager] Plugin 'independent-2' v1.0.0 registered

      at PluginManager._log (src/infrastructure/plugins/PluginManager.js:483:21)

  console.info
    [PluginManager] Plugin 'independent-3' v1.0.0 registered

      at PluginManager._log (src/infrastructure/plugins/PluginManager.js:483:21)

  console.info
    [PluginManager] Plugin 'independent-0' enabled

      at PluginManager._log (src/infrastructure/plugins/PluginManager.js:483:21)

  console.info
    [PluginManager] Plugin 'independent-1' enabled

      at PluginManager._log (src/infrastructure/plugins/PluginManager.js:483:21)

  console.info
    [PluginManager] Plugin 'independent-2' enabled

      at PluginManager._log (src/infrastructure/plugins/PluginManager.js:483:21)

  console.info
    [PluginManager] Plugin 'independent-3' enabled

      at PluginManager._log (src/infrastructure/plugins/PluginManager.js:483:21)

  console.info
    [PluginManager] Plugin 'independent-0' v1.0.0 registered

      at PluginManager._log (src/infrastructure/plugins/PluginManager.js:483:21)

  console.info
    [PluginManager] Plugin 'independent-1' v1.0.0 registered

      at PluginManager._log (src/infrastructure/plugins/PluginManager.js:483:21)

  console.info
    [PluginManager] Plugin 'independent-0' enabled

      at PluginManager._log (src/infrastructure/plugins/PluginManager.js:483:21)

  console.info
    [PluginManager] Plugin 'independent-1' enabled

      at PluginManager._log (src/infrastructure/plugins/PluginManager.js:483:21)

  console.info
    [PluginManager] Plugin 'independent-0' v1.0.0 registered

      at PluginManager._log (src/infrastructure/plugins/PluginManager.js:483:21)

  console.info
    [PluginManager] Plugin 'independent-1' v1.0.0 registered

      at PluginManager._log (src/infrastructure/plugins/PluginManager.js:483:21)

  console.info
    [PluginManager] Plugin 'independent-2' v1.0.0 registered

      at PluginManager._log (src/infrastructure/plugins/PluginManager.js:483:21)

  console.info
    [PluginManager] Plugin 'independent-3' v1.0.0 registered

      at PluginManager._log (src/infrastructure/plugins/PluginManager.js:483:21)

  console.info
    [PluginManager] Plugin 'independent-4' v1.0.0 registered

      at PluginManager._log (src/infrastructure/plugins/PluginManager.js:483:21)

  console.info
    [PluginManager] Plugin 'independent-5' v1.0.0 registered

      at PluginManager._log (src/infrastructure/plugins/PluginManager.js:483:21)

  console.info
    [PluginManager] Plugin 'independent-6' v1.0.0 registered

      at PluginManager._log (src/infrastructure/plugins/PluginManager.js:483:21)

  console.info
    [PluginManager] Plugin 'independent-7' v1.0.0 registered

      at PluginManager._log (src/infrastructure/plugins/PluginManager.js:483:21)

  console.info
    [PluginManager] Plugin 'independent-8' v1.0.0 registered

      at PluginManager._log (src/infrastructure/plugins/PluginManager.js:483:21)

  console.info
    [PluginManager] Plugin 'independent-0' enabled

      at PluginManager._log (src/infrastructure/plugins/PluginManager.js:483:21)

  console.info
    [PluginManager] Plugin 'independent-1' enabled

      at PluginManager._log (src/infrastructure/plugins/PluginManager.js:483:21)

  console.info
    [PluginManager] Plugin 'independent-2' enabled

      at PluginManager._log (src/infrastructure/plugins/PluginManager.js:483:21)

  console.info
    [PluginManager] Plugin 'independent-3' enabled

      at PluginManager._log (src/infrastructure/plugins/PluginManager.js:483:21)

  console.info
    [PluginManager] Plugin 'independent-4' enabled

      at PluginManager._log (src/infrastructure/plugins/PluginManager.js:483:21)

  console.info
    [PluginManager] Plugin 'independent-5' enabled

      at PluginManager._log (src/infrastructure/plugins/PluginManager.js:483:21)

  console.info
    [PluginManager] Plugin 'independent-6' enabled

      at PluginManager._log (src/infrastructure/plugins/PluginManager.js:483:21)

  console.info
    [PluginManager] Plugin 'independent-7' enabled

      at PluginManager._log (src/infrastructure/plugins/PluginManager.js:483:21)

  console.info
    [PluginManager] Plugin 'independent-8' enabled

      at PluginManager._log (src/infrastructure/plugins/PluginManager.js:483:21)

  console.info
    [PluginManager] Plugin 'independent-0' v1.0.0 registered

      at PluginManager._log (src/infrastructure/plugins/PluginManager.js:483:21)

  console.info
    [PluginManager] Plugin 'independent-1' v1.0.0 registered

      at PluginManager._log (src/infrastructure/plugins/PluginManager.js:483:21)

  console.info
    [PluginManager] Plugin 'independent-2' v1.0.0 registered

      at PluginManager._log (src/infrastructure/plugins/PluginManager.js:483:21)

  console.info
    [PluginManager] Plugin 'independent-3' v1.0.0 registered

      at PluginManager._log (src/infrastructure/plugins/PluginManager.js:483:21)

  console.info
    [PluginManager] Plugin 'independent-4' v1.0.0 registered

      at PluginManager._log (src/infrastructure/plugins/PluginManager.js:483:21)

  console.info
    [PluginManager] Plugin 'independent-0' enabled

      at PluginManager._log (src/infrastructure/plugins/PluginManager.js:483:21)

  console.info
    [PluginManager] Plugin 'independent-1' enabled

      at PluginManager._log (src/infrastructure/plugins/PluginManager.js:483:21)

  console.info
    [PluginManager] Plugin 'independent-2' enabled

      at PluginManager._log (src/infrastructure/plugins/PluginManager.js:483:21)

  console.info
    [PluginManager] Plugin 'independent-3' enabled

      at PluginManager._log (src/infrastructure/plugins/PluginManager.js:483:21)

  console.info
    [PluginManager] Plugin 'independent-4' enabled

      at PluginManager._log (src/infrastructure/plugins/PluginManager.js:483:21)

  console.info
    [PluginManager] Plugin 'independent-0' v1.0.0 registered

      at PluginManager._log (src/infrastructure/plugins/PluginManager.js:483:21)

  console.info
    [PluginManager] Plugin 'independent-1' v1.0.0 registered

      at PluginManager._log (src/infrastructure/plugins/PluginManager.js:483:21)

  console.info
    [PluginManager] Plugin 'independent-2' v1.0.0 registered

      at PluginManager._log (src/infrastructure/plugins/PluginManager.js:483:21)

  console.info
    [PluginManager] Plugin 'independent-3' v1.0.0 registered

      at PluginManager._log (src/infrastructure/plugins/PluginManager.js:483:21)

  console.info
    [PluginManager] Plugin 'independent-4' v1.0.0 registered

      at PluginManager._log (src/infrastructure/plugins/PluginManager.js:483:21)

  console.info
    [PluginManager] Plugin 'independent-0' enabled

      at PluginManager._log (src/infrastructure/plugins/PluginManager.js:483:21)

  console.info
    [PluginManager] Plugin 'independent-1' enabled

      at PluginManager._log (src/infrastructure/plugins/PluginManager.js:483:21)

  console.info
    [PluginManager] Plugin 'independent-2' enabled

      at PluginManager._log (src/infrastructure/plugins/PluginManager.js:483:21)

  console.info
    [PluginManager] Plugin 'independent-3' enabled

      at PluginManager._log (src/infrastructure/plugins/PluginManager.js:483:21)

  console.info
    [PluginManager] Plugin 'independent-4' enabled

      at PluginManager._log (src/infrastructure/plugins/PluginManager.js:483:21)

  console.info
    [PluginManager] Plugin 'independent-0' v1.0.0 registered

      at PluginManager._log (src/infrastructure/plugins/PluginManager.js:483:21)

  console.info
    [PluginManager] Plugin 'independent-1' v1.0.0 registered

      at PluginManager._log (src/infrastructure/plugins/PluginManager.js:483:21)

  console.info
    [PluginManager] Plugin 'independent-2' v1.0.0 registered

      at PluginManager._log (src/infrastructure/plugins/PluginManager.js:483:21)

  console.info
    [PluginManager] Plugin 'independent-3' v1.0.0 registered

      at PluginManager._log (src/infrastructure/plugins/PluginManager.js:483:21)

  console.info
    [PluginManager] Plugin 'independent-0' enabled

      at PluginManager._log (src/infrastructure/plugins/PluginManager.js:483:21)

  console.info
    [PluginManager] Plugin 'independent-1' enabled

      at PluginManager._log (src/infrastructure/plugins/PluginManager.js:483:21)

  console.info
    [PluginManager] Plugin 'independent-2' enabled

      at PluginManager._log (src/infrastructure/plugins/PluginManager.js:483:21)

  console.info
    [PluginManager] Plugin 'independent-3' enabled

      at PluginManager._log (src/infrastructure/plugins/PluginManager.js:483:21)

  console.info
    [PluginManager] Plugin 'independent-0' v1.0.0 registered

      at PluginManager._log (src/infrastructure/plugins/PluginManager.js:483:21)

  console.info
    [PluginManager] Plugin 'independent-1' v1.0.0 registered

      at PluginManager._log (src/infrastructure/plugins/PluginManager.js:483:21)

  console.info
    [PluginManager] Plugin 'independent-2' v1.0.0 registered

      at PluginManager._log (src/infrastructure/plugins/PluginManager.js:483:21)

  console.info
    [PluginManager] Plugin 'independent-3' v1.0.0 registered

      at PluginManager._log (src/infrastructure/plugins/PluginManager.js:483:21)

  console.info
    [PluginManager] Plugin 'independent-4' v1.0.0 registered

      at PluginManager._log (src/infrastructure/plugins/PluginManager.js:483:21)

  console.info
    [PluginManager] Plugin 'independent-5' v1.0.0 registered

      at PluginManager._log (src/infrastructure/plugins/PluginManager.js:483:21)

  console.info
    [PluginManager] Plugin 'independent-6' v1.0.0 registered

      at PluginManager._log (src/infrastructure/plugins/PluginManager.js:483:21)

  console.info
    [PluginManager] Plugin 'independent-7' v1.0.0 registered

      at PluginManager._log (src/infrastructure/plugins/PluginManager.js:483:21)

  console.info
    [PluginManager] Plugin 'independent-8' v1.0.0 registered

      at PluginManager._log (src/infrastructure/plugins/PluginManager.js:483:21)

  console.info
    [PluginManager] Plugin 'independent-9' v1.0.0 registered

      at PluginManager._log (src/infrastructure/plugins/PluginManager.js:483:21)

  console.info
    [PluginManager] Plugin 'independent-0' enabled

      at PluginManager._log (src/infrastructure/plugins/PluginManager.js:483:21)

  console.info
    [PluginManager] Plugin 'independent-1' enabled

      at PluginManager._log (src/infrastructure/plugins/PluginManager.js:483:21)

  console.info
    [PluginManager] Plugin 'independent-2' enabled

      at PluginManager._log (src/infrastructure/plugins/PluginManager.js:483:21)

  console.info
    [PluginManager] Plugin 'independent-3' enabled

      at PluginManager._log (src/infrastructure/plugins/PluginManager.js:483:21)

  console.info
    [PluginManager] Plugin 'independent-4' enabled

      at PluginManager._log (src/infrastructure/plugins/PluginManager.js:483:21)

  console.info
    [PluginManager] Plugin 'independent-5' enabled

      at PluginManager._log (src/infrastructure/plugins/PluginManager.js:483:21)

  console.info
    [PluginManager] Plugin 'independent-6' enabled

      at PluginManager._log (src/infrastructure/plugins/PluginManager.js:483:21)

  console.info
    [PluginManager] Plugin 'independent-7' enabled

      at PluginManager._log (src/infrastructure/plugins/PluginManager.js:483:21)

  console.info
    [PluginManager] Plugin 'independent-8' enabled

      at PluginManager._log (src/infrastructure/plugins/PluginManager.js:483:21)

  console.info
    [PluginManager] Plugin 'independent-9' enabled

      at PluginManager._log (src/infrastructure/plugins/PluginManager.js:483:21)

  console.info
    [PluginManager] Plugin 'independent-0' v1.0.0 registered

      at PluginManager._log (src/infrastructure/plugins/PluginManager.js:483:21)

  console.info
    [PluginManager] Plugin 'independent-1' v1.0.0 registered

      at PluginManager._log (src/infrastructure/plugins/PluginManager.js:483:21)

  console.info
    [PluginManager] Plugin 'independent-2' v1.0.0 registered

      at PluginManager._log (src/infrastructure/plugins/PluginManager.js:483:21)

  console.info
    [PluginManager] Plugin 'independent-0' enabled

      at PluginManager._log (src/infrastructure/plugins/PluginManager.js:483:21)

  console.info
    [PluginManager] Plugin 'independent-1' enabled

      at PluginManager._log (src/infrastructure/plugins/PluginManager.js:483:21)

  console.info
    [PluginManager] Plugin 'independent-2' enabled

      at PluginManager._log (src/infrastructure/plugins/PluginManager.js:483:21)

  console.info
    [PluginManager] Plugin 'independent-0' v1.0.0 registered

      at PluginManager._log (src/infrastructure/plugins/PluginManager.js:483:21)

  console.info
    [PluginManager] Plugin 'independent-1' v1.0.0 registered

      at PluginManager._log (src/infrastructure/plugins/PluginManager.js:483:21)

  console.info
    [PluginManager] Plugin 'independent-2' v1.0.0 registered

      at PluginManager._log (src/infrastructure/plugins/PluginManager.js:483:21)

  console.info
    [PluginManager] Plugin 'independent-3' v1.0.0 registered

      at PluginManager._log (src/infrastructure/plugins/PluginManager.js:483:21)

  console.info
    [PluginManager] Plugin 'independent-0' enabled

      at PluginManager._log (src/infrastructure/plugins/PluginManager.js:483:21)

  console.info
    [PluginManager] Plugin 'independent-1' enabled

      at PluginManager._log (src/infrastructure/plugins/PluginManager.js:483:21)

  console.info
    [PluginManager] Plugin 'independent-2' enabled

      at PluginManager._log (src/infrastructure/plugins/PluginManager.js:483:21)

  console.info
    [PluginManager] Plugin 'independent-3' enabled

      at PluginManager._log (src/infrastructure/plugins/PluginManager.js:483:21)

  console.info
    [PluginManager] Plugin 'independent-0' v1.0.0 registered

      at PluginManager._log (src/infrastructure/plugins/PluginManager.js:483:21)

  console.info
    [PluginManager] Plugin 'independent-1' v1.0.0 registered

      at PluginManager._log (src/infrastructure/plugins/PluginManager.js:483:21)

  console.info
    [PluginManager] Plugin 'independent-2' v1.0.0 registered

      at PluginManager._log (src/infrastructure/plugins/PluginManager.js:483:21)

  console.info
    [PluginManager] Plugin 'independent-0' enabled

      at PluginManager._log (src/infrastructure/plugins/PluginManager.js:483:21)

  console.info
    [PluginManager] Plugin 'independent-1' enabled

      at PluginManager._log (src/infrastructure/plugins/PluginManager.js:483:21)

  console.info
    [PluginManager] Plugin 'independent-2' enabled

      at PluginManager._log (src/infrastructure/plugins/PluginManager.js:483:21)

  console.info
    [PluginManager] Plugin 'independent-0' v1.0.0 registered

      at PluginManager._log (src/infrastructure/plugins/PluginManager.js:483:21)

  console.info
    [PluginManager] Plugin 'independent-1' v1.0.0 registered

      at PluginManager._log (src/infrastructure/plugins/PluginManager.js:483:21)

  console.info
    [PluginManager] Plugin 'independent-2' v1.0.0 registered

      at PluginManager._log (src/infrastructure/plugins/PluginManager.js:483:21)

  console.info
    [PluginManager] Plugin 'independent-3' v1.0.0 registered

      at PluginManager._log (src/infrastructure/plugins/PluginManager.js:483:21)

  console.info
    [PluginManager] Plugin 'independent-0' enabled

      at PluginManager._log (src/infrastructure/plugins/PluginManager.js:483:21)

  console.info
    [PluginManager] Plugin 'independent-1' enabled

      at PluginManager._log (src/infrastructure/plugins/PluginManager.js:483:21)

  console.info
    [PluginManager] Plugin 'independent-2' enabled

      at PluginManager._log (src/infrastructure/plugins/PluginManager.js:483:21)

  console.info
    [PluginManager] Plugin 'independent-3' enabled

      at PluginManager._log (src/infrastructure/plugins/PluginManager.js:483:21)

  console.info
    [PluginManager] Plugin 'independent-0' v1.0.0 registered

      at PluginManager._log (src/infrastructure/plugins/PluginManager.js:483:21)

  console.info
    [PluginManager] Plugin 'independent-1' v1.0.0 registered

      at PluginManager._log (src/infrastructure/plugins/PluginManager.js:483:21)

  console.info
    [PluginManager] Plugin 'independent-2' v1.0.0 registered

      at PluginManager._log (src/infrastructure/plugins/PluginManager.js:483:21)

  console.info
    [PluginManager] Plugin 'independent-3' v1.0.0 registered

      at PluginManager._log (src/infrastructure/plugins/PluginManager.js:483:21)

  console.info
    [PluginManager] Plugin 'independent-4' v1.0.0 registered

      at PluginManager._log (src/infrastructure/plugins/PluginManager.js:483:21)

  console.info
    [PluginManager] Plugin 'independent-5' v1.0.0 registered

      at PluginManager._log (src/infrastructure/plugins/PluginManager.js:483:21)

  console.info
    [PluginManager] Plugin 'independent-6' v1.0.0 registered

      at PluginManager._log (src/infrastructure/plugins/PluginManager.js:483:21)

  console.info
    [PluginManager] Plugin 'independent-7' v1.0.0 registered

      at PluginManager._log (src/infrastructure/plugins/PluginManager.js:483:21)

  console.info
    [PluginManager] Plugin 'independent-8' v1.0.0 registered

      at PluginManager._log (src/infrastructure/plugins/PluginManager.js:483:21)

  console.info
    [PluginManager] Plugin 'independent-0' enabled

      at PluginManager._log (src/infrastructure/plugins/PluginManager.js:483:21)

  console.info
    [PluginManager] Plugin 'independent-1' enabled

      at PluginManager._log (src/infrastructure/plugins/PluginManager.js:483:21)

  console.info
    [PluginManager] Plugin 'independent-2' enabled

      at PluginManager._log (src/infrastructure/plugins/PluginManager.js:483:21)

  console.info
    [PluginManager] Plugin 'independent-3' enabled

      at PluginManager._log (src/infrastructure/plugins/PluginManager.js:483:21)

  console.info
    [PluginManager] Plugin 'independent-4' enabled

      at PluginManager._log (src/infrastructure/plugins/PluginManager.js:483:21)

  console.info
    [PluginManager] Plugin 'independent-5' enabled

      at PluginManager._log (src/infrastructure/plugins/PluginManager.js:483:21)

  console.info
    [PluginManager] Plugin 'independent-6' enabled

      at PluginManager._log (src/infrastructure/plugins/PluginManager.js:483:21)

  console.info
    [PluginManager] Plugin 'independent-7' enabled

      at PluginManager._log (src/infrastructure/plugins/PluginManager.js:483:21)

  console.info
    [PluginManager] Plugin 'independent-8' enabled

      at PluginManager._log (src/infrastructure/plugins/PluginManager.js:483:21)

  console.info
    [PluginManager] Plugin 'independent-0' v1.0.0 registered

      at PluginManager._log (src/infrastructure/plugins/PluginManager.js:483:21)

  console.info
    [PluginManager] Plugin 'independent-1' v1.0.0 registered

      at PluginManager._log (src/infrastructure/plugins/PluginManager.js:483:21)

  console.info
    [PluginManager] Plugin 'independent-2' v1.0.0 registered

      at PluginManager._log (src/infrastructure/plugins/PluginManager.js:483:21)

  console.info
    [PluginManager] Plugin 'independent-3' v1.0.0 registered

      at PluginManager._log (src/infrastructure/plugins/PluginManager.js:483:21)

  console.info
    [PluginManager] Plugin 'independent-4' v1.0.0 registered

      at PluginManager._log (src/infrastructure/plugins/PluginManager.js:483:21)

  console.info
    [PluginManager] Plugin 'independent-5' v1.0.0 registered

      at PluginManager._log (src/infrastructure/plugins/PluginManager.js:483:21)

  console.info
    [PluginManager] Plugin 'independent-6' v1.0.0 registered

      at PluginManager._log (src/infrastructure/plugins/PluginManager.js:483:21)

  console.info
    [PluginManager] Plugin 'independent-7' v1.0.0 registered

      at PluginManager._log (src/infrastructure/plugins/PluginManager.js:483:21)

  console.info
    [PluginManager] Plugin 'independent-8' v1.0.0 registered

      at PluginManager._log (src/infrastructure/plugins/PluginManager.js:483:21)

  console.info
    [PluginManager] Plugin 'independent-9' v1.0.0 registered

      at PluginManager._log (src/infrastructure/plugins/PluginManager.js:483:21)

  console.info
    [PluginManager] Plugin 'independent-0' enabled

      at PluginManager._log (src/infrastructure/plugins/PluginManager.js:483:21)

  console.info
    [PluginManager] Plugin 'independent-1' enabled

      at PluginManager._log (src/infrastructure/plugins/PluginManager.js:483:21)

  console.info
    [PluginManager] Plugin 'independent-2' enabled

      at PluginManager._log (src/infrastructure/plugins/PluginManager.js:483:21)

  console.info
    [PluginManager] Plugin 'independent-3' enabled

      at PluginManager._log (src/infrastructure/plugins/PluginManager.js:483:21)

  console.info
    [PluginManager] Plugin 'independent-4' enabled

      at PluginManager._log (src/infrastructure/plugins/PluginManager.js:483:21)

  console.info
    [PluginManager] Plugin 'independent-5' enabled

      at PluginManager._log (src/infrastructure/plugins/PluginManager.js:483:21)

  console.info
    [PluginManager] Plugin 'independent-6' enabled

      at PluginManager._log (src/infrastructure/plugins/PluginManager.js:483:21)

  console.info
    [PluginManager] Plugin 'independent-7' enabled

      at PluginManager._log (src/infrastructure/plugins/PluginManager.js:483:21)

  console.info
    [PluginManager] Plugin 'independent-8' enabled

      at PluginManager._log (src/infrastructure/plugins/PluginManager.js:483:21)

  console.info
    [PluginManager] Plugin 'independent-9' enabled

      at PluginManager._log (src/infrastructure/plugins/PluginManager.js:483:21)

  console.info
    [PluginManager] Plugin 'independent-0' v1.0.0 registered

      at PluginManager._log (src/infrastructure/plugins/PluginManager.js:483:21)

  console.info
    [PluginManager] Plugin 'independent-1' v1.0.0 registered

      at PluginManager._log (src/infrastructure/plugins/PluginManager.js:483:21)

  console.info
    [PluginManager] Plugin 'independent-2' v1.0.0 registered

      at PluginManager._log (src/infrastructure/plugins/PluginManager.js:483:21)

  console.info
    [PluginManager] Plugin 'independent-3' v1.0.0 registered

      at PluginManager._log (src/infrastructure/plugins/PluginManager.js:483:21)

  console.info
    [PluginManager] Plugin 'independent-4' v1.0.0 registered

      at PluginManager._log (src/infrastructure/plugins/PluginManager.js:483:21)

  console.info
    [PluginManager] Plugin 'independent-5' v1.0.0 registered

      at PluginManager._log (src/infrastructure/plugins/PluginManager.js:483:21)

  console.info
    [PluginManager] Plugin 'independent-6' v1.0.0 registered

      at PluginManager._log (src/infrastructure/plugins/PluginManager.js:483:21)

  console.info
    [PluginManager] Plugin 'independent-0' enabled

      at PluginManager._log (src/infrastructure/plugins/PluginManager.js:483:21)

  console.info
    [PluginManager] Plugin 'independent-1' enabled

      at PluginManager._log (src/infrastructure/plugins/PluginManager.js:483:21)

  console.info
    [PluginManager] Plugin 'independent-2' enabled

      at PluginManager._log (src/infrastructure/plugins/PluginManager.js:483:21)

  console.info
    [PluginManager] Plugin 'independent-3' enabled

      at PluginManager._log (src/infrastructure/plugins/PluginManager.js:483:21)

  console.info
    [PluginManager] Plugin 'independent-4' enabled

      at PluginManager._log (src/infrastructure/plugins/PluginManager.js:483:21)

  console.info
    [PluginManager] Plugin 'independent-5' enabled

      at PluginManager._log (src/infrastructure/plugins/PluginManager.js:483:21)

  console.info
    [PluginManager] Plugin 'independent-6' enabled

      at PluginManager._log (src/infrastructure/plugins/PluginManager.js:483:21)

  console.info
    [PluginManager] Plugin 'independent-0' v1.0.0 registered

      at PluginManager._log (src/infrastructure/plugins/PluginManager.js:483:21)

  console.info
    [PluginManager] Plugin 'independent-1' v1.0.0 registered

      at PluginManager._log (src/infrastructure/plugins/PluginManager.js:483:21)

  console.info
    [PluginManager] Plugin 'independent-2' v1.0.0 registered

      at PluginManager._log (src/infrastructure/plugins/PluginManager.js:483:21)

  console.info
    [PluginManager] Plugin 'independent-3' v1.0.0 registered

      at PluginManager._log (src/infrastructure/plugins/PluginManager.js:483:21)

  console.info
    [PluginManager] Plugin 'independent-4' v1.0.0 registered

      at PluginManager._log (src/infrastructure/plugins/PluginManager.js:483:21)

  console.info
    [PluginManager] Plugin 'independent-5' v1.0.0 registered

      at PluginManager._log (src/infrastructure/plugins/PluginManager.js:483:21)

  console.info
    [PluginManager] Plugin 'independent-0' enabled

      at PluginManager._log (src/infrastructure/plugins/PluginManager.js:483:21)

  console.info
    [PluginManager] Plugin 'independent-1' enabled

      at PluginManager._log (src/infrastructure/plugins/PluginManager.js:483:21)

  console.info
    [PluginManager] Plugin 'independent-2' enabled

      at PluginManager._log (src/infrastructure/plugins/PluginManager.js:483:21)

  console.info
    [PluginManager] Plugin 'independent-3' enabled

      at PluginManager._log (src/infrastructure/plugins/PluginManager.js:483:21)

  console.info
    [PluginManager] Plugin 'independent-4' enabled

      at PluginManager._log (src/infrastructure/plugins/PluginManager.js:483:21)

  console.info
    [PluginManager] Plugin 'independent-5' enabled

      at PluginManager._log (src/infrastructure/plugins/PluginManager.js:483:21)

  console.info
    [PluginManager] Plugin 'independent-0' v1.0.0 registered

      at PluginManager._log (src/infrastructure/plugins/PluginManager.js:483:21)

  console.info
    [PluginManager] Plugin 'independent-1' v1.0.0 registered

      at PluginManager._log (src/infrastructure/plugins/PluginManager.js:483:21)

  console.info
    [PluginManager] Plugin 'independent-2' v1.0.0 registered

      at PluginManager._log (src/infrastructure/plugins/PluginManager.js:483:21)

  console.info
    [PluginManager] Plugin 'independent-3' v1.0.0 registered

      at PluginManager._log (src/infrastructure/plugins/PluginManager.js:483:21)

  console.info
    [PluginManager] Plugin 'independent-4' v1.0.0 registered

      at PluginManager._log (src/infrastructure/plugins/PluginManager.js:483:21)

  console.info
    [PluginManager] Plugin 'independent-0' enabled

      at PluginManager._log (src/infrastructure/plugins/PluginManager.js:483:21)

  console.info
    [PluginManager] Plugin 'independent-1' enabled

      at PluginManager._log (src/infrastructure/plugins/PluginManager.js:483:21)

  console.info
    [PluginManager] Plugin 'independent-2' enabled

      at PluginManager._log (src/infrastructure/plugins/PluginManager.js:483:21)

  console.info
    [PluginManager] Plugin 'independent-3' enabled

      at PluginManager._log (src/infrastructure/plugins/PluginManager.js:483:21)

  console.info
    [PluginManager] Plugin 'independent-4' enabled

      at PluginManager._log (src/infrastructure/plugins/PluginManager.js:483:21)

  console.info
    [PluginManager] Plugin 'plugin-0' v1.0.0 registered

      at PluginManager._log (src/infrastructure/plugins/PluginManager.js:483:21)

  console.info
    [PluginManager] Plugin 'plugin-1' v1.0.0 registered

      at PluginManager._log (src/infrastructure/plugins/PluginManager.js:483:21)

  console.info
    [PluginManager] Plugin 'plugin-2' v1.0.0 registered

      at PluginManager._log (src/infrastructure/plugins/PluginManager.js:483:21)

  console.info
    [PluginManager] Plugin 'plugin-3' v1.0.0 registered

      at PluginManager._log (src/infrastructure/plugins/PluginManager.js:483:21)

  console.info
    [PluginManager] Plugin 'plugin-4' v1.0.0 registered

      at PluginManager._log (src/infrastructure/plugins/PluginManager.js:483:21)

  console.info
    [PluginManager] Plugin 'plugin-0' enabled

      at PluginManager._log (src/infrastructure/plugins/PluginManager.js:483:21)

  console.info
    [PluginManager] Plugin 'plugin-1' enabled

      at PluginManager._log (src/infrastructure/plugins/PluginManager.js:483:21)

  console.info
    [PluginManager] Plugin 'plugin-3' enabled

      at PluginManager._log (src/infrastructure/plugins/PluginManager.js:483:21)

  console.info
    [PluginManager] Plugin 'plugin-4' enabled

      at PluginManager._log (src/infrastructure/plugins/PluginManager.js:483:21)

  console.info
    [PluginManager] Plugin 'plugin-0' v1.0.0 registered

      at PluginManager._log (src/infrastructure/plugins/PluginManager.js:483:21)

  console.info
    [PluginManager] Plugin 'plugin-1' v1.0.0 registered

      at PluginManager._log (src/infrastructure/plugins/PluginManager.js:483:21)

  console.info
    [PluginManager] Plugin 'plugin-2' v1.0.0 registered

      at PluginManager._log (src/infrastructure/plugins/PluginManager.js:483:21)

  console.info
    [PluginManager] Plugin 'plugin-3' v1.0.0 registered

      at PluginManager._log (src/infrastructure/plugins/PluginManager.js:483:21)

  console.info
    [PluginManager] Plugin 'plugin-0' enabled

      at PluginManager._log (src/infrastructure/plugins/PluginManager.js:483:21)

  console.info
    [PluginManager] Plugin 'plugin-2' enabled

      at PluginManager._log (src/infrastructure/plugins/PluginManager.js:483:21)

  console.info
    [PluginManager] Plugin 'plugin-3' enabled

      at PluginManager._log (src/infrastructure/plugins/PluginManager.js:483:21)

  console.info
    [PluginManager] Plugin 'plugin-0' v1.0.0 registered

      at PluginManager._log (src/infrastructure/plugins/PluginManager.js:483:21)

  console.info
    [PluginManager] Plugin 'plugin-1' v1.0.0 registered

      at PluginManager._log (src/infrastructure/plugins/PluginManager.js:483:21)

  console.info
    [PluginManager] Plugin 'plugin-2' v1.0.0 registered

      at PluginManager._log (src/infrastructure/plugins/PluginManager.js:483:21)

  console.info
    [PluginManager] Plugin 'plugin-3' v1.0.0 registered

      at PluginManager._log (src/infrastructure/plugins/PluginManager.js:483:21)

  console.info
    [PluginManager] Plugin 'plugin-4' v1.0.0 registered

      at PluginManager._log (src/infrastructure/plugins/PluginManager.js:483:21)

  console.info
    [PluginManager] Plugin 'plugin-5' v1.0.0 registered

      at PluginManager._log (src/infrastructure/plugins/PluginManager.js:483:21)

  console.info
    [PluginManager] Plugin 'plugin-6' v1.0.0 registered

      at PluginManager._log (src/infrastructure/plugins/PluginManager.js:483:21)

  console.info
    [PluginManager] Plugin 'plugin-7' v1.0.0 registered

      at PluginManager._log (src/infrastructure/plugins/PluginManager.js:483:21)

  console.info
    [PluginManager] Plugin 'plugin-8' v1.0.0 registered

      at PluginManager._log (src/infrastructure/plugins/PluginManager.js:483:21)

  console.info
    [PluginManager] Plugin 'plugin-9' v1.0.0 registered

      at PluginManager._log (src/infrastructure/plugins/PluginManager.js:483:21)

  console.info
    [PluginManager] Plugin 'plugin-0' enabled

      at PluginManager._log (src/infrastructure/plugins/PluginManager.js:483:21)

  console.info
    [PluginManager] Plugin 'plugin-1' enabled

      at PluginManager._log (src/infrastructure/plugins/PluginManager.js:483:21)

  console.info
    [PluginManager] Plugin 'plugin-2' enabled

      at PluginManager._log (src/infrastructure/plugins/PluginManager.js:483:21)

  console.info
    [PluginManager] Plugin 'plugin-4' enabled

      at PluginManager._log (src/infrastructure/plugins/PluginManager.js:483:21)

  console.info
    [PluginManager] Plugin 'plugin-5' enabled

      at PluginManager._log (src/infrastructure/plugins/PluginManager.js:483:21)

  console.info
    [PluginManager] Plugin 'plugin-6' enabled

      at PluginManager._log (src/infrastructure/plugins/PluginManager.js:483:21)

  console.info
    [PluginManager] Plugin 'plugin-7' enabled

      at PluginManager._log (src/infrastructure/plugins/PluginManager.js:483:21)

  console.info
    [PluginManager] Plugin 'plugin-8' enabled

      at PluginManager._log (src/infrastructure/plugins/PluginManager.js:483:21)

  console.info
    [PluginManager] Plugin 'plugin-9' enabled

      at PluginManager._log (src/infrastructure/plugins/PluginManager.js:483:21)

  console.info
    [PluginManager] Plugin 'plugin-0' v1.0.0 registered

      at PluginManager._log (src/infrastructure/plugins/PluginManager.js:483:21)

  console.info
    [PluginManager] Plugin 'plugin-1' v1.0.0 registered

      at PluginManager._log (src/infrastructure/plugins/PluginManager.js:483:21)

  console.info
    [PluginManager] Plugin 'plugin-1' enabled

      at PluginManager._log (src/infrastructure/plugins/PluginManager.js:483:21)

  console.info
    [PluginManager] Plugin 'plugin-0' v1.0.0 registered

      at PluginManager._log (src/infrastructure/plugins/PluginManager.js:483:21)

  console.info
    [PluginManager] Plugin 'plugin-1' v1.0.0 registered

      at PluginManager._log (src/infrastructure/plugins/PluginManager.js:483:21)

  console.info
    [PluginManager] Plugin 'plugin-1' enabled

      at PluginManager._log (src/infrastructure/plugins/PluginManager.js:483:21)

  console.info
    [PluginManager] Plugin 'plugin-0' v1.0.0 registered

      at PluginManager._log (src/infrastructure/plugins/PluginManager.js:483:21)

  console.info
    [PluginManager] Plugin 'plugin-1' v1.0.0 registered

      at PluginManager._log (src/infrastructure/plugins/PluginManager.js:483:21)

  console.info
    [PluginManager] Plugin 'plugin-2' v1.0.0 registered

      at PluginManager._log (src/infrastructure/plugins/PluginManager.js:483:21)

  console.info
    [PluginManager] Plugin 'plugin-0' enabled

      at PluginManager._log (src/infrastructure/plugins/PluginManager.js:483:21)

  console.info
    [PluginManager] Plugin 'plugin-2' enabled

      at PluginManager._log (src/infrastructure/plugins/PluginManager.js:483:21)

  console.info
    [PluginManager] Plugin 'plugin-0' v1.0.0 registered

      at PluginManager._log (src/infrastructure/plugins/PluginManager.js:483:21)

  console.info
    [PluginManager] Plugin 'plugin-1' v1.0.0 registered

      at PluginManager._log (src/infrastructure/plugins/PluginManager.js:483:21)

  console.info
    [PluginManager] Plugin 'plugin-2' v1.0.0 registered

      at PluginManager._log (src/infrastructure/plugins/PluginManager.js:483:21)

  console.info
    [PluginManager] Plugin 'plugin-3' v1.0.0 registered

      at PluginManager._log (src/infrastructure/plugins/PluginManager.js:483:21)

  console.info
    [PluginManager] Plugin 'plugin-0' enabled

      at PluginManager._log (src/infrastructure/plugins/PluginManager.js:483:21)

  console.info
    [PluginManager] Plugin 'plugin-1' enabled

      at PluginManager._log (src/infrastructure/plugins/PluginManager.js:483:21)

  console.info
    [PluginManager] Plugin 'plugin-2' enabled

      at PluginManager._log (src/infrastructure/plugins/PluginManager.js:483:21)

  console.info
    [PluginManager] Plugin 'plugin-0' v1.0.0 registered

      at PluginManager._log (src/infrastructure/plugins/PluginManager.js:483:21)

  console.info
    [PluginManager] Plugin 'plugin-1' v1.0.0 registered

      at PluginManager._log (src/infrastructure/plugins/PluginManager.js:483:21)

  console.info
    [PluginManager] Plugin 'plugin-2' v1.0.0 registered

      at PluginManager._log (src/infrastructure/plugins/PluginManager.js:483:21)

  console.info
    [PluginManager] Plugin 'plugin-3' v1.0.0 registered

      at PluginManager._log (src/infrastructure/plugins/PluginManager.js:483:21)

  console.info
    [PluginManager] Plugin 'plugin-4' v1.0.0 registered

      at PluginManager._log (src/infrastructure/plugins/PluginManager.js:483:21)

  console.info
    [PluginManager] Plugin 'plugin-0' enabled

      at PluginManager._log (src/infrastructure/plugins/PluginManager.js:483:21)

  console.info
    [PluginManager] Plugin 'plugin-2' enabled

      at PluginManager._log (src/infrastructure/plugins/PluginManager.js:483:21)

  console.info
    [PluginManager] Plugin 'plugin-3' enabled

      at PluginManager._log (src/infrastructure/plugins/PluginManager.js:483:21)

  console.info
    [PluginManager] Plugin 'plugin-4' enabled

      at PluginManager._log (src/infrastructure/plugins/PluginManager.js:483:21)

  console.info
    [PluginManager] Plugin 'plugin-0' v1.0.0 registered

      at PluginManager._log (src/infrastructure/plugins/PluginManager.js:483:21)

  console.info
    [PluginManager] Plugin 'plugin-1' v1.0.0 registered

      at PluginManager._log (src/infrastructure/plugins/PluginManager.js:483:21)

  console.info
    [PluginManager] Plugin 'plugin-2' v1.0.0 registered

      at PluginManager._log (src/infrastructure/plugins/PluginManager.js:483:21)

  console.info
    [PluginManager] Plugin 'plugin-3' v1.0.0 registered

      at PluginManager._log (src/infrastructure/plugins/PluginManager.js:483:21)

  console.info
    [PluginManager] Plugin 'plugin-4' v1.0.0 registered

      at PluginManager._log (src/infrastructure/plugins/PluginManager.js:483:21)

  console.info
    [PluginManager] Plugin 'plugin-5' v1.0.0 registered

      at PluginManager._log (src/infrastructure/plugins/PluginManager.js:483:21)

  console.info
    [PluginManager] Plugin 'plugin-6' v1.0.0 registered

      at PluginManager._log (src/infrastructure/plugins/PluginManager.js:483:21)

  console.info
    [PluginManager] Plugin 'plugin-0' enabled

      at PluginManager._log (src/infrastructure/plugins/PluginManager.js:483:21)

  console.info
    [PluginManager] Plugin 'plugin-2' enabled

      at PluginManager._log (src/infrastructure/plugins/PluginManager.js:483:21)

  console.info
    [PluginManager] Plugin 'plugin-3' enabled

      at PluginManager._log (src/infrastructure/plugins/PluginManager.js:483:21)

  console.info
    [PluginManager] Plugin 'plugin-4' enabled

      at PluginManager._log (src/infrastructure/plugins/PluginManager.js:483:21)

  console.info
    [PluginManager] Plugin 'plugin-5' enabled

      at PluginManager._log (src/infrastructure/plugins/PluginManager.js:483:21)

  console.info
    [PluginManager] Plugin 'plugin-6' enabled

      at PluginManager._log (src/infrastructure/plugins/PluginManager.js:483:21)

  console.info
    [PluginManager] Plugin 'plugin-0' v1.0.0 registered

      at PluginManager._log (src/infrastructure/plugins/PluginManager.js:483:21)

  console.info
    [PluginManager] Plugin 'plugin-1' v1.0.0 registered

      at PluginManager._log (src/infrastructure/plugins/PluginManager.js:483:21)

  console.info
    [PluginManager] Plugin 'plugin-2' v1.0.0 registered

      at PluginManager._log (src/infrastructure/plugins/PluginManager.js:483:21)

  console.info
    [PluginManager] Plugin 'plugin-3' v1.0.0 registered

      at PluginManager._log (src/infrastructure/plugins/PluginManager.js:483:21)

  console.info
    [PluginManager] Plugin 'plugin-4' v1.0.0 registered

      at PluginManager._log (src/infrastructure/plugins/PluginManager.js:483:21)

  console.info
    [PluginManager] Plugin 'plugin-5' v1.0.0 registered

      at PluginManager._log (src/infrastructure/plugins/PluginManager.js:483:21)

  console.info
    [PluginManager] Plugin 'plugin-0' enabled

      at PluginManager._log (src/infrastructure/plugins/PluginManager.js:483:21)

  console.info
    [PluginManager] Plugin 'plugin-1' enabled

      at PluginManager._log (src/infrastructure/plugins/PluginManager.js:483:21)

  console.info
    [PluginManager] Plugin 'plugin-2' enabled

      at PluginManager._log (src/infrastructure/plugins/PluginManager.js:483:21)

  console.info
    [PluginManager] Plugin 'plugin-4' enabled

      at PluginManager._log (src/infrastructure/plugins/PluginManager.js:483:21)

  console.info
    [PluginManager] Plugin 'plugin-5' enabled

      at PluginManager._log (src/infrastructure/plugins/PluginManager.js:483:21)

  console.info
    [PluginManager] Plugin 'plugin-0' v1.0.0 registered

      at PluginManager._log (src/infrastructure/plugins/PluginManager.js:483:21)

  console.info
    [PluginManager] Plugin 'plugin-1' v1.0.0 registered

      at PluginManager._log (src/infrastructure/plugins/PluginManager.js:483:21)

  console.info
    [PluginManager] Plugin 'plugin-2' v1.0.0 registered

      at PluginManager._log (src/infrastructure/plugins/PluginManager.js:483:21)

  console.info
    [PluginManager] Plugin 'plugin-3' v1.0.0 registered

      at PluginManager._log (src/infrastructure/plugins/PluginManager.js:483:21)

  console.info
    [PluginManager] Plugin 'plugin-0' enabled

      at PluginManager._log (src/infrastructure/plugins/PluginManager.js:483:21)

  console.info
    [PluginManager] Plugin 'plugin-1' enabled

      at PluginManager._log (src/infrastructure/plugins/PluginManager.js:483:21)

  console.info
    [PluginManager] Plugin 'plugin-3' enabled

      at PluginManager._log (src/infrastructure/plugins/PluginManager.js:483:21)

  console.info
    [PluginManager] Plugin 'plugin-0' v1.0.0 registered

      at PluginManager._log (src/infrastructure/plugins/PluginManager.js:483:21)

  console.info
    [PluginManager] Plugin 'plugin-1' v1.0.0 registered

      at PluginManager._log (src/infrastructure/plugins/PluginManager.js:483:21)

  console.info
    [PluginManager] Plugin 'plugin-0' enabled

      at PluginManager._log (src/infrastructure/plugins/PluginManager.js:483:21)

  console.info
    [PluginManager] Plugin 'plugin-0' v1.0.0 registered

      at PluginManager._log (src/infrastructure/plugins/PluginManager.js:483:21)

  console.info
    [PluginManager] Plugin 'plugin-1' v1.0.0 registered

      at PluginManager._log (src/infrastructure/plugins/PluginManager.js:483:21)

  console.info
    [PluginManager] Plugin 'plugin-2' v1.0.0 registered

      at PluginManager._log (src/infrastructure/plugins/PluginManager.js:483:21)

  console.info
    [PluginManager] Plugin 'plugin-3' v1.0.0 registered

      at PluginManager._log (src/infrastructure/plugins/PluginManager.js:483:21)

  console.info
    [PluginManager] Plugin 'plugin-0' enabled

      at PluginManager._log (src/infrastructure/plugins/PluginManager.js:483:21)

  console.info
    [PluginManager] Plugin 'plugin-1' enabled

      at PluginManager._log (src/infrastructure/plugins/PluginManager.js:483:21)

  console.info
    [PluginManager] Plugin 'plugin-2' enabled

      at PluginManager._log (src/infrastructure/plugins/PluginManager.js:483:21)

  console.info
    [PluginManager] Plugin 'plugin-0' v1.0.0 registered

      at PluginManager._log (src/infrastructure/plugins/PluginManager.js:483:21)

  console.info
    [PluginManager] Plugin 'plugin-1' v1.0.0 registered

      at PluginManager._log (src/infrastructure/plugins/PluginManager.js:483:21)

  console.info
    [PluginManager] Plugin 'plugin-2' v1.0.0 registered

      at PluginManager._log (src/infrastructure/plugins/PluginManager.js:483:21)

  console.info
    [PluginManager] Plugin 'plugin-3' v1.0.0 registered

      at PluginManager._log (src/infrastructure/plugins/PluginManager.js:483:21)

  console.info
    [PluginManager] Plugin 'plugin-4' v1.0.0 registered

      at PluginManager._log (src/infrastructure/plugins/PluginManager.js:483:21)

  console.info
    [PluginManager] Plugin 'plugin-0' enabled

      at PluginManager._log (src/infrastructure/plugins/PluginManager.js:483:21)

  console.info
    [PluginManager] Plugin 'plugin-1' enabled

      at PluginManager._log (src/infrastructure/plugins/PluginManager.js:483:21)

  console.info
    [PluginManager] Plugin 'plugin-2' enabled

      at PluginManager._log (src/infrastructure/plugins/PluginManager.js:483:21)

  console.info
    [PluginManager] Plugin 'plugin-4' enabled

      at PluginManager._log (src/infrastructure/plugins/PluginManager.js:483:21)

  console.info
    [PluginManager] Plugin 'plugin-0' v1.0.0 registered

      at PluginManager._log (src/infrastructure/plugins/PluginManager.js:483:21)

  console.info
    [PluginManager] Plugin 'plugin-1' v1.0.0 registered

      at PluginManager._log (src/infrastructure/plugins/PluginManager.js:483:21)

  console.info
    [PluginManager] Plugin 'plugin-2' v1.0.0 registered

      at PluginManager._log (src/infrastructure/plugins/PluginManager.js:483:21)

  console.info
    [PluginManager] Plugin 'plugin-1' enabled

      at PluginManager._log (src/infrastructure/plugins/PluginManager.js:483:21)

  console.info
    [PluginManager] Plugin 'plugin-2' enabled

      at PluginManager._log (src/infrastructure/plugins/PluginManager.js:483:21)

  console.info
    [PluginManager] Plugin 'plugin-0' v1.0.0 registered

      at PluginManager._log (src/infrastructure/plugins/PluginManager.js:483:21)

  console.info
    [PluginManager] Plugin 'plugin-1' v1.0.0 registered

      at PluginManager._log (src/infrastructure/plugins/PluginManager.js:483:21)

  console.info
    [PluginManager] Plugin 'plugin-2' v1.0.0 registered

      at PluginManager._log (src/infrastructure/plugins/PluginManager.js:483:21)

  console.info
    [PluginManager] Plugin 'plugin-3' v1.0.0 registered

      at PluginManager._log (src/infrastructure/plugins/PluginManager.js:483:21)

  console.info
    [PluginManager] Plugin 'plugin-4' v1.0.0 registered

      at PluginManager._log (src/infrastructure/plugins/PluginManager.js:483:21)

  console.info
    [PluginManager] Plugin 'plugin-5' v1.0.0 registered

      at PluginManager._log (src/infrastructure/plugins/PluginManager.js:483:21)

  console.info
    [PluginManager] Plugin 'plugin-6' v1.0.0 registered

      at PluginManager._log (src/infrastructure/plugins/PluginManager.js:483:21)

  console.info
    [PluginManager] Plugin 'plugin-7' v1.0.0 registered

      at PluginManager._log (src/infrastructure/plugins/PluginManager.js:483:21)

  console.info
    [PluginManager] Plugin 'plugin-0' enabled

      at PluginManager._log (src/infrastructure/plugins/PluginManager.js:483:21)

  console.info
    [PluginManager] Plugin 'plugin-2' enabled

      at PluginManager._log (src/infrastructure/plugins/PluginManager.js:483:21)

  console.info
    [PluginManager] Plugin 'plugin-3' enabled

      at PluginManager._log (src/infrastructure/plugins/PluginManager.js:483:21)

  console.info
    [PluginManager] Plugin 'plugin-4' enabled

      at PluginManager._log (src/infrastructure/plugins/PluginManager.js:483:21)

  console.info
    [PluginManager] Plugin 'plugin-5' enabled

      at PluginManager._log (src/infrastructure/plugins/PluginManager.js:483:21)

  console.info
    [PluginManager] Plugin 'plugin-6' enabled

      at PluginManager._log (src/infrastructure/plugins/PluginManager.js:483:21)

  console.info
    [PluginManager] Plugin 'plugin-7' enabled

      at PluginManager._log (src/infrastructure/plugins/PluginManager.js:483:21)

  console.info
    [PluginManager] Plugin 'plugin-0' v1.0.0 registered

      at PluginManager._log (src/infrastructure/plugins/PluginManager.js:483:21)

  console.info
    [PluginManager] Plugin 'plugin-1' v1.0.0 registered

      at PluginManager._log (src/infrastructure/plugins/PluginManager.js:483:21)

  console.info
    [PluginManager] Plugin 'plugin-2' v1.0.0 registered

      at PluginManager._log (src/infrastructure/plugins/PluginManager.js:483:21)

  console.info
    [PluginManager] Plugin 'plugin-3' v1.0.0 registered

      at PluginManager._log (src/infrastructure/plugins/PluginManager.js:483:21)

  console.info
    [PluginManager] Plugin 'plugin-4' v1.0.0 registered

      at PluginManager._log (src/infrastructure/plugins/PluginManager.js:483:21)

  console.info
    [PluginManager] Plugin 'plugin-0' enabled

      at PluginManager._log (src/infrastructure/plugins/PluginManager.js:483:21)

  console.info
    [PluginManager] Plugin 'plugin-1' enabled

      at PluginManager._log (src/infrastructure/plugins/PluginManager.js:483:21)

  console.info
    [PluginManager] Plugin 'plugin-3' enabled

      at PluginManager._log (src/infrastructure/plugins/PluginManager.js:483:21)

  console.info
    [PluginManager] Plugin 'plugin-4' enabled

      at PluginManager._log (src/infrastructure/plugins/PluginManager.js:483:21)

  console.info
    [PluginManager] Plugin 'plugin-0' v1.0.0 registered

      at PluginManager._log (src/infrastructure/plugins/PluginManager.js:483:21)

  console.info
    [PluginManager] Plugin 'plugin-1' v1.0.0 registered

      at PluginManager._log (src/infrastructure/plugins/PluginManager.js:483:21)

  console.info
    [PluginManager] Plugin 'plugin-1' enabled

      at PluginManager._log (src/infrastructure/plugins/PluginManager.js:483:21)

  console.info
    [PluginManager] Plugin 'plugin-0' v1.0.0 registered

      at PluginManager._log (src/infrastructure/plugins/PluginManager.js:483:21)

  console.info
    [PluginManager] Plugin 'plugin-1' v1.0.0 registered

      at PluginManager._log (src/infrastructure/plugins/PluginManager.js:483:21)

  console.info
    [PluginManager] Plugin 'plugin-0' enabled

      at PluginManager._log (src/infrastructure/plugins/PluginManager.js:483:21)

  console.info
    [PluginManager] Plugin 'plugin-0' v1.0.0 registered

      at PluginManager._log (src/infrastructure/plugins/PluginManager.js:483:21)

  console.info
    [PluginManager] Plugin 'plugin-1' v1.0.0 registered

      at PluginManager._log (src/infrastructure/plugins/PluginManager.js:483:21)

  console.info
    [PluginManager] Plugin 'plugin-2' v1.0.0 registered

      at PluginManager._log (src/infrastructure/plugins/PluginManager.js:483:21)

  console.info
    [PluginManager] Plugin 'plugin-0' enabled

      at PluginManager._log (src/infrastructure/plugins/PluginManager.js:483:21)

  console.info
    [PluginManager] Plugin 'plugin-1' enabled

      at PluginManager._log (src/infrastructure/plugins/PluginManager.js:483:21)

  console.info
    [PluginManager] Plugin 'plugin-0' v1.0.0 registered

      at PluginManager._log (src/infrastructure/plugins/PluginManager.js:483:21)

  console.info
    [PluginManager] Plugin 'plugin-1' v1.0.0 registered

      at PluginManager._log (src/infrastructure/plugins/PluginManager.js:483:21)

  console.info
    [PluginManager] Plugin 'plugin-2' v1.0.0 registered

      at PluginManager._log (src/infrastructure/plugins/PluginManager.js:483:21)

  console.info
    [PluginManager] Plugin 'plugin-3' v1.0.0 registered

      at PluginManager._log (src/infrastructure/plugins/PluginManager.js:483:21)

  console.info
    [PluginManager] Plugin 'plugin-4' v1.0.0 registered

      at PluginManager._log (src/infrastructure/plugins/PluginManager.js:483:21)

  console.info
    [PluginManager] Plugin 'plugin-5' v1.0.0 registered

      at PluginManager._log (src/infrastructure/plugins/PluginManager.js:483:21)

  console.info
    [PluginManager] Plugin 'plugin-6' v1.0.0 registered

      at PluginManager._log (src/infrastructure/plugins/PluginManager.js:483:21)

  console.info
    [PluginManager] Plugin 'plugin-7' v1.0.0 registered

      at PluginManager._log (src/infrastructure/plugins/PluginManager.js:483:21)

  console.info
    [PluginManager] Plugin 'plugin-0' enabled

      at PluginManager._log (src/infrastructure/plugins/PluginManager.js:483:21)

  console.info
    [PluginManager] Plugin 'plugin-1' enabled

      at PluginManager._log (src/infrastructure/plugins/PluginManager.js:483:21)

  console.info
    [PluginManager] Plugin 'plugin-2' enabled

      at PluginManager._log (src/infrastructure/plugins/PluginManager.js:483:21)

  console.info
    [PluginManager] Plugin 'plugin-4' enabled

      at PluginManager._log (src/infrastructure/plugins/PluginManager.js:483:21)

  console.info
    [PluginManager] Plugin 'plugin-5' enabled

      at PluginManager._log (src/infrastructure/plugins/PluginManager.js:483:21)

  console.info
    [PluginManager] Plugin 'plugin-6' enabled

      at PluginManager._log (src/infrastructure/plugins/PluginManager.js:483:21)

  console.info
    [PluginManager] Plugin 'plugin-7' enabled

      at PluginManager._log (src/infrastructure/plugins/PluginManager.js:483:21)

  console.info
    [PluginManager] Plugin 'plugin-0' v1.0.0 registered

      at PluginManager._log (src/infrastructure/plugins/PluginManager.js:483:21)

  console.info
    [PluginManager] Plugin 'plugin-1' v1.0.0 registered

      at PluginManager._log (src/infrastructure/plugins/PluginManager.js:483:21)

  console.info
    [PluginManager] Plugin 'plugin-2' v1.0.0 registered

      at PluginManager._log (src/infrastructure/plugins/PluginManager.js:483:21)

  console.info
    [PluginManager] Plugin 'plugin-3' v1.0.0 registered

      at PluginManager._log (src/infrastructure/plugins/PluginManager.js:483:21)

  console.info
    [PluginManager] Plugin 'plugin-4' v1.0.0 registered

      at PluginManager._log (src/infrastructure/plugins/PluginManager.js:483:21)

  console.info
    [PluginManager] Plugin 'plugin-5' v1.0.0 registered

      at PluginManager._log (src/infrastructure/plugins/PluginManager.js:483:21)

  console.info
    [PluginManager] Plugin 'plugin-0' enabled

      at PluginManager._log (src/infrastructure/plugins/PluginManager.js:483:21)

  console.info
    [PluginManager] Plugin 'plugin-2' enabled

      at PluginManager._log (src/infrastructure/plugins/PluginManager.js:483:21)

  console.info
    [PluginManager] Plugin 'plugin-3' enabled

      at PluginManager._log (src/infrastructure/plugins/PluginManager.js:483:21)

  console.info
    [PluginManager] Plugin 'plugin-4' enabled

      at PluginManager._log (src/infrastructure/plugins/PluginManager.js:483:21)

  console.info
    [PluginManager] Plugin 'plugin-5' enabled

      at PluginManager._log (src/infrastructure/plugins/PluginManager.js:483:21)

  console.info
    [PluginManager] Plugin 'plugin-0' v1.0.0 registered

      at PluginManager._log (src/infrastructure/plugins/PluginManager.js:483:21)

  console.info
    [PluginManager] Plugin 'plugin-1' v1.0.0 registered

      at PluginManager._log (src/infrastructure/plugins/PluginManager.js:483:21)

  console.info
    [PluginManager] Plugin 'plugin-2' v1.0.0 registered

      at PluginManager._log (src/infrastructure/plugins/PluginManager.js:483:21)

  console.info
    [PluginManager] Plugin 'plugin-0' enabled

      at PluginManager._log (src/infrastructure/plugins/PluginManager.js:483:21)

  console.info
    [PluginManager] Plugin 'plugin-2' enabled

      at PluginManager._log (src/infrastructure/plugins/PluginManager.js:483:21)

  console.info
    [PluginManager] Plugin 'plugin-0' v1.0.0 registered

      at PluginManager._log (src/infrastructure/plugins/PluginManager.js:483:21)

  console.info
    [PluginManager] Plugin 'plugin-1' v1.0.0 registered

      at PluginManager._log (src/infrastructure/plugins/PluginManager.js:483:21)

  console.info
    [PluginManager] Plugin 'plugin-2' v1.0.0 registered

      at PluginManager._log (src/infrastructure/plugins/PluginManager.js:483:21)

  console.info
    [PluginManager] Plugin 'plugin-3' v1.0.0 registered

      at PluginManager._log (src/infrastructure/plugins/PluginManager.js:483:21)

  console.info
    [PluginManager] Plugin 'plugin-4' v1.0.0 registered

      at PluginManager._log (src/infrastructure/plugins/PluginManager.js:483:21)

  console.info
    [PluginManager] Plugin 'plugin-0' enabled

      at PluginManager._log (src/infrastructure/plugins/PluginManager.js:483:21)

  console.info
    [PluginManager] Plugin 'plugin-2' enabled

      at PluginManager._log (src/infrastructure/plugins/PluginManager.js:483:21)

  console.info
    [PluginManager] Plugin 'plugin-3' enabled

      at PluginManager._log (src/infrastructure/plugins/PluginManager.js:483:21)

  console.info
    [PluginManager] Plugin 'plugin-4' enabled

      at PluginManager._log (src/infrastructure/plugins/PluginManager.js:483:21)

  console.info
    [PluginManager] Plugin 'plugin-0' v1.0.0 registered

      at PluginManager._log (src/infrastructure/plugins/PluginManager.js:483:21)

  console.info
    [PluginManager] Plugin 'plugin-1' v1.0.0 registered

      at PluginManager._log (src/infrastructure/plugins/PluginManager.js:483:21)

  console.info
    [PluginManager] Plugin 'plugin-2' v1.0.0 registered

      at PluginManager._log (src/infrastructure/plugins/PluginManager.js:483:21)

  console.info
    [PluginManager] Plugin 'plugin-3' v1.0.0 registered

      at PluginManager._log (src/infrastructure/plugins/PluginManager.js:483:21)

  console.info
    [PluginManager] Plugin 'plugin-4' v1.0.0 registered

      at PluginManager._log (src/infrastructure/plugins/PluginManager.js:483:21)

  console.info
    [PluginManager] Plugin 'plugin-5' v1.0.0 registered

      at PluginManager._log (src/infrastructure/plugins/PluginManager.js:483:21)

  console.info
    [PluginManager] Plugin 'plugin-6' v1.0.0 registered

      at PluginManager._log (src/infrastructure/plugins/PluginManager.js:483:21)

  console.info
    [PluginManager] Plugin 'plugin-7' v1.0.0 registered

      at PluginManager._log (src/infrastructure/plugins/PluginManager.js:483:21)

  console.info
    [PluginManager] Plugin 'plugin-0' enabled

      at PluginManager._log (src/infrastructure/plugins/PluginManager.js:483:21)

  console.info
    [PluginManager] Plugin 'plugin-2' enabled

      at PluginManager._log (src/infrastructure/plugins/PluginManager.js:483:21)

  console.info
    [PluginManager] Plugin 'plugin-3' enabled

      at PluginManager._log (src/infrastructure/plugins/PluginManager.js:483:21)

  console.info
    [PluginManager] Plugin 'plugin-4' enabled

      at PluginManager._log (src/infrastructure/plugins/PluginManager.js:483:21)

  console.info
    [PluginManager] Plugin 'plugin-5' enabled

      at PluginManager._log (src/infrastructure/plugins/PluginManager.js:483:21)

  console.info
    [PluginManager] Plugin 'plugin-6' enabled

      at PluginManager._log (src/infrastructure/plugins/PluginManager.js:483:21)

  console.info
    [PluginManager] Plugin 'plugin-7' enabled

      at PluginManager._log (src/infrastructure/plugins/PluginManager.js:483:21)

  console.info
    [PluginManager] Plugin 'plugin-0' v1.0.0 registered

      at PluginManager._log (src/infrastructure/plugins/PluginManager.js:483:21)

  console.info
    [PluginManager] Plugin 'plugin-1' v1.0.0 registered

      at PluginManager._log (src/infrastructure/plugins/PluginManager.js:483:21)

  console.info
    [PluginManager] Plugin 'plugin-2' v1.0.0 registered

      at PluginManager._log (src/infrastructure/plugins/PluginManager.js:483:21)

  console.info
    [PluginManager] Plugin 'plugin-0' enabled

      at PluginManager._log (src/infrastructure/plugins/PluginManager.js:483:21)

  console.info
    [PluginManager] Plugin 'plugin-2' enabled

      at PluginManager._log (src/infrastructure/plugins/PluginManager.js:483:21)

  console.info
    [PluginManager] Plugin 'plugin-0' v1.0.0 registered

      at PluginManager._log (src/infrastructure/plugins/PluginManager.js:483:21)

  console.info
    [PluginManager] Plugin 'plugin-1' v1.0.0 registered

      at PluginManager._log (src/infrastructure/plugins/PluginManager.js:483:21)

  console.info
    [PluginManager] Plugin 'plugin-2' v1.0.0 registered

      at PluginManager._log (src/infrastructure/plugins/PluginManager.js:483:21)

  console.info
    [PluginManager] Plugin 'plugin-1' enabled

      at PluginManager._log (src/infrastructure/plugins/PluginManager.js:483:21)

  console.info
    [PluginManager] Plugin 'plugin-2' enabled

      at PluginManager._log (src/infrastructure/plugins/PluginManager.js:483:21)

  console.info
    [PluginManager] Plugin 'plugin-0' v1.0.0 registered

      at PluginManager._log (src/infrastructure/plugins/PluginManager.js:483:21)

  console.info
    [PluginManager] Plugin 'plugin-1' v1.0.0 registered

      at PluginManager._log (src/infrastructure/plugins/PluginManager.js:483:21)

  console.info
    [PluginManager] Plugin 'plugin-2' v1.0.0 registered

      at PluginManager._log (src/infrastructure/plugins/PluginManager.js:483:21)

  console.info
    [PluginManager] Plugin 'plugin-3' v1.0.0 registered

      at PluginManager._log (src/infrastructure/plugins/PluginManager.js:483:21)

  console.info
    [PluginManager] Plugin 'plugin-0' enabled

      at PluginManager._log (src/infrastructure/plugins/PluginManager.js:483:21)

  console.info
    [PluginManager] Plugin 'plugin-1' enabled

      at PluginManager._log (src/infrastructure/plugins/PluginManager.js:483:21)

  console.info
    [PluginManager] Plugin 'plugin-2' enabled

      at PluginManager._log (src/infrastructure/plugins/PluginManager.js:483:21)

  console.info
    [PluginManager] Plugin 'plugin-0' v1.0.0 registered

      at PluginManager._log (src/infrastructure/plugins/PluginManager.js:483:21)

  console.info
    [PluginManager] Plugin 'plugin-1' v1.0.0 registered

      at PluginManager._log (src/infrastructure/plugins/PluginManager.js:483:21)

  console.info
    [PluginManager] Plugin 'plugin-2' v1.0.0 registered

      at PluginManager._log (src/infrastructure/plugins/PluginManager.js:483:21)

  console.info
    [PluginManager] Plugin 'plugin-3' v1.0.0 registered

      at PluginManager._log (src/infrastructure/plugins/PluginManager.js:483:21)

  console.info
    [PluginManager] Plugin 'plugin-4' v1.0.0 registered

      at PluginManager._log (src/infrastructure/plugins/PluginManager.js:483:21)

  console.info
    [PluginManager] Plugin 'plugin-5' v1.0.0 registered

      at PluginManager._log (src/infrastructure/plugins/PluginManager.js:483:21)

  console.info
    [PluginManager] Plugin 'plugin-0' enabled

      at PluginManager._log (src/infrastructure/plugins/PluginManager.js:483:21)

  console.info
    [PluginManager] Plugin 'plugin-2' enabled

      at PluginManager._log (src/infrastructure/plugins/PluginManager.js:483:21)

  console.info
    [PluginManager] Plugin 'plugin-3' enabled

      at PluginManager._log (src/infrastructure/plugins/PluginManager.js:483:21)

  console.info
    [PluginManager] Plugin 'plugin-4' enabled

      at PluginManager._log (src/infrastructure/plugins/PluginManager.js:483:21)

  console.info
    [PluginManager] Plugin 'plugin-5' enabled

      at PluginManager._log (src/infrastructure/plugins/PluginManager.js:483:21)

  console.info
    [PluginManager] Plugin 'plugin-0' v1.0.0 registered

      at PluginManager._log (src/infrastructure/plugins/PluginManager.js:483:21)

  console.info
    [PluginManager] Plugin 'plugin-1' v1.0.0 registered

      at PluginManager._log (src/infrastructure/plugins/PluginManager.js:483:21)

  console.info
    [PluginManager] Plugin 'plugin-2' v1.0.0 registered

      at PluginManager._log (src/infrastructure/plugins/PluginManager.js:483:21)

  console.info
    [PluginManager] Plugin 'plugin-3' v1.0.0 registered

      at PluginManager._log (src/infrastructure/plugins/PluginManager.js:483:21)

  console.info
    [PluginManager] Plugin 'plugin-4' v1.0.0 registered

      at PluginManager._log (src/infrastructure/plugins/PluginManager.js:483:21)

  console.info
    [PluginManager] Plugin 'plugin-5' v1.0.0 registered

      at PluginManager._log (src/infrastructure/plugins/PluginManager.js:483:21)

  console.info
    [PluginManager] Plugin 'plugin-6' v1.0.0 registered

      at PluginManager._log (src/infrastructure/plugins/PluginManager.js:483:21)

  console.info
    [PluginManager] Plugin 'plugin-7' v1.0.0 registered

      at PluginManager._log (src/infrastructure/plugins/PluginManager.js:483:21)

  console.info
    [PluginManager] Plugin 'plugin-8' v1.0.0 registered

      at PluginManager._log (src/infrastructure/plugins/PluginManager.js:483:21)

  console.info
    [PluginManager] Plugin 'plugin-0' enabled

      at PluginManager._log (src/infrastructure/plugins/PluginManager.js:483:21)

  console.info
    [PluginManager] Plugin 'plugin-1' enabled

      at PluginManager._log (src/infrastructure/plugins/PluginManager.js:483:21)

  console.info
    [PluginManager] Plugin 'plugin-2' enabled

      at PluginManager._log (src/infrastructure/plugins/PluginManager.js:483:21)

  console.info
    [PluginManager] Plugin 'plugin-3' enabled

      at PluginManager._log (src/infrastructure/plugins/PluginManager.js:483:21)

  console.info
    [PluginManager] Plugin 'plugin-4' enabled

      at PluginManager._log (src/infrastructure/plugins/PluginManager.js:483:21)

  console.info
    [PluginManager] Plugin 'plugin-5' enabled

      at PluginManager._log (src/infrastructure/plugins/PluginManager.js:483:21)

  console.info
    [PluginManager] Plugin 'plugin-7' enabled

      at PluginManager._log (src/infrastructure/plugins/PluginManager.js:483:21)

  console.info
    [PluginManager] Plugin 'plugin-8' enabled

      at PluginManager._log (src/infrastructure/plugins/PluginManager.js:483:21)

  console.info
    [PluginManager] Plugin 'plugin-0' v1.0.0 registered

      at PluginManager._log (src/infrastructure/plugins/PluginManager.js:483:21)

  console.info
    [PluginManager] Plugin 'plugin-1' v1.0.0 registered

      at PluginManager._log (src/infrastructure/plugins/PluginManager.js:483:21)

  console.info
    [PluginManager] Plugin 'plugin-2' v1.0.0 registered

      at PluginManager._log (src/infrastructure/plugins/PluginManager.js:483:21)

  console.info
    [PluginManager] Plugin 'plugin-3' v1.0.0 registered

      at PluginManager._log (src/infrastructure/plugins/PluginManager.js:483:21)

  console.info
    [PluginManager] Plugin 'plugin-4' v1.0.0 registered

      at PluginManager._log (src/infrastructure/plugins/PluginManager.js:483:21)

  console.info
    [PluginManager] Plugin 'plugin-5' v1.0.0 registered

      at PluginManager._log (src/infrastructure/plugins/PluginManager.js:483:21)

  console.info
    [PluginManager] Plugin 'plugin-6' v1.0.0 registered

      at PluginManager._log (src/infrastructure/plugins/PluginManager.js:483:21)

  console.info
    [PluginManager] Plugin 'plugin-7' v1.0.0 registered

      at PluginManager._log (src/infrastructure/plugins/PluginManager.js:483:21)

  console.info
    [PluginManager] Plugin 'plugin-8' v1.0.0 registered

      at PluginManager._log (src/infrastructure/plugins/PluginManager.js:483:21)

  console.info
    [PluginManager] Plugin 'plugin-0' enabled

      at PluginManager._log (src/infrastructure/plugins/PluginManager.js:483:21)

  console.info
    [PluginManager] Plugin 'plugin-1' enabled

      at PluginManager._log (src/infrastructure/plugins/PluginManager.js:483:21)

  console.info
    [PluginManager] Plugin 'plugin-2' enabled

      at PluginManager._log (src/infrastructure/plugins/PluginManager.js:483:21)

  console.info
    [PluginManager] Plugin 'plugin-4' enabled

      at PluginManager._log (src/infrastructure/plugins/PluginManager.js:483:21)

  console.info
    [PluginManager] Plugin 'plugin-5' enabled

      at PluginManager._log (src/infrastructure/plugins/PluginManager.js:483:21)

  console.info
    [PluginManager] Plugin 'plugin-6' enabled

      at PluginManager._log (src/infrastructure/plugins/PluginManager.js:483:21)

  console.info
    [PluginManager] Plugin 'plugin-7' enabled

      at PluginManager._log (src/infrastructure/plugins/PluginManager.js:483:21)

  console.info
    [PluginManager] Plugin 'plugin-8' enabled

      at PluginManager._log (src/infrastructure/plugins/PluginManager.js:483:21)

  console.info
    [PluginManager] Plugin 'plugin-0' v1.0.0 registered

      at PluginManager._log (src/infrastructure/plugins/PluginManager.js:483:21)

  console.info
    [PluginManager] Plugin 'plugin-1' v1.0.0 registered

      at PluginManager._log (src/infrastructure/plugins/PluginManager.js:483:21)

  console.info
    [PluginManager] Plugin 'plugin-2' v1.0.0 registered

      at PluginManager._log (src/infrastructure/plugins/PluginManager.js:483:21)

  console.info
    [PluginManager] Plugin 'plugin-3' v1.0.0 registered

      at PluginManager._log (src/infrastructure/plugins/PluginManager.js:483:21)

  console.info
    [PluginManager] Plugin 'plugin-4' v1.0.0 registered

      at PluginManager._log (src/infrastructure/plugins/PluginManager.js:483:21)

  console.info
    [PluginManager] Plugin 'plugin-5' v1.0.0 registered

      at PluginManager._log (src/infrastructure/plugins/PluginManager.js:483:21)

  console.info
    [PluginManager] Plugin 'plugin-6' v1.0.0 registered

      at PluginManager._log (src/infrastructure/plugins/PluginManager.js:483:21)

  console.info
    [PluginManager] Plugin 'plugin-7' v1.0.0 registered

      at PluginManager._log (src/infrastructure/plugins/PluginManager.js:483:21)

  console.info
    [PluginManager] Plugin 'plugin-8' v1.0.0 registered

      at PluginManager._log (src/infrastructure/plugins/PluginManager.js:483:21)

  console.info
    [PluginManager] Plugin 'plugin-0' enabled

      at PluginManager._log (src/infrastructure/plugins/PluginManager.js:483:21)

  console.info
    [PluginManager] Plugin 'plugin-1' enabled

      at PluginManager._log (src/infrastructure/plugins/PluginManager.js:483:21)

  console.info
    [PluginManager] Plugin 'plugin-2' enabled

      at PluginManager._log (src/infrastructure/plugins/PluginManager.js:483:21)

  console.info
    [PluginManager] Plugin 'plugin-3' enabled

      at PluginManager._log (src/infrastructure/plugins/PluginManager.js:483:21)

  console.info
    [PluginManager] Plugin 'plugin-4' enabled

      at PluginManager._log (src/infrastructure/plugins/PluginManager.js:483:21)

  console.info
    [PluginManager] Plugin 'plugin-5' enabled

      at PluginManager._log (src/infrastructure/plugins/PluginManager.js:483:21)

  console.info
    [PluginManager] Plugin 'plugin-6' enabled

      at PluginManager._log (src/infrastructure/plugins/PluginManager.js:483:21)

  console.info
    [PluginManager] Plugin 'plugin-7' enabled

      at PluginManager._log (src/infrastructure/plugins/PluginManager.js:483:21)

  console.info
    [PluginManager] Plugin 'plugin-0' v1.0.0 registered

      at PluginManager._log (src/infrastructure/plugins/PluginManager.js:483:21)

  console.info
    [PluginManager] Plugin 'plugin-1' v1.0.0 registered

      at PluginManager._log (src/infrastructure/plugins/PluginManager.js:483:21)

  console.info
    [PluginManager] Plugin 'plugin-2' v1.0.0 registered

      at PluginManager._log (src/infrastructure/plugins/PluginManager.js:483:21)

  console.info
    [PluginManager] Plugin 'plugin-3' v1.0.0 registered

      at PluginManager._log (src/infrastructure/plugins/PluginManager.js:483:21)

  console.info
    [PluginManager] Plugin 'plugin-4' v1.0.0 registered

      at PluginManager._log (src/infrastructure/plugins/PluginManager.js:483:21)

  console.info
    [PluginManager] Plugin 'plugin-5' v1.0.0 registered

      at PluginManager._log (src/infrastructure/plugins/PluginManager.js:483:21)

  console.info
    [PluginManager] Plugin 'plugin-0' enabled

      at PluginManager._log (src/infrastructure/plugins/PluginManager.js:483:21)

  console.info
    [PluginManager] Plugin 'plugin-1' enabled

      at PluginManager._log (src/infrastructure/plugins/PluginManager.js:483:21)

  console.info
    [PluginManager] Plugin 'plugin-3' enabled

      at PluginManager._log (src/infrastructure/plugins/PluginManager.js:483:21)

  console.info
    [PluginManager] Plugin 'plugin-4' enabled

      at PluginManager._log (src/infrastructure/plugins/PluginManager.js:483:21)

  console.info
    [PluginManager] Plugin 'plugin-5' enabled

      at PluginManager._log (src/infrastructure/plugins/PluginManager.js:483:21)

  console.info
    [PluginManager] Plugin 'plugin-0' v1.0.0 registered

      at PluginManager._log (src/infrastructure/plugins/PluginManager.js:483:21)

  console.info
    [PluginManager] Plugin 'plugin-1' v1.0.0 registered

      at PluginManager._log (src/infrastructure/plugins/PluginManager.js:483:21)

  console.info
    [PluginManager] Plugin 'plugin-2' v1.0.0 registered

      at PluginManager._log (src/infrastructure/plugins/PluginManager.js:483:21)

  console.info
    [PluginManager] Plugin 'plugin-3' v1.0.0 registered

      at PluginManager._log (src/infrastructure/plugins/PluginManager.js:483:21)

  console.info
    [PluginManager] Plugin 'plugin-1' enabled

      at PluginManager._log (src/infrastructure/plugins/PluginManager.js:483:21)

  console.info
    [PluginManager] Plugin 'plugin-2' enabled

      at PluginManager._log (src/infrastructure/plugins/PluginManager.js:483:21)

  console.info
    [PluginManager] Plugin 'plugin-3' enabled

      at PluginManager._log (src/infrastructure/plugins/PluginManager.js:483:21)

  console.info
    [PluginManager] Plugin 'plugin-0' v1.0.0 registered

      at PluginManager._log (src/infrastructure/plugins/PluginManager.js:483:21)

  console.info
    [PluginManager] Plugin 'plugin-1' v1.0.0 registered

      at PluginManager._log (src/infrastructure/plugins/PluginManager.js:483:21)

  console.info
    [PluginManager] Plugin 'plugin-0' enabled

      at PluginManager._log (src/infrastructure/plugins/PluginManager.js:483:21)

  console.info
    [PluginManager] Plugin 'plugin-0' v1.0.0 registered

      at PluginManager._log (src/infrastructure/plugins/PluginManager.js:483:21)

  console.info
    [PluginManager] Plugin 'plugin-1' v1.0.0 registered

      at PluginManager._log (src/infrastructure/plugins/PluginManager.js:483:21)

  console.info
    [PluginManager] Plugin 'plugin-0' enabled

      at PluginManager._log (src/infrastructure/plugins/PluginManager.js:483:21)

  console.info
    [PluginManager] Plugin 'plugin-0' v1.0.0 registered

      at PluginManager._log (src/infrastructure/plugins/PluginManager.js:483:21)

  console.info
    [PluginManager] Plugin 'plugin-1' v1.0.0 registered

      at PluginManager._log (src/infrastructure/plugins/PluginManager.js:483:21)

  console.info
    [PluginManager] Plugin 'plugin-0' enabled

      at PluginManager._log (src/infrastructure/plugins/PluginManager.js:483:21)

  console.info
    [PluginManager] Plugin 'plugin-0' v1.0.0 registered

      at PluginManager._log (src/infrastructure/plugins/PluginManager.js:483:21)

  console.info
    [PluginManager] Plugin 'plugin-1' v1.0.0 registered

      at PluginManager._log (src/infrastructure/plugins/PluginManager.js:483:21)

  console.info
    [PluginManager] Plugin 'plugin-2' v1.0.0 registered

      at PluginManager._log (src/infrastructure/plugins/PluginManager.js:483:21)

  console.info
    [PluginManager] Plugin 'plugin-3' v1.0.0 registered

      at PluginManager._log (src/infrastructure/plugins/PluginManager.js:483:21)

  console.info
    [PluginManager] Plugin 'plugin-4' v1.0.0 registered

      at PluginManager._log (src/infrastructure/plugins/PluginManager.js:483:21)

  console.info
    [PluginManager] Plugin 'plugin-0' enabled

      at PluginManager._log (src/infrastructure/plugins/PluginManager.js:483:21)

  console.info
    [PluginManager] Plugin 'plugin-2' enabled

      at PluginManager._log (src/infrastructure/plugins/PluginManager.js:483:21)

  console.info
    [PluginManager] Plugin 'plugin-3' enabled

      at PluginManager._log (src/infrastructure/plugins/PluginManager.js:483:21)

  console.info
    [PluginManager] Plugin 'plugin-4' enabled

      at PluginManager._log (src/infrastructure/plugins/PluginManager.js:483:21)

  console.info
    [PluginManager] Plugin 'plugin-0' v1.0.0 registered

      at PluginManager._log (src/infrastructure/plugins/PluginManager.js:483:21)

  console.info
    [PluginManager] Plugin 'plugin-1' v1.0.0 registered

      at PluginManager._log (src/infrastructure/plugins/PluginManager.js:483:21)

  console.info
    [PluginManager] Plugin 'plugin-2' v1.0.0 registered

      at PluginManager._log (src/infrastructure/plugins/PluginManager.js:483:21)

  console.info
    [PluginManager] Plugin 'plugin-1' enabled

      at PluginManager._log (src/infrastructure/plugins/PluginManager.js:483:21)

  console.info
    [PluginManager] Plugin 'plugin-2' enabled

      at PluginManager._log (src/infrastructure/plugins/PluginManager.js:483:21)

  console.info
    [PluginManager] Plugin 'plugin-0' v1.0.0 registered

      at PluginManager._log (src/infrastructure/plugins/PluginManager.js:483:21)

  console.info
    [PluginManager] Plugin 'plugin-1' v1.0.0 registered

      at PluginManager._log (src/infrastructure/plugins/PluginManager.js:483:21)

  console.info
    [PluginManager] Plugin 'plugin-2' v1.0.0 registered

      at PluginManager._log (src/infrastructure/plugins/PluginManager.js:483:21)

  console.info
    [PluginManager] Plugin 'plugin-3' v1.0.0 registered

      at PluginManager._log (src/infrastructure/plugins/PluginManager.js:483:21)

  console.info
    [PluginManager] Plugin 'plugin-4' v1.0.0 registered

      at PluginManager._log (src/infrastructure/plugins/PluginManager.js:483:21)

  console.info
    [PluginManager] Plugin 'plugin-5' v1.0.0 registered

      at PluginManager._log (src/infrastructure/plugins/PluginManager.js:483:21)

  console.info
    [PluginManager] Plugin 'plugin-6' v1.0.0 registered

      at PluginManager._log (src/infrastructure/plugins/PluginManager.js:483:21)

  console.info
    [PluginManager] Plugin 'plugin-7' v1.0.0 registered

      at PluginManager._log (src/infrastructure/plugins/PluginManager.js:483:21)

  console.info
    [PluginManager] Plugin 'plugin-8' v1.0.0 registered

      at PluginManager._log (src/infrastructure/plugins/PluginManager.js:483:21)

  console.info
    [PluginManager] Plugin 'plugin-9' v1.0.0 registered

      at PluginManager._log (src/infrastructure/plugins/PluginManager.js:483:21)

  console.info
    [PluginManager] Plugin 'plugin-0' enabled

      at PluginManager._log (src/infrastructure/plugins/PluginManager.js:483:21)

  console.info
    [PluginManager] Plugin 'plugin-1' enabled

      at PluginManager._log (src/infrastructure/plugins/PluginManager.js:483:21)

  console.info
    [PluginManager] Plugin 'plugin-2' enabled

      at PluginManager._log (src/infrastructure/plugins/PluginManager.js:483:21)

  console.info
    [PluginManager] Plugin 'plugin-4' enabled

      at PluginManager._log (src/infrastructure/plugins/PluginManager.js:483:21)

  console.info
    [PluginManager] Plugin 'plugin-5' enabled

      at PluginManager._log (src/infrastructure/plugins/PluginManager.js:483:21)

  console.info
    [PluginManager] Plugin 'plugin-6' enabled

      at PluginManager._log (src/infrastructure/plugins/PluginManager.js:483:21)

  console.info
    [PluginManager] Plugin 'plugin-7' enabled

      at PluginManager._log (src/infrastructure/plugins/PluginManager.js:483:21)

  console.info
    [PluginManager] Plugin 'plugin-8' enabled

      at PluginManager._log (src/infrastructure/plugins/PluginManager.js:483:21)

  console.info
    [PluginManager] Plugin 'plugin-9' enabled

      at PluginManager._log (src/infrastructure/plugins/PluginManager.js:483:21)

  console.info
    [PluginManager] Plugin 'plugin-0' v1.0.0 registered

      at PluginManager._log (src/infrastructure/plugins/PluginManager.js:483:21)

  console.info
    [PluginManager] Plugin 'plugin-1' v1.0.0 registered

      at PluginManager._log (src/infrastructure/plugins/PluginManager.js:483:21)

  console.info
    [PluginManager] Plugin 'plugin-2' v1.0.0 registered

      at PluginManager._log (src/infrastructure/plugins/PluginManager.js:483:21)

  console.info
    [PluginManager] Plugin 'plugin-3' v1.0.0 registered

      at PluginManager._log (src/infrastructure/plugins/PluginManager.js:483:21)

  console.info
    [PluginManager] Plugin 'plugin-4' v1.0.0 registered

      at PluginManager._log (src/infrastructure/plugins/PluginManager.js:483:21)

  console.info
    [PluginManager] Plugin 'plugin-5' v1.0.0 registered

      at PluginManager._log (src/infrastructure/plugins/PluginManager.js:483:21)

  console.info
    [PluginManager] Plugin 'plugin-6' v1.0.0 registered

      at PluginManager._log (src/infrastructure/plugins/PluginManager.js:483:21)

  console.info
    [PluginManager] Plugin 'plugin-7' v1.0.0 registered

      at PluginManager._log (src/infrastructure/plugins/PluginManager.js:483:21)

  console.info
    [PluginManager] Plugin 'plugin-1' enabled

      at PluginManager._log (src/infrastructure/plugins/PluginManager.js:483:21)

  console.info
    [PluginManager] Plugin 'plugin-2' enabled

      at PluginManager._log (src/infrastructure/plugins/PluginManager.js:483:21)

  console.info
    [PluginManager] Plugin 'plugin-3' enabled

      at PluginManager._log (src/infrastructure/plugins/PluginManager.js:483:21)

  console.info
    [PluginManager] Plugin 'plugin-4' enabled

      at PluginManager._log (src/infrastructure/plugins/PluginManager.js:483:21)

  console.info
    [PluginManager] Plugin 'plugin-5' enabled

      at PluginManager._log (src/infrastructure/plugins/PluginManager.js:483:21)

  console.info
    [PluginManager] Plugin 'plugin-6' enabled

      at PluginManager._log (src/infrastructure/plugins/PluginManager.js:483:21)

  console.info
    [PluginManager] Plugin 'plugin-7' enabled

      at PluginManager._log (src/infrastructure/plugins/PluginManager.js:483:21)

  console.info
    [PluginManager] Plugin 'plugin-0' v1.0.0 registered

      at PluginManager._log (src/infrastructure/plugins/PluginManager.js:483:21)

  console.info
    [PluginManager] Plugin 'plugin-1' v1.0.0 registered

      at PluginManager._log (src/infrastructure/plugins/PluginManager.js:483:21)

  console.info
    [PluginManager] Plugin 'plugin-2' v1.0.0 registered

      at PluginManager._log (src/infrastructure/plugins/PluginManager.js:483:21)

  console.info
    [PluginManager] Plugin 'plugin-3' v1.0.0 registered

      at PluginManager._log (src/infrastructure/plugins/PluginManager.js:483:21)

  console.info
    [PluginManager] Plugin 'plugin-4' v1.0.0 registered

      at PluginManager._log (src/infrastructure/plugins/PluginManager.js:483:21)

  console.info
    [PluginManager] Plugin 'plugin-0' enabled

      at PluginManager._log (src/infrastructure/plugins/PluginManager.js:483:21)

  console.info
    [PluginManager] Plugin 'plugin-1' enabled

      at PluginManager._log (src/infrastructure/plugins/PluginManager.js:483:21)

  console.info
    [PluginManager] Plugin 'plugin-3' enabled

      at PluginManager._log (src/infrastructure/plugins/PluginManager.js:483:21)

  console.info
    [PluginManager] Plugin 'plugin-4' enabled

      at PluginManager._log (src/infrastructure/plugins/PluginManager.js:483:21)

  console.info
    [PluginManager] Plugin 'plugin-0' v1.0.0 registered

      at PluginManager._log (src/infrastructure/plugins/PluginManager.js:483:21)

  console.info
    [PluginManager] Plugin 'plugin-1' v1.0.0 registered

      at PluginManager._log (src/infrastructure/plugins/PluginManager.js:483:21)

  console.info
    [PluginManager] Plugin 'plugin-1' enabled

      at PluginManager._log (src/infrastructure/plugins/PluginManager.js:483:21)

  console.info
    [PluginManager] Plugin 'plugin-0' v1.0.0 registered

      at PluginManager._log (src/infrastructure/plugins/PluginManager.js:483:21)

  console.info
    [PluginManager] Plugin 'plugin-1' v1.0.0 registered

      at PluginManager._log (src/infrastructure/plugins/PluginManager.js:483:21)

  console.info
    [PluginManager] Plugin 'plugin-2' v1.0.0 registered

      at PluginManager._log (src/infrastructure/plugins/PluginManager.js:483:21)

  console.info
    [PluginManager] Plugin 'plugin-3' v1.0.0 registered

      at PluginManager._log (src/infrastructure/plugins/PluginManager.js:483:21)

  console.info
    [PluginManager] Plugin 'plugin-0' enabled

      at PluginManager._log (src/infrastructure/plugins/PluginManager.js:483:21)

  console.info
    [PluginManager] Plugin 'plugin-1' enabled

      at PluginManager._log (src/infrastructure/plugins/PluginManager.js:483:21)

  console.info
    [PluginManager] Plugin 'plugin-3' enabled

      at PluginManager._log (src/infrastructure/plugins/PluginManager.js:483:21)

  console.info
    [PluginManager] Plugin 'plugin-0' v1.0.0 registered

      at PluginManager._log (src/infrastructure/plugins/PluginManager.js:483:21)

  console.info
    [PluginManager] Plugin 'plugin-1' v1.0.0 registered

      at PluginManager._log (src/infrastructure/plugins/PluginManager.js:483:21)

  console.info
    [PluginManager] Plugin 'plugin-2' v1.0.0 registered

      at PluginManager._log (src/infrastructure/plugins/PluginManager.js:483:21)

  console.info
    [PluginManager] Plugin 'plugin-3' v1.0.0 registered

      at PluginManager._log (src/infrastructure/plugins/PluginManager.js:483:21)

  console.info
    [PluginManager] Plugin 'plugin-0' enabled

      at PluginManager._log (src/infrastructure/plugins/PluginManager.js:483:21)

  console.info
    [PluginManager] Plugin 'plugin-1' enabled

      at PluginManager._log (src/infrastructure/plugins/PluginManager.js:483:21)

  console.info
    [PluginManager] Plugin 'plugin-2' enabled

      at PluginManager._log (src/infrastructure/plugins/PluginManager.js:483:21)

  console.info
    [PluginManager] Plugin 'plugin-0' v1.0.0 registered

      at PluginManager._log (src/infrastructure/plugins/PluginManager.js:483:21)

  console.info
    [PluginManager] Plugin 'plugin-1' v1.0.0 registered

      at PluginManager._log (src/infrastructure/plugins/PluginManager.js:483:21)

  console.info
    [PluginManager] Plugin 'plugin-1' enabled

      at PluginManager._log (src/infrastructure/plugins/PluginManager.js:483:21)

  console.info
    [PluginManager] Plugin 'plugin-0' v1.0.0 registered

      at PluginManager._log (src/infrastructure/plugins/PluginManager.js:483:21)

  console.info
    [PluginManager] Plugin 'plugin-1' v1.0.0 registered

      at PluginManager._log (src/infrastructure/plugins/PluginManager.js:483:21)

  console.info
    [PluginManager] Plugin 'plugin-2' v1.0.0 registered

      at PluginManager._log (src/infrastructure/plugins/PluginManager.js:483:21)

  console.info
    [PluginManager] Plugin 'plugin-3' v1.0.0 registered

      at PluginManager._log (src/infrastructure/plugins/PluginManager.js:483:21)

  console.info
    [PluginManager] Plugin 'plugin-0' enabled

      at PluginManager._log (src/infrastructure/plugins/PluginManager.js:483:21)

  console.info
    [PluginManager] Plugin 'plugin-1' enabled

      at PluginManager._log (src/infrastructure/plugins/PluginManager.js:483:21)

  console.info
    [PluginManager] Plugin 'plugin-3' enabled

      at PluginManager._log (src/infrastructure/plugins/PluginManager.js:483:21)

  console.info
    [PluginManager] Plugin 'plugin-0' v1.0.0 registered

      at PluginManager._log (src/infrastructure/plugins/PluginManager.js:483:21)

  console.info
    [PluginManager] Plugin 'plugin-1' v1.0.0 registered

      at PluginManager._log (src/infrastructure/plugins/PluginManager.js:483:21)

  console.info
    [PluginManager] Plugin 'plugin-2' v1.0.0 registered

      at PluginManager._log (src/infrastructure/plugins/PluginManager.js:483:21)

  console.info
    [PluginManager] Plugin 'plugin-3' v1.0.0 registered

      at PluginManager._log (src/infrastructure/plugins/PluginManager.js:483:21)

  console.info
    [PluginManager] Plugin 'plugin-4' v1.0.0 registered

      at PluginManager._log (src/infrastructure/plugins/PluginManager.js:483:21)

  console.info
    [PluginManager] Plugin 'plugin-5' v1.0.0 registered

      at PluginManager._log (src/infrastructure/plugins/PluginManager.js:483:21)

  console.info
    [PluginManager] Plugin 'plugin-6' v1.0.0 registered

      at PluginManager._log (src/infrastructure/plugins/PluginManager.js:483:21)

  console.info
    [PluginManager] Plugin 'plugin-7' v1.0.0 registered

      at PluginManager._log (src/infrastructure/plugins/PluginManager.js:483:21)

  console.info
    [PluginManager] Plugin 'plugin-8' v1.0.0 registered

      at PluginManager._log (src/infrastructure/plugins/PluginManager.js:483:21)

  console.info
    [PluginManager] Plugin 'plugin-0' enabled

      at PluginManager._log (src/infrastructure/plugins/PluginManager.js:483:21)

  console.info
    [PluginManager] Plugin 'plugin-1' enabled

      at PluginManager._log (src/infrastructure/plugins/PluginManager.js:483:21)

  console.info
    [PluginManager] Plugin 'plugin-2' enabled

      at PluginManager._log (src/infrastructure/plugins/PluginManager.js:483:21)

  console.info
    [PluginManager] Plugin 'plugin-3' enabled

      at PluginManager._log (src/infrastructure/plugins/PluginManager.js:483:21)

  console.info
    [PluginManager] Plugin 'plugin-4' enabled

      at PluginManager._log (src/infrastructure/plugins/PluginManager.js:483:21)

  console.info
    [PluginManager] Plugin 'plugin-6' enabled

      at PluginManager._log (src/infrastructure/plugins/PluginManager.js:483:21)

  console.info
    [PluginManager] Plugin 'plugin-7' enabled

      at PluginManager._log (src/infrastructure/plugins/PluginManager.js:483:21)

  console.info
    [PluginManager] Plugin 'plugin-8' enabled

      at PluginManager._log (src/infrastructure/plugins/PluginManager.js:483:21)

  console.info
    [PluginManager] Plugin 'plugin-0' v1.0.0 registered

      at PluginManager._log (src/infrastructure/plugins/PluginManager.js:483:21)

  console.info
    [PluginManager] Plugin 'plugin-1' v1.0.0 registered

      at PluginManager._log (src/infrastructure/plugins/PluginManager.js:483:21)

  console.info
    [PluginManager] Plugin 'plugin-2' v1.0.0 registered

      at PluginManager._log (src/infrastructure/plugins/PluginManager.js:483:21)

  console.info
    [PluginManager] Plugin 'plugin-3' v1.0.0 registered

      at PluginManager._log (src/infrastructure/plugins/PluginManager.js:483:21)

  console.info
    [PluginManager] Plugin 'plugin-4' v1.0.0 registered

      at PluginManager._log (src/infrastructure/plugins/PluginManager.js:483:21)

  console.info
    [PluginManager] Plugin 'plugin-0' enabled

      at PluginManager._log (src/infrastructure/plugins/PluginManager.js:483:21)

  console.info
    [PluginManager] Plugin 'plugin-1' enabled

      at PluginManager._log (src/infrastructure/plugins/PluginManager.js:483:21)

  console.info
    [PluginManager] Plugin 'plugin-2' enabled

      at PluginManager._log (src/infrastructure/plugins/PluginManager.js:483:21)

  console.info
    [PluginManager] Plugin 'plugin-4' enabled

      at PluginManager._log (src/infrastructure/plugins/PluginManager.js:483:21)

  console.info
    [PluginManager] Plugin 'plugin-0' v1.0.0 registered

      at PluginManager._log (src/infrastructure/plugins/PluginManager.js:483:21)

  console.info
    [PluginManager] Plugin 'plugin-1' v1.0.0 registered

      at PluginManager._log (src/infrastructure/plugins/PluginManager.js:483:21)

  console.info
    [PluginManager] Plugin 'plugin-2' v1.0.0 registered

      at PluginManager._log (src/infrastructure/plugins/PluginManager.js:483:21)

  console.info
    [PluginManager] Plugin 'plugin-0' enabled

      at PluginManager._log (src/infrastructure/plugins/PluginManager.js:483:21)

  console.info
    [PluginManager] Plugin 'plugin-2' enabled

      at PluginManager._log (src/infrastructure/plugins/PluginManager.js:483:21)

  console.info
    [PluginManager] Plugin 'plugin-0' v1.0.0 registered

      at PluginManager._log (src/infrastructure/plugins/PluginManager.js:483:21)

  console.info
    [PluginManager] Plugin 'plugin-1' v1.0.0 registered

      at PluginManager._log (src/infrastructure/plugins/PluginManager.js:483:21)

  console.info
    [PluginManager] Plugin 'plugin-0' enabled

      at PluginManager._log (src/infrastructure/plugins/PluginManager.js:483:21)

  console.info
    [PluginManager] Plugin 'plugin-0' v1.0.0 registered

      at PluginManager._log (src/infrastructure/plugins/PluginManager.js:483:21)

  console.info
    [PluginManager] Plugin 'plugin-1' v1.0.0 registered

      at PluginManager._log (src/infrastructure/plugins/PluginManager.js:483:21)

  console.info
    [PluginManager] Plugin 'plugin-1' enabled

      at PluginManager._log (src/infrastructure/plugins/PluginManager.js:483:21)

  console.info
    [PluginManager] Plugin 'plugin-0' v1.0.0 registered

      at PluginManager._log (src/infrastructure/plugins/PluginManager.js:483:21)

  console.info
    [PluginManager] Plugin 'plugin-1' v1.0.0 registered

      at PluginManager._log (src/infrastructure/plugins/PluginManager.js:483:21)

  console.info
    [PluginManager] Plugin 'plugin-2' v1.0.0 registered

      at PluginManager._log (src/infrastructure/plugins/PluginManager.js:483:21)

  console.info
    [PluginManager] Plugin 'plugin-3' v1.0.0 registered

      at PluginManager._log (src/infrastructure/plugins/PluginManager.js:483:21)

  console.info
    [PluginManager] Plugin 'plugin-4' v1.0.0 registered

      at PluginManager._log (src/infrastructure/plugins/PluginManager.js:483:21)

  console.info
    [PluginManager] Plugin 'plugin-5' v1.0.0 registered

      at PluginManager._log (src/infrastructure/plugins/PluginManager.js:483:21)

  console.info
    [PluginManager] Plugin 'plugin-6' v1.0.0 registered

      at PluginManager._log (src/infrastructure/plugins/PluginManager.js:483:21)

  console.info
    [PluginManager] Plugin 'plugin-0' enabled

      at PluginManager._log (src/infrastructure/plugins/PluginManager.js:483:21)

  console.info
    [PluginManager] Plugin 'plugin-1' enabled

      at PluginManager._log (src/infrastructure/plugins/PluginManager.js:483:21)

  console.info
    [PluginManager] Plugin 'plugin-2' enabled

      at PluginManager._log (src/infrastructure/plugins/PluginManager.js:483:21)

  console.info
    [PluginManager] Plugin 'plugin-3' enabled

      at PluginManager._log (src/infrastructure/plugins/PluginManager.js:483:21)

  console.info
    [PluginManager] Plugin 'plugin-4' enabled

      at PluginManager._log (src/infrastructure/plugins/PluginManager.js:483:21)

  console.info
    [PluginManager] Plugin 'plugin-5' enabled

      at PluginManager._log (src/infrastructure/plugins/PluginManager.js:483:21)

  console.info
    [PluginManager] Plugin 'plugin-0' v1.0.0 registered

      at PluginManager._log (src/infrastructure/plugins/PluginManager.js:483:21)

  console.info
    [PluginManager] Plugin 'plugin-1' v1.0.0 registered

      at PluginManager._log (src/infrastructure/plugins/PluginManager.js:483:21)

  console.info
    [PluginManager] Plugin 'plugin-1' enabled

      at PluginManager._log (src/infrastructure/plugins/PluginManager.js:483:21)

  console.info
    [PluginManager] Plugin 'plugin-0' v1.0.0 registered

      at PluginManager._log (src/infrastructure/plugins/PluginManager.js:483:21)

  console.info
    [PluginManager] Plugin 'plugin-1' v1.0.0 registered

      at PluginManager._log (src/infrastructure/plugins/PluginManager.js:483:21)

  console.info
    [PluginManager] Plugin 'plugin-2' v1.0.0 registered

      at PluginManager._log (src/infrastructure/plugins/PluginManager.js:483:21)

  console.info
    [PluginManager] Plugin 'plugin-3' v1.0.0 registered

      at PluginManager._log (src/infrastructure/plugins/PluginManager.js:483:21)

  console.info
    [PluginManager] Plugin 'plugin-4' v1.0.0 registered

      at PluginManager._log (src/infrastructure/plugins/PluginManager.js:483:21)

  console.info
    [PluginManager] Plugin 'plugin-5' v1.0.0 registered

      at PluginManager._log (src/infrastructure/plugins/PluginManager.js:483:21)

  console.info
    [PluginManager] Plugin 'plugin-6' v1.0.0 registered

      at PluginManager._log (src/infrastructure/plugins/PluginManager.js:483:21)

  console.info
    [PluginManager] Plugin 'plugin-0' enabled

      at PluginManager._log (src/infrastructure/plugins/PluginManager.js:483:21)

  console.info
    [PluginManager] Plugin 'plugin-1' enabled

      at PluginManager._log (src/infrastructure/plugins/PluginManager.js:483:21)

  console.info
    [PluginManager] Plugin 'plugin-3' enabled

      at PluginManager._log (src/infrastructure/plugins/PluginManager.js:483:21)

  console.info
    [PluginManager] Plugin 'plugin-4' enabled

      at PluginManager._log (src/infrastructure/plugins/PluginManager.js:483:21)

  console.info
    [PluginManager] Plugin 'plugin-5' enabled

      at PluginManager._log (src/infrastructure/plugins/PluginManager.js:483:21)

  console.info
    [PluginManager] Plugin 'plugin-6' enabled

      at PluginManager._log (src/infrastructure/plugins/PluginManager.js:483:21)

  console.info
    [PluginManager] Plugin 'plugin-0' v1.0.0 registered

      at PluginManager._log (src/infrastructure/plugins/PluginManager.js:483:21)

  console.info
    [PluginManager] Plugin 'plugin-1' v1.0.0 registered

      at PluginManager._log (src/infrastructure/plugins/PluginManager.js:483:21)

  console.info
    [PluginManager] Plugin 'plugin-2' v1.0.0 registered

      at PluginManager._log (src/infrastructure/plugins/PluginManager.js:483:21)

  console.info
    [PluginManager] Plugin 'plugin-3' v1.0.0 registered

      at PluginManager._log (src/infrastructure/plugins/PluginManager.js:483:21)

  console.info
    [PluginManager] Plugin 'plugin-4' v1.0.0 registered

      at PluginManager._log (src/infrastructure/plugins/PluginManager.js:483:21)

  console.info
    [PluginManager] Plugin 'plugin-5' v1.0.0 registered

      at PluginManager._log (src/infrastructure/plugins/PluginManager.js:483:21)

  console.info
    [PluginManager] Plugin 'plugin-6' v1.0.0 registered

      at PluginManager._log (src/infrastructure/plugins/PluginManager.js:483:21)

  console.info
    [PluginManager] Plugin 'plugin-7' v1.0.0 registered

      at PluginManager._log (src/infrastructure/plugins/PluginManager.js:483:21)

  console.info
    [PluginManager] Plugin 'plugin-8' v1.0.0 registered

      at PluginManager._log (src/infrastructure/plugins/PluginManager.js:483:21)

  console.info
    [PluginManager] Plugin 'plugin-0' enabled

      at PluginManager._log (src/infrastructure/plugins/PluginManager.js:483:21)

  console.info
    [PluginManager] Plugin 'plugin-2' enabled

      at PluginManager._log (src/infrastructure/plugins/PluginManager.js:483:21)

  console.info
    [PluginManager] Plugin 'plugin-3' enabled

      at PluginManager._log (src/infrastructure/plugins/PluginManager.js:483:21)

  console.info
    [PluginManager] Plugin 'plugin-4' enabled

      at PluginManager._log (src/infrastructure/plugins/PluginManager.js:483:21)

  console.info
    [PluginManager] Plugin 'plugin-5' enabled

      at PluginManager._log (src/infrastructure/plugins/PluginManager.js:483:21)

  console.info
    [PluginManager] Plugin 'plugin-6' enabled

      at PluginManager._log (src/infrastructure/plugins/PluginManager.js:483:21)

  console.info
    [PluginManager] Plugin 'plugin-7' enabled

      at PluginManager._log (src/infrastructure/plugins/PluginManager.js:483:21)

  console.info
    [PluginManager] Plugin 'plugin-8' enabled

      at PluginManager._log (src/infrastructure/plugins/PluginManager.js:483:21)

  console.info
    [PluginManager] Plugin 'plugin-0' v1.0.0 registered

      at PluginManager._log (src/infrastructure/plugins/PluginManager.js:483:21)

  console.info
    [PluginManager] Plugin 'plugin-1' v1.0.0 registered

      at PluginManager._log (src/infrastructure/plugins/PluginManager.js:483:21)

  console.info
    [PluginManager] Plugin 'plugin-2' v1.0.0 registered

      at PluginManager._log (src/infrastructure/plugins/PluginManager.js:483:21)

  console.info
    [PluginManager] Plugin 'plugin-3' v1.0.0 registered

      at PluginManager._log (src/infrastructure/plugins/PluginManager.js:483:21)

  console.info
    [PluginManager] Plugin 'plugin-0' enabled

      at PluginManager._log (src/infrastructure/plugins/PluginManager.js:483:21)

  console.info
    [PluginManager] Plugin 'plugin-1' enabled

      at PluginManager._log (src/infrastructure/plugins/PluginManager.js:483:21)

  console.info
    [PluginManager] Plugin 'plugin-3' enabled

      at PluginManager._log (src/infrastructure/plugins/PluginManager.js:483:21)

  console.info
    [PluginManager] Plugin 'plugin-0' v1.0.0 registered

      at PluginManager._log (src/infrastructure/plugins/PluginManager.js:483:21)

  console.info
    [PluginManager] Plugin 'plugin-1' v1.0.0 registered

      at PluginManager._log (src/infrastructure/plugins/PluginManager.js:483:21)

  console.info
    [PluginManager] Plugin 'plugin-2' v1.0.0 registered

      at PluginManager._log (src/infrastructure/plugins/PluginManager.js:483:21)

  console.info
    [PluginManager] Plugin 'plugin-3' v1.0.0 registered

      at PluginManager._log (src/infrastructure/plugins/PluginManager.js:483:21)

  console.info
    [PluginManager] Plugin 'plugin-4' v1.0.0 registered

      at PluginManager._log (src/infrastructure/plugins/PluginManager.js:483:21)

  console.info
    [PluginManager] Plugin 'plugin-5' v1.0.0 registered

      at PluginManager._log (src/infrastructure/plugins/PluginManager.js:483:21)

  console.info
    [PluginManager] Plugin 'plugin-0' enabled

      at PluginManager._log (src/infrastructure/plugins/PluginManager.js:483:21)

  console.info
    [PluginManager] Plugin 'plugin-1' enabled

      at PluginManager._log (src/infrastructure/plugins/PluginManager.js:483:21)

  console.info
    [PluginManager] Plugin 'plugin-3' enabled

      at PluginManager._log (src/infrastructure/plugins/PluginManager.js:483:21)

  console.info
    [PluginManager] Plugin 'plugin-4' enabled

      at PluginManager._log (src/infrastructure/plugins/PluginManager.js:483:21)

  console.info
    [PluginManager] Plugin 'plugin-5' enabled

      at PluginManager._log (src/infrastructure/plugins/PluginManager.js:483:21)

  console.info
    [PluginManager] Plugin 'plugin-0' v1.0.0 registered

      at PluginManager._log (src/infrastructure/plugins/PluginManager.js:483:21)

  console.info
    [PluginManager] Plugin 'plugin-1' v1.0.0 registered

      at PluginManager._log (src/infrastructure/plugins/PluginManager.js:483:21)

  console.info
    [PluginManager] Plugin 'plugin-2' v1.0.0 registered

      at PluginManager._log (src/infrastructure/plugins/PluginManager.js:483:21)

  console.info
    [PluginManager] Plugin 'plugin-3' v1.0.0 registered

      at PluginManager._log (src/infrastructure/plugins/PluginManager.js:483:21)

  console.info
    [PluginManager] Plugin 'plugin-4' v1.0.0 registered

      at PluginManager._log (src/infrastructure/plugins/PluginManager.js:483:21)

  console.info
    [PluginManager] Plugin 'plugin-5' v1.0.0 registered

      at PluginManager._log (src/infrastructure/plugins/PluginManager.js:483:21)

  console.info
    [PluginManager] Plugin 'plugin-6' v1.0.0 registered

      at PluginManager._log (src/infrastructure/plugins/PluginManager.js:483:21)

  console.info
    [PluginManager] Plugin 'plugin-7' v1.0.0 registered

      at PluginManager._log (src/infrastructure/plugins/PluginManager.js:483:21)

  console.info
    [PluginManager] Plugin 'plugin-8' v1.0.0 registered

      at PluginManager._log (src/infrastructure/plugins/PluginManager.js:483:21)

  console.info
    [PluginManager] Plugin 'plugin-0' enabled

      at PluginManager._log (src/infrastructure/plugins/PluginManager.js:483:21)

  console.info
    [PluginManager] Plugin 'plugin-1' enabled

      at PluginManager._log (src/infrastructure/plugins/PluginManager.js:483:21)

  console.info
    [PluginManager] Plugin 'plugin-2' enabled

      at PluginManager._log (src/infrastructure/plugins/PluginManager.js:483:21)

  console.info
    [PluginManager] Plugin 'plugin-4' enabled

      at PluginManager._log (src/infrastructure/plugins/PluginManager.js:483:21)

  console.info
    [PluginManager] Plugin 'plugin-5' enabled

      at PluginManager._log (src/infrastructure/plugins/PluginManager.js:483:21)

  console.info
    [PluginManager] Plugin 'plugin-6' enabled

      at PluginManager._log (src/infrastructure/plugins/PluginManager.js:483:21)

  console.info
    [PluginManager] Plugin 'plugin-7' enabled

      at PluginManager._log (src/infrastructure/plugins/PluginManager.js:483:21)

  console.info
    [PluginManager] Plugin 'plugin-8' enabled

      at PluginManager._log (src/infrastructure/plugins/PluginManager.js:483:21)

  console.info
    [PluginManager] Plugin 'plugin-0' v1.0.0 registered

      at PluginManager._log (src/infrastructure/plugins/PluginManager.js:483:21)

  console.info
    [PluginManager] Plugin 'plugin-1' v1.0.0 registered

      at PluginManager._log (src/infrastructure/plugins/PluginManager.js:483:21)

  console.info
    [PluginManager] Plugin 'plugin-2' v1.0.0 registered

      at PluginManager._log (src/infrastructure/plugins/PluginManager.js:483:21)

  console.info
    [PluginManager] Plugin 'plugin-3' v1.0.0 registered

      at PluginManager._log (src/infrastructure/plugins/PluginManager.js:483:21)

  console.info
    [PluginManager] Plugin 'plugin-0' enabled

      at PluginManager._log (src/infrastructure/plugins/PluginManager.js:483:21)

  console.info
    [PluginManager] Plugin 'plugin-1' enabled

      at PluginManager._log (src/infrastructure/plugins/PluginManager.js:483:21)

  console.info
    [PluginManager] Plugin 'plugin-2' enabled

      at PluginManager._log (src/infrastructure/plugins/PluginManager.js:483:21)

  console.info
    [PluginManager] Plugin 'plugin-0' v1.0.0 registered

      at PluginManager._log (src/infrastructure/plugins/PluginManager.js:483:21)

  console.info
    [PluginManager] Plugin 'plugin-1' v1.0.0 registered

      at PluginManager._log (src/infrastructure/plugins/PluginManager.js:483:21)

  console.info
    [PluginManager] Plugin 'plugin-2' v1.0.0 registered

      at PluginManager._log (src/infrastructure/plugins/PluginManager.js:483:21)

  console.info
    [PluginManager] Plugin 'plugin-3' v1.0.0 registered

      at PluginManager._log (src/infrastructure/plugins/PluginManager.js:483:21)

  console.info
    [PluginManager] Plugin 'plugin-0' enabled

      at PluginManager._log (src/infrastructure/plugins/PluginManager.js:483:21)

  console.info
    [PluginManager] Plugin 'plugin-2' enabled

      at PluginManager._log (src/infrastructure/plugins/PluginManager.js:483:21)

  console.info
    [PluginManager] Plugin 'plugin-3' enabled

      at PluginManager._log (src/infrastructure/plugins/PluginManager.js:483:21)

  console.info
    [PluginManager] Plugin 'plugin-0' v1.0.0 registered

      at PluginManager._log (src/infrastructure/plugins/PluginManager.js:483:21)

  console.info
    [PluginManager] Plugin 'plugin-1' v1.0.0 registered

      at PluginManager._log (src/infrastructure/plugins/PluginManager.js:483:21)

  console.info
    [PluginManager] Plugin 'plugin-2' v1.0.0 registered

      at PluginManager._log (src/infrastructure/plugins/PluginManager.js:483:21)

  console.info
    [PluginManager] Plugin 'plugin-3' v1.0.0 registered

      at PluginManager._log (src/infrastructure/plugins/PluginManager.js:483:21)

  console.info
    [PluginManager] Plugin 'plugin-0' enabled

      at PluginManager._log (src/infrastructure/plugins/PluginManager.js:483:21)

  console.info
    [PluginManager] Plugin 'plugin-2' enabled

      at PluginManager._log (src/infrastructure/plugins/PluginManager.js:483:21)

  console.info
    [PluginManager] Plugin 'plugin-3' enabled

      at PluginManager._log (src/infrastructure/plugins/PluginManager.js:483:21)

  console.info
    [PluginManager] Plugin 'plugin-0' v1.0.0 registered

      at PluginManager._log (src/infrastructure/plugins/PluginManager.js:483:21)

  console.info
    [PluginManager] Plugin 'plugin-1' v1.0.0 registered

      at PluginManager._log (src/infrastructure/plugins/PluginManager.js:483:21)

  console.info
    [PluginManager] Plugin 'plugin-2' v1.0.0 registered

      at PluginManager._log (src/infrastructure/plugins/PluginManager.js:483:21)

  console.info
    [PluginManager] Plugin 'plugin-0' enabled

      at PluginManager._log (src/infrastructure/plugins/PluginManager.js:483:21)

  console.info
    [PluginManager] Plugin 'plugin-1' enabled

      at PluginManager._log (src/infrastructure/plugins/PluginManager.js:483:21)

  console.info
    [PluginManager] Plugin 'plugin-0' v1.0.0 registered

      at PluginManager._log (src/infrastructure/plugins/PluginManager.js:483:21)

  console.info
    [PluginManager] Plugin 'plugin-1' v1.0.0 registered

      at PluginManager._log (src/infrastructure/plugins/PluginManager.js:483:21)

  console.info
    [PluginManager] Plugin 'plugin-2' v1.0.0 registered

      at PluginManager._log (src/infrastructure/plugins/PluginManager.js:483:21)

  console.info
    [PluginManager] Plugin 'plugin-3' v1.0.0 registered

      at PluginManager._log (src/infrastructure/plugins/PluginManager.js:483:21)

  console.info
    [PluginManager] Plugin 'plugin-4' v1.0.0 registered

      at PluginManager._log (src/infrastructure/plugins/PluginManager.js:483:21)

  console.info
    [PluginManager] Plugin 'plugin-5' v1.0.0 registered

      at PluginManager._log (src/infrastructure/plugins/PluginManager.js:483:21)

  console.info
    [PluginManager] Plugin 'plugin-6' v1.0.0 registered

      at PluginManager._log (src/infrastructure/plugins/PluginManager.js:483:21)

  console.info
    [PluginManager] Plugin 'plugin-0' enabled

      at PluginManager._log (src/infrastructure/plugins/PluginManager.js:483:21)

  console.info
    [PluginManager] Plugin 'plugin-1' enabled

      at PluginManager._log (src/infrastructure/plugins/PluginManager.js:483:21)

  console.info
    [PluginManager] Plugin 'plugin-3' enabled

      at PluginManager._log (src/infrastructure/plugins/PluginManager.js:483:21)

  console.info
    [PluginManager] Plugin 'plugin-4' enabled

      at PluginManager._log (src/infrastructure/plugins/PluginManager.js:483:21)

  console.info
    [PluginManager] Plugin 'plugin-5' enabled

      at PluginManager._log (src/infrastructure/plugins/PluginManager.js:483:21)

  console.info
    [PluginManager] Plugin 'plugin-6' enabled

      at PluginManager._log (src/infrastructure/plugins/PluginManager.js:483:21)

  console.info
    [PluginManager] Plugin 'plugin-0' v1.0.0 registered

      at PluginManager._log (src/infrastructure/plugins/PluginManager.js:483:21)

  console.info
    [PluginManager] Plugin 'plugin-1' v1.0.0 registered

      at PluginManager._log (src/infrastructure/plugins/PluginManager.js:483:21)

  console.info
    [PluginManager] Plugin 'plugin-2' v1.0.0 registered

      at PluginManager._log (src/infrastructure/plugins/PluginManager.js:483:21)

  console.info
    [PluginManager] Plugin 'plugin-3' v1.0.0 registered

      at PluginManager._log (src/infrastructure/plugins/PluginManager.js:483:21)

  console.info
    [PluginManager] Plugin 'plugin-4' v1.0.0 registered

      at PluginManager._log (src/infrastructure/plugins/PluginManager.js:483:21)

  console.info
    [PluginManager] Plugin 'plugin-0' enabled

      at PluginManager._log (src/infrastructure/plugins/PluginManager.js:483:21)

  console.info
    [PluginManager] Plugin 'plugin-2' enabled

      at PluginManager._log (src/infrastructure/plugins/PluginManager.js:483:21)

  console.info
    [PluginManager] Plugin 'plugin-3' enabled

      at PluginManager._log (src/infrastructure/plugins/PluginManager.js:483:21)

  console.info
    [PluginManager] Plugin 'plugin-4' enabled

      at PluginManager._log (src/infrastructure/plugins/PluginManager.js:483:21)

  console.info
    [PluginManager] Plugin 'plugin-0' v1.0.0 registered

      at PluginManager._log (src/infrastructure/plugins/PluginManager.js:483:21)

  console.info
    [PluginManager] Plugin 'plugin-1' v1.0.0 registered

      at PluginManager._log (src/infrastructure/plugins/PluginManager.js:483:21)

  console.info
    [PluginManager] Plugin 'plugin-2' v1.0.0 registered

      at PluginManager._log (src/infrastructure/plugins/PluginManager.js:483:21)

  console.info
    [PluginManager] Plugin 'plugin-3' v1.0.0 registered

      at PluginManager._log (src/infrastructure/plugins/PluginManager.js:483:21)

  console.info
    [PluginManager] Plugin 'plugin-4' v1.0.0 registered

      at PluginManager._log (src/infrastructure/plugins/PluginManager.js:483:21)

  console.info
    [PluginManager] Plugin 'plugin-5' v1.0.0 registered

      at PluginManager._log (src/infrastructure/plugins/PluginManager.js:483:21)

  console.info
    [PluginManager] Plugin 'plugin-6' v1.0.0 registered

      at PluginManager._log (src/infrastructure/plugins/PluginManager.js:483:21)

  console.info
    [PluginManager] Plugin 'plugin-7' v1.0.0 registered

      at PluginManager._log (src/infrastructure/plugins/PluginManager.js:483:21)

  console.info
    [PluginManager] Plugin 'plugin-8' v1.0.0 registered

      at PluginManager._log (src/infrastructure/plugins/PluginManager.js:483:21)

  console.info
    [PluginManager] Plugin 'plugin-0' enabled

      at PluginManager._log (src/infrastructure/plugins/PluginManager.js:483:21)

  console.info
    [PluginManager] Plugin 'plugin-1' enabled

      at PluginManager._log (src/infrastructure/plugins/PluginManager.js:483:21)

  console.info
    [PluginManager] Plugin 'plugin-2' enabled

      at PluginManager._log (src/infrastructure/plugins/PluginManager.js:483:21)

  console.info
    [PluginManager] Plugin 'plugin-3' enabled

      at PluginManager._log (src/infrastructure/plugins/PluginManager.js:483:21)

  console.info
    [PluginManager] Plugin 'plugin-4' enabled

      at PluginManager._log (src/infrastructure/plugins/PluginManager.js:483:21)

  console.info
    [PluginManager] Plugin 'plugin-6' enabled

      at PluginManager._log (src/infrastructure/plugins/PluginManager.js:483:21)

  console.info
    [PluginManager] Plugin 'plugin-7' enabled

      at PluginManager._log (src/infrastructure/plugins/PluginManager.js:483:21)

  console.info
    [PluginManager] Plugin 'plugin-8' enabled

      at PluginManager._log (src/infrastructure/plugins/PluginManager.js:483:21)

  console.info
    [PluginManager] Plugin 'plugin-0' v1.0.0 registered

      at PluginManager._log (src/infrastructure/plugins/PluginManager.js:483:21)

  console.info
    [PluginManager] Plugin 'plugin-1' v1.0.0 registered

      at PluginManager._log (src/infrastructure/plugins/PluginManager.js:483:21)

  console.info
    [PluginManager] Plugin 'plugin-0' enabled

      at PluginManager._log (src/infrastructure/plugins/PluginManager.js:483:21)

  console.info
    [PluginManager] Plugin 'plugin-0' v1.0.0 registered

      at PluginManager._log (src/infrastructure/plugins/PluginManager.js:483:21)

  console.info
    [PluginManager] Plugin 'plugin-1' v1.0.0 registered

      at PluginManager._log (src/infrastructure/plugins/PluginManager.js:483:21)

  console.info
    [PluginManager] Plugin 'plugin-2' v1.0.0 registered

      at PluginManager._log (src/infrastructure/plugins/PluginManager.js:483:21)

  console.info
    [PluginManager] Plugin 'plugin-3' v1.0.0 registered

      at PluginManager._log (src/infrastructure/plugins/PluginManager.js:483:21)

  console.info
    [PluginManager] Plugin 'plugin-4' v1.0.0 registered

      at PluginManager._log (src/infrastructure/plugins/PluginManager.js:483:21)

  console.info
    [PluginManager] Plugin 'plugin-0' enabled

      at PluginManager._log (src/infrastructure/plugins/PluginManager.js:483:21)

  console.info
    [PluginManager] Plugin 'plugin-2' enabled

      at PluginManager._log (src/infrastructure/plugins/PluginManager.js:483:21)

  console.info
    [PluginManager] Plugin 'plugin-3' enabled

      at PluginManager._log (src/infrastructure/plugins/PluginManager.js:483:21)

  console.info
    [PluginManager] Plugin 'plugin-4' enabled

      at PluginManager._log (src/infrastructure/plugins/PluginManager.js:483:21)

  console.info
    [PluginManager] Plugin 'plugin-0' v1.0.0 registered

      at PluginManager._log (src/infrastructure/plugins/PluginManager.js:483:21)

  console.info
    [PluginManager] Plugin 'plugin-1' v1.0.0 registered

      at PluginManager._log (src/infrastructure/plugins/PluginManager.js:483:21)

  console.info
    [PluginManager] Plugin 'plugin-2' v1.0.0 registered

      at PluginManager._log (src/infrastructure/plugins/PluginManager.js:483:21)

  console.info
    [PluginManager] Plugin 'plugin-3' v1.0.0 registered

      at PluginManager._log (src/infrastructure/plugins/PluginManager.js:483:21)

  console.info
    [PluginManager] Plugin 'plugin-0' enabled

      at PluginManager._log (src/infrastructure/plugins/PluginManager.js:483:21)

  console.info
    [PluginManager] Plugin 'plugin-2' enabled

      at PluginManager._log (src/infrastructure/plugins/PluginManager.js:483:21)

  console.info
    [PluginManager] Plugin 'plugin-3' enabled

      at PluginManager._log (src/infrastructure/plugins/PluginManager.js:483:21)

  console.info
    [PluginManager] Plugin 'plugin-0' v1.0.0 registered

      at PluginManager._log (src/infrastructure/plugins/PluginManager.js:483:21)

  console.info
    [PluginManager] Plugin 'plugin-1' v1.0.0 registered

      at PluginManager._log (src/infrastructure/plugins/PluginManager.js:483:21)

  console.info
    [PluginManager] Plugin 'plugin-2' v1.0.0 registered

      at PluginManager._log (src/infrastructure/plugins/PluginManager.js:483:21)

  console.info
    [PluginManager] Plugin 'plugin-3' v1.0.0 registered

      at PluginManager._log (src/infrastructure/plugins/PluginManager.js:483:21)

  console.info
    [PluginManager] Plugin 'plugin-4' v1.0.0 registered

      at PluginManager._log (src/infrastructure/plugins/PluginManager.js:483:21)

  console.info
    [PluginManager] Plugin 'plugin-5' v1.0.0 registered

      at PluginManager._log (src/infrastructure/plugins/PluginManager.js:483:21)

  console.info
    [PluginManager] Plugin 'plugin-1' enabled

      at PluginManager._log (src/infrastructure/plugins/PluginManager.js:483:21)

  console.info
    [PluginManager] Plugin 'plugin-2' enabled

      at PluginManager._log (src/infrastructure/plugins/PluginManager.js:483:21)

  console.info
    [PluginManager] Plugin 'plugin-3' enabled

      at PluginManager._log (src/infrastructure/plugins/PluginManager.js:483:21)

  console.info
    [PluginManager] Plugin 'plugin-4' enabled

      at PluginManager._log (src/infrastructure/plugins/PluginManager.js:483:21)

  console.info
    [PluginManager] Plugin 'plugin-5' enabled

      at PluginManager._log (src/infrastructure/plugins/PluginManager.js:483:21)

  console.info
    [PluginManager] Plugin 'plugin-0' v1.0.0 registered

      at PluginManager._log (src/infrastructure/plugins/PluginManager.js:483:21)

  console.info
    [PluginManager] Plugin 'plugin-1' v1.0.0 registered

      at PluginManager._log (src/infrastructure/plugins/PluginManager.js:483:21)

  console.info
    [PluginManager] Plugin 'plugin-2' v1.0.0 registered

      at PluginManager._log (src/infrastructure/plugins/PluginManager.js:483:21)

  console.info
    [PluginManager] Plugin 'plugin-3' v1.0.0 registered

      at PluginManager._log (src/infrastructure/plugins/PluginManager.js:483:21)

  console.info
    [PluginManager] Plugin 'plugin-4' v1.0.0 registered

      at PluginManager._log (src/infrastructure/plugins/PluginManager.js:483:21)

  console.info
    [PluginManager] Plugin 'plugin-0' enabled

      at PluginManager._log (src/infrastructure/plugins/PluginManager.js:483:21)

  console.info
    [PluginManager] Plugin 'plugin-1' enabled

      at PluginManager._log (src/infrastructure/plugins/PluginManager.js:483:21)

  console.info
    [PluginManager] Plugin 'plugin-2' enabled

      at PluginManager._log (src/infrastructure/plugins/PluginManager.js:483:21)

  console.info
    [PluginManager] Plugin 'plugin-3' enabled

      at PluginManager._log (src/infrastructure/plugins/PluginManager.js:483:21)

  console.info
    [PluginManager] Plugin 'plugin-0' v1.0.0 registered

      at PluginManager._log (src/infrastructure/plugins/PluginManager.js:483:21)

  console.info
    [PluginManager] Plugin 'plugin-1' v1.0.0 registered

      at PluginManager._log (src/infrastructure/plugins/PluginManager.js:483:21)

  console.info
    [PluginManager] Plugin 'plugin-2' v1.0.0 registered

      at PluginManager._log (src/infrastructure/plugins/PluginManager.js:483:21)

  console.info
    [PluginManager] Plugin 'plugin-3' v1.0.0 registered

      at PluginManager._log (src/infrastructure/plugins/PluginManager.js:483:21)

  console.info
    [PluginManager] Plugin 'plugin-4' v1.0.0 registered

      at PluginManager._log (src/infrastructure/plugins/PluginManager.js:483:21)

  console.info
    [PluginManager] Plugin 'plugin-0' enabled

      at PluginManager._log (src/infrastructure/plugins/PluginManager.js:483:21)

  console.info
    [PluginManager] Plugin 'plugin-1' enabled

      at PluginManager._log (src/infrastructure/plugins/PluginManager.js:483:21)

  console.info
    [PluginManager] Plugin 'plugin-3' enabled

      at PluginManager._log (src/infrastructure/plugins/PluginManager.js:483:21)

  console.info
    [PluginManager] Plugin 'plugin-4' enabled

      at PluginManager._log (src/infrastructure/plugins/PluginManager.js:483:21)

  console.info
    [PluginManager] Plugin 'plugin-0' v1.0.0 registered

      at PluginManager._log (src/infrastructure/plugins/PluginManager.js:483:21)

  console.info
    [PluginManager] Plugin 'plugin-1' v1.0.0 registered

      at PluginManager._log (src/infrastructure/plugins/PluginManager.js:483:21)

  console.info
    [PluginManager] Plugin 'plugin-2' v1.0.0 registered

      at PluginManager._log (src/infrastructure/plugins/PluginManager.js:483:21)

  console.info
    [PluginManager] Plugin 'plugin-3' v1.0.0 registered

      at PluginManager._log (src/infrastructure/plugins/PluginManager.js:483:21)

  console.info
    [PluginManager] Plugin 'plugin-4' v1.0.0 registered

      at PluginManager._log (src/infrastructure/plugins/PluginManager.js:483:21)

  console.info
    [PluginManager] Plugin 'plugin-5' v1.0.0 registered

      at PluginManager._log (src/infrastructure/plugins/PluginManager.js:483:21)

  console.info
    [PluginManager] Plugin 'plugin-6' v1.0.0 registered

      at PluginManager._log (src/infrastructure/plugins/PluginManager.js:483:21)

  console.info
    [PluginManager] Plugin 'plugin-7' v1.0.0 registered

      at PluginManager._log (src/infrastructure/plugins/PluginManager.js:483:21)

  console.info
    [PluginManager] Plugin 'plugin-8' v1.0.0 registered

      at PluginManager._log (src/infrastructure/plugins/PluginManager.js:483:21)

  console.info
    [PluginManager] Plugin 'plugin-0' enabled

      at PluginManager._log (src/infrastructure/plugins/PluginManager.js:483:21)

  console.info
    [PluginManager] Plugin 'plugin-1' enabled

      at PluginManager._log (src/infrastructure/plugins/PluginManager.js:483:21)

  console.info
    [PluginManager] Plugin 'plugin-2' enabled

      at PluginManager._log (src/infrastructure/plugins/PluginManager.js:483:21)

  console.info
    [PluginManager] Plugin 'plugin-3' enabled

      at PluginManager._log (src/infrastructure/plugins/PluginManager.js:483:21)

  console.info
    [PluginManager] Plugin 'plugin-4' enabled

      at PluginManager._log (src/infrastructure/plugins/PluginManager.js:483:21)

  console.info
    [PluginManager] Plugin 'plugin-5' enabled

      at PluginManager._log (src/infrastructure/plugins/PluginManager.js:483:21)

  console.info
    [PluginManager] Plugin 'plugin-6' enabled

      at PluginManager._log (src/infrastructure/plugins/PluginManager.js:483:21)

  console.info
    [PluginManager] Plugin 'plugin-7' enabled

      at PluginManager._log (src/infrastructure/plugins/PluginManager.js:483:21)

  console.info
    [PluginManager] Plugin 'plugin-0' v1.0.0 registered

      at PluginManager._log (src/infrastructure/plugins/PluginManager.js:483:21)

  console.info
    [PluginManager] Plugin 'plugin-1' v1.0.0 registered

      at PluginManager._log (src/infrastructure/plugins/PluginManager.js:483:21)

  console.info
    [PluginManager] Plugin 'plugin-2' v1.0.0 registered

      at PluginManager._log (src/infrastructure/plugins/PluginManager.js:483:21)

  console.info
    [PluginManager] Plugin 'plugin-3' v1.0.0 registered

      at PluginManager._log (src/infrastructure/plugins/PluginManager.js:483:21)

  console.info
    [PluginManager] Plugin 'plugin-4' v1.0.0 registered

      at PluginManager._log (src/infrastructure/plugins/PluginManager.js:483:21)

  console.info
    [PluginManager] Plugin 'plugin-0' enabled

      at PluginManager._log (src/infrastructure/plugins/PluginManager.js:483:21)

  console.info
    [PluginManager] Plugin 'plugin-1' enabled

      at PluginManager._log (src/infrastructure/plugins/PluginManager.js:483:21)

  console.info
    [PluginManager] Plugin 'plugin-3' enabled

      at PluginManager._log (src/infrastructure/plugins/PluginManager.js:483:21)

  console.info
    [PluginManager] Plugin 'plugin-4' enabled

      at PluginManager._log (src/infrastructure/plugins/PluginManager.js:483:21)

  console.info
    [PluginManager] Plugin 'plugin-0' v1.0.0 registered

      at PluginManager._log (src/infrastructure/plugins/PluginManager.js:483:21)

  console.info
    [PluginManager] Plugin 'plugin-1' v1.0.0 registered

      at PluginManager._log (src/infrastructure/plugins/PluginManager.js:483:21)

  console.info
    [PluginManager] Plugin 'plugin-0' enabled

      at PluginManager._log (src/infrastructure/plugins/PluginManager.js:483:21)

  console.info
    [PluginManager] Plugin 'plugin-0' v1.0.0 registered

      at PluginManager._log (src/infrastructure/plugins/PluginManager.js:483:21)

  console.info
    [PluginManager] Plugin 'plugin-1' v1.0.0 registered

      at PluginManager._log (src/infrastructure/plugins/PluginManager.js:483:21)

  console.info
    [PluginManager] Plugin 'plugin-2' v1.0.0 registered

      at PluginManager._log (src/infrastructure/plugins/PluginManager.js:483:21)

  console.info
    [PluginManager] Plugin 'plugin-3' v1.0.0 registered

      at PluginManager._log (src/infrastructure/plugins/PluginManager.js:483:21)

  console.info
    [PluginManager] Plugin 'plugin-4' v1.0.0 registered

      at PluginManager._log (src/infrastructure/plugins/PluginManager.js:483:21)

  console.info
    [PluginManager] Plugin 'plugin-1' enabled

      at PluginManager._log (src/infrastructure/plugins/PluginManager.js:483:21)

  console.info
    [PluginManager] Plugin 'plugin-2' enabled

      at PluginManager._log (src/infrastructure/plugins/PluginManager.js:483:21)

  console.info
    [PluginManager] Plugin 'plugin-3' enabled

      at PluginManager._log (src/infrastructure/plugins/PluginManager.js:483:21)

  console.info
    [PluginManager] Plugin 'plugin-4' enabled

      at PluginManager._log (src/infrastructure/plugins/PluginManager.js:483:21)

  console.info
    [PluginManager] Plugin 'plugin-0' v1.0.0 registered

      at PluginManager._log (src/infrastructure/plugins/PluginManager.js:483:21)

  console.info
    [PluginManager] Plugin 'plugin-1' v1.0.0 registered

      at PluginManager._log (src/infrastructure/plugins/PluginManager.js:483:21)

  console.info
    [PluginManager] Plugin 'plugin-2' v1.0.0 registered

      at PluginManager._log (src/infrastructure/plugins/PluginManager.js:483:21)

  console.info
    [PluginManager] Plugin 'plugin-0' enabled

      at PluginManager._log (src/infrastructure/plugins/PluginManager.js:483:21)

  console.info
    [PluginManager] Plugin 'plugin-2' enabled

      at PluginManager._log (src/infrastructure/plugins/PluginManager.js:483:21)

  console.info
    [PluginManager] Plugin 'plugin-0' v1.0.0 registered

      at PluginManager._log (src/infrastructure/plugins/PluginManager.js:483:21)

  console.info
    [PluginManager] Plugin 'plugin-1' v1.0.0 registered

      at PluginManager._log (src/infrastructure/plugins/PluginManager.js:483:21)

  console.info
    [PluginManager] Plugin 'plugin-2' v1.0.0 registered

      at PluginManager._log (src/infrastructure/plugins/PluginManager.js:483:21)

  console.info
    [PluginManager] Plugin 'plugin-3' v1.0.0 registered

      at PluginManager._log (src/infrastructure/plugins/PluginManager.js:483:21)

  console.info
    [PluginManager] Plugin 'plugin-4' v1.0.0 registered

      at PluginManager._log (src/infrastructure/plugins/PluginManager.js:483:21)

  console.info
    [PluginManager] Plugin 'plugin-0' enabled

      at PluginManager._log (src/infrastructure/plugins/PluginManager.js:483:21)

  console.info
    [PluginManager] Plugin 'plugin-1' enabled

      at PluginManager._log (src/infrastructure/plugins/PluginManager.js:483:21)

  console.info
    [PluginManager] Plugin 'plugin-2' enabled

      at PluginManager._log (src/infrastructure/plugins/PluginManager.js:483:21)

  console.info
    [PluginManager] Plugin 'plugin-3' enabled

      at PluginManager._log (src/infrastructure/plugins/PluginManager.js:483:21)

  console.info
    [PluginManager] Plugin 'plugin-0' v1.0.0 registered

      at PluginManager._log (src/infrastructure/plugins/PluginManager.js:483:21)

  console.info
    [PluginManager] Plugin 'plugin-1' v1.0.0 registered

      at PluginManager._log (src/infrastructure/plugins/PluginManager.js:483:21)

  console.info
    [PluginManager] Plugin 'plugin-2' v1.0.0 registered

      at PluginManager._log (src/infrastructure/plugins/PluginManager.js:483:21)

  console.info
    [PluginManager] Plugin 'plugin-3' v1.0.0 registered

      at PluginManager._log (src/infrastructure/plugins/PluginManager.js:483:21)

  console.info
    [PluginManager] Plugin 'plugin-4' v1.0.0 registered

      at PluginManager._log (src/infrastructure/plugins/PluginManager.js:483:21)

  console.info
    [PluginManager] Plugin 'plugin-5' v1.0.0 registered

      at PluginManager._log (src/infrastructure/plugins/PluginManager.js:483:21)

  console.info
    [PluginManager] Plugin 'plugin-6' v1.0.0 registered

      at PluginManager._log (src/infrastructure/plugins/PluginManager.js:483:21)

  console.info
    [PluginManager] Plugin 'plugin-0' enabled

      at PluginManager._log (src/infrastructure/plugins/PluginManager.js:483:21)

  console.info
    [PluginManager] Plugin 'plugin-1' enabled

      at PluginManager._log (src/infrastructure/plugins/PluginManager.js:483:21)

  console.info
    [PluginManager] Plugin 'plugin-2' enabled

      at PluginManager._log (src/infrastructure/plugins/PluginManager.js:483:21)

  console.info
    [PluginManager] Plugin 'plugin-4' enabled

      at PluginManager._log (src/infrastructure/plugins/PluginManager.js:483:21)

  console.info
    [PluginManager] Plugin 'plugin-5' enabled

      at PluginManager._log (src/infrastructure/plugins/PluginManager.js:483:21)

  console.info
    [PluginManager] Plugin 'plugin-6' enabled

      at PluginManager._log (src/infrastructure/plugins/PluginManager.js:483:21)

  console.info
    [PluginManager] Plugin 'plugin-0' v1.0.0 registered

      at PluginManager._log (src/infrastructure/plugins/PluginManager.js:483:21)

  console.info
    [PluginManager] Plugin 'plugin-1' v1.0.0 registered

      at PluginManager._log (src/infrastructure/plugins/PluginManager.js:483:21)

  console.info
    [PluginManager] Plugin 'plugin-2' v1.0.0 registered

      at PluginManager._log (src/infrastructure/plugins/PluginManager.js:483:21)

  console.info
    [PluginManager] Plugin 'plugin-3' v1.0.0 registered

      at PluginManager._log (src/infrastructure/plugins/PluginManager.js:483:21)

  console.info
    [PluginManager] Plugin 'plugin-4' v1.0.0 registered

      at PluginManager._log (src/infrastructure/plugins/PluginManager.js:483:21)

  console.info
    [PluginManager] Plugin 'plugin-5' v1.0.0 registered

      at PluginManager._log (src/infrastructure/plugins/PluginManager.js:483:21)

  console.info
    [PluginManager] Plugin 'plugin-6' v1.0.0 registered

      at PluginManager._log (src/infrastructure/plugins/PluginManager.js:483:21)

  console.info
    [PluginManager] Plugin 'plugin-0' enabled

      at PluginManager._log (src/infrastructure/plugins/PluginManager.js:483:21)

  console.info
    [PluginManager] Plugin 'plugin-1' enabled

      at PluginManager._log (src/infrastructure/plugins/PluginManager.js:483:21)

  console.info
    [PluginManager] Plugin 'plugin-2' enabled

      at PluginManager._log (src/infrastructure/plugins/PluginManager.js:483:21)

  console.info
    [PluginManager] Plugin 'plugin-3' enabled

      at PluginManager._log (src/infrastructure/plugins/PluginManager.js:483:21)

  console.info
    [PluginManager] Plugin 'plugin-4' enabled

      at PluginManager._log (src/infrastructure/plugins/PluginManager.js:483:21)

  console.info
    [PluginManager] Plugin 'plugin-5' enabled

      at PluginManager._log (src/infrastructure/plugins/PluginManager.js:483:21)

  console.info
    [PluginManager] Plugin 'plugin-0' v1.0.0 registered

      at PluginManager._log (src/infrastructure/plugins/PluginManager.js:483:21)

  console.info
    [PluginManager] Plugin 'plugin-1' v1.0.0 registered

      at PluginManager._log (src/infrastructure/plugins/PluginManager.js:483:21)

  console.info
    [PluginManager] Plugin 'plugin-2' v1.0.0 registered

      at PluginManager._log (src/infrastructure/plugins/PluginManager.js:483:21)

  console.info
    [PluginManager] Plugin 'plugin-3' v1.0.0 registered

      at PluginManager._log (src/infrastructure/plugins/PluginManager.js:483:21)

  console.info
    [PluginManager] Plugin 'plugin-0' enabled

      at PluginManager._log (src/infrastructure/plugins/PluginManager.js:483:21)

  console.info
    [PluginManager] Plugin 'plugin-1' enabled

      at PluginManager._log (src/infrastructure/plugins/PluginManager.js:483:21)

  console.info
    [PluginManager] Plugin 'plugin-3' enabled

      at PluginManager._log (src/infrastructure/plugins/PluginManager.js:483:21)

  console.info
    [PluginManager] Plugin 'plugin-0' v1.0.0 registered

      at PluginManager._log (src/infrastructure/plugins/PluginManager.js:483:21)

  console.info
    [PluginManager] Plugin 'plugin-1' v1.0.0 registered

      at PluginManager._log (src/infrastructure/plugins/PluginManager.js:483:21)

  console.info
    [PluginManager] Plugin 'plugin-2' v1.0.0 registered

      at PluginManager._log (src/infrastructure/plugins/PluginManager.js:483:21)

  console.info
    [PluginManager] Plugin 'plugin-3' v1.0.0 registered

      at PluginManager._log (src/infrastructure/plugins/PluginManager.js:483:21)

  console.info
    [PluginManager] Plugin 'plugin-4' v1.0.0 registered

      at PluginManager._log (src/infrastructure/plugins/PluginManager.js:483:21)

  console.info
    [PluginManager] Plugin 'plugin-5' v1.0.0 registered

      at PluginManager._log (src/infrastructure/plugins/PluginManager.js:483:21)

  console.info
    [PluginManager] Plugin 'plugin-6' v1.0.0 registered

      at PluginManager._log (src/infrastructure/plugins/PluginManager.js:483:21)

  console.info
    [PluginManager] Plugin 'plugin-7' v1.0.0 registered

      at PluginManager._log (src/infrastructure/plugins/PluginManager.js:483:21)

  console.info
    [PluginManager] Plugin 'plugin-0' enabled

      at PluginManager._log (src/infrastructure/plugins/PluginManager.js:483:21)

  console.info
    [PluginManager] Plugin 'plugin-1' enabled

      at PluginManager._log (src/infrastructure/plugins/PluginManager.js:483:21)

  console.info
    [PluginManager] Plugin 'plugin-2' enabled

      at PluginManager._log (src/infrastructure/plugins/PluginManager.js:483:21)

  console.info
    [PluginManager] Plugin 'plugin-3' enabled

      at PluginManager._log (src/infrastructure/plugins/PluginManager.js:483:21)

  console.info
    [PluginManager] Plugin 'plugin-5' enabled

      at PluginManager._log (src/infrastructure/plugins/PluginManager.js:483:21)

  console.info
    [PluginManager] Plugin 'plugin-6' enabled

      at PluginManager._log (src/infrastructure/plugins/PluginManager.js:483:21)

  console.info
    [PluginManager] Plugin 'plugin-7' enabled

      at PluginManager._log (src/infrastructure/plugins/PluginManager.js:483:21)

  console.info
    [PluginManager] Plugin 'plugin-0' v1.0.0 registered

      at PluginManager._log (src/infrastructure/plugins/PluginManager.js:483:21)

  console.info
    [PluginManager] Plugin 'plugin-1' v1.0.0 registered

      at PluginManager._log (src/infrastructure/plugins/PluginManager.js:483:21)

  console.info
    [PluginManager] Plugin 'plugin-2' v1.0.0 registered

      at PluginManager._log (src/infrastructure/plugins/PluginManager.js:483:21)

  console.info
    [PluginManager] Plugin 'plugin-3' v1.0.0 registered

      at PluginManager._log (src/infrastructure/plugins/PluginManager.js:483:21)

  console.info
    [PluginManager] Plugin 'plugin-0' enabled

      at PluginManager._log (src/infrastructure/plugins/PluginManager.js:483:21)

  console.info
    [PluginManager] Plugin 'plugin-1' enabled

      at PluginManager._log (src/infrastructure/plugins/PluginManager.js:483:21)

  console.info
    [PluginManager] Plugin 'plugin-3' enabled

      at PluginManager._log (src/infrastructure/plugins/PluginManager.js:483:21)

  console.info
    [PluginManager] Plugin 'plugin-0' v1.0.0 registered

      at PluginManager._log (src/infrastructure/plugins/PluginManager.js:483:21)

  console.info
    [PluginManager] Plugin 'plugin-1' v1.0.0 registered

      at PluginManager._log (src/infrastructure/plugins/PluginManager.js:483:21)

  console.info
    [PluginManager] Plugin 'plugin-2' v1.0.0 registered

      at PluginManager._log (src/infrastructure/plugins/PluginManager.js:483:21)

  console.info
    [PluginManager] Plugin 'plugin-1' enabled

      at PluginManager._log (src/infrastructure/plugins/PluginManager.js:483:21)

  console.info
    [PluginManager] Plugin 'plugin-2' enabled

      at PluginManager._log (src/infrastructure/plugins/PluginManager.js:483:21)

  console.info
    [PluginManager] Plugin 'plugin-0' v1.0.0 registered

      at PluginManager._log (src/infrastructure/plugins/PluginManager.js:483:21)

  console.info
    [PluginManager] Plugin 'plugin-1' v1.0.0 registered

      at PluginManager._log (src/infrastructure/plugins/PluginManager.js:483:21)

  console.info
    [PluginManager] Plugin 'plugin-0' enabled

      at PluginManager._log (src/infrastructure/plugins/PluginManager.js:483:21)

  console.info
    [PluginManager] Plugin 'plugin-0' v1.0.0 registered

      at PluginManager._log (src/infrastructure/plugins/PluginManager.js:483:21)

  console.info
    [PluginManager] Plugin 'plugin-1' v1.0.0 registered

      at PluginManager._log (src/infrastructure/plugins/PluginManager.js:483:21)

  console.info
    [PluginManager] Plugin 'plugin-0' enabled

      at PluginManager._log (src/infrastructure/plugins/PluginManager.js:483:21)

  console.info
    [PluginManager] Plugin 'plugin-0' v1.0.0 registered

      at PluginManager._log (src/infrastructure/plugins/PluginManager.js:483:21)

  console.info
    [PluginManager] Plugin 'plugin-1' v1.0.0 registered

      at PluginManager._log (src/infrastructure/plugins/PluginManager.js:483:21)

  console.info
    [PluginManager] Plugin 'plugin-2' v1.0.0 registered

      at PluginManager._log (src/infrastructure/plugins/PluginManager.js:483:21)

  console.info
    [PluginManager] Plugin 'plugin-1' enabled

      at PluginManager._log (src/infrastructure/plugins/PluginManager.js:483:21)

  console.info
    [PluginManager] Plugin 'plugin-2' enabled

      at PluginManager._log (src/infrastructure/plugins/PluginManager.js:483:21)

  console.info
    [PluginManager] Plugin 'plugin-0' v1.0.0 registered

      at PluginManager._log (src/infrastructure/plugins/PluginManager.js:483:21)

  console.info
    [PluginManager] Plugin 'plugin-1' v1.0.0 registered

      at PluginManager._log (src/infrastructure/plugins/PluginManager.js:483:21)

  console.info
    [PluginManager] Plugin 'plugin-2' v1.0.0 registered

      at PluginManager._log (src/infrastructure/plugins/PluginManager.js:483:21)

  console.info
    [PluginManager] Plugin 'plugin-3' v1.0.0 registered

      at PluginManager._log (src/infrastructure/plugins/PluginManager.js:483:21)

  console.info
    [PluginManager] Plugin 'plugin-4' v1.0.0 registered

      at PluginManager._log (src/infrastructure/plugins/PluginManager.js:483:21)

  console.info
    [PluginManager] Plugin 'plugin-5' v1.0.0 registered

      at PluginManager._log (src/infrastructure/plugins/PluginManager.js:483:21)

  console.info
    [PluginManager] Plugin 'plugin-6' v1.0.0 registered

      at PluginManager._log (src/infrastructure/plugins/PluginManager.js:483:21)

  console.info
    [PluginManager] Plugin 'plugin-7' v1.0.0 registered

      at PluginManager._log (src/infrastructure/plugins/PluginManager.js:483:21)

  console.info
    [PluginManager] Plugin 'plugin-8' v1.0.0 registered

      at PluginManager._log (src/infrastructure/plugins/PluginManager.js:483:21)

  console.info
    [PluginManager] Plugin 'plugin-9' v1.0.0 registered

      at PluginManager._log (src/infrastructure/plugins/PluginManager.js:483:21)

  console.info
    [PluginManager] Plugin 'plugin-0' enabled

      at PluginManager._log (src/infrastructure/plugins/PluginManager.js:483:21)

  console.info
    [PluginManager] Plugin 'plugin-1' enabled

      at PluginManager._log (src/infrastructure/plugins/PluginManager.js:483:21)

  console.info
    [PluginManager] Plugin 'plugin-2' enabled

      at PluginManager._log (src/infrastructure/plugins/PluginManager.js:483:21)

  console.info
    [PluginManager] Plugin 'plugin-3' enabled

      at PluginManager._log (src/infrastructure/plugins/PluginManager.js:483:21)

  console.info
    [PluginManager] Plugin 'plugin-4' enabled

      at PluginManager._log (src/infrastructure/plugins/PluginManager.js:483:21)

  console.info
    [PluginManager] Plugin 'plugin-5' enabled

      at PluginManager._log (src/infrastructure/plugins/PluginManager.js:483:21)

  console.info
    [PluginManager] Plugin 'plugin-7' enabled

      at PluginManager._log (src/infrastructure/plugins/PluginManager.js:483:21)

  console.info
    [PluginManager] Plugin 'plugin-8' enabled

      at PluginManager._log (src/infrastructure/plugins/PluginManager.js:483:21)

  console.info
    [PluginManager] Plugin 'plugin-9' enabled

      at PluginManager._log (src/infrastructure/plugins/PluginManager.js:483:21)

  console.info
    [PluginManager] Plugin 'plugin-0' v1.0.0 registered

      at PluginManager._log (src/infrastructure/plugins/PluginManager.js:483:21)

  console.info
    [PluginManager] Plugin 'plugin-1' v1.0.0 registered

      at PluginManager._log (src/infrastructure/plugins/PluginManager.js:483:21)

  console.info
    [PluginManager] Plugin 'plugin-2' v1.0.0 registered

      at PluginManager._log (src/infrastructure/plugins/PluginManager.js:483:21)

  console.info
    [PluginManager] Plugin 'plugin-3' v1.0.0 registered

      at PluginManager._log (src/infrastructure/plugins/PluginManager.js:483:21)

  console.info
    [PluginManager] Plugin 'plugin-4' v1.0.0 registered

      at PluginManager._log (src/infrastructure/plugins/PluginManager.js:483:21)

  console.info
    [PluginManager] Plugin 'plugin-5' v1.0.0 registered

      at PluginManager._log (src/infrastructure/plugins/PluginManager.js:483:21)

  console.info
    [PluginManager] Plugin 'plugin-6' v1.0.0 registered

      at PluginManager._log (src/infrastructure/plugins/PluginManager.js:483:21)

  console.info
    [PluginManager] Plugin 'plugin-7' v1.0.0 registered

      at PluginManager._log (src/infrastructure/plugins/PluginManager.js:483:21)

  console.info
    [PluginManager] Plugin 'plugin-0' enabled

      at PluginManager._log (src/infrastructure/plugins/PluginManager.js:483:21)

  console.info
    [PluginManager] Plugin 'plugin-1' enabled

      at PluginManager._log (src/infrastructure/plugins/PluginManager.js:483:21)

  console.info
    [PluginManager] Plugin 'plugin-3' enabled

      at PluginManager._log (src/infrastructure/plugins/PluginManager.js:483:21)

  console.info
    [PluginManager] Plugin 'plugin-4' enabled

      at PluginManager._log (src/infrastructure/plugins/PluginManager.js:483:21)

  console.info
    [PluginManager] Plugin 'plugin-5' enabled

      at PluginManager._log (src/infrastructure/plugins/PluginManager.js:483:21)

  console.info
    [PluginManager] Plugin 'plugin-6' enabled

      at PluginManager._log (src/infrastructure/plugins/PluginManager.js:483:21)

  console.info
    [PluginManager] Plugin 'plugin-7' enabled

      at PluginManager._log (src/infrastructure/plugins/PluginManager.js:483:21)

  console.info
    [PluginManager] Plugin 'plugin-0' v1.0.0 registered

      at PluginManager._log (src/infrastructure/plugins/PluginManager.js:483:21)

  console.info
    [PluginManager] Plugin 'plugin-1' v1.0.0 registered

      at PluginManager._log (src/infrastructure/plugins/PluginManager.js:483:21)

  console.info
    [PluginManager] Plugin 'plugin-2' v1.0.0 registered

      at PluginManager._log (src/infrastructure/plugins/PluginManager.js:483:21)

  console.info
    [PluginManager] Plugin 'plugin-1' enabled

      at PluginManager._log (src/infrastructure/plugins/PluginManager.js:483:21)

  console.info
    [PluginManager] Plugin 'plugin-2' enabled

      at PluginManager._log (src/infrastructure/plugins/PluginManager.js:483:21)

  console.info
    [PluginManager] Plugin 'plugin-0' v1.0.0 registered

      at PluginManager._log (src/infrastructure/plugins/PluginManager.js:483:21)

  console.info
    [PluginManager] Plugin 'plugin-1' v1.0.0 registered

      at PluginManager._log (src/infrastructure/plugins/PluginManager.js:483:21)

  console.info
    [PluginManager] Plugin 'plugin-2' v1.0.0 registered

      at PluginManager._log (src/infrastructure/plugins/PluginManager.js:483:21)

  console.info
    [PluginManager] Plugin 'plugin-3' v1.0.0 registered

      at PluginManager._log (src/infrastructure/plugins/PluginManager.js:483:21)

  console.info
    [PluginManager] Plugin 'plugin-4' v1.0.0 registered

      at PluginManager._log (src/infrastructure/plugins/PluginManager.js:483:21)

  console.info
    [PluginManager] Plugin 'plugin-5' v1.0.0 registered

      at PluginManager._log (src/infrastructure/plugins/PluginManager.js:483:21)

  console.info
    [PluginManager] Plugin 'plugin-6' v1.0.0 registered

      at PluginManager._log (src/infrastructure/plugins/PluginManager.js:483:21)

  console.info
    [PluginManager] Plugin 'plugin-7' v1.0.0 registered

      at PluginManager._log (src/infrastructure/plugins/PluginManager.js:483:21)

  console.info
    [PluginManager] Plugin 'plugin-8' v1.0.0 registered

      at PluginManager._log (src/infrastructure/plugins/PluginManager.js:483:21)

  console.info
    [PluginManager] Plugin 'plugin-9' v1.0.0 registered

      at PluginManager._log (src/infrastructure/plugins/PluginManager.js:483:21)

  console.info
    [PluginManager] Plugin 'plugin-0' enabled

      at PluginManager._log (src/infrastructure/plugins/PluginManager.js:483:21)

  console.info
    [PluginManager] Plugin 'plugin-1' enabled

      at PluginManager._log (src/infrastructure/plugins/PluginManager.js:483:21)

  console.info
    [PluginManager] Plugin 'plugin-2' enabled

      at PluginManager._log (src/infrastructure/plugins/PluginManager.js:483:21)

  console.info
    [PluginManager] Plugin 'plugin-3' enabled

      at PluginManager._log (src/infrastructure/plugins/PluginManager.js:483:21)

  console.info
    [PluginManager] Plugin 'plugin-4' enabled

      at PluginManager._log (src/infrastructure/plugins/PluginManager.js:483:21)

  console.info
    [PluginManager] Plugin 'plugin-6' enabled

      at PluginManager._log (src/infrastructure/plugins/PluginManager.js:483:21)

  console.info
    [PluginManager] Plugin 'plugin-7' enabled

      at PluginManager._log (src/infrastructure/plugins/PluginManager.js:483:21)

  console.info
    [PluginManager] Plugin 'plugin-8' enabled

      at PluginManager._log (src/infrastructure/plugins/PluginManager.js:483:21)

  console.info
    [PluginManager] Plugin 'plugin-9' enabled

      at PluginManager._log (src/infrastructure/plugins/PluginManager.js:483:21)

  console.info
    [PluginManager] Plugin 'plugin-0' v1.0.0 registered

      at PluginManager._log (src/infrastructure/plugins/PluginManager.js:483:21)

  console.info
    [PluginManager] Plugin 'plugin-1' v1.0.0 registered

      at PluginManager._log (src/infrastructure/plugins/PluginManager.js:483:21)

  console.info
    [PluginManager] Plugin 'plugin-2' v1.0.0 registered

      at PluginManager._log (src/infrastructure/plugins/PluginManager.js:483:21)

  console.info
    [PluginManager] Plugin 'plugin-3' v1.0.0 registered

      at PluginManager._log (src/infrastructure/plugins/PluginManager.js:483:21)

  console.info
    [PluginManager] Plugin 'plugin-0' enabled

      at PluginManager._log (src/infrastructure/plugins/PluginManager.js:483:21)

  console.info
    [PluginManager] Plugin 'plugin-1' enabled

      at PluginManager._log (src/infrastructure/plugins/PluginManager.js:483:21)

  console.info
    [PluginManager] Plugin 'plugin-2' enabled

      at PluginManager._log (src/infrastructure/plugins/PluginManager.js:483:21)

  console.info
    [PluginManager] Plugin 'plugin-0' v1.0.0 registered

      at PluginManager._log (src/infrastructure/plugins/PluginManager.js:483:21)

  console.info
    [PluginManager] Plugin 'plugin-1' v1.0.0 registered

      at PluginManager._log (src/infrastructure/plugins/PluginManager.js:483:21)

  console.info
    [PluginManager] Plugin 'plugin-2' v1.0.0 registered

      at PluginManager._log (src/infrastructure/plugins/PluginManager.js:483:21)

  console.info
    [PluginManager] Plugin 'plugin-3' v1.0.0 registered

      at PluginManager._log (src/infrastructure/plugins/PluginManager.js:483:21)

  console.info
    [PluginManager] Plugin 'plugin-4' v1.0.0 registered

      at PluginManager._log (src/infrastructure/plugins/PluginManager.js:483:21)

  console.info
    [PluginManager] Plugin 'plugin-5' v1.0.0 registered

      at PluginManager._log (src/infrastructure/plugins/PluginManager.js:483:21)

  console.info
    [PluginManager] Plugin 'plugin-6' v1.0.0 registered

      at PluginManager._log (src/infrastructure/plugins/PluginManager.js:483:21)

  console.info
    [PluginManager] Plugin 'plugin-7' v1.0.0 registered

      at PluginManager._log (src/infrastructure/plugins/PluginManager.js:483:21)

  console.info
    [PluginManager] Plugin 'plugin-8' v1.0.0 registered

      at PluginManager._log (src/infrastructure/plugins/PluginManager.js:483:21)

  console.info
    [PluginManager] Plugin 'plugin-1' enabled

      at PluginManager._log (src/infrastructure/plugins/PluginManager.js:483:21)

  console.info
    [PluginManager] Plugin 'plugin-2' enabled

      at PluginManager._log (src/infrastructure/plugins/PluginManager.js:483:21)

  console.info
    [PluginManager] Plugin 'plugin-3' enabled

      at PluginManager._log (src/infrastructure/plugins/PluginManager.js:483:21)

  console.info
    [PluginManager] Plugin 'plugin-4' enabled

      at PluginManager._log (src/infrastructure/plugins/PluginManager.js:483:21)

  console.info
    [PluginManager] Plugin 'plugin-5' enabled

      at PluginManager._log (src/infrastructure/plugins/PluginManager.js:483:21)

  console.info
    [PluginManager] Plugin 'plugin-6' enabled

      at PluginManager._log (src/infrastructure/plugins/PluginManager.js:483:21)

  console.info
    [PluginManager] Plugin 'plugin-7' enabled

      at PluginManager._log (src/infrastructure/plugins/PluginManager.js:483:21)

  console.info
    [PluginManager] Plugin 'plugin-8' enabled

      at PluginManager._log (src/infrastructure/plugins/PluginManager.js:483:21)

  console.info
    [PluginManager] Plugin 'plugin-0' v1.0.0 registered

      at PluginManager._log (src/infrastructure/plugins/PluginManager.js:483:21)

  console.info
    [PluginManager] Plugin 'plugin-1' v1.0.0 registered

      at PluginManager._log (src/infrastructure/plugins/PluginManager.js:483:21)

  console.info
    [PluginManager] Plugin 'plugin-2' v1.0.0 registered

      at PluginManager._log (src/infrastructure/plugins/PluginManager.js:483:21)

  console.info
    [PluginManager] Plugin 'plugin-3' v1.0.0 registered

      at PluginManager._log (src/infrastructure/plugins/PluginManager.js:483:21)

  console.info
    [PluginManager] Plugin 'plugin-4' v1.0.0 registered

      at PluginManager._log (src/infrastructure/plugins/PluginManager.js:483:21)

  console.info
    [PluginManager] Plugin 'plugin-5' v1.0.0 registered

      at PluginManager._log (src/infrastructure/plugins/PluginManager.js:483:21)

  console.info
    [PluginManager] Plugin 'plugin-6' v1.0.0 registered

      at PluginManager._log (src/infrastructure/plugins/PluginManager.js:483:21)

  console.info
    [PluginManager] Plugin 'plugin-7' v1.0.0 registered

      at PluginManager._log (src/infrastructure/plugins/PluginManager.js:483:21)

  console.info
    [PluginManager] Plugin 'plugin-8' v1.0.0 registered

      at PluginManager._log (src/infrastructure/plugins/PluginManager.js:483:21)

  console.info
    [PluginManager] Plugin 'plugin-9' v1.0.0 registered

      at PluginManager._log (src/infrastructure/plugins/PluginManager.js:483:21)

  console.info
    [PluginManager] Plugin 'plugin-0' enabled

      at PluginManager._log (src/infrastructure/plugins/PluginManager.js:483:21)

  console.info
    [PluginManager] Plugin 'plugin-1' enabled

      at PluginManager._log (src/infrastructure/plugins/PluginManager.js:483:21)

  console.info
    [PluginManager] Plugin 'plugin-2' enabled

      at PluginManager._log (src/infrastructure/plugins/PluginManager.js:483:21)

  console.info
    [PluginManager] Plugin 'plugin-3' enabled

      at PluginManager._log (src/infrastructure/plugins/PluginManager.js:483:21)

  console.info
    [PluginManager] Plugin 'plugin-4' enabled

      at PluginManager._log (src/infrastructure/plugins/PluginManager.js:483:21)

  console.info
    [PluginManager] Plugin 'plugin-6' enabled

      at PluginManager._log (src/infrastructure/plugins/PluginManager.js:483:21)

  console.info
    [PluginManager] Plugin 'plugin-7' enabled

      at PluginManager._log (src/infrastructure/plugins/PluginManager.js:483:21)

  console.info
    [PluginManager] Plugin 'plugin-8' enabled

      at PluginManager._log (src/infrastructure/plugins/PluginManager.js:483:21)

  console.info
    [PluginManager] Plugin 'plugin-9' enabled

      at PluginManager._log (src/infrastructure/plugins/PluginManager.js:483:21)

  console.info
    [PluginManager] Plugin 'plugin-0' v1.0.0 registered

      at PluginManager._log (src/infrastructure/plugins/PluginManager.js:483:21)

  console.info
    [PluginManager] Plugin 'plugin-1' v1.0.0 registered

      at PluginManager._log (src/infrastructure/plugins/PluginManager.js:483:21)

  console.info
    [PluginManager] Plugin 'plugin-2' v1.0.0 registered

      at PluginManager._log (src/infrastructure/plugins/PluginManager.js:483:21)

  console.info
    [PluginManager] Plugin 'plugin-3' v1.0.0 registered

      at PluginManager._log (src/infrastructure/plugins/PluginManager.js:483:21)

  console.info
    [PluginManager] Plugin 'plugin-1' enabled

      at PluginManager._log (src/infrastructure/plugins/PluginManager.js:483:21)

  console.info
    [PluginManager] Plugin 'plugin-2' enabled

      at PluginManager._log (src/infrastructure/plugins/PluginManager.js:483:21)

  console.info
    [PluginManager] Plugin 'plugin-3' enabled

      at PluginManager._log (src/infrastructure/plugins/PluginManager.js:483:21)

  console.info
    [PluginManager] Plugin 'plugin-0' v1.0.0 registered

      at PluginManager._log (src/infrastructure/plugins/PluginManager.js:483:21)

  console.info
    [PluginManager] Plugin 'plugin-1' v1.0.0 registered

      at PluginManager._log (src/infrastructure/plugins/PluginManager.js:483:21)

  console.info
    [PluginManager] Plugin 'plugin-2' v1.0.0 registered

      at PluginManager._log (src/infrastructure/plugins/PluginManager.js:483:21)

  console.info
    [PluginManager] Plugin 'plugin-3' v1.0.0 registered

      at PluginManager._log (src/infrastructure/plugins/PluginManager.js:483:21)

  console.info
    [PluginManager] Plugin 'plugin-4' v1.0.0 registered

      at PluginManager._log (src/infrastructure/plugins/PluginManager.js:483:21)

  console.info
    [PluginManager] Plugin 'plugin-5' v1.0.0 registered

      at PluginManager._log (src/infrastructure/plugins/PluginManager.js:483:21)

  console.info
    [PluginManager] Plugin 'plugin-6' v1.0.0 registered

      at PluginManager._log (src/infrastructure/plugins/PluginManager.js:483:21)

  console.info
    [PluginManager] Plugin 'plugin-7' v1.0.0 registered

      at PluginManager._log (src/infrastructure/plugins/PluginManager.js:483:21)

  console.info
    [PluginManager] Plugin 'plugin-8' v1.0.0 registered

      at PluginManager._log (src/infrastructure/plugins/PluginManager.js:483:21)

  console.info
    [PluginManager] Plugin 'plugin-9' v1.0.0 registered

      at PluginManager._log (src/infrastructure/plugins/PluginManager.js:483:21)

  console.info
    [PluginManager] Plugin 'plugin-1' enabled

      at PluginManager._log (src/infrastructure/plugins/PluginManager.js:483:21)

  console.info
    [PluginManager] Plugin 'plugin-2' enabled

      at PluginManager._log (src/infrastructure/plugins/PluginManager.js:483:21)

  console.info
    [PluginManager] Plugin 'plugin-3' enabled

      at PluginManager._log (src/infrastructure/plugins/PluginManager.js:483:21)

  console.info
    [PluginManager] Plugin 'plugin-4' enabled

      at PluginManager._log (src/infrastructure/plugins/PluginManager.js:483:21)

  console.info
    [PluginManager] Plugin 'plugin-5' enabled

      at PluginManager._log (src/infrastructure/plugins/PluginManager.js:483:21)

  console.info
    [PluginManager] Plugin 'plugin-6' enabled

      at PluginManager._log (src/infrastructure/plugins/PluginManager.js:483:21)

  console.info
    [PluginManager] Plugin 'plugin-7' enabled

      at PluginManager._log (src/infrastructure/plugins/PluginManager.js:483:21)

  console.info
    [PluginManager] Plugin 'plugin-8' enabled

      at PluginManager._log (src/infrastructure/plugins/PluginManager.js:483:21)

  console.info
    [PluginManager] Plugin 'plugin-9' enabled

      at PluginManager._log (src/infrastructure/plugins/PluginManager.js:483:21)

  console.info
    [PluginManager] Plugin 'plugin-0' v1.0.0 registered

      at PluginManager._log (src/infrastructure/plugins/PluginManager.js:483:21)

  console.info
    [PluginManager] Plugin 'plugin-1' v1.0.0 registered

      at PluginManager._log (src/infrastructure/plugins/PluginManager.js:483:21)

  console.info
    [PluginManager] Plugin 'plugin-2' v1.0.0 registered

      at PluginManager._log (src/infrastructure/plugins/PluginManager.js:483:21)

  console.info
    [PluginManager] Plugin 'plugin-3' v1.0.0 registered

      at PluginManager._log (src/infrastructure/plugins/PluginManager.js:483:21)

  console.info
    [PluginManager] Plugin 'plugin-0' enabled

      at PluginManager._log (src/infrastructure/plugins/PluginManager.js:483:21)

  console.info
    [PluginManager] Plugin 'plugin-1' enabled

      at PluginManager._log (src/infrastructure/plugins/PluginManager.js:483:21)

  console.info
    [PluginManager] Plugin 'plugin-3' enabled

      at PluginManager._log (src/infrastructure/plugins/PluginManager.js:483:21)

  console.info
    [PluginManager] Plugin 'plugin-0' v1.0.0 registered

      at PluginManager._log (src/infrastructure/plugins/PluginManager.js:483:21)

  console.info
    [PluginManager] Plugin 'plugin-1' v1.0.0 registered

      at PluginManager._log (src/infrastructure/plugins/PluginManager.js:483:21)

  console.info
    [PluginManager] Plugin 'plugin-1' enabled

      at PluginManager._log (src/infrastructure/plugins/PluginManager.js:483:21)

  console.info
    [PluginManager] Plugin 'plugin-0' v1.0.0 registered

      at PluginManager._log (src/infrastructure/plugins/PluginManager.js:483:21)

  console.info
    [PluginManager] Plugin 'plugin-1' v1.0.0 registered

      at PluginManager._log (src/infrastructure/plugins/PluginManager.js:483:21)

  console.info
    [PluginManager] Plugin 'plugin-0' enabled

      at PluginManager._log (src/infrastructure/plugins/PluginManager.js:483:21)

  console.info
    [PluginManager] Plugin 'plugin-0' v1.0.0 registered

      at PluginManager._log (src/infrastructure/plugins/PluginManager.js:483:21)

  console.info
    [PluginManager] Plugin 'plugin-1' v1.0.0 registered

      at PluginManager._log (src/infrastructure/plugins/PluginManager.js:483:21)

  console.info
    [PluginManager] Plugin 'plugin-2' v1.0.0 registered

      at PluginManager._log (src/infrastructure/plugins/PluginManager.js:483:21)

  console.info
    [PluginManager] Plugin 'plugin-3' v1.0.0 registered

      at PluginManager._log (src/infrastructure/plugins/PluginManager.js:483:21)

  console.info
    [PluginManager] Plugin 'plugin-4' v1.0.0 registered

      at PluginManager._log (src/infrastructure/plugins/PluginManager.js:483:21)

  console.info
    [PluginManager] Plugin 'plugin-5' v1.0.0 registered

      at PluginManager._log (src/infrastructure/plugins/PluginManager.js:483:21)

  console.info
    [PluginManager] Plugin 'plugin-6' v1.0.0 registered

      at PluginManager._log (src/infrastructure/plugins/PluginManager.js:483:21)

  console.info
    [PluginManager] Plugin 'plugin-7' v1.0.0 registered

      at PluginManager._log (src/infrastructure/plugins/PluginManager.js:483:21)

  console.info
    [PluginManager] Plugin 'plugin-8' v1.0.0 registered

      at PluginManager._log (src/infrastructure/plugins/PluginManager.js:483:21)

  console.info
    [PluginManager] Plugin 'plugin-9' v1.0.0 registered

      at PluginManager._log (src/infrastructure/plugins/PluginManager.js:483:21)

  console.info
    [PluginManager] Plugin 'plugin-0' enabled

      at PluginManager._log (src/infrastructure/plugins/PluginManager.js:483:21)

  console.info
    [PluginManager] Plugin 'plugin-1' enabled

      at PluginManager._log (src/infrastructure/plugins/PluginManager.js:483:21)

  console.info
    [PluginManager] Plugin 'plugin-2' enabled

      at PluginManager._log (src/infrastructure/plugins/PluginManager.js:483:21)

  console.info
    [PluginManager] Plugin 'plugin-3' enabled

      at PluginManager._log (src/infrastructure/plugins/PluginManager.js:483:21)

  console.info
    [PluginManager] Plugin 'plugin-4' enabled

      at PluginManager._log (src/infrastructure/plugins/PluginManager.js:483:21)

  console.info
    [PluginManager] Plugin 'plugin-6' enabled

      at PluginManager._log (src/infrastructure/plugins/PluginManager.js:483:21)

  console.info
    [PluginManager] Plugin 'plugin-7' enabled

      at PluginManager._log (src/infrastructure/plugins/PluginManager.js:483:21)

  console.info
    [PluginManager] Plugin 'plugin-8' enabled

      at PluginManager._log (src/infrastructure/plugins/PluginManager.js:483:21)

  console.info
    [PluginManager] Plugin 'plugin-9' enabled

      at PluginManager._log (src/infrastructure/plugins/PluginManager.js:483:21)

  console.info
    [PluginManager] Plugin 'plugin-0' v1.0.0 registered

      at PluginManager._log (src/infrastructure/plugins/PluginManager.js:483:21)

  console.info
    [PluginManager] Plugin 'plugin-1' v1.0.0 registered

      at PluginManager._log (src/infrastructure/plugins/PluginManager.js:483:21)

  console.info
    [PluginManager] Plugin 'plugin-2' v1.0.0 registered

      at PluginManager._log (src/infrastructure/plugins/PluginManager.js:483:21)

  console.info
    [PluginManager] Plugin 'plugin-3' v1.0.0 registered

      at PluginManager._log (src/infrastructure/plugins/PluginManager.js:483:21)

  console.info
    [PluginManager] Plugin 'plugin-4' v1.0.0 registered

      at PluginManager._log (src/infrastructure/plugins/PluginManager.js:483:21)

  console.info
    [PluginManager] Plugin 'plugin-5' v1.0.0 registered

      at PluginManager._log (src/infrastructure/plugins/PluginManager.js:483:21)

  console.info
    [PluginManager] Plugin 'plugin-6' v1.0.0 registered

      at PluginManager._log (src/infrastructure/plugins/PluginManager.js:483:21)

  console.info
    [PluginManager] Plugin 'plugin-7' v1.0.0 registered

      at PluginManager._log (src/infrastructure/plugins/PluginManager.js:483:21)

  console.info
    [PluginManager] Plugin 'plugin-8' v1.0.0 registered

      at PluginManager._log (src/infrastructure/plugins/PluginManager.js:483:21)

  console.info
    [PluginManager] Plugin 'plugin-2' enabled

      at PluginManager._log (src/infrastructure/plugins/PluginManager.js:483:21)

  console.info
    [PluginManager] Plugin 'plugin-3' enabled

      at PluginManager._log (src/infrastructure/plugins/PluginManager.js:483:21)

  console.info
    [PluginManager] Plugin 'plugin-4' enabled

      at PluginManager._log (src/infrastructure/plugins/PluginManager.js:483:21)

  console.info
    [PluginManager] Plugin 'plugin-5' enabled

      at PluginManager._log (src/infrastructure/plugins/PluginManager.js:483:21)

  console.info
    [PluginManager] Plugin 'plugin-6' enabled

      at PluginManager._log (src/infrastructure/plugins/PluginManager.js:483:21)

  console.info
    [PluginManager] Plugin 'plugin-7' enabled

      at PluginManager._log (src/infrastructure/plugins/PluginManager.js:483:21)

  console.info
    [PluginManager] Plugin 'plugin-8' enabled

      at PluginManager._log (src/infrastructure/plugins/PluginManager.js:483:21)

  console.info
    [PluginManager] Plugin 'plugin-0' v1.0.0 registered

      at PluginManager._log (src/infrastructure/plugins/PluginManager.js:483:21)

  console.info
    [PluginManager] Plugin 'plugin-1' v1.0.0 registered

      at PluginManager._log (src/infrastructure/plugins/PluginManager.js:483:21)

  console.info
    [PluginManager] Plugin 'plugin-2' v1.0.0 registered

      at PluginManager._log (src/infrastructure/plugins/PluginManager.js:483:21)

  console.info
    [PluginManager] Plugin 'plugin-3' v1.0.0 registered

      at PluginManager._log (src/infrastructure/plugins/PluginManager.js:483:21)

  console.info
    [PluginManager] Plugin 'plugin-4' v1.0.0 registered

      at PluginManager._log (src/infrastructure/plugins/PluginManager.js:483:21)

  console.info
    [PluginManager] Plugin 'plugin-5' v1.0.0 registered

      at PluginManager._log (src/infrastructure/plugins/PluginManager.js:483:21)

  console.info
    [PluginManager] Plugin 'plugin-5' enabled

      at PluginManager._log (src/infrastructure/plugins/PluginManager.js:483:21)

  console.info
    [PluginManager] Plugin 'plugin-0' v1.0.0 registered

      at PluginManager._log (src/infrastructure/plugins/PluginManager.js:483:21)

  console.info
    [PluginManager] Plugin 'plugin-1' v1.0.0 registered

      at PluginManager._log (src/infrastructure/plugins/PluginManager.js:483:21)

  console.info
    [PluginManager] Plugin 'plugin-2' v1.0.0 registered

      at PluginManager._log (src/infrastructure/plugins/PluginManager.js:483:21)

  console.info
    [PluginManager] Plugin 'plugin-3' v1.0.0 registered

      at PluginManager._log (src/infrastructure/plugins/PluginManager.js:483:21)

  console.info
    [PluginManager] Plugin 'plugin-4' v1.0.0 registered

      at PluginManager._log (src/infrastructure/plugins/PluginManager.js:483:21)

  console.info
    [PluginManager] Plugin 'plugin-5' v1.0.0 registered

      at PluginManager._log (src/infrastructure/plugins/PluginManager.js:483:21)

  console.info
    [PluginManager] Plugin 'plugin-6' v1.0.0 registered

      at PluginManager._log (src/infrastructure/plugins/PluginManager.js:483:21)

  console.info
    [PluginManager] Plugin 'plugin-7' v1.0.0 registered

      at PluginManager._log (src/infrastructure/plugins/PluginManager.js:483:21)

  console.info
    [PluginManager] Plugin 'plugin-3' enabled

      at PluginManager._log (src/infrastructure/plugins/PluginManager.js:483:21)

  console.info
    [PluginManager] Plugin 'plugin-4' enabled

      at PluginManager._log (src/infrastructure/plugins/PluginManager.js:483:21)

  console.info
    [PluginManager] Plugin 'plugin-5' enabled

      at PluginManager._log (src/infrastructure/plugins/PluginManager.js:483:21)

  console.info
    [PluginManager] Plugin 'plugin-6' enabled

      at PluginManager._log (src/infrastructure/plugins/PluginManager.js:483:21)

  console.info
    [PluginManager] Plugin 'plugin-7' enabled

      at PluginManager._log (src/infrastructure/plugins/PluginManager.js:483:21)

  console.info
    [PluginManager] Plugin 'plugin-0' v1.0.0 registered

      at PluginManager._log (src/infrastructure/plugins/PluginManager.js:483:21)

  console.info
    [PluginManager] Plugin 'plugin-1' v1.0.0 registered

      at PluginManager._log (src/infrastructure/plugins/PluginManager.js:483:21)

  console.info
    [PluginManager] Plugin 'plugin-2' v1.0.0 registered

      at PluginManager._log (src/infrastructure/plugins/PluginManager.js:483:21)

  console.info
    [PluginManager] Plugin 'plugin-2' enabled

      at PluginManager._log (src/infrastructure/plugins/PluginManager.js:483:21)

  console.info
    [PluginManager] Plugin 'plugin-0' v1.0.0 registered

      at PluginManager._log (src/infrastructure/plugins/PluginManager.js:483:21)

  console.info
    [PluginManager] Plugin 'plugin-1' v1.0.0 registered

      at PluginManager._log (src/infrastructure/plugins/PluginManager.js:483:21)

  console.info
    [PluginManager] Plugin 'plugin-2' v1.0.0 registered

      at PluginManager._log (src/infrastructure/plugins/PluginManager.js:483:21)

  console.info
    [PluginManager] Plugin 'plugin-3' v1.0.0 registered

      at PluginManager._log (src/infrastructure/plugins/PluginManager.js:483:21)

  console.info
    [PluginManager] Plugin 'plugin-4' v1.0.0 registered

      at PluginManager._log (src/infrastructure/plugins/PluginManager.js:483:21)

  console.info
    [PluginManager] Plugin 'plugin-5' v1.0.0 registered

      at PluginManager._log (src/infrastructure/plugins/PluginManager.js:483:21)

  console.info
    [PluginManager] Plugin 'plugin-6' v1.0.0 registered

      at PluginManager._log (src/infrastructure/plugins/PluginManager.js:483:21)

  console.info
    [PluginManager] Plugin 'plugin-7' v1.0.0 registered

      at PluginManager._log (src/infrastructure/plugins/PluginManager.js:483:21)

  console.info
    [PluginManager] Plugin 'plugin-3' enabled

      at PluginManager._log (src/infrastructure/plugins/PluginManager.js:483:21)

  console.info
    [PluginManager] Plugin 'plugin-4' enabled

      at PluginManager._log (src/infrastructure/plugins/PluginManager.js:483:21)

  console.info
    [PluginManager] Plugin 'plugin-5' enabled

      at PluginManager._log (src/infrastructure/plugins/PluginManager.js:483:21)

  console.info
    [PluginManager] Plugin 'plugin-6' enabled

      at PluginManager._log (src/infrastructure/plugins/PluginManager.js:483:21)

  console.info
    [PluginManager] Plugin 'plugin-7' enabled

      at PluginManager._log (src/infrastructure/plugins/PluginManager.js:483:21)

  console.info
    [PluginManager] Plugin 'plugin-0' v1.0.0 registered

      at PluginManager._log (src/infrastructure/plugins/PluginManager.js:483:21)

  console.info
    [PluginManager] Plugin 'plugin-1' v1.0.0 registered

      at PluginManager._log (src/infrastructure/plugins/PluginManager.js:483:21)

  console.info
    [PluginManager] Plugin 'plugin-2' v1.0.0 registered

      at PluginManager._log (src/infrastructure/plugins/PluginManager.js:483:21)

  console.info
    [PluginManager] Plugin 'plugin-3' v1.0.0 registered

      at PluginManager._log (src/infrastructure/plugins/PluginManager.js:483:21)

  console.info
    [PluginManager] Plugin 'plugin-4' v1.0.0 registered

      at PluginManager._log (src/infrastructure/plugins/PluginManager.js:483:21)

  console.info
    [PluginManager] Plugin 'plugin-5' v1.0.0 registered

      at PluginManager._log (src/infrastructure/plugins/PluginManager.js:483:21)

  console.info
    [PluginManager] Plugin 'plugin-6' v1.0.0 registered

      at PluginManager._log (src/infrastructure/plugins/PluginManager.js:483:21)

  console.info
    [PluginManager] Plugin 'plugin-5' enabled

      at PluginManager._log (src/infrastructure/plugins/PluginManager.js:483:21)

  console.info
    [PluginManager] Plugin 'plugin-6' enabled

      at PluginManager._log (src/infrastructure/plugins/PluginManager.js:483:21)

  console.info
    [PluginManager] Plugin 'plugin-0' v1.0.0 registered

      at PluginManager._log (src/infrastructure/plugins/PluginManager.js:483:21)

  console.info
    [PluginManager] Plugin 'plugin-1' v1.0.0 registered

      at PluginManager._log (src/infrastructure/plugins/PluginManager.js:483:21)

  console.info
    [PluginManager] Plugin 'plugin-2' v1.0.0 registered

      at PluginManager._log (src/infrastructure/plugins/PluginManager.js:483:21)

  console.info
    [PluginManager] Plugin 'plugin-3' v1.0.0 registered

      at PluginManager._log (src/infrastructure/plugins/PluginManager.js:483:21)

  console.info
    [PluginManager] Plugin 'plugin-4' v1.0.0 registered

      at PluginManager._log (src/infrastructure/plugins/PluginManager.js:483:21)

  console.info
    [PluginManager] Plugin 'plugin-5' v1.0.0 registered

      at PluginManager._log (src/infrastructure/plugins/PluginManager.js:483:21)

  console.info
    [PluginManager] Plugin 'plugin-6' v1.0.0 registered

      at PluginManager._log (src/infrastructure/plugins/PluginManager.js:483:21)

  console.info
    [PluginManager] Plugin 'plugin-7' v1.0.0 registered

      at PluginManager._log (src/infrastructure/plugins/PluginManager.js:483:21)

  console.info
    [PluginManager] Plugin 'plugin-8' v1.0.0 registered

      at PluginManager._log (src/infrastructure/plugins/PluginManager.js:483:21)

  console.info
    [PluginManager] Plugin 'plugin-1' enabled

      at PluginManager._log (src/infrastructure/plugins/PluginManager.js:483:21)

  console.info
    [PluginManager] Plugin 'plugin-2' enabled

      at PluginManager._log (src/infrastructure/plugins/PluginManager.js:483:21)

  console.info
    [PluginManager] Plugin 'plugin-3' enabled

      at PluginManager._log (src/infrastructure/plugins/PluginManager.js:483:21)

  console.info
    [PluginManager] Plugin 'plugin-4' enabled

      at PluginManager._log (src/infrastructure/plugins/PluginManager.js:483:21)

  console.info
    [PluginManager] Plugin 'plugin-5' enabled

      at PluginManager._log (src/infrastructure/plugins/PluginManager.js:483:21)

  console.info
    [PluginManager] Plugin 'plugin-6' enabled

      at PluginManager._log (src/infrastructure/plugins/PluginManager.js:483:21)

  console.info
    [PluginManager] Plugin 'plugin-7' enabled

      at PluginManager._log (src/infrastructure/plugins/PluginManager.js:483:21)

  console.info
    [PluginManager] Plugin 'plugin-8' enabled

      at PluginManager._log (src/infrastructure/plugins/PluginManager.js:483:21)

  console.info
    [PluginManager] Plugin 'plugin-0' v1.0.0 registered

      at PluginManager._log (src/infrastructure/plugins/PluginManager.js:483:21)

  console.info
    [PluginManager] Plugin 'plugin-1' v1.0.0 registered

      at PluginManager._log (src/infrastructure/plugins/PluginManager.js:483:21)

  console.info
    [PluginManager] Plugin 'plugin-2' v1.0.0 registered

      at PluginManager._log (src/infrastructure/plugins/PluginManager.js:483:21)

  console.info
    [PluginManager] Plugin 'plugin-2' enabled

      at PluginManager._log (src/infrastructure/plugins/PluginManager.js:483:21)

  console.info
    [PluginManager] Plugin 'plugin-0' v1.0.0 registered

      at PluginManager._log (src/infrastructure/plugins/PluginManager.js:483:21)

  console.info
    [PluginManager] Plugin 'plugin-1' v1.0.0 registered

      at PluginManager._log (src/infrastructure/plugins/PluginManager.js:483:21)

  console.info
    [PluginManager] Plugin 'plugin-2' v1.0.0 registered

      at PluginManager._log (src/infrastructure/plugins/PluginManager.js:483:21)

  console.info
    [PluginManager] Plugin 'plugin-3' v1.0.0 registered

      at PluginManager._log (src/infrastructure/plugins/PluginManager.js:483:21)

  console.info
    [PluginManager] Plugin 'plugin-4' v1.0.0 registered

      at PluginManager._log (src/infrastructure/plugins/PluginManager.js:483:21)

  console.info
    [PluginManager] Plugin 'plugin-1' enabled

      at PluginManager._log (src/infrastructure/plugins/PluginManager.js:483:21)

  console.info
    [PluginManager] Plugin 'plugin-2' enabled

      at PluginManager._log (src/infrastructure/plugins/PluginManager.js:483:21)

  console.info
    [PluginManager] Plugin 'plugin-3' enabled

      at PluginManager._log (src/infrastructure/plugins/PluginManager.js:483:21)

  console.info
    [PluginManager] Plugin 'plugin-4' enabled

      at PluginManager._log (src/infrastructure/plugins/PluginManager.js:483:21)

  console.info
    [PluginManager] Plugin 'plugin-0' v1.0.0 registered

      at PluginManager._log (src/infrastructure/plugins/PluginManager.js:483:21)

  console.info
    [PluginManager] Plugin 'plugin-1' v1.0.0 registered

      at PluginManager._log (src/infrastructure/plugins/PluginManager.js:483:21)

  console.info
    [PluginManager] Plugin 'plugin-2' v1.0.0 registered

      at PluginManager._log (src/infrastructure/plugins/PluginManager.js:483:21)

  console.info
    [PluginManager] Plugin 'plugin-3' v1.0.0 registered

      at PluginManager._log (src/infrastructure/plugins/PluginManager.js:483:21)

  console.info
    [PluginManager] Plugin 'plugin-4' v1.0.0 registered

      at PluginManager._log (src/infrastructure/plugins/PluginManager.js:483:21)

  console.info
    [PluginManager] Plugin 'plugin-5' v1.0.0 registered

      at PluginManager._log (src/infrastructure/plugins/PluginManager.js:483:21)

  console.info
    [PluginManager] Plugin 'plugin-6' v1.0.0 registered

      at PluginManager._log (src/infrastructure/plugins/PluginManager.js:483:21)

  console.info
    [PluginManager] Plugin 'plugin-7' v1.0.0 registered

      at PluginManager._log (src/infrastructure/plugins/PluginManager.js:483:21)

  console.info
    [PluginManager] Plugin 'plugin-5' enabled

      at PluginManager._log (src/infrastructure/plugins/PluginManager.js:483:21)

  console.info
    [PluginManager] Plugin 'plugin-6' enabled

      at PluginManager._log (src/infrastructure/plugins/PluginManager.js:483:21)

  console.info
    [PluginManager] Plugin 'plugin-7' enabled

      at PluginManager._log (src/infrastructure/plugins/PluginManager.js:483:21)

  console.info
    [PluginManager] Plugin 'plugin-0' v1.0.0 registered

      at PluginManager._log (src/infrastructure/plugins/PluginManager.js:483:21)

  console.info
    [PluginManager] Plugin 'plugin-1' v1.0.0 registered

      at PluginManager._log (src/infrastructure/plugins/PluginManager.js:483:21)

  console.info
    [PluginManager] Plugin 'plugin-2' v1.0.0 registered

      at PluginManager._log (src/infrastructure/plugins/PluginManager.js:483:21)

  console.info
    [PluginManager] Plugin 'plugin-1' enabled

      at PluginManager._log (src/infrastructure/plugins/PluginManager.js:483:21)

  console.info
    [PluginManager] Plugin 'plugin-2' enabled

      at PluginManager._log (src/infrastructure/plugins/PluginManager.js:483:21)

  console.info
    [PluginManager] Plugin 'plugin-0' v1.0.0 registered

      at PluginManager._log (src/infrastructure/plugins/PluginManager.js:483:21)

  console.info
    [PluginManager] Plugin 'plugin-1' v1.0.0 registered

      at PluginManager._log (src/infrastructure/plugins/PluginManager.js:483:21)

  console.info
    [PluginManager] Plugin 'plugin-2' v1.0.0 registered

      at PluginManager._log (src/infrastructure/plugins/PluginManager.js:483:21)

  console.info
    [PluginManager] Plugin 'plugin-3' v1.0.0 registered

      at PluginManager._log (src/infrastructure/plugins/PluginManager.js:483:21)

  console.info
    [PluginManager] Plugin 'plugin-4' v1.0.0 registered

      at PluginManager._log (src/infrastructure/plugins/PluginManager.js:483:21)

  console.info
    [PluginManager] Plugin 'plugin-5' v1.0.0 registered

      at PluginManager._log (src/infrastructure/plugins/PluginManager.js:483:21)

  console.info
    [PluginManager] Plugin 'plugin-6' v1.0.0 registered

      at PluginManager._log (src/infrastructure/plugins/PluginManager.js:483:21)

  console.info
    [PluginManager] Plugin 'plugin-7' v1.0.0 registered

      at PluginManager._log (src/infrastructure/plugins/PluginManager.js:483:21)

  console.info
    [PluginManager] Plugin 'plugin-8' v1.0.0 registered

      at PluginManager._log (src/infrastructure/plugins/PluginManager.js:483:21)

  console.info
    [PluginManager] Plugin 'plugin-9' v1.0.0 registered

      at PluginManager._log (src/infrastructure/plugins/PluginManager.js:483:21)

  console.info
    [PluginManager] Plugin 'plugin-4' enabled

      at PluginManager._log (src/infrastructure/plugins/PluginManager.js:483:21)

  console.info
    [PluginManager] Plugin 'plugin-5' enabled

      at PluginManager._log (src/infrastructure/plugins/PluginManager.js:483:21)

  console.info
    [PluginManager] Plugin 'plugin-6' enabled

      at PluginManager._log (src/infrastructure/plugins/PluginManager.js:483:21)

  console.info
    [PluginManager] Plugin 'plugin-7' enabled

      at PluginManager._log (src/infrastructure/plugins/PluginManager.js:483:21)

  console.info
    [PluginManager] Plugin 'plugin-8' enabled

      at PluginManager._log (src/infrastructure/plugins/PluginManager.js:483:21)

  console.info
    [PluginManager] Plugin 'plugin-9' enabled

      at PluginManager._log (src/infrastructure/plugins/PluginManager.js:483:21)

  console.info
    [PluginManager] Plugin 'plugin-0' v1.0.0 registered

      at PluginManager._log (src/infrastructure/plugins/PluginManager.js:483:21)

  console.info
    [PluginManager] Plugin 'plugin-1' v1.0.0 registered

      at PluginManager._log (src/infrastructure/plugins/PluginManager.js:483:21)

  console.info
    [PluginManager] Plugin 'plugin-2' v1.0.0 registered

      at PluginManager._log (src/infrastructure/plugins/PluginManager.js:483:21)

  console.info
    [PluginManager] Plugin 'plugin-3' v1.0.0 registered

      at PluginManager._log (src/infrastructure/plugins/PluginManager.js:483:21)

  console.info
    [PluginManager] Plugin 'plugin-4' v1.0.0 registered

      at PluginManager._log (src/infrastructure/plugins/PluginManager.js:483:21)

  console.info
    [PluginManager] Plugin 'plugin-5' v1.0.0 registered

      at PluginManager._log (src/infrastructure/plugins/PluginManager.js:483:21)

  console.info
    [PluginManager] Plugin 'plugin-6' v1.0.0 registered

      at PluginManager._log (src/infrastructure/plugins/PluginManager.js:483:21)

  console.info
    [PluginManager] Plugin 'plugin-5' enabled

      at PluginManager._log (src/infrastructure/plugins/PluginManager.js:483:21)

  console.info
    [PluginManager] Plugin 'plugin-6' enabled

      at PluginManager._log (src/infrastructure/plugins/PluginManager.js:483:21)

  console.info
    [PluginManager] Plugin 'plugin-0' v1.0.0 registered

      at PluginManager._log (src/infrastructure/plugins/PluginManager.js:483:21)

  console.info
    [PluginManager] Plugin 'plugin-1' v1.0.0 registered

      at PluginManager._log (src/infrastructure/plugins/PluginManager.js:483:21)

  console.info
    [PluginManager] Plugin 'plugin-2' v1.0.0 registered

      at PluginManager._log (src/infrastructure/plugins/PluginManager.js:483:21)

  console.info
    [PluginManager] Plugin 'plugin-3' v1.0.0 registered

      at PluginManager._log (src/infrastructure/plugins/PluginManager.js:483:21)

  console.info
    [PluginManager] Plugin 'plugin-4' v1.0.0 registered

      at PluginManager._log (src/infrastructure/plugins/PluginManager.js:483:21)

  console.info
    [PluginManager] Plugin 'plugin-5' v1.0.0 registered

      at PluginManager._log (src/infrastructure/plugins/PluginManager.js:483:21)

  console.info
    [PluginManager] Plugin 'plugin-6' v1.0.0 registered

      at PluginManager._log (src/infrastructure/plugins/PluginManager.js:483:21)

  console.info
    [PluginManager] Plugin 'plugin-7' v1.0.0 registered

      at PluginManager._log (src/infrastructure/plugins/PluginManager.js:483:21)

  console.info
    [PluginManager] Plugin 'plugin-8' v1.0.0 registered

      at PluginManager._log (src/infrastructure/plugins/PluginManager.js:483:21)

  console.info
    [PluginManager] Plugin 'plugin-9' v1.0.0 registered

      at PluginManager._log (src/infrastructure/plugins/PluginManager.js:483:21)

  console.info
    [PluginManager] Plugin 'plugin-5' enabled

      at PluginManager._log (src/infrastructure/plugins/PluginManager.js:483:21)

  console.info
    [PluginManager] Plugin 'plugin-6' enabled

      at PluginManager._log (src/infrastructure/plugins/PluginManager.js:483:21)

  console.info
    [PluginManager] Plugin 'plugin-7' enabled

      at PluginManager._log (src/infrastructure/plugins/PluginManager.js:483:21)

  console.info
    [PluginManager] Plugin 'plugin-8' enabled

      at PluginManager._log (src/infrastructure/plugins/PluginManager.js:483:21)

  console.info
    [PluginManager] Plugin 'plugin-9' enabled

      at PluginManager._log (src/infrastructure/plugins/PluginManager.js:483:21)

  console.info
    [PluginManager] Plugin 'plugin-0' v1.0.0 registered

      at PluginManager._log (src/infrastructure/plugins/PluginManager.js:483:21)

  console.info
    [PluginManager] Plugin 'plugin-1' v1.0.0 registered

      at PluginManager._log (src/infrastructure/plugins/PluginManager.js:483:21)

  console.info
    [PluginManager] Plugin 'plugin-2' v1.0.0 registered

      at PluginManager._log (src/infrastructure/plugins/PluginManager.js:483:21)

  console.info
    [PluginManager] Plugin 'plugin-3' v1.0.0 registered

      at PluginManager._log (src/infrastructure/plugins/PluginManager.js:483:21)

  console.info
    [PluginManager] Plugin 'plugin-4' v1.0.0 registered

      at PluginManager._log (src/infrastructure/plugins/PluginManager.js:483:21)

  console.info
    [PluginManager] Plugin 'plugin-5' v1.0.0 registered

      at PluginManager._log (src/infrastructure/plugins/PluginManager.js:483:21)

  console.info
    [PluginManager] Plugin 'plugin-6' v1.0.0 registered

      at PluginManager._log (src/infrastructure/plugins/PluginManager.js:483:21)

  console.info
    [PluginManager] Plugin 'plugin-7' v1.0.0 registered

      at PluginManager._log (src/infrastructure/plugins/PluginManager.js:483:21)

  console.info
    [PluginManager] Plugin 'plugin-3' enabled

      at PluginManager._log (src/infrastructure/plugins/PluginManager.js:483:21)

  console.info
    [PluginManager] Plugin 'plugin-4' enabled

      at PluginManager._log (src/infrastructure/plugins/PluginManager.js:483:21)

  console.info
    [PluginManager] Plugin 'plugin-5' enabled

      at PluginManager._log (src/infrastructure/plugins/PluginManager.js:483:21)

  console.info
    [PluginManager] Plugin 'plugin-6' enabled

      at PluginManager._log (src/infrastructure/plugins/PluginManager.js:483:21)

  console.info
    [PluginManager] Plugin 'plugin-7' enabled

      at PluginManager._log (src/infrastructure/plugins/PluginManager.js:483:21)

  console.info
    [PluginManager] Plugin 'plugin-0' v1.0.0 registered

      at PluginManager._log (src/infrastructure/plugins/PluginManager.js:483:21)

  console.info
    [PluginManager] Plugin 'plugin-1' v1.0.0 registered

      at PluginManager._log (src/infrastructure/plugins/PluginManager.js:483:21)

  console.info
    [PluginManager] Plugin 'plugin-2' v1.0.0 registered

      at PluginManager._log (src/infrastructure/plugins/PluginManager.js:483:21)

  console.info
    [PluginManager] Plugin 'plugin-3' v1.0.0 registered

      at PluginManager._log (src/infrastructure/plugins/PluginManager.js:483:21)

  console.info
    [PluginManager] Plugin 'plugin-4' v1.0.0 registered

      at PluginManager._log (src/infrastructure/plugins/PluginManager.js:483:21)

  console.info
    [PluginManager] Plugin 'plugin-3' enabled

      at PluginManager._log (src/infrastructure/plugins/PluginManager.js:483:21)

  console.info
    [PluginManager] Plugin 'plugin-4' enabled

      at PluginManager._log (src/infrastructure/plugins/PluginManager.js:483:21)

  console.info
    [PluginManager] Plugin 'plugin-0' v1.0.0 registered

      at PluginManager._log (src/infrastructure/plugins/PluginManager.js:483:21)

  console.info
    [PluginManager] Plugin 'plugin-1' v1.0.0 registered

      at PluginManager._log (src/infrastructure/plugins/PluginManager.js:483:21)

  console.info
    [PluginManager] Plugin 'plugin-2' v1.0.0 registered

      at PluginManager._log (src/infrastructure/plugins/PluginManager.js:483:21)

  console.info
    [PluginManager] Plugin 'plugin-2' enabled

      at PluginManager._log (src/infrastructure/plugins/PluginManager.js:483:21)

  console.info
    [PluginManager] Plugin 'plugin-0' v1.0.0 registered

      at PluginManager._log (src/infrastructure/plugins/PluginManager.js:483:21)

  console.info
    [PluginManager] Plugin 'plugin-1' v1.0.0 registered

      at PluginManager._log (src/infrastructure/plugins/PluginManager.js:483:21)

  console.info
    [PluginManager] Plugin 'plugin-2' v1.0.0 registered

      at PluginManager._log (src/infrastructure/plugins/PluginManager.js:483:21)

  console.info
    [PluginManager] Plugin 'plugin-3' v1.0.0 registered

      at PluginManager._log (src/infrastructure/plugins/PluginManager.js:483:21)

  console.info
    [PluginManager] Plugin 'plugin-4' v1.0.0 registered

      at PluginManager._log (src/infrastructure/plugins/PluginManager.js:483:21)

  console.info
    [PluginManager] Plugin 'plugin-5' v1.0.0 registered

      at PluginManager._log (src/infrastructure/plugins/PluginManager.js:483:21)

  console.info
    [PluginManager] Plugin 'plugin-6' v1.0.0 registered

      at PluginManager._log (src/infrastructure/plugins/PluginManager.js:483:21)

  console.info
    [PluginManager] Plugin 'plugin-7' v1.0.0 registered

      at PluginManager._log (src/infrastructure/plugins/PluginManager.js:483:21)

  console.info
    [PluginManager] Plugin 'plugin-5' enabled

      at PluginManager._log (src/infrastructure/plugins/PluginManager.js:483:21)

  console.info
    [PluginManager] Plugin 'plugin-6' enabled

      at PluginManager._log (src/infrastructure/plugins/PluginManager.js:483:21)

  console.info
    [PluginManager] Plugin 'plugin-7' enabled

      at PluginManager._log (src/infrastructure/plugins/PluginManager.js:483:21)

  console.info
    [PluginManager] Plugin 'plugin-0' v1.0.0 registered

      at PluginManager._log (src/infrastructure/plugins/PluginManager.js:483:21)

  console.info
    [PluginManager] Plugin 'plugin-1' v1.0.0 registered

      at PluginManager._log (src/infrastructure/plugins/PluginManager.js:483:21)

  console.info
    [PluginManager] Plugin 'plugin-2' v1.0.0 registered

      at PluginManager._log (src/infrastructure/plugins/PluginManager.js:483:21)

  console.info
    [PluginManager] Plugin 'plugin-2' enabled

      at PluginManager._log (src/infrastructure/plugins/PluginManager.js:483:21)

  console.info
    [PluginManager] Plugin 'plugin-0' v1.0.0 registered

      at PluginManager._log (src/infrastructure/plugins/PluginManager.js:483:21)

  console.info
    [PluginManager] Plugin 'plugin-1' v1.0.0 registered

      at PluginManager._log (src/infrastructure/plugins/PluginManager.js:483:21)

  console.info
    [PluginManager] Plugin 'plugin-2' v1.0.0 registered

      at PluginManager._log (src/infrastructure/plugins/PluginManager.js:483:21)

  console.info
    [PluginManager] Plugin 'plugin-3' v1.0.0 registered

      at PluginManager._log (src/infrastructure/plugins/PluginManager.js:483:21)

  console.info
    [PluginManager] Plugin 'plugin-4' v1.0.0 registered

      at PluginManager._log (src/infrastructure/plugins/PluginManager.js:483:21)

  console.info
    [PluginManager] Plugin 'plugin-4' enabled

      at PluginManager._log (src/infrastructure/plugins/PluginManager.js:483:21)

  console.info
    [PluginManager] Plugin 'plugin-0' v1.0.0 registered

      at PluginManager._log (src/infrastructure/plugins/PluginManager.js:483:21)

  console.info
    [PluginManager] Plugin 'plugin-1' v1.0.0 registered

      at PluginManager._log (src/infrastructure/plugins/PluginManager.js:483:21)

  console.info
    [PluginManager] Plugin 'plugin-2' v1.0.0 registered

      at PluginManager._log (src/infrastructure/plugins/PluginManager.js:483:21)

  console.info
    [PluginManager] Plugin 'plugin-3' v1.0.0 registered

      at PluginManager._log (src/infrastructure/plugins/PluginManager.js:483:21)

  console.info
    [PluginManager] Plugin 'plugin-3' enabled

      at PluginManager._log (src/infrastructure/plugins/PluginManager.js:483:21)

  console.info
    [PluginManager] Plugin 'plugin-0' v1.0.0 registered

      at PluginManager._log (src/infrastructure/plugins/PluginManager.js:483:21)

  console.info
    [PluginManager] Plugin 'plugin-1' v1.0.0 registered

      at PluginManager._log (src/infrastructure/plugins/PluginManager.js:483:21)

  console.info
    [PluginManager] Plugin 'plugin-2' v1.0.0 registered

      at PluginManager._log (src/infrastructure/plugins/PluginManager.js:483:21)

  console.info
    [PluginManager] Plugin 'plugin-3' v1.0.0 registered

      at PluginManager._log (src/infrastructure/plugins/PluginManager.js:483:21)

  console.info
    [PluginManager] Plugin 'plugin-4' v1.0.0 registered

      at PluginManager._log (src/infrastructure/plugins/PluginManager.js:483:21)

  console.info
    [PluginManager] Plugin 'plugin-3' enabled

      at PluginManager._log (src/infrastructure/plugins/PluginManager.js:483:21)

  console.info
    [PluginManager] Plugin 'plugin-4' enabled

      at PluginManager._log (src/infrastructure/plugins/PluginManager.js:483:21)

  console.info
    [PluginManager] Plugin 'plugin-0' v1.0.0 registered

      at PluginManager._log (src/infrastructure/plugins/PluginManager.js:483:21)

  console.info
    [PluginManager] Plugin 'plugin-1' v1.0.0 registered

      at PluginManager._log (src/infrastructure/plugins/PluginManager.js:483:21)

  console.info
    [PluginManager] Plugin 'plugin-2' v1.0.0 registered

      at PluginManager._log (src/infrastructure/plugins/PluginManager.js:483:21)

  console.info
    [PluginManager] Plugin 'plugin-3' v1.0.0 registered

      at PluginManager._log (src/infrastructure/plugins/PluginManager.js:483:21)

  console.info
    [PluginManager] Plugin 'plugin-4' v1.0.0 registered

      at PluginManager._log (src/infrastructure/plugins/PluginManager.js:483:21)

  console.info
    [PluginManager] Plugin 'plugin-5' v1.0.0 registered

      at PluginManager._log (src/infrastructure/plugins/PluginManager.js:483:21)

  console.info
    [PluginManager] Plugin 'plugin-6' v1.0.0 registered

      at PluginManager._log (src/infrastructure/plugins/PluginManager.js:483:21)

  console.info
    [PluginManager] Plugin 'plugin-5' enabled

      at PluginManager._log (src/infrastructure/plugins/PluginManager.js:483:21)

  console.info
    [PluginManager] Plugin 'plugin-6' enabled

      at PluginManager._log (src/infrastructure/plugins/PluginManager.js:483:21)

  console.info
    [PluginManager] Plugin 'plugin-0' v1.0.0 registered

      at PluginManager._log (src/infrastructure/plugins/PluginManager.js:483:21)

  console.info
    [PluginManager] Plugin 'plugin-1' v1.0.0 registered

      at PluginManager._log (src/infrastructure/plugins/PluginManager.js:483:21)

  console.info
    [PluginManager] Plugin 'plugin-2' v1.0.0 registered

      at PluginManager._log (src/infrastructure/plugins/PluginManager.js:483:21)

  console.info
    [PluginManager] Plugin 'plugin-3' v1.0.0 registered

      at PluginManager._log (src/infrastructure/plugins/PluginManager.js:483:21)

  console.info
    [PluginManager] Plugin 'plugin-4' v1.0.0 registered

      at PluginManager._log (src/infrastructure/plugins/PluginManager.js:483:21)

  console.info
    [PluginManager] Plugin 'plugin-5' v1.0.0 registered

      at PluginManager._log (src/infrastructure/plugins/PluginManager.js:483:21)

  console.info
    [PluginManager] Plugin 'plugin-6' v1.0.0 registered

      at PluginManager._log (src/infrastructure/plugins/PluginManager.js:483:21)

  console.info
    [PluginManager] Plugin 'plugin-7' v1.0.0 registered

      at PluginManager._log (src/infrastructure/plugins/PluginManager.js:483:21)

  console.info
    [PluginManager] Plugin 'plugin-3' enabled

      at PluginManager._log (src/infrastructure/plugins/PluginManager.js:483:21)

  console.info
    [PluginManager] Plugin 'plugin-4' enabled

      at PluginManager._log (src/infrastructure/plugins/PluginManager.js:483:21)

  console.info
    [PluginManager] Plugin 'plugin-5' enabled

      at PluginManager._log (src/infrastructure/plugins/PluginManager.js:483:21)

  console.info
    [PluginManager] Plugin 'plugin-6' enabled

      at PluginManager._log (src/infrastructure/plugins/PluginManager.js:483:21)

  console.info
    [PluginManager] Plugin 'plugin-7' enabled

      at PluginManager._log (src/infrastructure/plugins/PluginManager.js:483:21)

  console.info
    [PluginManager] Plugin 'plugin-0' v1.0.0 registered

      at PluginManager._log (src/infrastructure/plugins/PluginManager.js:483:21)

  console.info
    [PluginManager] Plugin 'plugin-1' v1.0.0 registered

      at PluginManager._log (src/infrastructure/plugins/PluginManager.js:483:21)

  console.info
    [PluginManager] Plugin 'plugin-2' v1.0.0 registered

      at PluginManager._log (src/infrastructure/plugins/PluginManager.js:483:21)

  console.info
    [PluginManager] Plugin 'plugin-3' v1.0.0 registered

      at PluginManager._log (src/infrastructure/plugins/PluginManager.js:483:21)

  console.info
    [PluginManager] Plugin 'plugin-4' v1.0.0 registered

      at PluginManager._log (src/infrastructure/plugins/PluginManager.js:483:21)

  console.info
    [PluginManager] Plugin 'plugin-5' v1.0.0 registered

      at PluginManager._log (src/infrastructure/plugins/PluginManager.js:483:21)

  console.info
    [PluginManager] Plugin 'plugin-6' v1.0.0 registered

      at PluginManager._log (src/infrastructure/plugins/PluginManager.js:483:21)

  console.info
    [PluginManager] Plugin 'plugin-7' v1.0.0 registered

      at PluginManager._log (src/infrastructure/plugins/PluginManager.js:483:21)

  console.info
    [PluginManager] Plugin 'plugin-8' v1.0.0 registered

      at PluginManager._log (src/infrastructure/plugins/PluginManager.js:483:21)

  console.info
    [PluginManager] Plugin 'plugin-2' enabled

      at PluginManager._log (src/infrastructure/plugins/PluginManager.js:483:21)

  console.info
    [PluginManager] Plugin 'plugin-3' enabled

      at PluginManager._log (src/infrastructure/plugins/PluginManager.js:483:21)

  console.info
    [PluginManager] Plugin 'plugin-4' enabled

      at PluginManager._log (src/infrastructure/plugins/PluginManager.js:483:21)

  console.info
    [PluginManager] Plugin 'plugin-5' enabled

      at PluginManager._log (src/infrastructure/plugins/PluginManager.js:483:21)

  console.info
    [PluginManager] Plugin 'plugin-6' enabled

      at PluginManager._log (src/infrastructure/plugins/PluginManager.js:483:21)

  console.info
    [PluginManager] Plugin 'plugin-7' enabled

      at PluginManager._log (src/infrastructure/plugins/PluginManager.js:483:21)

  console.info
    [PluginManager] Plugin 'plugin-8' enabled

      at PluginManager._log (src/infrastructure/plugins/PluginManager.js:483:21)

  console.info
    [PluginManager] Plugin 'plugin-0' v1.0.0 registered

      at PluginManager._log (src/infrastructure/plugins/PluginManager.js:483:21)

  console.info
    [PluginManager] Plugin 'plugin-1' v1.0.0 registered

      at PluginManager._log (src/infrastructure/plugins/PluginManager.js:483:21)

  console.info
    [PluginManager] Plugin 'plugin-2' v1.0.0 registered

      at PluginManager._log (src/infrastructure/plugins/PluginManager.js:483:21)

  console.info
    [PluginManager] Plugin 'plugin-3' v1.0.0 registered

      at PluginManager._log (src/infrastructure/plugins/PluginManager.js:483:21)

  console.info
    [PluginManager] Plugin 'plugin-4' v1.0.0 registered

      at PluginManager._log (src/infrastructure/plugins/PluginManager.js:483:21)

  console.info
    [PluginManager] Plugin 'plugin-4' enabled

      at PluginManager._log (src/infrastructure/plugins/PluginManager.js:483:21)

  console.info
    [PluginManager] Plugin 'plugin-0' v1.0.0 registered

      at PluginManager._log (src/infrastructure/plugins/PluginManager.js:483:21)

  console.info
    [PluginManager] Plugin 'plugin-1' v1.0.0 registered

      at PluginManager._log (src/infrastructure/plugins/PluginManager.js:483:21)

  console.info
    [PluginManager] Plugin 'plugin-2' v1.0.0 registered

      at PluginManager._log (src/infrastructure/plugins/PluginManager.js:483:21)

  console.info
    [PluginManager] Plugin 'plugin-3' v1.0.0 registered

      at PluginManager._log (src/infrastructure/plugins/PluginManager.js:483:21)

  console.info
    [PluginManager] Plugin 'plugin-4' v1.0.0 registered

      at PluginManager._log (src/infrastructure/plugins/PluginManager.js:483:21)

  console.info
    [PluginManager] Plugin 'plugin-4' enabled

      at PluginManager._log (src/infrastructure/plugins/PluginManager.js:483:21)

  console.info
    [PluginManager] Plugin 'plugin-0' v1.0.0 registered

      at PluginManager._log (src/infrastructure/plugins/PluginManager.js:483:21)

  console.info
    [PluginManager] Plugin 'plugin-1' v1.0.0 registered

      at PluginManager._log (src/infrastructure/plugins/PluginManager.js:483:21)

  console.info
    [PluginManager] Plugin 'plugin-2' v1.0.0 registered

      at PluginManager._log (src/infrastructure/plugins/PluginManager.js:483:21)

  console.info
    [PluginManager] Plugin 'plugin-3' v1.0.0 registered

      at PluginManager._log (src/infrastructure/plugins/PluginManager.js:483:21)

  console.info
    [PluginManager] Plugin 'plugin-4' v1.0.0 registered

      at PluginManager._log (src/infrastructure/plugins/PluginManager.js:483:21)

  console.info
    [PluginManager] Plugin 'plugin-5' v1.0.0 registered

      at PluginManager._log (src/infrastructure/plugins/PluginManager.js:483:21)

  console.info
    [PluginManager] Plugin 'plugin-6' v1.0.0 registered

      at PluginManager._log (src/infrastructure/plugins/PluginManager.js:483:21)

  console.info
    [PluginManager] Plugin 'plugin-1' enabled

      at PluginManager._log (src/infrastructure/plugins/PluginManager.js:483:21)

  console.info
    [PluginManager] Plugin 'plugin-2' enabled

      at PluginManager._log (src/infrastructure/plugins/PluginManager.js:483:21)

  console.info
    [PluginManager] Plugin 'plugin-3' enabled

      at PluginManager._log (src/infrastructure/plugins/PluginManager.js:483:21)

  console.info
    [PluginManager] Plugin 'plugin-4' enabled

      at PluginManager._log (src/infrastructure/plugins/PluginManager.js:483:21)

  console.info
    [PluginManager] Plugin 'plugin-5' enabled

      at PluginManager._log (src/infrastructure/plugins/PluginManager.js:483:21)

  console.info
    [PluginManager] Plugin 'plugin-6' enabled

      at PluginManager._log (src/infrastructure/plugins/PluginManager.js:483:21)

  console.info
    [PluginManager] Plugin 'plugin-0' v1.0.0 registered

      at PluginManager._log (src/infrastructure/plugins/PluginManager.js:483:21)

  console.info
    [PluginManager] Plugin 'plugin-1' v1.0.0 registered

      at PluginManager._log (src/infrastructure/plugins/PluginManager.js:483:21)

  console.info
    [PluginManager] Plugin 'plugin-2' v1.0.0 registered

      at PluginManager._log (src/infrastructure/plugins/PluginManager.js:483:21)

  console.info
    [PluginManager] Plugin 'plugin-2' enabled

      at PluginManager._log (src/infrastructure/plugins/PluginManager.js:483:21)

  console.info
    [PluginManager] Plugin 'plugin-0' v1.0.0 registered

      at PluginManager._log (src/infrastructure/plugins/PluginManager.js:483:21)

  console.info
    [PluginManager] Plugin 'plugin-1' v1.0.0 registered

      at PluginManager._log (src/infrastructure/plugins/PluginManager.js:483:21)

  console.info
    [PluginManager] Plugin 'plugin-2' v1.0.0 registered

      at PluginManager._log (src/infrastructure/plugins/PluginManager.js:483:21)

  console.info
    [PluginManager] Plugin 'plugin-3' v1.0.0 registered

      at PluginManager._log (src/infrastructure/plugins/PluginManager.js:483:21)

  console.info
    [PluginManager] Plugin 'plugin-1' enabled

      at PluginManager._log (src/infrastructure/plugins/PluginManager.js:483:21)

  console.info
    [PluginManager] Plugin 'plugin-2' enabled

      at PluginManager._log (src/infrastructure/plugins/PluginManager.js:483:21)

  console.info
    [PluginManager] Plugin 'plugin-3' enabled

      at PluginManager._log (src/infrastructure/plugins/PluginManager.js:483:21)

  console.info
    [PluginManager] Plugin 'plugin-0' v1.0.0 registered

      at PluginManager._log (src/infrastructure/plugins/PluginManager.js:483:21)

  console.info
    [PluginManager] Plugin 'plugin-1' v1.0.0 registered

      at PluginManager._log (src/infrastructure/plugins/PluginManager.js:483:21)

  console.info
    [PluginManager] Plugin 'plugin-2' v1.0.0 registered

      at PluginManager._log (src/infrastructure/plugins/PluginManager.js:483:21)

  console.info
    [PluginManager] Plugin 'plugin-3' v1.0.0 registered

      at PluginManager._log (src/infrastructure/plugins/PluginManager.js:483:21)

  console.info
    [PluginManager] Plugin 'plugin-4' v1.0.0 registered

      at PluginManager._log (src/infrastructure/plugins/PluginManager.js:483:21)

  console.info
    [PluginManager] Plugin 'plugin-3' enabled

      at PluginManager._log (src/infrastructure/plugins/PluginManager.js:483:21)

  console.info
    [PluginManager] Plugin 'plugin-4' enabled

      at PluginManager._log (src/infrastructure/plugins/PluginManager.js:483:21)

  console.info
    [PluginManager] Plugin 'plugin-0' v1.0.0 registered

      at PluginManager._log (src/infrastructure/plugins/PluginManager.js:483:21)

  console.info
    [PluginManager] Plugin 'plugin-1' v1.0.0 registered

      at PluginManager._log (src/infrastructure/plugins/PluginManager.js:483:21)

  console.info
    [PluginManager] Plugin 'plugin-2' v1.0.0 registered

      at PluginManager._log (src/infrastructure/plugins/PluginManager.js:483:21)

  console.info
    [PluginManager] Plugin 'plugin-3' v1.0.0 registered

      at PluginManager._log (src/infrastructure/plugins/PluginManager.js:483:21)

  console.info
    [PluginManager] Plugin 'plugin-1' enabled

      at PluginManager._log (src/infrastructure/plugins/PluginManager.js:483:21)

  console.info
    [PluginManager] Plugin 'plugin-2' enabled

      at PluginManager._log (src/infrastructure/plugins/PluginManager.js:483:21)

  console.info
    [PluginManager] Plugin 'plugin-3' enabled

      at PluginManager._log (src/infrastructure/plugins/PluginManager.js:483:21)

  console.info
    [PluginManager] Plugin 'plugin-0' v1.0.0 registered

      at PluginManager._log (src/infrastructure/plugins/PluginManager.js:483:21)

  console.info
    [PluginManager] Plugin 'plugin-1' v1.0.0 registered

      at PluginManager._log (src/infrastructure/plugins/PluginManager.js:483:21)

  console.info
    [PluginManager] Plugin 'plugin-2' v1.0.0 registered

      at PluginManager._log (src/infrastructure/plugins/PluginManager.js:483:21)

  console.info
    [PluginManager] Plugin 'plugin-3' v1.0.0 registered

      at PluginManager._log (src/infrastructure/plugins/PluginManager.js:483:21)

  console.info
    [PluginManager] Plugin 'plugin-4' v1.0.0 registered

      at PluginManager._log (src/infrastructure/plugins/PluginManager.js:483:21)

  console.info
    [PluginManager] Plugin 'plugin-1' enabled

      at PluginManager._log (src/infrastructure/plugins/PluginManager.js:483:21)

  console.info
    [PluginManager] Plugin 'plugin-2' enabled

      at PluginManager._log (src/infrastructure/plugins/PluginManager.js:483:21)

  console.info
    [PluginManager] Plugin 'plugin-3' enabled

      at PluginManager._log (src/infrastructure/plugins/PluginManager.js:483:21)

  console.info
    [PluginManager] Plugin 'plugin-4' enabled

      at PluginManager._log (src/infrastructure/plugins/PluginManager.js:483:21)

  console.info
    [PluginManager] Plugin 'plugin-0' v1.0.0 registered

      at PluginManager._log (src/infrastructure/plugins/PluginManager.js:483:21)

  console.info
    [PluginManager] Plugin 'plugin-1' v1.0.0 registered

      at PluginManager._log (src/infrastructure/plugins/PluginManager.js:483:21)

  console.info
    [PluginManager] Plugin 'plugin-2' v1.0.0 registered

      at PluginManager._log (src/infrastructure/plugins/PluginManager.js:483:21)

  console.info
    [PluginManager] Plugin 'plugin-3' v1.0.0 registered

      at PluginManager._log (src/infrastructure/plugins/PluginManager.js:483:21)

  console.info
    [PluginManager] Plugin 'plugin-1' enabled

      at PluginManager._log (src/infrastructure/plugins/PluginManager.js:483:21)

  console.info
    [PluginManager] Plugin 'plugin-2' enabled

      at PluginManager._log (src/infrastructure/plugins/PluginManager.js:483:21)

  console.info
    [PluginManager] Plugin 'plugin-3' enabled

      at PluginManager._log (src/infrastructure/plugins/PluginManager.js:483:21)

  console.info
    [PluginManager] Plugin 'plugin-0' v1.0.0 registered

      at PluginManager._log (src/infrastructure/plugins/PluginManager.js:483:21)

  console.info
    [PluginManager] Plugin 'plugin-1' v1.0.0 registered

      at PluginManager._log (src/infrastructure/plugins/PluginManager.js:483:21)

  console.info
    [PluginManager] Plugin 'plugin-2' v1.0.0 registered

      at PluginManager._log (src/infrastructure/plugins/PluginManager.js:483:21)

  console.info
    [PluginManager] Plugin 'plugin-3' v1.0.0 registered

      at PluginManager._log (src/infrastructure/plugins/PluginManager.js:483:21)

  console.info
    [PluginManager] Plugin 'plugin-4' v1.0.0 registered

      at PluginManager._log (src/infrastructure/plugins/PluginManager.js:483:21)

  console.info
    [PluginManager] Plugin 'plugin-5' v1.0.0 registered

      at PluginManager._log (src/infrastructure/plugins/PluginManager.js:483:21)

  console.info
    [PluginManager] Plugin 'plugin-6' v1.0.0 registered

      at PluginManager._log (src/infrastructure/plugins/PluginManager.js:483:21)

  console.info
    [PluginManager] Plugin 'plugin-7' v1.0.0 registered

      at PluginManager._log (src/infrastructure/plugins/PluginManager.js:483:21)

  console.info
    [PluginManager] Plugin 'plugin-8' v1.0.0 registered

      at PluginManager._log (src/infrastructure/plugins/PluginManager.js:483:21)

  console.info
    [PluginManager] Plugin 'plugin-2' enabled

      at PluginManager._log (src/infrastructure/plugins/PluginManager.js:483:21)

  console.info
    [PluginManager] Plugin 'plugin-3' enabled

      at PluginManager._log (src/infrastructure/plugins/PluginManager.js:483:21)

  console.info
    [PluginManager] Plugin 'plugin-4' enabled

      at PluginManager._log (src/infrastructure/plugins/PluginManager.js:483:21)

  console.info
    [PluginManager] Plugin 'plugin-5' enabled

      at PluginManager._log (src/infrastructure/plugins/PluginManager.js:483:21)

  console.info
    [PluginManager] Plugin 'plugin-6' enabled

      at PluginManager._log (src/infrastructure/plugins/PluginManager.js:483:21)

  console.info
    [PluginManager] Plugin 'plugin-7' enabled

      at PluginManager._log (src/infrastructure/plugins/PluginManager.js:483:21)

  console.info
    [PluginManager] Plugin 'plugin-8' enabled

      at PluginManager._log (src/infrastructure/plugins/PluginManager.js:483:21)

  console.info
    [PluginManager] Plugin 'plugin-0' v1.0.0 registered

      at PluginManager._log (src/infrastructure/plugins/PluginManager.js:483:21)

  console.info
    [PluginManager] Plugin 'plugin-1' v1.0.0 registered

      at PluginManager._log (src/infrastructure/plugins/PluginManager.js:483:21)

  console.info
    [PluginManager] Plugin 'plugin-2' v1.0.0 registered

      at PluginManager._log (src/infrastructure/plugins/PluginManager.js:483:21)

  console.info
    [PluginManager] Plugin 'plugin-3' v1.0.0 registered

      at PluginManager._log (src/infrastructure/plugins/PluginManager.js:483:21)

  console.info
    [PluginManager] Plugin 'plugin-4' v1.0.0 registered

      at PluginManager._log (src/infrastructure/plugins/PluginManager.js:483:21)

  console.info
    [PluginManager] Plugin 'plugin-5' v1.0.0 registered

      at PluginManager._log (src/infrastructure/plugins/PluginManager.js:483:21)

  console.info
    [PluginManager] Plugin 'plugin-6' v1.0.0 registered

      at PluginManager._log (src/infrastructure/plugins/PluginManager.js:483:21)

  console.info
    [PluginManager] Plugin 'plugin-7' v1.0.0 registered

      at PluginManager._log (src/infrastructure/plugins/PluginManager.js:483:21)

  console.info
    [PluginManager] Plugin 'plugin-1' enabled

      at PluginManager._log (src/infrastructure/plugins/PluginManager.js:483:21)

  console.info
    [PluginManager] Plugin 'plugin-2' enabled

      at PluginManager._log (src/infrastructure/plugins/PluginManager.js:483:21)

  console.info
    [PluginManager] Plugin 'plugin-3' enabled

      at PluginManager._log (src/infrastructure/plugins/PluginManager.js:483:21)

  console.info
    [PluginManager] Plugin 'plugin-4' enabled

      at PluginManager._log (src/infrastructure/plugins/PluginManager.js:483:21)

  console.info
    [PluginManager] Plugin 'plugin-5' enabled

      at PluginManager._log (src/infrastructure/plugins/PluginManager.js:483:21)

  console.info
    [PluginManager] Plugin 'plugin-6' enabled

      at PluginManager._log (src/infrastructure/plugins/PluginManager.js:483:21)

  console.info
    [PluginManager] Plugin 'plugin-7' enabled

      at PluginManager._log (src/infrastructure/plugins/PluginManager.js:483:21)

  console.info
    [PluginManager] Plugin 'plugin-0' v1.0.0 registered

      at PluginManager._log (src/infrastructure/plugins/PluginManager.js:483:21)

  console.info
    [PluginManager] Plugin 'plugin-1' v1.0.0 registered

      at PluginManager._log (src/infrastructure/plugins/PluginManager.js:483:21)

  console.info
    [PluginManager] Plugin 'plugin-2' v1.0.0 registered

      at PluginManager._log (src/infrastructure/plugins/PluginManager.js:483:21)

  console.info
    [PluginManager] Plugin 'plugin-3' v1.0.0 registered

      at PluginManager._log (src/infrastructure/plugins/PluginManager.js:483:21)

  console.info
    [PluginManager] Plugin 'plugin-3' enabled

      at PluginManager._log (src/infrastructure/plugins/PluginManager.js:483:21)

  console.info
    [PluginManager] Plugin 'plugin-0' v1.0.0 registered

      at PluginManager._log (src/infrastructure/plugins/PluginManager.js:483:21)

  console.info
    [PluginManager] Plugin 'plugin-1' v1.0.0 registered

      at PluginManager._log (src/infrastructure/plugins/PluginManager.js:483:21)

  console.info
    [PluginManager] Plugin 'plugin-2' v1.0.0 registered

      at PluginManager._log (src/infrastructure/plugins/PluginManager.js:483:21)

  console.info
    [PluginManager] Plugin 'plugin-3' v1.0.0 registered

      at PluginManager._log (src/infrastructure/plugins/PluginManager.js:483:21)

  console.info
    [PluginManager] Plugin 'plugin-4' v1.0.0 registered

      at PluginManager._log (src/infrastructure/plugins/PluginManager.js:483:21)

  console.info
    [PluginManager] Plugin 'plugin-5' v1.0.0 registered

      at PluginManager._log (src/infrastructure/plugins/PluginManager.js:483:21)

  console.info
    [PluginManager] Plugin 'plugin-6' v1.0.0 registered

      at PluginManager._log (src/infrastructure/plugins/PluginManager.js:483:21)

  console.info
    [PluginManager] Plugin 'plugin-7' v1.0.0 registered

      at PluginManager._log (src/infrastructure/plugins/PluginManager.js:483:21)

  console.info
    [PluginManager] Plugin 'plugin-8' v1.0.0 registered

      at PluginManager._log (src/infrastructure/plugins/PluginManager.js:483:21)

  console.info
    [PluginManager] Plugin 'plugin-9' v1.0.0 registered

      at PluginManager._log (src/infrastructure/plugins/PluginManager.js:483:21)

  console.info
    [PluginManager] Plugin 'plugin-5' enabled

      at PluginManager._log (src/infrastructure/plugins/PluginManager.js:483:21)

  console.info
    [PluginManager] Plugin 'plugin-6' enabled

      at PluginManager._log (src/infrastructure/plugins/PluginManager.js:483:21)

  console.info
    [PluginManager] Plugin 'plugin-7' enabled

      at PluginManager._log (src/infrastructure/plugins/PluginManager.js:483:21)

  console.info
    [PluginManager] Plugin 'plugin-8' enabled

      at PluginManager._log (src/infrastructure/plugins/PluginManager.js:483:21)

  console.info
    [PluginManager] Plugin 'plugin-9' enabled

      at PluginManager._log (src/infrastructure/plugins/PluginManager.js:483:21)

  console.info
    [PluginManager] Plugin 'plugin-0' v1.0.0 registered

      at PluginManager._log (src/infrastructure/plugins/PluginManager.js:483:21)

  console.info
    [PluginManager] Plugin 'plugin-1' v1.0.0 registered

      at PluginManager._log (src/infrastructure/plugins/PluginManager.js:483:21)

  console.info
    [PluginManager] Plugin 'plugin-2' v1.0.0 registered

      at PluginManager._log (src/infrastructure/plugins/PluginManager.js:483:21)

  console.info
    [PluginManager] Plugin 'plugin-3' v1.0.0 registered

      at PluginManager._log (src/infrastructure/plugins/PluginManager.js:483:21)

  console.info
    [PluginManager] Plugin 'plugin-3' enabled

      at PluginManager._log (src/infrastructure/plugins/PluginManager.js:483:21)

  console.info
    [PluginManager] Plugin 'plugin-0' v1.0.0 registered

      at PluginManager._log (src/infrastructure/plugins/PluginManager.js:483:21)

  console.info
    [PluginManager] Plugin 'plugin-1' v1.0.0 registered

      at PluginManager._log (src/infrastructure/plugins/PluginManager.js:483:21)

  console.info
    [PluginManager] Plugin 'plugin-2' v1.0.0 registered

      at PluginManager._log (src/infrastructure/plugins/PluginManager.js:483:21)

  console.info
    [PluginManager] Plugin 'plugin-3' v1.0.0 registered

      at PluginManager._log (src/infrastructure/plugins/PluginManager.js:483:21)

  console.info
    [PluginManager] Plugin 'plugin-2' enabled

      at PluginManager._log (src/infrastructure/plugins/PluginManager.js:483:21)

  console.info
    [PluginManager] Plugin 'plugin-3' enabled

      at PluginManager._log (src/infrastructure/plugins/PluginManager.js:483:21)

  console.info
    [PluginManager] Plugin 'plugin-0' v1.0.0 registered

      at PluginManager._log (src/infrastructure/plugins/PluginManager.js:483:21)

  console.info
    [PluginManager] Plugin 'plugin-1' v1.0.0 registered

      at PluginManager._log (src/infrastructure/plugins/PluginManager.js:483:21)

  console.info
    [PluginManager] Plugin 'plugin-2' v1.0.0 registered

      at PluginManager._log (src/infrastructure/plugins/PluginManager.js:483:21)

  console.info
    [PluginManager] Plugin 'plugin-3' v1.0.0 registered

      at PluginManager._log (src/infrastructure/plugins/PluginManager.js:483:21)

  console.info
    [PluginManager] Plugin 'plugin-4' v1.0.0 registered

      at PluginManager._log (src/infrastructure/plugins/PluginManager.js:483:21)

  console.info
    [PluginManager] Plugin 'plugin-5' v1.0.0 registered

      at PluginManager._log (src/infrastructure/plugins/PluginManager.js:483:21)

  console.info
    [PluginManager] Plugin 'plugin-6' v1.0.0 registered

      at PluginManager._log (src/infrastructure/plugins/PluginManager.js:483:21)

  console.info
    [PluginManager] Plugin 'plugin-7' v1.0.0 registered

      at PluginManager._log (src/infrastructure/plugins/PluginManager.js:483:21)

  console.info
    [PluginManager] Plugin 'plugin-8' v1.0.0 registered

      at PluginManager._log (src/infrastructure/plugins/PluginManager.js:483:21)

  console.info
    [PluginManager] Plugin 'plugin-4' enabled

      at PluginManager._log (src/infrastructure/plugins/PluginManager.js:483:21)

  console.info
    [PluginManager] Plugin 'plugin-5' enabled

      at PluginManager._log (src/infrastructure/plugins/PluginManager.js:483:21)

  console.info
    [PluginManager] Plugin 'plugin-6' enabled

      at PluginManager._log (src/infrastructure/plugins/PluginManager.js:483:21)

  console.info
    [PluginManager] Plugin 'plugin-7' enabled

      at PluginManager._log (src/infrastructure/plugins/PluginManager.js:483:21)

  console.info
    [PluginManager] Plugin 'plugin-8' enabled

      at PluginManager._log (src/infrastructure/plugins/PluginManager.js:483:21)

  console.info
    [PluginManager] Plugin 'plugin-0' v1.0.0 registered

      at PluginManager._log (src/infrastructure/plugins/PluginManager.js:483:21)

  console.info
    [PluginManager] Plugin 'plugin-1' v1.0.0 registered

      at PluginManager._log (src/infrastructure/plugins/PluginManager.js:483:21)

  console.info
    [PluginManager] Plugin 'plugin-2' v1.0.0 registered

      at PluginManager._log (src/infrastructure/plugins/PluginManager.js:483:21)

  console.info
    [PluginManager] Plugin 'plugin-2' enabled

      at PluginManager._log (src/infrastructure/plugins/PluginManager.js:483:21)

  console.info
    [PluginManager] Plugin 'plugin-0' v1.0.0 registered

      at PluginManager._log (src/infrastructure/plugins/PluginManager.js:483:21)

  console.info
    [PluginManager] Plugin 'plugin-1' v1.0.0 registered

      at PluginManager._log (src/infrastructure/plugins/PluginManager.js:483:21)

  console.info
    [PluginManager] Plugin 'plugin-2' v1.0.0 registered

      at PluginManager._log (src/infrastructure/plugins/PluginManager.js:483:21)

  console.info
    [PluginManager] Plugin 'plugin-2' enabled

      at PluginManager._log (src/infrastructure/plugins/PluginManager.js:483:21)

  console.info
    [PluginManager] Plugin 'plugin-0' v1.0.0 registered

      at PluginManager._log (src/infrastructure/plugins/PluginManager.js:483:21)

  console.info
    [PluginManager] Plugin 'plugin-1' v1.0.0 registered

      at PluginManager._log (src/infrastructure/plugins/PluginManager.js:483:21)

  console.info
    [PluginManager] Plugin 'plugin-2' v1.0.0 registered

      at PluginManager._log (src/infrastructure/plugins/PluginManager.js:483:21)

  console.info
    [PluginManager] Plugin 'plugin-3' v1.0.0 registered

      at PluginManager._log (src/infrastructure/plugins/PluginManager.js:483:21)

  console.info
    [PluginManager] Plugin 'plugin-4' v1.0.0 registered

      at PluginManager._log (src/infrastructure/plugins/PluginManager.js:483:21)

  console.info
    [PluginManager] Plugin 'plugin-5' v1.0.0 registered

      at PluginManager._log (src/infrastructure/plugins/PluginManager.js:483:21)

  console.info
    [PluginManager] Plugin 'plugin-6' v1.0.0 registered

      at PluginManager._log (src/infrastructure/plugins/PluginManager.js:483:21)

  console.info
    [PluginManager] Plugin 'plugin-7' v1.0.0 registered

      at PluginManager._log (src/infrastructure/plugins/PluginManager.js:483:21)

  console.info
    [PluginManager] Plugin 'plugin-8' v1.0.0 registered

      at PluginManager._log (src/infrastructure/plugins/PluginManager.js:483:21)

  console.info
    [PluginManager] Plugin 'plugin-9' v1.0.0 registered

      at PluginManager._log (src/infrastructure/plugins/PluginManager.js:483:21)

  console.info
    [PluginManager] Plugin 'plugin-3' enabled

      at PluginManager._log (src/infrastructure/plugins/PluginManager.js:483:21)

  console.info
    [PluginManager] Plugin 'plugin-4' enabled

      at PluginManager._log (src/infrastructure/plugins/PluginManager.js:483:21)

  console.info
    [PluginManager] Plugin 'plugin-5' enabled

      at PluginManager._log (src/infrastructure/plugins/PluginManager.js:483:21)

  console.info
    [PluginManager] Plugin 'plugin-6' enabled

      at PluginManager._log (src/infrastructure/plugins/PluginManager.js:483:21)

  console.info
    [PluginManager] Plugin 'plugin-7' enabled

      at PluginManager._log (src/infrastructure/plugins/PluginManager.js:483:21)

  console.info
    [PluginManager] Plugin 'plugin-8' enabled

      at PluginManager._log (src/infrastructure/plugins/PluginManager.js:483:21)

  console.info
    [PluginManager] Plugin 'plugin-9' enabled

      at PluginManager._log (src/infrastructure/plugins/PluginManager.js:483:21)

  console.info
    [PluginManager] Plugin 'plugin-0' v1.0.0 registered

      at PluginManager._log (src/infrastructure/plugins/PluginManager.js:483:21)

  console.info
    [PluginManager] Plugin 'plugin-1' v1.0.0 registered

      at PluginManager._log (src/infrastructure/plugins/PluginManager.js:483:21)

  console.info
    [PluginManager] Plugin 'plugin-2' v1.0.0 registered

      at PluginManager._log (src/infrastructure/plugins/PluginManager.js:483:21)

  console.info
    [PluginManager] Plugin 'plugin-3' v1.0.0 registered

      at PluginManager._log (src/infrastructure/plugins/PluginManager.js:483:21)

  console.info
    [PluginManager] Plugin 'plugin-4' v1.0.0 registered

      at PluginManager._log (src/infrastructure/plugins/PluginManager.js:483:21)

  console.info
    [PluginManager] Plugin 'plugin-1' enabled

      at PluginManager._log (src/infrastructure/plugins/PluginManager.js:483:21)

  console.info
    [PluginManager] Plugin 'plugin-2' enabled

      at PluginManager._log (src/infrastructure/plugins/PluginManager.js:483:21)

  console.info
    [PluginManager] Plugin 'plugin-3' enabled

      at PluginManager._log (src/infrastructure/plugins/PluginManager.js:483:21)

  console.info
    [PluginManager] Plugin 'plugin-4' enabled

      at PluginManager._log (src/infrastructure/plugins/PluginManager.js:483:21)

  console.info
    [PluginManager] Plugin 'plugin-0' v1.0.0 registered

      at PluginManager._log (src/infrastructure/plugins/PluginManager.js:483:21)

  console.info
    [PluginManager] Plugin 'plugin-1' v1.0.0 registered

      at PluginManager._log (src/infrastructure/plugins/PluginManager.js:483:21)

  console.info
    [PluginManager] Plugin 'plugin-2' v1.0.0 registered

      at PluginManager._log (src/infrastructure/plugins/PluginManager.js:483:21)

  console.info
    [PluginManager] Plugin 'plugin-3' v1.0.0 registered

      at PluginManager._log (src/infrastructure/plugins/PluginManager.js:483:21)

  console.info
    [PluginManager] Plugin 'plugin-4' v1.0.0 registered

      at PluginManager._log (src/infrastructure/plugins/PluginManager.js:483:21)

  console.info
    [PluginManager] Plugin 'plugin-5' v1.0.0 registered

      at PluginManager._log (src/infrastructure/plugins/PluginManager.js:483:21)

  console.info
    [PluginManager] Plugin 'plugin-6' v1.0.0 registered

      at PluginManager._log (src/infrastructure/plugins/PluginManager.js:483:21)

  console.info
    [PluginManager] Plugin 'plugin-7' v1.0.0 registered

      at PluginManager._log (src/infrastructure/plugins/PluginManager.js:483:21)

  console.info
    [PluginManager] Plugin 'plugin-8' v1.0.0 registered

      at PluginManager._log (src/infrastructure/plugins/PluginManager.js:483:21)

  console.info
    [PluginManager] Plugin 'plugin-1' enabled

      at PluginManager._log (src/infrastructure/plugins/PluginManager.js:483:21)

  console.info
    [PluginManager] Plugin 'plugin-2' enabled

      at PluginManager._log (src/infrastructure/plugins/PluginManager.js:483:21)

  console.info
    [PluginManager] Plugin 'plugin-3' enabled

      at PluginManager._log (src/infrastructure/plugins/PluginManager.js:483:21)

  console.info
    [PluginManager] Plugin 'plugin-4' enabled

      at PluginManager._log (src/infrastructure/plugins/PluginManager.js:483:21)

  console.info
    [PluginManager] Plugin 'plugin-5' enabled

      at PluginManager._log (src/infrastructure/plugins/PluginManager.js:483:21)

  console.info
    [PluginManager] Plugin 'plugin-6' enabled

      at PluginManager._log (src/infrastructure/plugins/PluginManager.js:483:21)

  console.info
    [PluginManager] Plugin 'plugin-7' enabled

      at PluginManager._log (src/infrastructure/plugins/PluginManager.js:483:21)

  console.info
    [PluginManager] Plugin 'plugin-8' enabled

      at PluginManager._log (src/infrastructure/plugins/PluginManager.js:483:21)

  console.info
    [PluginManager] Plugin 'plugin-0' v1.0.0 registered

      at PluginManager._log (src/infrastructure/plugins/PluginManager.js:483:21)

  console.info
    [PluginManager] Plugin 'plugin-1' v1.0.0 registered

      at PluginManager._log (src/infrastructure/plugins/PluginManager.js:483:21)

  console.info
    [PluginManager] Plugin 'plugin-2' v1.0.0 registered

      at PluginManager._log (src/infrastructure/plugins/PluginManager.js:483:21)

  console.info
    [PluginManager] Plugin 'plugin-3' v1.0.0 registered

      at PluginManager._log (src/infrastructure/plugins/PluginManager.js:483:21)

  console.info
    [PluginManager] Plugin 'plugin-4' v1.0.0 registered

      at PluginManager._log (src/infrastructure/plugins/PluginManager.js:483:21)

  console.info
    [PluginManager] Plugin 'plugin-5' v1.0.0 registered

      at PluginManager._log (src/infrastructure/plugins/PluginManager.js:483:21)

  console.info
    [PluginManager] Plugin 'plugin-6' v1.0.0 registered

      at PluginManager._log (src/infrastructure/plugins/PluginManager.js:483:21)

  console.info
    [PluginManager] Plugin 'plugin-4' enabled

      at PluginManager._log (src/infrastructure/plugins/PluginManager.js:483:21)

  console.info
    [PluginManager] Plugin 'plugin-5' enabled

      at PluginManager._log (src/infrastructure/plugins/PluginManager.js:483:21)

  console.info
    [PluginManager] Plugin 'plugin-6' enabled

      at PluginManager._log (src/infrastructure/plugins/PluginManager.js:483:21)

  console.info
    [PluginManager] Plugin 'plugin-0' v1.0.0 registered

      at PluginManager._log (src/infrastructure/plugins/PluginManager.js:483:21)

  console.info
    [PluginManager] Plugin 'plugin-1' v1.0.0 registered

      at PluginManager._log (src/infrastructure/plugins/PluginManager.js:483:21)

  console.info
    [PluginManager] Plugin 'plugin-2' v1.0.0 registered

      at PluginManager._log (src/infrastructure/plugins/PluginManager.js:483:21)

  console.info
    [PluginManager] Plugin 'plugin-2' enabled

      at PluginManager._log (src/infrastructure/plugins/PluginManager.js:483:21)

  console.info
    [PluginManager] Plugin 'plugin-0' v1.0.0 registered

      at PluginManager._log (src/infrastructure/plugins/PluginManager.js:483:21)

  console.info
    [PluginManager] Plugin 'plugin-1' v1.0.0 registered

      at PluginManager._log (src/infrastructure/plugins/PluginManager.js:483:21)

  console.info
    [PluginManager] Plugin 'plugin-2' v1.0.0 registered

      at PluginManager._log (src/infrastructure/plugins/PluginManager.js:483:21)

  console.info
    [PluginManager] Plugin 'plugin-3' v1.0.0 registered

      at PluginManager._log (src/infrastructure/plugins/PluginManager.js:483:21)

  console.info
    [PluginManager] Plugin 'plugin-4' v1.0.0 registered

      at PluginManager._log (src/infrastructure/plugins/PluginManager.js:483:21)

  console.info
    [PluginManager] Plugin 'plugin-5' v1.0.0 registered

      at PluginManager._log (src/infrastructure/plugins/PluginManager.js:483:21)

  console.info
    [PluginManager] Plugin 'plugin-6' v1.0.0 registered

      at PluginManager._log (src/infrastructure/plugins/PluginManager.js:483:21)

  console.info
    [PluginManager] Plugin 'plugin-7' v1.0.0 registered

      at PluginManager._log (src/infrastructure/plugins/PluginManager.js:483:21)

  console.info
    [PluginManager] Plugin 'plugin-8' v1.0.0 registered

      at PluginManager._log (src/infrastructure/plugins/PluginManager.js:483:21)

  console.info
    [PluginManager] Plugin 'plugin-9' v1.0.0 registered

      at PluginManager._log (src/infrastructure/plugins/PluginManager.js:483:21)

  console.info
    [PluginManager] Plugin 'plugin-4' enabled

      at PluginManager._log (src/infrastructure/plugins/PluginManager.js:483:21)

  console.info
    [PluginManager] Plugin 'plugin-5' enabled

      at PluginManager._log (src/infrastructure/plugins/PluginManager.js:483:21)

  console.info
    [PluginManager] Plugin 'plugin-6' enabled

      at PluginManager._log (src/infrastructure/plugins/PluginManager.js:483:21)

  console.info
    [PluginManager] Plugin 'plugin-7' enabled

      at PluginManager._log (src/infrastructure/plugins/PluginManager.js:483:21)

  console.info
    [PluginManager] Plugin 'plugin-8' enabled

      at PluginManager._log (src/infrastructure/plugins/PluginManager.js:483:21)

  console.info
    [PluginManager] Plugin 'plugin-9' enabled

      at PluginManager._log (src/infrastructure/plugins/PluginManager.js:483:21)

  console.info
    [PluginManager] Plugin 'plugin-0' v1.0.0 registered

      at PluginManager._log (src/infrastructure/plugins/PluginManager.js:483:21)

  console.info
    [PluginManager] Plugin 'plugin-1' v1.0.0 registered

      at PluginManager._log (src/infrastructure/plugins/PluginManager.js:483:21)

  console.info
    [PluginManager] Plugin 'plugin-2' v1.0.0 registered

      at PluginManager._log (src/infrastructure/plugins/PluginManager.js:483:21)

  console.info
    [PluginManager] Plugin 'plugin-2' enabled

      at PluginManager._log (src/infrastructure/plugins/PluginManager.js:483:21)

  console.info
    [PluginManager] Plugin 'plugin-0' v1.0.0 registered

      at PluginManager._log (src/infrastructure/plugins/PluginManager.js:483:21)

  console.info
    [PluginManager] Plugin 'plugin-1' v1.0.0 registered

      at PluginManager._log (src/infrastructure/plugins/PluginManager.js:483:21)

  console.info
    [PluginManager] Plugin 'plugin-2' v1.0.0 registered

      at PluginManager._log (src/infrastructure/plugins/PluginManager.js:483:21)

  console.info
    [PluginManager] Plugin 'plugin-3' v1.0.0 registered

      at PluginManager._log (src/infrastructure/plugins/PluginManager.js:483:21)

  console.info
    [PluginManager] Plugin 'plugin-4' v1.0.0 registered

      at PluginManager._log (src/infrastructure/plugins/PluginManager.js:483:21)

  console.info
    [PluginManager] Plugin 'plugin-5' v1.0.0 registered

      at PluginManager._log (src/infrastructure/plugins/PluginManager.js:483:21)

  console.info
    [PluginManager] Plugin 'plugin-6' v1.0.0 registered

      at PluginManager._log (src/infrastructure/plugins/PluginManager.js:483:21)

  console.info
    [PluginManager] Plugin 'plugin-2' enabled

      at PluginManager._log (src/infrastructure/plugins/PluginManager.js:483:21)

  console.info
    [PluginManager] Plugin 'plugin-3' enabled

      at PluginManager._log (src/infrastructure/plugins/PluginManager.js:483:21)

  console.info
    [PluginManager] Plugin 'plugin-4' enabled

      at PluginManager._log (src/infrastructure/plugins/PluginManager.js:483:21)

  console.info
    [PluginManager] Plugin 'plugin-5' enabled

      at PluginManager._log (src/infrastructure/plugins/PluginManager.js:483:21)

  console.info
    [PluginManager] Plugin 'plugin-6' enabled

      at PluginManager._log (src/infrastructure/plugins/PluginManager.js:483:21)

  console.info
    [PluginManager] Plugin 'plugin-0' v1.0.0 registered

      at PluginManager._log (src/infrastructure/plugins/PluginManager.js:483:21)

  console.info
    [PluginManager] Plugin 'plugin-1' v1.0.0 registered

      at PluginManager._log (src/infrastructure/plugins/PluginManager.js:483:21)

  console.info
    [PluginManager] Plugin 'plugin-2' v1.0.0 registered

      at PluginManager._log (src/infrastructure/plugins/PluginManager.js:483:21)

  console.info
    [PluginManager] Plugin 'plugin-3' v1.0.0 registered

      at PluginManager._log (src/infrastructure/plugins/PluginManager.js:483:21)

  console.info
    [PluginManager] Plugin 'plugin-4' v1.0.0 registered

      at PluginManager._log (src/infrastructure/plugins/PluginManager.js:483:21)

  console.info
    [PluginManager] Plugin 'plugin-5' v1.0.0 registered

      at PluginManager._log (src/infrastructure/plugins/PluginManager.js:483:21)

  console.info
    [PluginManager] Plugin 'plugin-6' v1.0.0 registered

      at PluginManager._log (src/infrastructure/plugins/PluginManager.js:483:21)

  console.info
    [PluginManager] Plugin 'plugin-7' v1.0.0 registered

      at PluginManager._log (src/infrastructure/plugins/PluginManager.js:483:21)

  console.info
    [PluginManager] Plugin 'plugin-8' v1.0.0 registered

      at PluginManager._log (src/infrastructure/plugins/PluginManager.js:483:21)

  console.info
    [PluginManager] Plugin 'plugin-9' v1.0.0 registered

      at PluginManager._log (src/infrastructure/plugins/PluginManager.js:483:21)

  console.info
    [PluginManager] Plugin 'plugin-2' enabled

      at PluginManager._log (src/infrastructure/plugins/PluginManager.js:483:21)

  console.info
    [PluginManager] Plugin 'plugin-3' enabled

      at PluginManager._log (src/infrastructure/plugins/PluginManager.js:483:21)

  console.info
    [PluginManager] Plugin 'plugin-4' enabled

      at PluginManager._log (src/infrastructure/plugins/PluginManager.js:483:21)

  console.info
    [PluginManager] Plugin 'plugin-5' enabled

      at PluginManager._log (src/infrastructure/plugins/PluginManager.js:483:21)

  console.info
    [PluginManager] Plugin 'plugin-6' enabled

      at PluginManager._log (src/infrastructure/plugins/PluginManager.js:483:21)

  console.info
    [PluginManager] Plugin 'plugin-7' enabled

      at PluginManager._log (src/infrastructure/plugins/PluginManager.js:483:21)

  console.info
    [PluginManager] Plugin 'plugin-8' enabled

      at PluginManager._log (src/infrastructure/plugins/PluginManager.js:483:21)

  console.info
    [PluginManager] Plugin 'plugin-9' enabled

      at PluginManager._log (src/infrastructure/plugins/PluginManager.js:483:21)

  console.info
    [PluginManager] Plugin 'plugin-0' v1.0.0 registered

      at PluginManager._log (src/infrastructure/plugins/PluginManager.js:483:21)

  console.info
    [PluginManager] Plugin 'plugin-1' v1.0.0 registered

      at PluginManager._log (src/infrastructure/plugins/PluginManager.js:483:21)

  console.info
    [PluginManager] Plugin 'plugin-2' v1.0.0 registered

      at PluginManager._log (src/infrastructure/plugins/PluginManager.js:483:21)

  console.info
    [PluginManager] Plugin 'plugin-3' v1.0.0 registered

      at PluginManager._log (src/infrastructure/plugins/PluginManager.js:483:21)

  console.info
    [PluginManager] Plugin 'plugin-4' v1.0.0 registered

      at PluginManager._log (src/infrastructure/plugins/PluginManager.js:483:21)

  console.info
    [PluginManager] Plugin 'plugin-1' enabled

      at PluginManager._log (src/infrastructure/plugins/PluginManager.js:483:21)

  console.info
    [PluginManager] Plugin 'plugin-2' enabled

      at PluginManager._log (src/infrastructure/plugins/PluginManager.js:483:21)

  console.info
    [PluginManager] Plugin 'plugin-3' enabled

      at PluginManager._log (src/infrastructure/plugins/PluginManager.js:483:21)

  console.info
    [PluginManager] Plugin 'plugin-4' enabled

      at PluginManager._log (src/infrastructure/plugins/PluginManager.js:483:21)

  console.info
    [PluginManager] Plugin 'plugin-0' v1.0.0 registered

      at PluginManager._log (src/infrastructure/plugins/PluginManager.js:483:21)

  console.info
    [PluginManager] Plugin 'plugin-1' v1.0.0 registered

      at PluginManager._log (src/infrastructure/plugins/PluginManager.js:483:21)

  console.info
    [PluginManager] Plugin 'plugin-2' v1.0.0 registered

      at PluginManager._log (src/infrastructure/plugins/PluginManager.js:483:21)

  console.info
    [PluginManager] Plugin 'plugin-3' v1.0.0 registered

      at PluginManager._log (src/infrastructure/plugins/PluginManager.js:483:21)

  console.info
    [PluginManager] Plugin 'plugin-3' enabled

      at PluginManager._log (src/infrastructure/plugins/PluginManager.js:483:21)

  console.info
    [PluginManager] Plugin 'plugin-0' v1.0.0 registered

      at PluginManager._log (src/infrastructure/plugins/PluginManager.js:483:21)

  console.info
    [PluginManager] Plugin 'plugin-1' v1.0.0 registered

      at PluginManager._log (src/infrastructure/plugins/PluginManager.js:483:21)

  console.info
    [PluginManager] Plugin 'plugin-2' v1.0.0 registered

      at PluginManager._log (src/infrastructure/plugins/PluginManager.js:483:21)

  console.info
    [PluginManager] Plugin 'plugin-2' enabled

      at PluginManager._log (src/infrastructure/plugins/PluginManager.js:483:21)

  console.info
    [PluginManager] Plugin 'plugin-0' v1.0.0 registered

      at PluginManager._log (src/infrastructure/plugins/PluginManager.js:483:21)

  console.info
    [PluginManager] Plugin 'plugin-1' v1.0.0 registered

      at PluginManager._log (src/infrastructure/plugins/PluginManager.js:483:21)

  console.info
    [PluginManager] Plugin 'plugin-2' v1.0.0 registered

      at PluginManager._log (src/infrastructure/plugins/PluginManager.js:483:21)

  console.info
    [PluginManager] Plugin 'plugin-3' v1.0.0 registered

      at PluginManager._log (src/infrastructure/plugins/PluginManager.js:483:21)

  console.info
    [PluginManager] Plugin 'plugin-3' enabled

      at PluginManager._log (src/infrastructure/plugins/PluginManager.js:483:21)

  console.info
    [PluginManager] Plugin 'plugin-0' v1.0.0 registered

      at PluginManager._log (src/infrastructure/plugins/PluginManager.js:483:21)

  console.info
    [PluginManager] Plugin 'plugin-1' v1.0.0 registered

      at PluginManager._log (src/infrastructure/plugins/PluginManager.js:483:21)

  console.info
    [PluginManager] Plugin 'plugin-2' v1.0.0 registered

      at PluginManager._log (src/infrastructure/plugins/PluginManager.js:483:21)

  console.info
    [PluginManager] Plugin 'plugin-1' enabled

      at PluginManager._log (src/infrastructure/plugins/PluginManager.js:483:21)

  console.info
    [PluginManager] Plugin 'plugin-2' enabled

      at PluginManager._log (src/infrastructure/plugins/PluginManager.js:483:21)

  console.info
    [PluginManager] Plugin 'plugin-0' v1.0.0 registered

      at PluginManager._log (src/infrastructure/plugins/PluginManager.js:483:21)

  console.info
    [PluginManager] Plugin 'plugin-1' v1.0.0 registered

      at PluginManager._log (src/infrastructure/plugins/PluginManager.js:483:21)

  console.info
    [PluginManager] Plugin 'plugin-2' v1.0.0 registered

      at PluginManager._log (src/infrastructure/plugins/PluginManager.js:483:21)

  console.info
    [PluginManager] Plugin 'plugin-3' v1.0.0 registered

      at PluginManager._log (src/infrastructure/plugins/PluginManager.js:483:21)

  console.info
    [PluginManager] Plugin 'plugin-4' v1.0.0 registered

      at PluginManager._log (src/infrastructure/plugins/PluginManager.js:483:21)

  console.info
    [PluginManager] Plugin 'plugin-5' v1.0.0 registered

      at PluginManager._log (src/infrastructure/plugins/PluginManager.js:483:21)

  console.info
    [PluginManager] Plugin 'plugin-6' v1.0.0 registered

      at PluginManager._log (src/infrastructure/plugins/PluginManager.js:483:21)

  console.info
    [PluginManager] Plugin 'plugin-7' v1.0.0 registered

      at PluginManager._log (src/infrastructure/plugins/PluginManager.js:483:21)

  console.info
    [PluginManager] Plugin 'plugin-8' v1.0.0 registered

      at PluginManager._log (src/infrastructure/plugins/PluginManager.js:483:21)

  console.info
    [PluginManager] Plugin 'plugin-9' v1.0.0 registered

      at PluginManager._log (src/infrastructure/plugins/PluginManager.js:483:21)

  console.info
    [PluginManager] Plugin 'plugin-2' enabled

      at PluginManager._log (src/infrastructure/plugins/PluginManager.js:483:21)

  console.info
    [PluginManager] Plugin 'plugin-3' enabled

      at PluginManager._log (src/infrastructure/plugins/PluginManager.js:483:21)

  console.info
    [PluginManager] Plugin 'plugin-4' enabled

      at PluginManager._log (src/infrastructure/plugins/PluginManager.js:483:21)

  console.info
    [PluginManager] Plugin 'plugin-5' enabled

      at PluginManager._log (src/infrastructure/plugins/PluginManager.js:483:21)

  console.info
    [PluginManager] Plugin 'plugin-6' enabled

      at PluginManager._log (src/infrastructure/plugins/PluginManager.js:483:21)

  console.info
    [PluginManager] Plugin 'plugin-7' enabled

      at PluginManager._log (src/infrastructure/plugins/PluginManager.js:483:21)

  console.info
    [PluginManager] Plugin 'plugin-8' enabled

      at PluginManager._log (src/infrastructure/plugins/PluginManager.js:483:21)

  console.info
    [PluginManager] Plugin 'plugin-9' enabled

      at PluginManager._log (src/infrastructure/plugins/PluginManager.js:483:21)

  console.info
    [PluginManager] Plugin 'plugin-0' v1.0.0 registered

      at PluginManager._log (src/infrastructure/plugins/PluginManager.js:483:21)

  console.info
    [PluginManager] Plugin 'plugin-1' v1.0.0 registered

      at PluginManager._log (src/infrastructure/plugins/PluginManager.js:483:21)

  console.info
    [PluginManager] Plugin 'plugin-2' v1.0.0 registered

      at PluginManager._log (src/infrastructure/plugins/PluginManager.js:483:21)

  console.info
    [PluginManager] Plugin 'plugin-3' v1.0.0 registered

      at PluginManager._log (src/infrastructure/plugins/PluginManager.js:483:21)

  console.info
    [PluginManager] Plugin 'plugin-1' enabled

      at PluginManager._log (src/infrastructure/plugins/PluginManager.js:483:21)

  console.info
    [PluginManager] Plugin 'plugin-2' enabled

      at PluginManager._log (src/infrastructure/plugins/PluginManager.js:483:21)

  console.info
    [PluginManager] Plugin 'plugin-3' enabled

      at PluginManager._log (src/infrastructure/plugins/PluginManager.js:483:21)

  console.info
    [PluginManager] Plugin 'plugin-0' v1.0.0 registered

      at PluginManager._log (src/infrastructure/plugins/PluginManager.js:483:21)

  console.info
    [PluginManager] Plugin 'plugin-1' v1.0.0 registered

      at PluginManager._log (src/infrastructure/plugins/PluginManager.js:483:21)

  console.info
    [PluginManager] Plugin 'plugin-2' v1.0.0 registered

      at PluginManager._log (src/infrastructure/plugins/PluginManager.js:483:21)

  console.info
    [PluginManager] Plugin 'plugin-3' v1.0.0 registered

      at PluginManager._log (src/infrastructure/plugins/PluginManager.js:483:21)

  console.info
    [PluginManager] Plugin 'plugin-4' v1.0.0 registered

      at PluginManager._log (src/infrastructure/plugins/PluginManager.js:483:21)

  console.info
    [PluginManager] Plugin 'plugin-5' v1.0.0 registered

      at PluginManager._log (src/infrastructure/plugins/PluginManager.js:483:21)

  console.info
    [PluginManager] Plugin 'plugin-6' v1.0.0 registered

      at PluginManager._log (src/infrastructure/plugins/PluginManager.js:483:21)

  console.info
    [PluginManager] Plugin 'plugin-2' enabled

      at PluginManager._log (src/infrastructure/plugins/PluginManager.js:483:21)

  console.info
    [PluginManager] Plugin 'plugin-3' enabled

      at PluginManager._log (src/infrastructure/plugins/PluginManager.js:483:21)

  console.info
    [PluginManager] Plugin 'plugin-4' enabled

      at PluginManager._log (src/infrastructure/plugins/PluginManager.js:483:21)

  console.info
    [PluginManager] Plugin 'plugin-5' enabled

      at PluginManager._log (src/infrastructure/plugins/PluginManager.js:483:21)

  console.info
    [PluginManager] Plugin 'plugin-6' enabled

      at PluginManager._log (src/infrastructure/plugins/PluginManager.js:483:21)

  console.info
    [PluginManager] Plugin 'plugin-0' v1.0.0 registered

      at PluginManager._log (src/infrastructure/plugins/PluginManager.js:483:21)

  console.info
    [PluginManager] Plugin 'plugin-1' v1.0.0 registered

      at PluginManager._log (src/infrastructure/plugins/PluginManager.js:483:21)

  console.info
    [PluginManager] Plugin 'plugin-2' v1.0.0 registered

      at PluginManager._log (src/infrastructure/plugins/PluginManager.js:483:21)

  console.info
    [PluginManager] Plugin 'plugin-3' v1.0.0 registered

      at PluginManager._log (src/infrastructure/plugins/PluginManager.js:483:21)

  console.info
    [PluginManager] Plugin 'plugin-4' v1.0.0 registered

      at PluginManager._log (src/infrastructure/plugins/PluginManager.js:483:21)

  console.info
    [PluginManager] Plugin 'plugin-5' v1.0.0 registered

      at PluginManager._log (src/infrastructure/plugins/PluginManager.js:483:21)

  console.info
    [PluginManager] Plugin 'plugin-6' v1.0.0 registered

      at PluginManager._log (src/infrastructure/plugins/PluginManager.js:483:21)

  console.info
    [PluginManager] Plugin 'plugin-7' v1.0.0 registered

      at PluginManager._log (src/infrastructure/plugins/PluginManager.js:483:21)

  console.info
    [PluginManager] Plugin 'plugin-8' v1.0.0 registered

      at PluginManager._log (src/infrastructure/plugins/PluginManager.js:483:21)

  console.info
    [PluginManager] Plugin 'plugin-4' enabled

      at PluginManager._log (src/infrastructure/plugins/PluginManager.js:483:21)

  console.info
    [PluginManager] Plugin 'plugin-5' enabled

      at PluginManager._log (src/infrastructure/plugins/PluginManager.js:483:21)

  console.info
    [PluginManager] Plugin 'plugin-6' enabled

      at PluginManager._log (src/infrastructure/plugins/PluginManager.js:483:21)

  console.info
    [PluginManager] Plugin 'plugin-7' enabled

      at PluginManager._log (src/infrastructure/plugins/PluginManager.js:483:21)

  console.info
    [PluginManager] Plugin 'plugin-8' enabled

      at PluginManager._log (src/infrastructure/plugins/PluginManager.js:483:21)

  console.info
    [PluginManager] Plugin 'plugin-0' v1.0.0 registered

      at PluginManager._log (src/infrastructure/plugins/PluginManager.js:483:21)

  console.info
    [PluginManager] Plugin 'plugin-1' v1.0.0 registered

      at PluginManager._log (src/infrastructure/plugins/PluginManager.js:483:21)

  console.info
    [PluginManager] Plugin 'plugin-2' v1.0.0 registered

      at PluginManager._log (src/infrastructure/plugins/PluginManager.js:483:21)

  console.info
    [PluginManager] Plugin 'plugin-3' v1.0.0 registered

      at PluginManager._log (src/infrastructure/plugins/PluginManager.js:483:21)

  console.info
    [PluginManager] Plugin 'plugin-2' enabled

      at PluginManager._log (src/infrastructure/plugins/PluginManager.js:483:21)

  console.info
    [PluginManager] Plugin 'plugin-3' enabled

      at PluginManager._log (src/infrastructure/plugins/PluginManager.js:483:21)

  console.info
    [PluginManager] Plugin 'plugin-0' v1.0.0 registered

      at PluginManager._log (src/infrastructure/plugins/PluginManager.js:483:21)

  console.info
    [PluginManager] Plugin 'plugin-1' v1.0.0 registered

      at PluginManager._log (src/infrastructure/plugins/PluginManager.js:483:21)

  console.info
    [PluginManager] Plugin 'plugin-2' v1.0.0 registered

      at PluginManager._log (src/infrastructure/plugins/PluginManager.js:483:21)

  console.info
    [PluginManager] Plugin 'plugin-3' v1.0.0 registered

      at PluginManager._log (src/infrastructure/plugins/PluginManager.js:483:21)

  console.info
    [PluginManager] Plugin 'plugin-4' v1.0.0 registered

      at PluginManager._log (src/infrastructure/plugins/PluginManager.js:483:21)

  console.info
    [PluginManager] Plugin 'plugin-5' v1.0.0 registered

      at PluginManager._log (src/infrastructure/plugins/PluginManager.js:483:21)

  console.info
    [PluginManager] Plugin 'plugin-6' v1.0.0 registered

      at PluginManager._log (src/infrastructure/plugins/PluginManager.js:483:21)

  console.info
    [PluginManager] Plugin 'plugin-7' v1.0.0 registered

      at PluginManager._log (src/infrastructure/plugins/PluginManager.js:483:21)

  console.info
    [PluginManager] Plugin 'plugin-8' v1.0.0 registered

      at PluginManager._log (src/infrastructure/plugins/PluginManager.js:483:21)

  console.info
    [PluginManager] Plugin 'plugin-2' enabled

      at PluginManager._log (src/infrastructure/plugins/PluginManager.js:483:21)

  console.info
    [PluginManager] Plugin 'plugin-3' enabled

      at PluginManager._log (src/infrastructure/plugins/PluginManager.js:483:21)

  console.info
    [PluginManager] Plugin 'plugin-4' enabled

      at PluginManager._log (src/infrastructure/plugins/PluginManager.js:483:21)

  console.info
    [PluginManager] Plugin 'plugin-5' enabled

      at PluginManager._log (src/infrastructure/plugins/PluginManager.js:483:21)

  console.info
    [PluginManager] Plugin 'plugin-6' enabled

      at PluginManager._log (src/infrastructure/plugins/PluginManager.js:483:21)

  console.info
    [PluginManager] Plugin 'plugin-7' enabled

      at PluginManager._log (src/infrastructure/plugins/PluginManager.js:483:21)

  console.info
    [PluginManager] Plugin 'plugin-8' enabled

      at PluginManager._log (src/infrastructure/plugins/PluginManager.js:483:21)

  console.info
    [PluginManager] Plugin 'plugin-0' v1.0.0 registered

      at PluginManager._log (src/infrastructure/plugins/PluginManager.js:483:21)

  console.info
    [PluginManager] Plugin 'plugin-1' v1.0.0 registered

      at PluginManager._log (src/infrastructure/plugins/PluginManager.js:483:21)

  console.info
    [PluginManager] Plugin 'plugin-2' v1.0.0 registered

      at PluginManager._log (src/infrastructure/plugins/PluginManager.js:483:21)

  console.info
    [PluginManager] Plugin 'plugin-3' v1.0.0 registered

      at PluginManager._log (src/infrastructure/plugins/PluginManager.js:483:21)

  console.info
    [PluginManager] Plugin 'plugin-4' v1.0.0 registered

      at PluginManager._log (src/infrastructure/plugins/PluginManager.js:483:21)

  console.info
    [PluginManager] Plugin 'plugin-1' enabled

      at PluginManager._log (src/infrastructure/plugins/PluginManager.js:483:21)

  console.info
    [PluginManager] Plugin 'plugin-2' enabled

      at PluginManager._log (src/infrastructure/plugins/PluginManager.js:483:21)

  console.info
    [PluginManager] Plugin 'plugin-3' enabled

      at PluginManager._log (src/infrastructure/plugins/PluginManager.js:483:21)

  console.info
    [PluginManager] Plugin 'plugin-4' enabled

      at PluginManager._log (src/infrastructure/plugins/PluginManager.js:483:21)

  console.info
    [PluginManager] Plugin 'plugin-0' v1.0.0 registered

      at PluginManager._log (src/infrastructure/plugins/PluginManager.js:483:21)

  console.info
    [PluginManager] Plugin 'plugin-1' v1.0.0 registered

      at PluginManager._log (src/infrastructure/plugins/PluginManager.js:483:21)

  console.info
    [PluginManager] Plugin 'plugin-2' v1.0.0 registered

      at PluginManager._log (src/infrastructure/plugins/PluginManager.js:483:21)

  console.info
    [PluginManager] Plugin 'plugin-3' v1.0.0 registered

      at PluginManager._log (src/infrastructure/plugins/PluginManager.js:483:21)

  console.info
    [PluginManager] Plugin 'plugin-4' v1.0.0 registered

      at PluginManager._log (src/infrastructure/plugins/PluginManager.js:483:21)

  console.info
    [PluginManager] Plugin 'plugin-5' v1.0.0 registered

      at PluginManager._log (src/infrastructure/plugins/PluginManager.js:483:21)

  console.info
    [PluginManager] Plugin 'plugin-6' v1.0.0 registered

      at PluginManager._log (src/infrastructure/plugins/PluginManager.js:483:21)

  console.info
    [PluginManager] Plugin 'plugin-7' v1.0.0 registered

      at PluginManager._log (src/infrastructure/plugins/PluginManager.js:483:21)

  console.info
    [PluginManager] Plugin 'plugin-1' enabled

      at PluginManager._log (src/infrastructure/plugins/PluginManager.js:483:21)

  console.info
    [PluginManager] Plugin 'plugin-2' enabled

      at PluginManager._log (src/infrastructure/plugins/PluginManager.js:483:21)

  console.info
    [PluginManager] Plugin 'plugin-3' enabled

      at PluginManager._log (src/infrastructure/plugins/PluginManager.js:483:21)

  console.info
    [PluginManager] Plugin 'plugin-4' enabled

      at PluginManager._log (src/infrastructure/plugins/PluginManager.js:483:21)

  console.info
    [PluginManager] Plugin 'plugin-5' enabled

      at PluginManager._log (src/infrastructure/plugins/PluginManager.js:483:21)

  console.info
    [PluginManager] Plugin 'plugin-6' enabled

      at PluginManager._log (src/infrastructure/plugins/PluginManager.js:483:21)

  console.info
    [PluginManager] Plugin 'plugin-7' enabled

      at PluginManager._log (src/infrastructure/plugins/PluginManager.js:483:21)

  console.info
    [PluginManager] Plugin 'plugin-0' v1.0.0 registered

      at PluginManager._log (src/infrastructure/plugins/PluginManager.js:483:21)

  console.info
    [PluginManager] Plugin 'plugin-1' v1.0.0 registered

      at PluginManager._log (src/infrastructure/plugins/PluginManager.js:483:21)

  console.info
    [PluginManager] Plugin 'plugin-2' v1.0.0 registered

      at PluginManager._log (src/infrastructure/plugins/PluginManager.js:483:21)

  console.info
    [PluginManager] Plugin 'plugin-3' v1.0.0 registered

      at PluginManager._log (src/infrastructure/plugins/PluginManager.js:483:21)

  console.info
    [PluginManager] Plugin 'plugin-4' v1.0.0 registered

      at PluginManager._log (src/infrastructure/plugins/PluginManager.js:483:21)

  console.info
    [PluginManager] Plugin 'plugin-5' v1.0.0 registered

      at PluginManager._log (src/infrastructure/plugins/PluginManager.js:483:21)

  console.info
    [PluginManager] Plugin 'plugin-1' enabled

      at PluginManager._log (src/infrastructure/plugins/PluginManager.js:483:21)

  console.info
    [PluginManager] Plugin 'plugin-2' enabled

      at PluginManager._log (src/infrastructure/plugins/PluginManager.js:483:21)

  console.info
    [PluginManager] Plugin 'plugin-3' enabled

      at PluginManager._log (src/infrastructure/plugins/PluginManager.js:483:21)

  console.info
    [PluginManager] Plugin 'plugin-4' enabled

      at PluginManager._log (src/infrastructure/plugins/PluginManager.js:483:21)

  console.info
    [PluginManager] Plugin 'plugin-5' enabled

      at PluginManager._log (src/infrastructure/plugins/PluginManager.js:483:21)

  console.info
    [PluginManager] Plugin 'plugin-0' v1.0.0 registered

      at PluginManager._log (src/infrastructure/plugins/PluginManager.js:483:21)

  console.info
    [PluginManager] Plugin 'plugin-1' v1.0.0 registered

      at PluginManager._log (src/infrastructure/plugins/PluginManager.js:483:21)

  console.info
    [PluginManager] Plugin 'plugin-2' v1.0.0 registered

      at PluginManager._log (src/infrastructure/plugins/PluginManager.js:483:21)

  console.info
    [PluginManager] Plugin 'plugin-3' v1.0.0 registered

      at PluginManager._log (src/infrastructure/plugins/PluginManager.js:483:21)

  console.info
    [PluginManager] Plugin 'plugin-4' v1.0.0 registered

      at PluginManager._log (src/infrastructure/plugins/PluginManager.js:483:21)

  console.info
    [PluginManager] Plugin 'plugin-5' v1.0.0 registered

      at PluginManager._log (src/infrastructure/plugins/PluginManager.js:483:21)

  console.info
    [PluginManager] Plugin 'plugin-6' v1.0.0 registered

      at PluginManager._log (src/infrastructure/plugins/PluginManager.js:483:21)

  console.info
    [PluginManager] Plugin 'plugin-7' v1.0.0 registered

      at PluginManager._log (src/infrastructure/plugins/PluginManager.js:483:21)

  console.info
    [PluginManager] Plugin 'plugin-8' v1.0.0 registered

      at PluginManager._log (src/infrastructure/plugins/PluginManager.js:483:21)

  console.info
    [PluginManager] Plugin 'plugin-1' enabled

      at PluginManager._log (src/infrastructure/plugins/PluginManager.js:483:21)

  console.info
    [PluginManager] Plugin 'plugin-2' enabled

      at PluginManager._log (src/infrastructure/plugins/PluginManager.js:483:21)

  console.info
    [PluginManager] Plugin 'plugin-3' enabled

      at PluginManager._log (src/infrastructure/plugins/PluginManager.js:483:21)

  console.info
    [PluginManager] Plugin 'plugin-4' enabled

      at PluginManager._log (src/infrastructure/plugins/PluginManager.js:483:21)

  console.info
    [PluginManager] Plugin 'plugin-5' enabled

      at PluginManager._log (src/infrastructure/plugins/PluginManager.js:483:21)

  console.info
    [PluginManager] Plugin 'plugin-6' enabled

      at PluginManager._log (src/infrastructure/plugins/PluginManager.js:483:21)

  console.info
    [PluginManager] Plugin 'plugin-7' enabled

      at PluginManager._log (src/infrastructure/plugins/PluginManager.js:483:21)

  console.info
    [PluginManager] Plugin 'plugin-8' enabled

      at PluginManager._log (src/infrastructure/plugins/PluginManager.js:483:21)

  console.info
    [PluginManager] Plugin 'plugin-0' v1.0.0 registered

      at PluginManager._log (src/infrastructure/plugins/PluginManager.js:483:21)

  console.info
    [PluginManager] Plugin 'plugin-1' v1.0.0 registered

      at PluginManager._log (src/infrastructure/plugins/PluginManager.js:483:21)

  console.info
    [PluginManager] Plugin 'plugin-2' v1.0.0 registered

      at PluginManager._log (src/infrastructure/plugins/PluginManager.js:483:21)

  console.info
    [PluginManager] Plugin 'plugin-3' v1.0.0 registered

      at PluginManager._log (src/infrastructure/plugins/PluginManager.js:483:21)

  console.info
    [PluginManager] Plugin 'plugin-4' v1.0.0 registered

      at PluginManager._log (src/infrastructure/plugins/PluginManager.js:483:21)

  console.info
    [PluginManager] Plugin 'plugin-5' v1.0.0 registered

      at PluginManager._log (src/infrastructure/plugins/PluginManager.js:483:21)

  console.info
    [PluginManager] Plugin 'plugin-6' v1.0.0 registered

      at PluginManager._log (src/infrastructure/plugins/PluginManager.js:483:21)

  console.info
    [PluginManager] Plugin 'plugin-7' v1.0.0 registered

      at PluginManager._log (src/infrastructure/plugins/PluginManager.js:483:21)

  console.info
    [PluginManager] Plugin 'plugin-5' enabled

      at PluginManager._log (src/infrastructure/plugins/PluginManager.js:483:21)

  console.info
    [PluginManager] Plugin 'plugin-6' enabled

      at PluginManager._log (src/infrastructure/plugins/PluginManager.js:483:21)

  console.info
    [PluginManager] Plugin 'plugin-7' enabled

      at PluginManager._log (src/infrastructure/plugins/PluginManager.js:483:21)

  console.info
    [PluginManager] Plugin 'plugin-0' v1.0.0 registered

      at PluginManager._log (src/infrastructure/plugins/PluginManager.js:483:21)

  console.info
    [PluginManager] Plugin 'plugin-1' v1.0.0 registered

      at PluginManager._log (src/infrastructure/plugins/PluginManager.js:483:21)

  console.info
    [PluginManager] Plugin 'plugin-2' v1.0.0 registered

      at PluginManager._log (src/infrastructure/plugins/PluginManager.js:483:21)

  console.info
    [PluginManager] Plugin 'plugin-3' v1.0.0 registered

      at PluginManager._log (src/infrastructure/plugins/PluginManager.js:483:21)

  console.info
    [PluginManager] Plugin 'plugin-4' v1.0.0 registered

      at PluginManager._log (src/infrastructure/plugins/PluginManager.js:483:21)

  console.info
    [PluginManager] Plugin 'plugin-2' enabled

      at PluginManager._log (src/infrastructure/plugins/PluginManager.js:483:21)

  console.info
    [PluginManager] Plugin 'plugin-3' enabled

      at PluginManager._log (src/infrastructure/plugins/PluginManager.js:483:21)

  console.info
    [PluginManager] Plugin 'plugin-4' enabled

      at PluginManager._log (src/infrastructure/plugins/PluginManager.js:483:21)

  console.info
    [PluginManager] Plugin 'plugin-0' v1.0.0 registered

      at PluginManager._log (src/infrastructure/plugins/PluginManager.js:483:21)

  console.info
    [PluginManager] Plugin 'plugin-1' v1.0.0 registered

      at PluginManager._log (src/infrastructure/plugins/PluginManager.js:483:21)

  console.info
    [PluginManager] Plugin 'plugin-2' v1.0.0 registered

      at PluginManager._log (src/infrastructure/plugins/PluginManager.js:483:21)

  console.info
    [PluginManager] Plugin 'plugin-2' enabled

      at PluginManager._log (src/infrastructure/plugins/PluginManager.js:483:21)

  console.info
    [PluginManager] Plugin 'plugin-0' v1.0.0 registered

      at PluginManager._log (src/infrastructure/plugins/PluginManager.js:483:21)

  console.info
    [PluginManager] Plugin 'plugin-1' v1.0.0 registered

      at PluginManager._log (src/infrastructure/plugins/PluginManager.js:483:21)

  console.info
    [PluginManager] Plugin 'plugin-2' v1.0.0 registered

      at PluginManager._log (src/infrastructure/plugins/PluginManager.js:483:21)

  console.info
    [PluginManager] Plugin 'plugin-3' v1.0.0 registered

      at PluginManager._log (src/infrastructure/plugins/PluginManager.js:483:21)

  console.info
    [PluginManager] Plugin 'plugin-4' v1.0.0 registered

      at PluginManager._log (src/infrastructure/plugins/PluginManager.js:483:21)

  console.info
    [PluginManager] Plugin 'plugin-5' v1.0.0 registered

      at PluginManager._log (src/infrastructure/plugins/PluginManager.js:483:21)

  console.info
    [PluginManager] Plugin 'plugin-6' v1.0.0 registered

      at PluginManager._log (src/infrastructure/plugins/PluginManager.js:483:21)

  console.info
    [PluginManager] Plugin 'plugin-7' v1.0.0 registered

      at PluginManager._log (src/infrastructure/plugins/PluginManager.js:483:21)

  console.info
    [PluginManager] Plugin 'plugin-8' v1.0.0 registered

      at PluginManager._log (src/infrastructure/plugins/PluginManager.js:483:21)

  console.info
    [PluginManager] Plugin 'plugin-9' v1.0.0 registered

      at PluginManager._log (src/infrastructure/plugins/PluginManager.js:483:21)

  console.info
    [PluginManager] Plugin 'plugin-3' enabled

      at PluginManager._log (src/infrastructure/plugins/PluginManager.js:483:21)

  console.info
    [PluginManager] Plugin 'plugin-4' enabled

      at PluginManager._log (src/infrastructure/plugins/PluginManager.js:483:21)

  console.info
    [PluginManager] Plugin 'plugin-5' enabled

      at PluginManager._log (src/infrastructure/plugins/PluginManager.js:483:21)

  console.info
    [PluginManager] Plugin 'plugin-6' enabled

      at PluginManager._log (src/infrastructure/plugins/PluginManager.js:483:21)

  console.info
    [PluginManager] Plugin 'plugin-7' enabled

      at PluginManager._log (src/infrastructure/plugins/PluginManager.js:483:21)

  console.info
    [PluginManager] Plugin 'plugin-8' enabled

      at PluginManager._log (src/infrastructure/plugins/PluginManager.js:483:21)

  console.info
    [PluginManager] Plugin 'plugin-9' enabled

      at PluginManager._log (src/infrastructure/plugins/PluginManager.js:483:21)

  console.info
    [PluginManager] Plugin 'plugin-0' v1.0.0 registered

      at PluginManager._log (src/infrastructure/plugins/PluginManager.js:483:21)

  console.info
    [PluginManager] Plugin 'plugin-1' v1.0.0 registered

      at PluginManager._log (src/infrastructure/plugins/PluginManager.js:483:21)

  console.info
    [PluginManager] Plugin 'plugin-2' v1.0.0 registered

      at PluginManager._log (src/infrastructure/plugins/PluginManager.js:483:21)

  console.info
    [PluginManager] Plugin 'plugin-2' enabled

      at PluginManager._log (src/infrastructure/plugins/PluginManager.js:483:21)

  console.info
    [PluginManager] Plugin 'plugin-0' v1.0.0 registered

      at PluginManager._log (src/infrastructure/plugins/PluginManager.js:483:21)

  console.info
    [PluginManager] Plugin 'plugin-1' v1.0.0 registered

      at PluginManager._log (src/infrastructure/plugins/PluginManager.js:483:21)

  console.info
    [PluginManager] Plugin 'plugin-2' v1.0.0 registered

      at PluginManager._log (src/infrastructure/plugins/PluginManager.js:483:21)

  console.info
    [PluginManager] Plugin 'plugin-2' enabled

      at PluginManager._log (src/infrastructure/plugins/PluginManager.js:483:21)

  console.info
    [PluginManager] Plugin 'plugin-0' v1.0.0 registered

      at PluginManager._log (src/infrastructure/plugins/PluginManager.js:483:21)

  console.info
    [PluginManager] Plugin 'plugin-1' v1.0.0 registered

      at PluginManager._log (src/infrastructure/plugins/PluginManager.js:483:21)

  console.info
    [PluginManager] Plugin 'plugin-2' v1.0.0 registered

      at PluginManager._log (src/infrastructure/plugins/PluginManager.js:483:21)

  console.info
    [PluginManager] Plugin 'plugin-3' v1.0.0 registered

      at PluginManager._log (src/infrastructure/plugins/PluginManager.js:483:21)

  console.info
    [PluginManager] Plugin 'plugin-4' v1.0.0 registered

      at PluginManager._log (src/infrastructure/plugins/PluginManager.js:483:21)

  console.info
    [PluginManager] Plugin 'plugin-5' v1.0.0 registered

      at PluginManager._log (src/infrastructure/plugins/PluginManager.js:483:21)

  console.info
    [PluginManager] Plugin 'plugin-6' v1.0.0 registered

      at PluginManager._log (src/infrastructure/plugins/PluginManager.js:483:21)

  console.info
    [PluginManager] Plugin 'plugin-7' v1.0.0 registered

      at PluginManager._log (src/infrastructure/plugins/PluginManager.js:483:21)

  console.info
    [PluginManager] Plugin 'plugin-4' enabled

      at PluginManager._log (src/infrastructure/plugins/PluginManager.js:483:21)

  console.info
    [PluginManager] Plugin 'plugin-5' enabled

      at PluginManager._log (src/infrastructure/plugins/PluginManager.js:483:21)

  console.info
    [PluginManager] Plugin 'plugin-6' enabled

      at PluginManager._log (src/infrastructure/plugins/PluginManager.js:483:21)

  console.info
    [PluginManager] Plugin 'plugin-7' enabled

      at PluginManager._log (src/infrastructure/plugins/PluginManager.js:483:21)

  console.info
    [PluginManager] Plugin 'plugin-0' v1.0.0 registered

      at PluginManager._log (src/infrastructure/plugins/PluginManager.js:483:21)

  console.info
    [PluginManager] Plugin 'plugin-1' v1.0.0 registered

      at PluginManager._log (src/infrastructure/plugins/PluginManager.js:483:21)

  console.info
    [PluginManager] Plugin 'plugin-2' v1.0.0 registered

      at PluginManager._log (src/infrastructure/plugins/PluginManager.js:483:21)

  console.info
    [PluginManager] Plugin 'plugin-3' v1.0.0 registered

      at PluginManager._log (src/infrastructure/plugins/PluginManager.js:483:21)

  console.info
    [PluginManager] Plugin 'plugin-4' v1.0.0 registered

      at PluginManager._log (src/infrastructure/plugins/PluginManager.js:483:21)

  console.info
    [PluginManager] Plugin 'plugin-5' v1.0.0 registered

      at PluginManager._log (src/infrastructure/plugins/PluginManager.js:483:21)

  console.info
    [PluginManager] Plugin 'plugin-6' v1.0.0 registered

      at PluginManager._log (src/infrastructure/plugins/PluginManager.js:483:21)

  console.info
    [PluginManager] Plugin 'plugin-7' v1.0.0 registered

      at PluginManager._log (src/infrastructure/plugins/PluginManager.js:483:21)

  console.info
    [PluginManager] Plugin 'plugin-8' v1.0.0 registered

      at PluginManager._log (src/infrastructure/plugins/PluginManager.js:483:21)

  console.info
    [PluginManager] Plugin 'plugin-9' v1.0.0 registered

      at PluginManager._log (src/infrastructure/plugins/PluginManager.js:483:21)

  console.info
    [PluginManager] Plugin 'plugin-5' enabled

      at PluginManager._log (src/infrastructure/plugins/PluginManager.js:483:21)

  console.info
    [PluginManager] Plugin 'plugin-6' enabled

      at PluginManager._log (src/infrastructure/plugins/PluginManager.js:483:21)

  console.info
    [PluginManager] Plugin 'plugin-7' enabled

      at PluginManager._log (src/infrastructure/plugins/PluginManager.js:483:21)

  console.info
    [PluginManager] Plugin 'plugin-8' enabled

      at PluginManager._log (src/infrastructure/plugins/PluginManager.js:483:21)

  console.info
    [PluginManager] Plugin 'plugin-9' enabled

      at PluginManager._log (src/infrastructure/plugins/PluginManager.js:483:21)

  console.info
    [PluginManager] Plugin 'plugin-0' v1.0.0 registered

      at PluginManager._log (src/infrastructure/plugins/PluginManager.js:483:21)

  console.info
    [PluginManager] Plugin 'plugin-1' v1.0.0 registered

      at PluginManager._log (src/infrastructure/plugins/PluginManager.js:483:21)

  console.info
    [PluginManager] Plugin 'plugin-2' v1.0.0 registered

      at PluginManager._log (src/infrastructure/plugins/PluginManager.js:483:21)

  console.info
    [PluginManager] Plugin 'plugin-3' v1.0.0 registered

      at PluginManager._log (src/infrastructure/plugins/PluginManager.js:483:21)

  console.info
    [PluginManager] Plugin 'plugin-4' v1.0.0 registered

      at PluginManager._log (src/infrastructure/plugins/PluginManager.js:483:21)

  console.info
    [PluginManager] Plugin 'plugin-5' v1.0.0 registered

      at PluginManager._log (src/infrastructure/plugins/PluginManager.js:483:21)

  console.info
    [PluginManager] Plugin 'plugin-6' v1.0.0 registered

      at PluginManager._log (src/infrastructure/plugins/PluginManager.js:483:21)

  console.info
    [PluginManager] Plugin 'plugin-7' v1.0.0 registered

      at PluginManager._log (src/infrastructure/plugins/PluginManager.js:483:21)

  console.info
    [PluginManager] Plugin 'plugin-8' v1.0.0 registered

      at PluginManager._log (src/infrastructure/plugins/PluginManager.js:483:21)

  console.info
    [PluginManager] Plugin 'plugin-4' enabled

      at PluginManager._log (src/infrastructure/plugins/PluginManager.js:483:21)

  console.info
    [PluginManager] Plugin 'plugin-5' enabled

      at PluginManager._log (src/infrastructure/plugins/PluginManager.js:483:21)

  console.info
    [PluginManager] Plugin 'plugin-6' enabled

      at PluginManager._log (src/infrastructure/plugins/PluginManager.js:483:21)

  console.info
    [PluginManager] Plugin 'plugin-7' enabled

      at PluginManager._log (src/infrastructure/plugins/PluginManager.js:483:21)

  console.info
    [PluginManager] Plugin 'plugin-8' enabled

      at PluginManager._log (src/infrastructure/plugins/PluginManager.js:483:21)

  console.info
    [PluginManager] Plugin 'plugin-0' v1.0.0 registered

      at PluginManager._log (src/infrastructure/plugins/PluginManager.js:483:21)

  console.info
    [PluginManager] Plugin 'plugin-1' v1.0.0 registered

      at PluginManager._log (src/infrastructure/plugins/PluginManager.js:483:21)

  console.info
    [PluginManager] Plugin 'plugin-2' v1.0.0 registered

      at PluginManager._log (src/infrastructure/plugins/PluginManager.js:483:21)

  console.info
    [PluginManager] Plugin 'plugin-3' v1.0.0 registered

      at PluginManager._log (src/infrastructure/plugins/PluginManager.js:483:21)

  console.info
    [PluginManager] Plugin 'plugin-2' enabled

      at PluginManager._log (src/infrastructure/plugins/PluginManager.js:483:21)

  console.info
    [PluginManager] Plugin 'plugin-3' enabled

      at PluginManager._log (src/infrastructure/plugins/PluginManager.js:483:21)

  console.info
    [PluginManager] Plugin 'plugin-0' v1.0.0 registered

      at PluginManager._log (src/infrastructure/plugins/PluginManager.js:483:21)

  console.info
    [PluginManager] Plugin 'plugin-1' v1.0.0 registered

      at PluginManager._log (src/infrastructure/plugins/PluginManager.js:483:21)

  console.info
    [PluginManager] Plugin 'plugin-2' v1.0.0 registered

      at PluginManager._log (src/infrastructure/plugins/PluginManager.js:483:21)

  console.info
    [PluginManager] Plugin 'plugin-3' v1.0.0 registered

      at PluginManager._log (src/infrastructure/plugins/PluginManager.js:483:21)

  console.info
    [PluginManager] Plugin 'plugin-4' v1.0.0 registered

      at PluginManager._log (src/infrastructure/plugins/PluginManager.js:483:21)

  console.info
    [PluginManager] Plugin 'plugin-5' v1.0.0 registered

      at PluginManager._log (src/infrastructure/plugins/PluginManager.js:483:21)

  console.info
    [PluginManager] Plugin 'plugin-6' v1.0.0 registered

      at PluginManager._log (src/infrastructure/plugins/PluginManager.js:483:21)

  console.info
    [PluginManager] Plugin 'plugin-7' v1.0.0 registered

      at PluginManager._log (src/infrastructure/plugins/PluginManager.js:483:21)

  console.info
    [PluginManager] Plugin 'plugin-8' v1.0.0 registered

      at PluginManager._log (src/infrastructure/plugins/PluginManager.js:483:21)

  console.info
    [PluginManager] Plugin 'plugin-9' v1.0.0 registered

      at PluginManager._log (src/infrastructure/plugins/PluginManager.js:483:21)

  console.info
    [PluginManager] Plugin 'plugin-5' enabled

      at PluginManager._log (src/infrastructure/plugins/PluginManager.js:483:21)

  console.info
    [PluginManager] Plugin 'plugin-6' enabled

      at PluginManager._log (src/infrastructure/plugins/PluginManager.js:483:21)

  console.info
    [PluginManager] Plugin 'plugin-7' enabled

      at PluginManager._log (src/infrastructure/plugins/PluginManager.js:483:21)

  console.info
    [PluginManager] Plugin 'plugin-8' enabled

      at PluginManager._log (src/infrastructure/plugins/PluginManager.js:483:21)

  console.info
    [PluginManager] Plugin 'plugin-9' enabled

      at PluginManager._log (src/infrastructure/plugins/PluginManager.js:483:21)

  console.info
    [PluginManager] Plugin 'plugin-0' v1.0.0 registered

      at PluginManager._log (src/infrastructure/plugins/PluginManager.js:483:21)

  console.info
    [PluginManager] Plugin 'plugin-1' v1.0.0 registered

      at PluginManager._log (src/infrastructure/plugins/PluginManager.js:483:21)

  console.info
    [PluginManager] Plugin 'plugin-2' v1.0.0 registered

      at PluginManager._log (src/infrastructure/plugins/PluginManager.js:483:21)

  console.info
    [PluginManager] Plugin 'plugin-3' v1.0.0 registered

      at PluginManager._log (src/infrastructure/plugins/PluginManager.js:483:21)

  console.info
    [PluginManager] Plugin 'plugin-4' v1.0.0 registered

      at PluginManager._log (src/infrastructure/plugins/PluginManager.js:483:21)

  console.info
    [PluginManager] Plugin 'plugin-5' v1.0.0 registered

      at PluginManager._log (src/infrastructure/plugins/PluginManager.js:483:21)

  console.info
    [PluginManager] Plugin 'plugin-6' v1.0.0 registered

      at PluginManager._log (src/infrastructure/plugins/PluginManager.js:483:21)

  console.info
    [PluginManager] Plugin 'plugin-7' v1.0.0 registered

      at PluginManager._log (src/infrastructure/plugins/PluginManager.js:483:21)

  console.info
    [PluginManager] Plugin 'plugin-2' enabled

      at PluginManager._log (src/infrastructure/plugins/PluginManager.js:483:21)

  console.info
    [PluginManager] Plugin 'plugin-3' enabled

      at PluginManager._log (src/infrastructure/plugins/PluginManager.js:483:21)

  console.info
    [PluginManager] Plugin 'plugin-4' enabled

      at PluginManager._log (src/infrastructure/plugins/PluginManager.js:483:21)

  console.info
    [PluginManager] Plugin 'plugin-5' enabled

      at PluginManager._log (src/infrastructure/plugins/PluginManager.js:483:21)

  console.info
    [PluginManager] Plugin 'plugin-6' enabled

      at PluginManager._log (src/infrastructure/plugins/PluginManager.js:483:21)

  console.info
    [PluginManager] Plugin 'plugin-7' enabled

      at PluginManager._log (src/infrastructure/plugins/PluginManager.js:483:21)

  console.info
    [PluginManager] Plugin 'plugin-0' v1.0.0 registered

      at PluginManager._log (src/infrastructure/plugins/PluginManager.js:483:21)

  console.info
    [PluginManager] Plugin 'plugin-1' v1.0.0 registered

      at PluginManager._log (src/infrastructure/plugins/PluginManager.js:483:21)

  console.info
    [PluginManager] Plugin 'plugin-2' v1.0.0 registered

      at PluginManager._log (src/infrastructure/plugins/PluginManager.js:483:21)

  console.info
    [PluginManager] Plugin 'plugin-3' v1.0.0 registered

      at PluginManager._log (src/infrastructure/plugins/PluginManager.js:483:21)

  console.info
    [PluginManager] Plugin 'plugin-4' v1.0.0 registered

      at PluginManager._log (src/infrastructure/plugins/PluginManager.js:483:21)

  console.info
    [PluginManager] Plugin 'plugin-5' v1.0.0 registered

      at PluginManager._log (src/infrastructure/plugins/PluginManager.js:483:21)

  console.info
    [PluginManager] Plugin 'plugin-6' v1.0.0 registered

      at PluginManager._log (src/infrastructure/plugins/PluginManager.js:483:21)

  console.info
    [PluginManager] Plugin 'plugin-3' enabled

      at PluginManager._log (src/infrastructure/plugins/PluginManager.js:483:21)

  console.info
    [PluginManager] Plugin 'plugin-4' enabled

      at PluginManager._log (src/infrastructure/plugins/PluginManager.js:483:21)

  console.info
    [PluginManager] Plugin 'plugin-5' enabled

      at PluginManager._log (src/infrastructure/plugins/PluginManager.js:483:21)

  console.info
    [PluginManager] Plugin 'plugin-6' enabled

      at PluginManager._log (src/infrastructure/plugins/PluginManager.js:483:21)

  console.info
    [PluginManager] Plugin 'plugin-0' v1.0.0 registered

      at PluginManager._log (src/infrastructure/plugins/PluginManager.js:483:21)

  console.info
    [PluginManager] Plugin 'plugin-1' v1.0.0 registered

      at PluginManager._log (src/infrastructure/plugins/PluginManager.js:483:21)

  console.info
    [PluginManager] Plugin 'plugin-2' v1.0.0 registered

      at PluginManager._log (src/infrastructure/plugins/PluginManager.js:483:21)

  console.info
    [PluginManager] Plugin 'plugin-3' v1.0.0 registered

      at PluginManager._log (src/infrastructure/plugins/PluginManager.js:483:21)

  console.info
    [PluginManager] Plugin 'plugin-3' enabled

      at PluginManager._log (src/infrastructure/plugins/PluginManager.js:483:21)

  console.info
    [PluginManager] Plugin 'plugin-0' v1.0.0 registered

      at PluginManager._log (src/infrastructure/plugins/PluginManager.js:483:21)

  console.info
    [PluginManager] Plugin 'plugin-1' v1.0.0 registered

      at PluginManager._log (src/infrastructure/plugins/PluginManager.js:483:21)

  console.info
    [PluginManager] Plugin 'plugin-2' v1.0.0 registered

      at PluginManager._log (src/infrastructure/plugins/PluginManager.js:483:21)

  console.info
    [PluginManager] Plugin 'plugin-3' v1.0.0 registered

      at PluginManager._log (src/infrastructure/plugins/PluginManager.js:483:21)

  console.info
    [PluginManager] Plugin 'plugin-4' v1.0.0 registered

      at PluginManager._log (src/infrastructure/plugins/PluginManager.js:483:21)

  console.info
    [PluginManager] Plugin 'plugin-5' v1.0.0 registered

      at PluginManager._log (src/infrastructure/plugins/PluginManager.js:483:21)

  console.info
    [PluginManager] Plugin 'plugin-6' v1.0.0 registered

      at PluginManager._log (src/infrastructure/plugins/PluginManager.js:483:21)

  console.info
    [PluginManager] Plugin 'plugin-2' enabled

      at PluginManager._log (src/infrastructure/plugins/PluginManager.js:483:21)

  console.info
    [PluginManager] Plugin 'plugin-3' enabled

      at PluginManager._log (src/infrastructure/plugins/PluginManager.js:483:21)

  console.info
    [PluginManager] Plugin 'plugin-4' enabled

      at PluginManager._log (src/infrastructure/plugins/PluginManager.js:483:21)

  console.info
    [PluginManager] Plugin 'plugin-5' enabled

      at PluginManager._log (src/infrastructure/plugins/PluginManager.js:483:21)

  console.info
    [PluginManager] Plugin 'plugin-6' enabled

      at PluginManager._log (src/infrastructure/plugins/PluginManager.js:483:21)

  console.info
    [PluginManager] Plugin 'plugin-0' v1.0.0 registered

      at PluginManager._log (src/infrastructure/plugins/PluginManager.js:483:21)

  console.info
    [PluginManager] Plugin 'plugin-1' v1.0.0 registered

      at PluginManager._log (src/infrastructure/plugins/PluginManager.js:483:21)

  console.info
    [PluginManager] Plugin 'plugin-2' v1.0.0 registered

      at PluginManager._log (src/infrastructure/plugins/PluginManager.js:483:21)

  console.info
    [PluginManager] Plugin 'plugin-3' v1.0.0 registered

      at PluginManager._log (src/infrastructure/plugins/PluginManager.js:483:21)

  console.info
    [PluginManager] Plugin 'plugin-3' enabled

      at PluginManager._log (src/infrastructure/plugins/PluginManager.js:483:21)

  console.info
    [PluginManager] Plugin 'plugin-0' v1.0.0 registered

      at PluginManager._log (src/infrastructure/plugins/PluginManager.js:483:21)

  console.info
    [PluginManager] Plugin 'plugin-1' v1.0.0 registered

      at PluginManager._log (src/infrastructure/plugins/PluginManager.js:483:21)

  console.info
    [PluginManager] Plugin 'plugin-2' v1.0.0 registered

      at PluginManager._log (src/infrastructure/plugins/PluginManager.js:483:21)

  console.info
    [PluginManager] Plugin 'plugin-3' v1.0.0 registered

      at PluginManager._log (src/infrastructure/plugins/PluginManager.js:483:21)

  console.info
    [PluginManager] Plugin 'plugin-4' v1.0.0 registered

      at PluginManager._log (src/infrastructure/plugins/PluginManager.js:483:21)

  console.info
    [PluginManager] Plugin 'plugin-5' v1.0.0 registered

      at PluginManager._log (src/infrastructure/plugins/PluginManager.js:483:21)

  console.info
    [PluginManager] Plugin 'plugin-6' v1.0.0 registered

      at PluginManager._log (src/infrastructure/plugins/PluginManager.js:483:21)

  console.info
    [PluginManager] Plugin 'plugin-7' v1.0.0 registered

      at PluginManager._log (src/infrastructure/plugins/PluginManager.js:483:21)

  console.info
    [PluginManager] Plugin 'plugin-8' v1.0.0 registered

      at PluginManager._log (src/infrastructure/plugins/PluginManager.js:483:21)

  console.info
    [PluginManager] Plugin 'plugin-5' enabled

      at PluginManager._log (src/infrastructure/plugins/PluginManager.js:483:21)

  console.info
    [PluginManager] Plugin 'plugin-6' enabled

      at PluginManager._log (src/infrastructure/plugins/PluginManager.js:483:21)

  console.info
    [PluginManager] Plugin 'plugin-7' enabled

      at PluginManager._log (src/infrastructure/plugins/PluginManager.js:483:21)

  console.info
    [PluginManager] Plugin 'plugin-8' enabled

      at PluginManager._log (src/infrastructure/plugins/PluginManager.js:483:21)

  console.info
    [PluginManager] Plugin 'plugin-0' v1.0.0 registered

      at PluginManager._log (src/infrastructure/plugins/PluginManager.js:483:21)

  console.info
    [PluginManager] Plugin 'plugin-1' v1.0.0 registered

      at PluginManager._log (src/infrastructure/plugins/PluginManager.js:483:21)

  console.info
    [PluginManager] Plugin 'plugin-2' v1.0.0 registered

      at PluginManager._log (src/infrastructure/plugins/PluginManager.js:483:21)

  console.info
    [PluginManager] Plugin 'plugin-3' v1.0.0 registered

      at PluginManager._log (src/infrastructure/plugins/PluginManager.js:483:21)

  console.info
    [PluginManager] Plugin 'plugin-4' v1.0.0 registered

      at PluginManager._log (src/infrastructure/plugins/PluginManager.js:483:21)

  console.info
    [PluginManager] Plugin 'plugin-5' v1.0.0 registered

      at PluginManager._log (src/infrastructure/plugins/PluginManager.js:483:21)

  console.info
    [PluginManager] Plugin 'plugin-6' v1.0.0 registered

      at PluginManager._log (src/infrastructure/plugins/PluginManager.js:483:21)

  console.info
    [PluginManager] Plugin 'plugin-7' v1.0.0 registered

      at PluginManager._log (src/infrastructure/plugins/PluginManager.js:483:21)

  console.info
    [PluginManager] Plugin 'plugin-8' v1.0.0 registered

      at PluginManager._log (src/infrastructure/plugins/PluginManager.js:483:21)

  console.info
    [PluginManager] Plugin 'plugin-5' enabled

      at PluginManager._log (src/infrastructure/plugins/PluginManager.js:483:21)

  console.info
    [PluginManager] Plugin 'plugin-6' enabled

      at PluginManager._log (src/infrastructure/plugins/PluginManager.js:483:21)

  console.info
    [PluginManager] Plugin 'plugin-7' enabled

      at PluginManager._log (src/infrastructure/plugins/PluginManager.js:483:21)

  console.info
    [PluginManager] Plugin 'plugin-8' enabled

      at PluginManager._log (src/infrastructure/plugins/PluginManager.js:483:21)

  console.info
    [PluginManager] Plugin 'plugin-0' v1.0.0 registered

      at PluginManager._log (src/infrastructure/plugins/PluginManager.js:483:21)

  console.info
    [PluginManager] Plugin 'plugin-1' v1.0.0 registered

      at PluginManager._log (src/infrastructure/plugins/PluginManager.js:483:21)

  console.info
    [PluginManager] Plugin 'plugin-2' v1.0.0 registered

      at PluginManager._log (src/infrastructure/plugins/PluginManager.js:483:21)

  console.info
    [PluginManager] Plugin 'plugin-3' v1.0.0 registered

      at PluginManager._log (src/infrastructure/plugins/PluginManager.js:483:21)

  console.info
    [PluginManager] Plugin 'plugin-2' enabled

      at PluginManager._log (src/infrastructure/plugins/PluginManager.js:483:21)

  console.info
    [PluginManager] Plugin 'plugin-3' enabled

      at PluginManager._log (src/infrastructure/plugins/PluginManager.js:483:21)

  console.info
    [PluginManager] Plugin 'plugin-0' v1.0.0 registered

      at PluginManager._log (src/infrastructure/plugins/PluginManager.js:483:21)

  console.info
    [PluginManager] Plugin 'plugin-1' v1.0.0 registered

      at PluginManager._log (src/infrastructure/plugins/PluginManager.js:483:21)

  console.info
    [PluginManager] Plugin 'plugin-2' v1.0.0 registered

      at PluginManager._log (src/infrastructure/plugins/PluginManager.js:483:21)

  console.info
    [PluginManager] Plugin 'plugin-3' v1.0.0 registered

      at PluginManager._log (src/infrastructure/plugins/PluginManager.js:483:21)

  console.info
    [PluginManager] Plugin 'plugin-3' enabled

      at PluginManager._log (src/infrastructure/plugins/PluginManager.js:483:21)

  console.info
    [PluginManager] Plugin 'plugin-0' v1.0.0 registered

      at PluginManager._log (src/infrastructure/plugins/PluginManager.js:483:21)

  console.info
    [PluginManager] Plugin 'plugin-1' v1.0.0 registered

      at PluginManager._log (src/infrastructure/plugins/PluginManager.js:483:21)

  console.info
    [PluginManager] Plugin 'plugin-2' v1.0.0 registered

      at PluginManager._log (src/infrastructure/plugins/PluginManager.js:483:21)

  console.info
    [PluginManager] Plugin 'plugin-3' v1.0.0 registered

      at PluginManager._log (src/infrastructure/plugins/PluginManager.js:483:21)

  console.info
    [PluginManager] Plugin 'plugin-3' enabled

      at PluginManager._log (src/infrastructure/plugins/PluginManager.js:483:21)

  console.info
    [PluginManager] Plugin 'plugin-0' v1.0.0 registered

      at PluginManager._log (src/infrastructure/plugins/PluginManager.js:483:21)

  console.info
    [PluginManager] Plugin 'plugin-1' v1.0.0 registered

      at PluginManager._log (src/infrastructure/plugins/PluginManager.js:483:21)

  console.info
    [PluginManager] Plugin 'plugin-2' v1.0.0 registered

      at PluginManager._log (src/infrastructure/plugins/PluginManager.js:483:21)

  console.info
    [PluginManager] Plugin 'plugin-3' v1.0.0 registered

      at PluginManager._log (src/infrastructure/plugins/PluginManager.js:483:21)

  console.info
    [PluginManager] Plugin 'plugin-4' v1.0.0 registered

      at PluginManager._log (src/infrastructure/plugins/PluginManager.js:483:21)

  console.info
    [PluginManager] Plugin 'plugin-5' v1.0.0 registered

      at PluginManager._log (src/infrastructure/plugins/PluginManager.js:483:21)

  console.info
    [PluginManager] Plugin 'plugin-6' v1.0.0 registered

      at PluginManager._log (src/infrastructure/plugins/PluginManager.js:483:21)

  console.info
    [PluginManager] Plugin 'plugin-7' v1.0.0 registered

      at PluginManager._log (src/infrastructure/plugins/PluginManager.js:483:21)

  console.info
    [PluginManager] Plugin 'plugin-8' v1.0.0 registered

      at PluginManager._log (src/infrastructure/plugins/PluginManager.js:483:21)

  console.info
    [PluginManager] Plugin 'plugin-9' v1.0.0 registered

      at PluginManager._log (src/infrastructure/plugins/PluginManager.js:483:21)

  console.info
    [PluginManager] Plugin 'plugin-1' enabled

      at PluginManager._log (src/infrastructure/plugins/PluginManager.js:483:21)

  console.info
    [PluginManager] Plugin 'plugin-2' enabled

      at PluginManager._log (src/infrastructure/plugins/PluginManager.js:483:21)

  console.info
    [PluginManager] Plugin 'plugin-3' enabled

      at PluginManager._log (src/infrastructure/plugins/PluginManager.js:483:21)

  console.info
    [PluginManager] Plugin 'plugin-4' enabled

      at PluginManager._log (src/infrastructure/plugins/PluginManager.js:483:21)

  console.info
    [PluginManager] Plugin 'plugin-5' enabled

      at PluginManager._log (src/infrastructure/plugins/PluginManager.js:483:21)

  console.info
    [PluginManager] Plugin 'plugin-6' enabled

      at PluginManager._log (src/infrastructure/plugins/PluginManager.js:483:21)

  console.info
    [PluginManager] Plugin 'plugin-7' enabled

      at PluginManager._log (src/infrastructure/plugins/PluginManager.js:483:21)

  console.info
    [PluginManager] Plugin 'plugin-8' enabled

      at PluginManager._log (src/infrastructure/plugins/PluginManager.js:483:21)

  console.info
    [PluginManager] Plugin 'plugin-9' enabled

      at PluginManager._log (src/infrastructure/plugins/PluginManager.js:483:21)

  console.info
    [PluginManager] Plugin 'plugin-0' v1.0.0 registered

      at PluginManager._log (src/infrastructure/plugins/PluginManager.js:483:21)

  console.info
    [PluginManager] Plugin 'plugin-1' v1.0.0 registered

      at PluginManager._log (src/infrastructure/plugins/PluginManager.js:483:21)

  console.info
    [PluginManager] Plugin 'plugin-2' v1.0.0 registered

      at PluginManager._log (src/infrastructure/plugins/PluginManager.js:483:21)

  console.info
    [PluginManager] Plugin 'plugin-3' v1.0.0 registered

      at PluginManager._log (src/infrastructure/plugins/PluginManager.js:483:21)

  console.info
    [PluginManager] Plugin 'plugin-4' v1.0.0 registered

      at PluginManager._log (src/infrastructure/plugins/PluginManager.js:483:21)

  console.info
    [PluginManager] Plugin 'plugin-5' v1.0.0 registered

      at PluginManager._log (src/infrastructure/plugins/PluginManager.js:483:21)

  console.info
    [PluginManager] Plugin 'plugin-6' v1.0.0 registered

      at PluginManager._log (src/infrastructure/plugins/PluginManager.js:483:21)

  console.info
    [PluginManager] Plugin 'plugin-7' v1.0.0 registered

      at PluginManager._log (src/infrastructure/plugins/PluginManager.js:483:21)

  console.info
    [PluginManager] Plugin 'plugin-8' v1.0.0 registered

      at PluginManager._log (src/infrastructure/plugins/PluginManager.js:483:21)

  console.info
    [PluginManager] Plugin 'plugin-3' enabled

      at PluginManager._log (src/infrastructure/plugins/PluginManager.js:483:21)

  console.info
    [PluginManager] Plugin 'plugin-4' enabled

      at PluginManager._log (src/infrastructure/plugins/PluginManager.js:483:21)

  console.info
    [PluginManager] Plugin 'plugin-5' enabled

      at PluginManager._log (src/infrastructure/plugins/PluginManager.js:483:21)

  console.info
    [PluginManager] Plugin 'plugin-6' enabled

      at PluginManager._log (src/infrastructure/plugins/PluginManager.js:483:21)

  console.info
    [PluginManager] Plugin 'plugin-7' enabled

      at PluginManager._log (src/infrastructure/plugins/PluginManager.js:483:21)

  console.info
    [PluginManager] Plugin 'plugin-8' enabled

      at PluginManager._log (src/infrastructure/plugins/PluginManager.js:483:21)

  console.info
    [PluginManager] Plugin 'plugin-0' v1.0.0 registered

      at PluginManager._log (src/infrastructure/plugins/PluginManager.js:483:21)

  console.info
    [PluginManager] Plugin 'plugin-1' v1.0.0 registered

      at PluginManager._log (src/infrastructure/plugins/PluginManager.js:483:21)

  console.info
    [PluginManager] Plugin 'plugin-2' v1.0.0 registered

      at PluginManager._log (src/infrastructure/plugins/PluginManager.js:483:21)

  console.info
    [PluginManager] Plugin 'plugin-3' v1.0.0 registered

      at PluginManager._log (src/infrastructure/plugins/PluginManager.js:483:21)

  console.info
    [PluginManager] Plugin 'plugin-4' v1.0.0 registered

      at PluginManager._log (src/infrastructure/plugins/PluginManager.js:483:21)

  console.info
    [PluginManager] Plugin 'plugin-1' enabled

      at PluginManager._log (src/infrastructure/plugins/PluginManager.js:483:21)

  console.info
    [PluginManager] Plugin 'plugin-2' enabled

      at PluginManager._log (src/infrastructure/plugins/PluginManager.js:483:21)

  console.info
    [PluginManager] Plugin 'plugin-3' enabled

      at PluginManager._log (src/infrastructure/plugins/PluginManager.js:483:21)

  console.info
    [PluginManager] Plugin 'plugin-4' enabled

      at PluginManager._log (src/infrastructure/plugins/PluginManager.js:483:21)

  console.info
    [PluginManager] Plugin 'plugin-0' v1.0.0 registered

      at PluginManager._log (src/infrastructure/plugins/PluginManager.js:483:21)

  console.info
    [PluginManager] Plugin 'plugin-1' v1.0.0 registered

      at PluginManager._log (src/infrastructure/plugins/PluginManager.js:483:21)

  console.info
    [PluginManager] Plugin 'plugin-2' v1.0.0 registered

      at PluginManager._log (src/infrastructure/plugins/PluginManager.js:483:21)

  console.info
    [PluginManager] Plugin 'plugin-3' v1.0.0 registered

      at PluginManager._log (src/infrastructure/plugins/PluginManager.js:483:21)

  console.info
    [PluginManager] Plugin 'plugin-2' enabled

      at PluginManager._log (src/infrastructure/plugins/PluginManager.js:483:21)

  console.info
    [PluginManager] Plugin 'plugin-3' enabled

      at PluginManager._log (src/infrastructure/plugins/PluginManager.js:483:21)

  console.info
    [PluginManager] Plugin 'plugin-0' v1.0.0 registered

      at PluginManager._log (src/infrastructure/plugins/PluginManager.js:483:21)

  console.info
    [PluginManager] Plugin 'plugin-1' v1.0.0 registered

      at PluginManager._log (src/infrastructure/plugins/PluginManager.js:483:21)

  console.info
    [PluginManager] Plugin 'plugin-2' v1.0.0 registered

      at PluginManager._log (src/infrastructure/plugins/PluginManager.js:483:21)

  console.info
    [PluginManager] Plugin 'plugin-3' v1.0.0 registered

      at PluginManager._log (src/infrastructure/plugins/PluginManager.js:483:21)

  console.info
    [PluginManager] Plugin 'plugin-4' v1.0.0 registered

      at PluginManager._log (src/infrastructure/plugins/PluginManager.js:483:21)

  console.info
    [PluginManager] Plugin 'plugin-3' enabled

      at PluginManager._log (src/infrastructure/plugins/PluginManager.js:483:21)

  console.info
    [PluginManager] Plugin 'plugin-4' enabled

      at PluginManager._log (src/infrastructure/plugins/PluginManager.js:483:21)

  console.info
    [PluginManager] Plugin 'plugin-0' v1.0.0 registered

      at PluginManager._log (src/infrastructure/plugins/PluginManager.js:483:21)

  console.info
    [PluginManager] Plugin 'plugin-1' v1.0.0 registered

      at PluginManager._log (src/infrastructure/plugins/PluginManager.js:483:21)

  console.info
    [PluginManager] Plugin 'plugin-2' v1.0.0 registered

      at PluginManager._log (src/infrastructure/plugins/PluginManager.js:483:21)

  console.info
    [PluginManager] Plugin 'plugin-2' enabled

      at PluginManager._log (src/infrastructure/plugins/PluginManager.js:483:21)

  console.info
    [PluginManager] Plugin 'plugin-0' v1.0.0 registered

      at PluginManager._log (src/infrastructure/plugins/PluginManager.js:483:21)

  console.info
    [PluginManager] Plugin 'plugin-1' v1.0.0 registered

      at PluginManager._log (src/infrastructure/plugins/PluginManager.js:483:21)

  console.info
    [PluginManager] Plugin 'plugin-2' v1.0.0 registered

      at PluginManager._log (src/infrastructure/plugins/PluginManager.js:483:21)

  console.info
    [PluginManager] Plugin 'plugin-3' v1.0.0 registered

      at PluginManager._log (src/infrastructure/plugins/PluginManager.js:483:21)

  console.info
    [PluginManager] Plugin 'plugin-3' enabled

      at PluginManager._log (src/infrastructure/plugins/PluginManager.js:483:21)

  console.info
    [PluginManager] Plugin 'plugin-0' v1.0.0 registered

      at PluginManager._log (src/infrastructure/plugins/PluginManager.js:483:21)

  console.info
    [PluginManager] Plugin 'plugin-1' v1.0.0 registered

      at PluginManager._log (src/infrastructure/plugins/PluginManager.js:483:21)

  console.info
    [PluginManager] Plugin 'plugin-2' v1.0.0 registered

      at PluginManager._log (src/infrastructure/plugins/PluginManager.js:483:21)

  console.info
    [PluginManager] Plugin 'plugin-3' v1.0.0 registered

      at PluginManager._log (src/infrastructure/plugins/PluginManager.js:483:21)

  console.info
    [PluginManager] Plugin 'plugin-4' v1.0.0 registered

      at PluginManager._log (src/infrastructure/plugins/PluginManager.js:483:21)

  console.info
    [PluginManager] Plugin 'plugin-5' v1.0.0 registered

      at PluginManager._log (src/infrastructure/plugins/PluginManager.js:483:21)

  console.info
    [PluginManager] Plugin 'plugin-1' enabled

      at PluginManager._log (src/infrastructure/plugins/PluginManager.js:483:21)

  console.info
    [PluginManager] Plugin 'plugin-2' enabled

      at PluginManager._log (src/infrastructure/plugins/PluginManager.js:483:21)

  console.info
    [PluginManager] Plugin 'plugin-3' enabled

      at PluginManager._log (src/infrastructure/plugins/PluginManager.js:483:21)

  console.info
    [PluginManager] Plugin 'plugin-4' enabled

      at PluginManager._log (src/infrastructure/plugins/PluginManager.js:483:21)

  console.info
    [PluginManager] Plugin 'plugin-5' enabled

      at PluginManager._log (src/infrastructure/plugins/PluginManager.js:483:21)

  console.info
    [PluginManager] Plugin 'plugin-0' v1.0.0 registered

      at PluginManager._log (src/infrastructure/plugins/PluginManager.js:483:21)

  console.info
    [PluginManager] Plugin 'plugin-1' v1.0.0 registered

      at PluginManager._log (src/infrastructure/plugins/PluginManager.js:483:21)

  console.info
    [PluginManager] Plugin 'plugin-2' v1.0.0 registered

      at PluginManager._log (src/infrastructure/plugins/PluginManager.js:483:21)

  console.info
    [PluginManager] Plugin 'plugin-3' v1.0.0 registered

      at PluginManager._log (src/infrastructure/plugins/PluginManager.js:483:21)

  console.info
    [PluginManager] Plugin 'plugin-4' v1.0.0 registered

      at PluginManager._log (src/infrastructure/plugins/PluginManager.js:483:21)

  console.info
    [PluginManager] Plugin 'plugin-5' v1.0.0 registered

      at PluginManager._log (src/infrastructure/plugins/PluginManager.js:483:21)

  console.info
    [PluginManager] Plugin 'plugin-6' v1.0.0 registered

      at PluginManager._log (src/infrastructure/plugins/PluginManager.js:483:21)

  console.info
    [PluginManager] Plugin 'plugin-2' enabled

      at PluginManager._log (src/infrastructure/plugins/PluginManager.js:483:21)

  console.info
    [PluginManager] Plugin 'plugin-3' enabled

      at PluginManager._log (src/infrastructure/plugins/PluginManager.js:483:21)

  console.info
    [PluginManager] Plugin 'plugin-4' enabled

      at PluginManager._log (src/infrastructure/plugins/PluginManager.js:483:21)

  console.info
    [PluginManager] Plugin 'plugin-5' enabled

      at PluginManager._log (src/infrastructure/plugins/PluginManager.js:483:21)

  console.info
    [PluginManager] Plugin 'plugin-6' enabled

      at PluginManager._log (src/infrastructure/plugins/PluginManager.js:483:21)

  console.info
    [PluginManager] Plugin 'plugin-0' v1.0.0 registered

      at PluginManager._log (src/infrastructure/plugins/PluginManager.js:483:21)

  console.info
    [PluginManager] Plugin 'plugin-1' v1.0.0 registered

      at PluginManager._log (src/infrastructure/plugins/PluginManager.js:483:21)

  console.info
    [PluginManager] Plugin 'plugin-2' v1.0.0 registered

      at PluginManager._log (src/infrastructure/plugins/PluginManager.js:483:21)

  console.info
    [PluginManager] Plugin 'plugin-2' enabled

      at PluginManager._log (src/infrastructure/plugins/PluginManager.js:483:21)

  console.info
    [PluginManager] Plugin 'plugin-0' v1.0.0 registered

      at PluginManager._log (src/infrastructure/plugins/PluginManager.js:483:21)

  console.info
    [PluginManager] Plugin 'plugin-1' v1.0.0 registered

      at PluginManager._log (src/infrastructure/plugins/PluginManager.js:483:21)

  console.info
    [PluginManager] Plugin 'plugin-2' v1.0.0 registered

      at PluginManager._log (src/infrastructure/plugins/PluginManager.js:483:21)

  console.info
    [PluginManager] Plugin 'plugin-3' v1.0.0 registered

      at PluginManager._log (src/infrastructure/plugins/PluginManager.js:483:21)

  console.info
    [PluginManager] Plugin 'plugin-4' v1.0.0 registered

      at PluginManager._log (src/infrastructure/plugins/PluginManager.js:483:21)

  console.info
    [PluginManager] Plugin 'plugin-5' v1.0.0 registered

      at PluginManager._log (src/infrastructure/plugins/PluginManager.js:483:21)

  console.info
    [PluginManager] Plugin 'plugin-6' v1.0.0 registered

      at PluginManager._log (src/infrastructure/plugins/PluginManager.js:483:21)

  console.info
    [PluginManager] Plugin 'plugin-7' v1.0.0 registered

      at PluginManager._log (src/infrastructure/plugins/PluginManager.js:483:21)

  console.info
    [PluginManager] Plugin 'plugin-8' v1.0.0 registered

      at PluginManager._log (src/infrastructure/plugins/PluginManager.js:483:21)

  console.info
    [PluginManager] Plugin 'plugin-9' v1.0.0 registered

      at PluginManager._log (src/infrastructure/plugins/PluginManager.js:483:21)

  console.info
    [PluginManager] Plugin 'plugin-5' enabled

      at PluginManager._log (src/infrastructure/plugins/PluginManager.js:483:21)

  console.info
    [PluginManager] Plugin 'plugin-6' enabled

      at PluginManager._log (src/infrastructure/plugins/PluginManager.js:483:21)

  console.info
    [PluginManager] Plugin 'plugin-7' enabled

      at PluginManager._log (src/infrastructure/plugins/PluginManager.js:483:21)

  console.info
    [PluginManager] Plugin 'plugin-8' enabled

      at PluginManager._log (src/infrastructure/plugins/PluginManager.js:483:21)

  console.info
    [PluginManager] Plugin 'plugin-9' enabled

      at PluginManager._log (src/infrastructure/plugins/PluginManager.js:483:21)

  console.info
    [PluginManager] Plugin 'plugin-0' v1.0.0 registered

      at PluginManager._log (src/infrastructure/plugins/PluginManager.js:483:21)

  console.info
    [PluginManager] Plugin 'plugin-1' v1.0.0 registered

      at PluginManager._log (src/infrastructure/plugins/PluginManager.js:483:21)

  console.info
    [PluginManager] Plugin 'plugin-2' v1.0.0 registered

      at PluginManager._log (src/infrastructure/plugins/PluginManager.js:483:21)

  console.info
    [PluginManager] Plugin 'plugin-3' v1.0.0 registered

      at PluginManager._log (src/infrastructure/plugins/PluginManager.js:483:21)

  console.info
    [PluginManager] Plugin 'plugin-4' v1.0.0 registered

      at PluginManager._log (src/infrastructure/plugins/PluginManager.js:483:21)

  console.info
    [PluginManager] Plugin 'plugin-5' v1.0.0 registered

      at PluginManager._log (src/infrastructure/plugins/PluginManager.js:483:21)

  console.info
    [PluginManager] Plugin 'plugin-6' v1.0.0 registered

      at PluginManager._log (src/infrastructure/plugins/PluginManager.js:483:21)

  console.info
    [PluginManager] Plugin 'plugin-7' v1.0.0 registered

      at PluginManager._log (src/infrastructure/plugins/PluginManager.js:483:21)

  console.info
    [PluginManager] Plugin 'plugin-8' v1.0.0 registered

      at PluginManager._log (src/infrastructure/plugins/PluginManager.js:483:21)

  console.info
    [PluginManager] Plugin 'plugin-9' v1.0.0 registered

      at PluginManager._log (src/infrastructure/plugins/PluginManager.js:483:21)

  console.info
    [PluginManager] Plugin 'plugin-5' enabled

      at PluginManager._log (src/infrastructure/plugins/PluginManager.js:483:21)

  console.info
    [PluginManager] Plugin 'plugin-6' enabled

      at PluginManager._log (src/infrastructure/plugins/PluginManager.js:483:21)

  console.info
    [PluginManager] Plugin 'plugin-7' enabled

      at PluginManager._log (src/infrastructure/plugins/PluginManager.js:483:21)

  console.info
    [PluginManager] Plugin 'plugin-8' enabled

      at PluginManager._log (src/infrastructure/plugins/PluginManager.js:483:21)

  console.info
    [PluginManager] Plugin 'plugin-9' enabled

      at PluginManager._log (src/infrastructure/plugins/PluginManager.js:483:21)

  console.info
    [PluginManager] Plugin 'failing-plugin' v1.0.0 registered

      at PluginManager._log (src/infrastructure/plugins/PluginManager.js:483:21)

  console.info
    [PluginManager] Plugin 'working-0' v1.0.0 registered

      at PluginManager._log (src/infrastructure/plugins/PluginManager.js:483:21)

  console.info
    [PluginManager] Plugin 'working-1' v1.0.0 registered

      at PluginManager._log (src/infrastructure/plugins/PluginManager.js:483:21)

  console.info
    [PluginManager] Plugin 'working-0' enabled

      at PluginManager._log (src/infrastructure/plugins/PluginManager.js:483:21)

  console.info
    [PluginManager] Plugin 'working-1' enabled

      at PluginManager._log (src/infrastructure/plugins/PluginManager.js:483:21)

  console.info
    [PluginManager] Plugin 'failing-plugin' v1.0.0 registered

      at PluginManager._log (src/infrastructure/plugins/PluginManager.js:483:21)

  console.info
    [PluginManager] Plugin 'working-0' v1.0.0 registered

      at PluginManager._log (src/infrastructure/plugins/PluginManager.js:483:21)

  console.info
    [PluginManager] Plugin 'working-1' v1.0.0 registered

      at PluginManager._log (src/infrastructure/plugins/PluginManager.js:483:21)

  console.info
    [PluginManager] Plugin 'working-0' enabled

      at PluginManager._log (src/infrastructure/plugins/PluginManager.js:483:21)

  console.info
    [PluginManager] Plugin 'working-1' enabled

      at PluginManager._log (src/infrastructure/plugins/PluginManager.js:483:21)

  console.info
    [PluginManager] Plugin 'failing-plugin' v1.0.0 registered

      at PluginManager._log (src/infrastructure/plugins/PluginManager.js:483:21)

  console.info
    [PluginManager] Plugin 'working-0' v1.0.0 registered

      at PluginManager._log (src/infrastructure/plugins/PluginManager.js:483:21)

  console.info
    [PluginManager] Plugin 'working-1' v1.0.0 registered

      at PluginManager._log (src/infrastructure/plugins/PluginManager.js:483:21)

  console.info
    [PluginManager] Plugin 'working-2' v1.0.0 registered

      at PluginManager._log (src/infrastructure/plugins/PluginManager.js:483:21)

  console.info
    [PluginManager] Plugin 'working-0' enabled

      at PluginManager._log (src/infrastructure/plugins/PluginManager.js:483:21)

  console.info
    [PluginManager] Plugin 'working-1' enabled

      at PluginManager._log (src/infrastructure/plugins/PluginManager.js:483:21)

  console.info
    [PluginManager] Plugin 'working-2' enabled

      at PluginManager._log (src/infrastructure/plugins/PluginManager.js:483:21)

  console.info
    [PluginManager] Plugin 'failing-plugin' v1.0.0 registered

      at PluginManager._log (src/infrastructure/plugins/PluginManager.js:483:21)

  console.info
    [PluginManager] Plugin 'working-0' v1.0.0 registered

      at PluginManager._log (src/infrastructure/plugins/PluginManager.js:483:21)

  console.info
    [PluginManager] Plugin 'working-0' enabled

      at PluginManager._log (src/infrastructure/plugins/PluginManager.js:483:21)

  console.info
    [PluginManager] Plugin 'failing-plugin' v1.0.0 registered

      at PluginManager._log (src/infrastructure/plugins/PluginManager.js:483:21)

  console.info
    [PluginManager] Plugin 'working-0' v1.0.0 registered

      at PluginManager._log (src/infrastructure/plugins/PluginManager.js:483:21)

  console.info
    [PluginManager] Plugin 'working-1' v1.0.0 registered

      at PluginManager._log (src/infrastructure/plugins/PluginManager.js:483:21)

  console.info
    [PluginManager] Plugin 'working-0' enabled

      at PluginManager._log (src/infrastructure/plugins/PluginManager.js:483:21)

  console.info
    [PluginManager] Plugin 'working-1' enabled

      at PluginManager._log (src/infrastructure/plugins/PluginManager.js:483:21)

  console.info
    [PluginManager] Plugin 'failing-plugin' v1.0.0 registered

      at PluginManager._log (src/infrastructure/plugins/PluginManager.js:483:21)

  console.info
    [PluginManager] Plugin 'working-0' v1.0.0 registered

      at PluginManager._log (src/infrastructure/plugins/PluginManager.js:483:21)

  console.info
    [PluginManager] Plugin 'working-1' v1.0.0 registered

      at PluginManager._log (src/infrastructure/plugins/PluginManager.js:483:21)

  console.info
    [PluginManager] Plugin 'working-0' enabled

      at PluginManager._log (src/infrastructure/plugins/PluginManager.js:483:21)

  console.info
    [PluginManager] Plugin 'working-1' enabled

      at PluginManager._log (src/infrastructure/plugins/PluginManager.js:483:21)

  console.info
    [PluginManager] Plugin 'failing-plugin' v1.0.0 registered

      at PluginManager._log (src/infrastructure/plugins/PluginManager.js:483:21)

  console.info
    [PluginManager] Plugin 'working-0' v1.0.0 registered

      at PluginManager._log (src/infrastructure/plugins/PluginManager.js:483:21)

  console.info
    [PluginManager] Plugin 'working-1' v1.0.0 registered

      at PluginManager._log (src/infrastructure/plugins/PluginManager.js:483:21)

  console.info
    [PluginManager] Plugin 'working-2' v1.0.0 registered

      at PluginManager._log (src/infrastructure/plugins/PluginManager.js:483:21)

  console.info
    [PluginManager] Plugin 'working-0' enabled

      at PluginManager._log (src/infrastructure/plugins/PluginManager.js:483:21)

  console.info
    [PluginManager] Plugin 'working-1' enabled

      at PluginManager._log (src/infrastructure/plugins/PluginManager.js:483:21)

  console.info
    [PluginManager] Plugin 'working-2' enabled

      at PluginManager._log (src/infrastructure/plugins/PluginManager.js:483:21)

  console.info
    [PluginManager] Plugin 'failing-plugin' v1.0.0 registered

      at PluginManager._log (src/infrastructure/plugins/PluginManager.js:483:21)

  console.info
    [PluginManager] Plugin 'working-0' v1.0.0 registered

      at PluginManager._log (src/infrastructure/plugins/PluginManager.js:483:21)

  console.info
    [PluginManager] Plugin 'working-1' v1.0.0 registered

      at PluginManager._log (src/infrastructure/plugins/PluginManager.js:483:21)

  console.info
    [PluginManager] Plugin 'working-2' v1.0.0 registered

      at PluginManager._log (src/infrastructure/plugins/PluginManager.js:483:21)

  console.info
    [PluginManager] Plugin 'working-3' v1.0.0 registered

      at PluginManager._log (src/infrastructure/plugins/PluginManager.js:483:21)

  console.info
    [PluginManager] Plugin 'working-0' enabled

      at PluginManager._log (src/infrastructure/plugins/PluginManager.js:483:21)

  console.info
    [PluginManager] Plugin 'working-1' enabled

      at PluginManager._log (src/infrastructure/plugins/PluginManager.js:483:21)

  console.info
    [PluginManager] Plugin 'working-2' enabled

      at PluginManager._log (src/infrastructure/plugins/PluginManager.js:483:21)

  console.info
    [PluginManager] Plugin 'working-3' enabled

      at PluginManager._log (src/infrastructure/plugins/PluginManager.js:483:21)

  console.info
    [PluginManager] Plugin 'failing-plugin' v1.0.0 registered

      at PluginManager._log (src/infrastructure/plugins/PluginManager.js:483:21)

  console.info
    [PluginManager] Plugin 'working-0' v1.0.0 registered

      at PluginManager._log (src/infrastructure/plugins/PluginManager.js:483:21)

  console.info
    [PluginManager] Plugin 'working-1' v1.0.0 registered

      at PluginManager._log (src/infrastructure/plugins/PluginManager.js:483:21)

  console.info
    [PluginManager] Plugin 'working-2' v1.0.0 registered

      at PluginManager._log (src/infrastructure/plugins/PluginManager.js:483:21)

  console.info
    [PluginManager] Plugin 'working-3' v1.0.0 registered

      at PluginManager._log (src/infrastructure/plugins/PluginManager.js:483:21)

  console.info
    [PluginManager] Plugin 'working-0' enabled

      at PluginManager._log (src/infrastructure/plugins/PluginManager.js:483:21)

  console.info
    [PluginManager] Plugin 'working-1' enabled

      at PluginManager._log (src/infrastructure/plugins/PluginManager.js:483:21)

  console.info
    [PluginManager] Plugin 'working-2' enabled

      at PluginManager._log (src/infrastructure/plugins/PluginManager.js:483:21)

  console.info
    [PluginManager] Plugin 'working-3' enabled

      at PluginManager._log (src/infrastructure/plugins/PluginManager.js:483:21)

  console.info
    [PluginManager] Plugin 'failing-plugin' v1.0.0 registered

      at PluginManager._log (src/infrastructure/plugins/PluginManager.js:483:21)

  console.info
    [PluginManager] Plugin 'working-0' v1.0.0 registered

      at PluginManager._log (src/infrastructure/plugins/PluginManager.js:483:21)

  console.info
    [PluginManager] Plugin 'working-1' v1.0.0 registered

      at PluginManager._log (src/infrastructure/plugins/PluginManager.js:483:21)

  console.info
    [PluginManager] Plugin 'working-0' enabled

      at PluginManager._log (src/infrastructure/plugins/PluginManager.js:483:21)

  console.info
    [PluginManager] Plugin 'working-1' enabled

      at PluginManager._log (src/infrastructure/plugins/PluginManager.js:483:21)

  console.info
    [PluginManager] Plugin 'failing-plugin' v1.0.0 registered

      at PluginManager._log (src/infrastructure/plugins/PluginManager.js:483:21)

  console.info
    [PluginManager] Plugin 'working-0' v1.0.0 registered

      at PluginManager._log (src/infrastructure/plugins/PluginManager.js:483:21)

  console.info
    [PluginManager] Plugin 'working-1' v1.0.0 registered

      at PluginManager._log (src/infrastructure/plugins/PluginManager.js:483:21)

  console.info
    [PluginManager] Plugin 'working-2' v1.0.0 registered

      at PluginManager._log (src/infrastructure/plugins/PluginManager.js:483:21)

  console.info
    [PluginManager] Plugin 'working-3' v1.0.0 registered

      at PluginManager._log (src/infrastructure/plugins/PluginManager.js:483:21)

  console.info
    [PluginManager] Plugin 'working-0' enabled

      at PluginManager._log (src/infrastructure/plugins/PluginManager.js:483:21)

  console.info
    [PluginManager] Plugin 'working-1' enabled

      at PluginManager._log (src/infrastructure/plugins/PluginManager.js:483:21)

  console.info
    [PluginManager] Plugin 'working-2' enabled

      at PluginManager._log (src/infrastructure/plugins/PluginManager.js:483:21)

  console.info
    [PluginManager] Plugin 'working-3' enabled

      at PluginManager._log (src/infrastructure/plugins/PluginManager.js:483:21)

  console.info
    [PluginManager] Plugin 'failing-plugin' v1.0.0 registered

      at PluginManager._log (src/infrastructure/plugins/PluginManager.js:483:21)

  console.info
    [PluginManager] Plugin 'working-0' v1.0.0 registered

      at PluginManager._log (src/infrastructure/plugins/PluginManager.js:483:21)

  console.info
    [PluginManager] Plugin 'working-0' enabled

      at PluginManager._log (src/infrastructure/plugins/PluginManager.js:483:21)

  console.info
    [PluginManager] Plugin 'failing-plugin' v1.0.0 registered

      at PluginManager._log (src/infrastructure/plugins/PluginManager.js:483:21)

  console.info
    [PluginManager] Plugin 'working-0' v1.0.0 registered

      at PluginManager._log (src/infrastructure/plugins/PluginManager.js:483:21)

  console.info
    [PluginManager] Plugin 'working-0' enabled

      at PluginManager._log (src/infrastructure/plugins/PluginManager.js:483:21)

  console.info
    [PluginManager] Plugin 'failing-plugin' v1.0.0 registered

      at PluginManager._log (src/infrastructure/plugins/PluginManager.js:483:21)

  console.info
    [PluginManager] Plugin 'working-0' v1.0.0 registered

      at PluginManager._log (src/infrastructure/plugins/PluginManager.js:483:21)

  console.info
    [PluginManager] Plugin 'working-1' v1.0.0 registered

      at PluginManager._log (src/infrastructure/plugins/PluginManager.js:483:21)

  console.info
    [PluginManager] Plugin 'working-2' v1.0.0 registered

      at PluginManager._log (src/infrastructure/plugins/PluginManager.js:483:21)

  console.info
    [PluginManager] Plugin 'working-3' v1.0.0 registered

      at PluginManager._log (src/infrastructure/plugins/PluginManager.js:483:21)

  console.info
    [PluginManager] Plugin 'working-0' enabled

      at PluginManager._log (src/infrastructure/plugins/PluginManager.js:483:21)

  console.info
    [PluginManager] Plugin 'working-1' enabled

      at PluginManager._log (src/infrastructure/plugins/PluginManager.js:483:21)

  console.info
    [PluginManager] Plugin 'working-2' enabled

      at PluginManager._log (src/infrastructure/plugins/PluginManager.js:483:21)

  console.info
    [PluginManager] Plugin 'working-3' enabled

      at PluginManager._log (src/infrastructure/plugins/PluginManager.js:483:21)

  console.info
    [PluginManager] Plugin 'failing-plugin' v1.0.0 registered

      at PluginManager._log (src/infrastructure/plugins/PluginManager.js:483:21)

  console.info
    [PluginManager] Plugin 'working-0' v1.0.0 registered

      at PluginManager._log (src/infrastructure/plugins/PluginManager.js:483:21)

  console.info
    [PluginManager] Plugin 'working-1' v1.0.0 registered

      at PluginManager._log (src/infrastructure/plugins/PluginManager.js:483:21)

  console.info
    [PluginManager] Plugin 'working-0' enabled

      at PluginManager._log (src/infrastructure/plugins/PluginManager.js:483:21)

  console.info
    [PluginManager] Plugin 'working-1' enabled

      at PluginManager._log (src/infrastructure/plugins/PluginManager.js:483:21)

  console.info
    [PluginManager] Plugin 'failing-plugin' v1.0.0 registered

      at PluginManager._log (src/infrastructure/plugins/PluginManager.js:483:21)

  console.info
    [PluginManager] Plugin 'working-0' v1.0.0 registered

      at PluginManager._log (src/infrastructure/plugins/PluginManager.js:483:21)

  console.info
    [PluginManager] Plugin 'working-1' v1.0.0 registered

      at PluginManager._log (src/infrastructure/plugins/PluginManager.js:483:21)

  console.info
    [PluginManager] Plugin 'working-2' v1.0.0 registered

      at PluginManager._log (src/infrastructure/plugins/PluginManager.js:483:21)

  console.info
    [PluginManager] Plugin 'working-3' v1.0.0 registered

      at PluginManager._log (src/infrastructure/plugins/PluginManager.js:483:21)

  console.info
    [PluginManager] Plugin 'working-0' enabled

      at PluginManager._log (src/infrastructure/plugins/PluginManager.js:483:21)

  console.info
    [PluginManager] Plugin 'working-1' enabled

      at PluginManager._log (src/infrastructure/plugins/PluginManager.js:483:21)

  console.info
    [PluginManager] Plugin 'working-2' enabled

      at PluginManager._log (src/infrastructure/plugins/PluginManager.js:483:21)

  console.info
    [PluginManager] Plugin 'working-3' enabled

      at PluginManager._log (src/infrastructure/plugins/PluginManager.js:483:21)

  console.info
    [PluginManager] Plugin 'failing-plugin' v1.0.0 registered

      at PluginManager._log (src/infrastructure/plugins/PluginManager.js:483:21)

  console.info
    [PluginManager] Plugin 'working-0' v1.0.0 registered

      at PluginManager._log (src/infrastructure/plugins/PluginManager.js:483:21)

  console.info
    [PluginManager] Plugin 'working-1' v1.0.0 registered

      at PluginManager._log (src/infrastructure/plugins/PluginManager.js:483:21)

  console.info
    [PluginManager] Plugin 'working-0' enabled

      at PluginManager._log (src/infrastructure/plugins/PluginManager.js:483:21)

  console.info
    [PluginManager] Plugin 'working-1' enabled

      at PluginManager._log (src/infrastructure/plugins/PluginManager.js:483:21)

  console.info
    [PluginManager] Plugin 'failing-plugin' v1.0.0 registered

      at PluginManager._log (src/infrastructure/plugins/PluginManager.js:483:21)

  console.info
    [PluginManager] Plugin 'working-0' v1.0.0 registered

      at PluginManager._log (src/infrastructure/plugins/PluginManager.js:483:21)

  console.info
    [PluginManager] Plugin 'working-0' enabled

      at PluginManager._log (src/infrastructure/plugins/PluginManager.js:483:21)

  console.info
    [PluginManager] Plugin 'failing-plugin' v1.0.0 registered

      at PluginManager._log (src/infrastructure/plugins/PluginManager.js:483:21)

  console.info
    [PluginManager] Plugin 'working-0' v1.0.0 registered

      at PluginManager._log (src/infrastructure/plugins/PluginManager.js:483:21)

  console.info
    [PluginManager] Plugin 'working-1' v1.0.0 registered

      at PluginManager._log (src/infrastructure/plugins/PluginManager.js:483:21)

  console.info
    [PluginManager] Plugin 'working-0' enabled

      at PluginManager._log (src/infrastructure/plugins/PluginManager.js:483:21)

  console.info
    [PluginManager] Plugin 'working-1' enabled

      at PluginManager._log (src/infrastructure/plugins/PluginManager.js:483:21)

  console.info
    [PluginManager] Plugin 'failing-plugin' v1.0.0 registered

      at PluginManager._log (src/infrastructure/plugins/PluginManager.js:483:21)

  console.info
    [PluginManager] Plugin 'working-0' v1.0.0 registered

      at PluginManager._log (src/infrastructure/plugins/PluginManager.js:483:21)

  console.info
    [PluginManager] Plugin 'working-1' v1.0.0 registered

      at PluginManager._log (src/infrastructure/plugins/PluginManager.js:483:21)

  console.info
    [PluginManager] Plugin 'working-2' v1.0.0 registered

      at PluginManager._log (src/infrastructure/plugins/PluginManager.js:483:21)

  console.info
    [PluginManager] Plugin 'working-0' enabled

      at PluginManager._log (src/infrastructure/plugins/PluginManager.js:483:21)

  console.info
    [PluginManager] Plugin 'working-1' enabled

      at PluginManager._log (src/infrastructure/plugins/PluginManager.js:483:21)

  console.info
    [PluginManager] Plugin 'working-2' enabled

      at PluginManager._log (src/infrastructure/plugins/PluginManager.js:483:21)

  console.info
    [PluginManager] Plugin 'failing-plugin' v1.0.0 registered

      at PluginManager._log (src/infrastructure/plugins/PluginManager.js:483:21)

  console.info
    [PluginManager] Plugin 'working-0' v1.0.0 registered

      at PluginManager._log (src/infrastructure/plugins/PluginManager.js:483:21)

  console.info
    [PluginManager] Plugin 'working-1' v1.0.0 registered

      at PluginManager._log (src/infrastructure/plugins/PluginManager.js:483:21)

  console.info
    [PluginManager] Plugin 'working-0' enabled

      at PluginManager._log (src/infrastructure/plugins/PluginManager.js:483:21)

  console.info
    [PluginManager] Plugin 'working-1' enabled

      at PluginManager._log (src/infrastructure/plugins/PluginManager.js:483:21)

  console.info
    [PluginManager] Plugin 'failing-plugin' v1.0.0 registered

      at PluginManager._log (src/infrastructure/plugins/PluginManager.js:483:21)

  console.info
    [PluginManager] Plugin 'working-0' v1.0.0 registered

      at PluginManager._log (src/infrastructure/plugins/PluginManager.js:483:21)

  console.info
    [PluginManager] Plugin 'working-1' v1.0.0 registered

      at PluginManager._log (src/infrastructure/plugins/PluginManager.js:483:21)

  console.info
    [PluginManager] Plugin 'working-2' v1.0.0 registered

      at PluginManager._log (src/infrastructure/plugins/PluginManager.js:483:21)

  console.info
    [PluginManager] Plugin 'working-3' v1.0.0 registered

      at PluginManager._log (src/infrastructure/plugins/PluginManager.js:483:21)

  console.info
    [PluginManager] Plugin 'working-0' enabled

      at PluginManager._log (src/infrastructure/plugins/PluginManager.js:483:21)

  console.info
    [PluginManager] Plugin 'working-1' enabled

      at PluginManager._log (src/infrastructure/plugins/PluginManager.js:483:21)

  console.info
    [PluginManager] Plugin 'working-2' enabled

      at PluginManager._log (src/infrastructure/plugins/PluginManager.js:483:21)

  console.info
    [PluginManager] Plugin 'working-3' enabled

      at PluginManager._log (src/infrastructure/plugins/PluginManager.js:483:21)

  console.info
    [PluginManager] Plugin 'failing-plugin' v1.0.0 registered

      at PluginManager._log (src/infrastructure/plugins/PluginManager.js:483:21)

  console.info
    [PluginManager] Plugin 'working-0' v1.0.0 registered

      at PluginManager._log (src/infrastructure/plugins/PluginManager.js:483:21)

  console.info
    [PluginManager] Plugin 'working-1' v1.0.0 registered

      at PluginManager._log (src/infrastructure/plugins/PluginManager.js:483:21)

  console.info
    [PluginManager] Plugin 'working-2' v1.0.0 registered

      at PluginManager._log (src/infrastructure/plugins/PluginManager.js:483:21)

  console.info
    [PluginManager] Plugin 'working-0' enabled

      at PluginManager._log (src/infrastructure/plugins/PluginManager.js:483:21)

  console.info
    [PluginManager] Plugin 'working-1' enabled

      at PluginManager._log (src/infrastructure/plugins/PluginManager.js:483:21)

  console.info
    [PluginManager] Plugin 'working-2' enabled

      at PluginManager._log (src/infrastructure/plugins/PluginManager.js:483:21)

  console.info
    [PluginManager] Plugin 'failing-plugin' v1.0.0 registered

      at PluginManager._log (src/infrastructure/plugins/PluginManager.js:483:21)

  console.info
    [PluginManager] Plugin 'working-0' v1.0.0 registered

      at PluginManager._log (src/infrastructure/plugins/PluginManager.js:483:21)

  console.info
    [PluginManager] Plugin 'working-0' enabled

      at PluginManager._log (src/infrastructure/plugins/PluginManager.js:483:21)

  console.info
    [PluginManager] Plugin 'failing-plugin' v1.0.0 registered

      at PluginManager._log (src/infrastructure/plugins/PluginManager.js:483:21)

  console.info
    [PluginManager] Plugin 'working-0' v1.0.0 registered

      at PluginManager._log (src/infrastructure/plugins/PluginManager.js:483:21)

  console.info
    [PluginManager] Plugin 'working-1' v1.0.0 registered

      at PluginManager._log (src/infrastructure/plugins/PluginManager.js:483:21)

  console.info
    [PluginManager] Plugin 'working-2' v1.0.0 registered

      at PluginManager._log (src/infrastructure/plugins/PluginManager.js:483:21)

  console.info
    [PluginManager] Plugin 'working-3' v1.0.0 registered

      at PluginManager._log (src/infrastructure/plugins/PluginManager.js:483:21)

  console.info
    [PluginManager] Plugin 'working-0' enabled

      at PluginManager._log (src/infrastructure/plugins/PluginManager.js:483:21)

  console.info
    [PluginManager] Plugin 'working-1' enabled

      at PluginManager._log (src/infrastructure/plugins/PluginManager.js:483:21)

  console.info
    [PluginManager] Plugin 'working-2' enabled

      at PluginManager._log (src/infrastructure/plugins/PluginManager.js:483:21)

  console.info
    [PluginManager] Plugin 'working-3' enabled

      at PluginManager._log (src/infrastructure/plugins/PluginManager.js:483:21)

  console.info
    [PluginManager] Plugin 'failing-plugin' v1.0.0 registered

      at PluginManager._log (src/infrastructure/plugins/PluginManager.js:483:21)

  console.info
    [PluginManager] Plugin 'working-0' v1.0.0 registered

      at PluginManager._log (src/infrastructure/plugins/PluginManager.js:483:21)

  console.info
    [PluginManager] Plugin 'working-1' v1.0.0 registered

      at PluginManager._log (src/infrastructure/plugins/PluginManager.js:483:21)

  console.info
    [PluginManager] Plugin 'working-2' v1.0.0 registered

      at PluginManager._log (src/infrastructure/plugins/PluginManager.js:483:21)

  console.info
    [PluginManager] Plugin 'working-0' enabled

      at PluginManager._log (src/infrastructure/plugins/PluginManager.js:483:21)

  console.info
    [PluginManager] Plugin 'working-1' enabled

      at PluginManager._log (src/infrastructure/plugins/PluginManager.js:483:21)

  console.info
    [PluginManager] Plugin 'working-2' enabled

      at PluginManager._log (src/infrastructure/plugins/PluginManager.js:483:21)

  console.info
    [PluginManager] Plugin 'failing-plugin' v1.0.0 registered

      at PluginManager._log (src/infrastructure/plugins/PluginManager.js:483:21)

  console.info
    [PluginManager] Plugin 'working-0' v1.0.0 registered

      at PluginManager._log (src/infrastructure/plugins/PluginManager.js:483:21)

  console.info
    [PluginManager] Plugin 'working-0' enabled

      at PluginManager._log (src/infrastructure/plugins/PluginManager.js:483:21)

  console.info
    [PluginManager] Plugin 'failing-plugin' v1.0.0 registered

      at PluginManager._log (src/infrastructure/plugins/PluginManager.js:483:21)

  console.info
    [PluginManager] Plugin 'working-0' v1.0.0 registered

      at PluginManager._log (src/infrastructure/plugins/PluginManager.js:483:21)

  console.info
    [PluginManager] Plugin 'working-1' v1.0.0 registered

      at PluginManager._log (src/infrastructure/plugins/PluginManager.js:483:21)

  console.info
    [PluginManager] Plugin 'working-0' enabled

      at PluginManager._log (src/infrastructure/plugins/PluginManager.js:483:21)

  console.info
    [PluginManager] Plugin 'working-1' enabled

      at PluginManager._log (src/infrastructure/plugins/PluginManager.js:483:21)

  console.info
    [PluginManager] Plugin 'failing-plugin' v1.0.0 registered

      at PluginManager._log (src/infrastructure/plugins/PluginManager.js:483:21)

  console.info
    [PluginManager] Plugin 'working-0' v1.0.0 registered

      at PluginManager._log (src/infrastructure/plugins/PluginManager.js:483:21)

  console.info
    [PluginManager] Plugin 'working-0' enabled

      at PluginManager._log (src/infrastructure/plugins/PluginManager.js:483:21)

  console.info
    [PluginManager] Plugin 'failing-plugin' v1.0.0 registered

      at PluginManager._log (src/infrastructure/plugins/PluginManager.js:483:21)

  console.info
    [PluginManager] Plugin 'working-0' v1.0.0 registered

      at PluginManager._log (src/infrastructure/plugins/PluginManager.js:483:21)

  console.info
    [PluginManager] Plugin 'working-0' enabled

      at PluginManager._log (src/infrastructure/plugins/PluginManager.js:483:21)

  console.info
    [PluginManager] Plugin 'failing-plugin' v1.0.0 registered

      at PluginManager._log (src/infrastructure/plugins/PluginManager.js:483:21)

  console.info
    [PluginManager] Plugin 'working-0' v1.0.0 registered

      at PluginManager._log (src/infrastructure/plugins/PluginManager.js:483:21)

  console.info
    [PluginManager] Plugin 'working-1' v1.0.0 registered

      at PluginManager._log (src/infrastructure/plugins/PluginManager.js:483:21)

  console.info
    [PluginManager] Plugin 'working-2' v1.0.0 registered

      at PluginManager._log (src/infrastructure/plugins/PluginManager.js:483:21)

  console.info
    [PluginManager] Plugin 'working-0' enabled

      at PluginManager._log (src/infrastructure/plugins/PluginManager.js:483:21)

  console.info
    [PluginManager] Plugin 'working-1' enabled

      at PluginManager._log (src/infrastructure/plugins/PluginManager.js:483:21)

  console.info
    [PluginManager] Plugin 'working-2' enabled

      at PluginManager._log (src/infrastructure/plugins/PluginManager.js:483:21)

  console.info
    [PluginManager] Plugin 'failing-plugin' v1.0.0 registered

      at PluginManager._log (src/infrastructure/plugins/PluginManager.js:483:21)

  console.info
    [PluginManager] Plugin 'working-0' v1.0.0 registered

      at PluginManager._log (src/infrastructure/plugins/PluginManager.js:483:21)

  console.info
    [PluginManager] Plugin 'working-1' v1.0.0 registered

      at PluginManager._log (src/infrastructure/plugins/PluginManager.js:483:21)

  console.info
    [PluginManager] Plugin 'working-2' v1.0.0 registered

      at PluginManager._log (src/infrastructure/plugins/PluginManager.js:483:21)

  console.info
    [PluginManager] Plugin 'working-3' v1.0.0 registered

      at PluginManager._log (src/infrastructure/plugins/PluginManager.js:483:21)

  console.info
    [PluginManager] Plugin 'working-0' enabled

      at PluginManager._log (src/infrastructure/plugins/PluginManager.js:483:21)

  console.info
    [PluginManager] Plugin 'working-1' enabled

      at PluginManager._log (src/infrastructure/plugins/PluginManager.js:483:21)

  console.info
    [PluginManager] Plugin 'working-2' enabled

      at PluginManager._log (src/infrastructure/plugins/PluginManager.js:483:21)

  console.info
    [PluginManager] Plugin 'working-3' enabled

      at PluginManager._log (src/infrastructure/plugins/PluginManager.js:483:21)

  console.info
    [PluginManager] Plugin 'failing-plugin' v1.0.0 registered

      at PluginManager._log (src/infrastructure/plugins/PluginManager.js:483:21)

  console.info
    [PluginManager] Plugin 'working-0' v1.0.0 registered

      at PluginManager._log (src/infrastructure/plugins/PluginManager.js:483:21)

  console.info
    [PluginManager] Plugin 'working-0' enabled

      at PluginManager._log (src/infrastructure/plugins/PluginManager.js:483:21)

  console.info
    [PluginManager] Plugin 'failing-plugin' v1.0.0 registered

      at PluginManager._log (src/infrastructure/plugins/PluginManager.js:483:21)

  console.info
    [PluginManager] Plugin 'working-0' v1.0.0 registered

      at PluginManager._log (src/infrastructure/plugins/PluginManager.js:483:21)

  console.info
    [PluginManager] Plugin 'working-1' v1.0.0 registered

      at PluginManager._log (src/infrastructure/plugins/PluginManager.js:483:21)

  console.info
    [PluginManager] Plugin 'working-2' v1.0.0 registered

      at PluginManager._log (src/infrastructure/plugins/PluginManager.js:483:21)

  console.info
    [PluginManager] Plugin 'working-3' v1.0.0 registered

      at PluginManager._log (src/infrastructure/plugins/PluginManager.js:483:21)

  console.info
    [PluginManager] Plugin 'working-0' enabled

      at PluginManager._log (src/infrastructure/plugins/PluginManager.js:483:21)

  console.info
    [PluginManager] Plugin 'working-1' enabled

      at PluginManager._log (src/infrastructure/plugins/PluginManager.js:483:21)

  console.info
    [PluginManager] Plugin 'working-2' enabled

      at PluginManager._log (src/infrastructure/plugins/PluginManager.js:483:21)

  console.info
    [PluginManager] Plugin 'working-3' enabled

      at PluginManager._log (src/infrastructure/plugins/PluginManager.js:483:21)

  console.info
    [PluginManager] Plugin 'failing-plugin' v1.0.0 registered

      at PluginManager._log (src/infrastructure/plugins/PluginManager.js:483:21)

  console.info
    [PluginManager] Plugin 'working-0' v1.0.0 registered

      at PluginManager._log (src/infrastructure/plugins/PluginManager.js:483:21)

  console.info
    [PluginManager] Plugin 'working-0' enabled

      at PluginManager._log (src/infrastructure/plugins/PluginManager.js:483:21)

  console.info
    [PluginManager] Plugin 'failing-plugin' v1.0.0 registered

      at PluginManager._log (src/infrastructure/plugins/PluginManager.js:483:21)

  console.info
    [PluginManager] Plugin 'working-0' v1.0.0 registered

      at PluginManager._log (src/infrastructure/plugins/PluginManager.js:483:21)

  console.info
    [PluginManager] Plugin 'working-1' v1.0.0 registered

      at PluginManager._log (src/infrastructure/plugins/PluginManager.js:483:21)

  console.info
    [PluginManager] Plugin 'working-0' enabled

      at PluginManager._log (src/infrastructure/plugins/PluginManager.js:483:21)

  console.info
    [PluginManager] Plugin 'working-1' enabled

      at PluginManager._log (src/infrastructure/plugins/PluginManager.js:483:21)

  console.info
    [PluginManager] Plugin 'failing-plugin' v1.0.0 registered

      at PluginManager._log (src/infrastructure/plugins/PluginManager.js:483:21)

  console.info
    [PluginManager] Plugin 'working-0' v1.0.0 registered

      at PluginManager._log (src/infrastructure/plugins/PluginManager.js:483:21)

  console.info
    [PluginManager] Plugin 'working-1' v1.0.0 registered

      at PluginManager._log (src/infrastructure/plugins/PluginManager.js:483:21)

  console.info
    [PluginManager] Plugin 'working-0' enabled

      at PluginManager._log (src/infrastructure/plugins/PluginManager.js:483:21)

  console.info
    [PluginManager] Plugin 'working-1' enabled

      at PluginManager._log (src/infrastructure/plugins/PluginManager.js:483:21)

  console.info
    [PluginManager] Plugin 'failing-plugin' v1.0.0 registered

      at PluginManager._log (src/infrastructure/plugins/PluginManager.js:483:21)

  console.info
    [PluginManager] Plugin 'working-0' v1.0.0 registered

      at PluginManager._log (src/infrastructure/plugins/PluginManager.js:483:21)

  console.info
    [PluginManager] Plugin 'working-1' v1.0.0 registered

      at PluginManager._log (src/infrastructure/plugins/PluginManager.js:483:21)

  console.info
    [PluginManager] Plugin 'working-2' v1.0.0 registered

      at PluginManager._log (src/infrastructure/plugins/PluginManager.js:483:21)

  console.info
    [PluginManager] Plugin 'working-0' enabled

      at PluginManager._log (src/infrastructure/plugins/PluginManager.js:483:21)

  console.info
    [PluginManager] Plugin 'working-1' enabled

      at PluginManager._log (src/infrastructure/plugins/PluginManager.js:483:21)

  console.info
    [PluginManager] Plugin 'working-2' enabled

      at PluginManager._log (src/infrastructure/plugins/PluginManager.js:483:21)

  console.info
    [PluginManager] Plugin 'failing-plugin' v1.0.0 registered

      at PluginManager._log (src/infrastructure/plugins/PluginManager.js:483:21)

  console.info
    [PluginManager] Plugin 'working-0' v1.0.0 registered

      at PluginManager._log (src/infrastructure/plugins/PluginManager.js:483:21)

  console.info
    [PluginManager] Plugin 'working-1' v1.0.0 registered

      at PluginManager._log (src/infrastructure/plugins/PluginManager.js:483:21)

  console.info
    [PluginManager] Plugin 'working-2' v1.0.0 registered

      at PluginManager._log (src/infrastructure/plugins/PluginManager.js:483:21)

  console.info
    [PluginManager] Plugin 'working-3' v1.0.0 registered

      at PluginManager._log (src/infrastructure/plugins/PluginManager.js:483:21)

  console.info
    [PluginManager] Plugin 'working-0' enabled

      at PluginManager._log (src/infrastructure/plugins/PluginManager.js:483:21)

  console.info
    [PluginManager] Plugin 'working-1' enabled

      at PluginManager._log (src/infrastructure/plugins/PluginManager.js:483:21)

  console.info
    [PluginManager] Plugin 'working-2' enabled

      at PluginManager._log (src/infrastructure/plugins/PluginManager.js:483:21)

  console.info
    [PluginManager] Plugin 'working-3' enabled

      at PluginManager._log (src/infrastructure/plugins/PluginManager.js:483:21)

  console.info
    [PluginManager] Plugin 'failing-plugin' v1.0.0 registered

      at PluginManager._log (src/infrastructure/plugins/PluginManager.js:483:21)

  console.info
    [PluginManager] Plugin 'working-0' v1.0.0 registered

      at PluginManager._log (src/infrastructure/plugins/PluginManager.js:483:21)

  console.info
    [PluginManager] Plugin 'working-1' v1.0.0 registered

      at PluginManager._log (src/infrastructure/plugins/PluginManager.js:483:21)

  console.info
    [PluginManager] Plugin 'working-0' enabled

      at PluginManager._log (src/infrastructure/plugins/PluginManager.js:483:21)

  console.info
    [PluginManager] Plugin 'working-1' enabled

      at PluginManager._log (src/infrastructure/plugins/PluginManager.js:483:21)

  console.info
    [PluginManager] Plugin 'failing-plugin' v1.0.0 registered

      at PluginManager._log (src/infrastructure/plugins/PluginManager.js:483:21)

  console.info
    [PluginManager] Plugin 'working-0' v1.0.0 registered

      at PluginManager._log (src/infrastructure/plugins/PluginManager.js:483:21)

  console.info
    [PluginManager] Plugin 'working-0' enabled

      at PluginManager._log (src/infrastructure/plugins/PluginManager.js:483:21)

  console.info
    [PluginManager] Plugin 'failing-plugin' v1.0.0 registered

      at PluginManager._log (src/infrastructure/plugins/PluginManager.js:483:21)

  console.info
    [PluginManager] Plugin 'working-0' v1.0.0 registered

      at PluginManager._log (src/infrastructure/plugins/PluginManager.js:483:21)

  console.info
    [PluginManager] Plugin 'working-0' enabled

      at PluginManager._log (src/infrastructure/plugins/PluginManager.js:483:21)

  console.info
    [PluginManager] Plugin 'failing-plugin' v1.0.0 registered

      at PluginManager._log (src/infrastructure/plugins/PluginManager.js:483:21)

  console.info
    [PluginManager] Plugin 'working-0' v1.0.0 registered

      at PluginManager._log (src/infrastructure/plugins/PluginManager.js:483:21)

  console.info
    [PluginManager] Plugin 'working-1' v1.0.0 registered

      at PluginManager._log (src/infrastructure/plugins/PluginManager.js:483:21)

  console.info
    [PluginManager] Plugin 'working-0' enabled

      at PluginManager._log (src/infrastructure/plugins/PluginManager.js:483:21)

  console.info
    [PluginManager] Plugin 'working-1' enabled

      at PluginManager._log (src/infrastructure/plugins/PluginManager.js:483:21)

  console.info
    [PluginManager] Plugin 'failing-plugin' v1.0.0 registered

      at PluginManager._log (src/infrastructure/plugins/PluginManager.js:483:21)

  console.info
    [PluginManager] Plugin 'working-0' v1.0.0 registered

      at PluginManager._log (src/infrastructure/plugins/PluginManager.js:483:21)

  console.info
    [PluginManager] Plugin 'working-1' v1.0.0 registered

      at PluginManager._log (src/infrastructure/plugins/PluginManager.js:483:21)

  console.info
    [PluginManager] Plugin 'working-2' v1.0.0 registered

      at PluginManager._log (src/infrastructure/plugins/PluginManager.js:483:21)

  console.info
    [PluginManager] Plugin 'working-0' enabled

      at PluginManager._log (src/infrastructure/plugins/PluginManager.js:483:21)

  console.info
    [PluginManager] Plugin 'working-1' enabled

      at PluginManager._log (src/infrastructure/plugins/PluginManager.js:483:21)

  console.info
    [PluginManager] Plugin 'working-2' enabled

      at PluginManager._log (src/infrastructure/plugins/PluginManager.js:483:21)

  console.info
    [PluginManager] Plugin 'failing-plugin' v1.0.0 registered

      at PluginManager._log (src/infrastructure/plugins/PluginManager.js:483:21)

  console.info
    [PluginManager] Plugin 'working-0' v1.0.0 registered

      at PluginManager._log (src/infrastructure/plugins/PluginManager.js:483:21)

  console.info
    [PluginManager] Plugin 'working-0' enabled

      at PluginManager._log (src/infrastructure/plugins/PluginManager.js:483:21)

  console.info
    [PluginManager] Plugin 'failing-plugin' v1.0.0 registered

      at PluginManager._log (src/infrastructure/plugins/PluginManager.js:483:21)

  console.info
    [PluginManager] Plugin 'working-0' v1.0.0 registered

      at PluginManager._log (src/infrastructure/plugins/PluginManager.js:483:21)

  console.info
    [PluginManager] Plugin 'working-0' enabled

      at PluginManager._log (src/infrastructure/plugins/PluginManager.js:483:21)

  console.info
    [PluginManager] Plugin 'failing-plugin' v1.0.0 registered

      at PluginManager._log (src/infrastructure/plugins/PluginManager.js:483:21)

  console.info
    [PluginManager] Plugin 'working-0' v1.0.0 registered

      at PluginManager._log (src/infrastructure/plugins/PluginManager.js:483:21)

  console.info
    [PluginManager] Plugin 'working-1' v1.0.0 registered

      at PluginManager._log (src/infrastructure/plugins/PluginManager.js:483:21)

  console.info
    [PluginManager] Plugin 'working-2' v1.0.0 registered

      at PluginManager._log (src/infrastructure/plugins/PluginManager.js:483:21)

  console.info
    [PluginManager] Plugin 'working-3' v1.0.0 registered

      at PluginManager._log (src/infrastructure/plugins/PluginManager.js:483:21)

  console.info
    [PluginManager] Plugin 'working-0' enabled

      at PluginManager._log (src/infrastructure/plugins/PluginManager.js:483:21)

  console.info
    [PluginManager] Plugin 'working-1' enabled

      at PluginManager._log (src/infrastructure/plugins/PluginManager.js:483:21)

  console.info
    [PluginManager] Plugin 'working-2' enabled

      at PluginManager._log (src/infrastructure/plugins/PluginManager.js:483:21)

  console.info
    [PluginManager] Plugin 'working-3' enabled

      at PluginManager._log (src/infrastructure/plugins/PluginManager.js:483:21)

  console.info
    [PluginManager] Plugin 'failing-plugin' v1.0.0 registered

      at PluginManager._log (src/infrastructure/plugins/PluginManager.js:483:21)

  console.info
    [PluginManager] Plugin 'working-0' v1.0.0 registered

      at PluginManager._log (src/infrastructure/plugins/PluginManager.js:483:21)

  console.info
    [PluginManager] Plugin 'working-1' v1.0.0 registered

      at PluginManager._log (src/infrastructure/plugins/PluginManager.js:483:21)

  console.info
    [PluginManager] Plugin 'working-2' v1.0.0 registered

      at PluginManager._log (src/infrastructure/plugins/PluginManager.js:483:21)

  console.info
    [PluginManager] Plugin 'working-0' enabled

      at PluginManager._log (src/infrastructure/plugins/PluginManager.js:483:21)

  console.info
    [PluginManager] Plugin 'working-1' enabled

      at PluginManager._log (src/infrastructure/plugins/PluginManager.js:483:21)

  console.info
    [PluginManager] Plugin 'working-2' enabled

      at PluginManager._log (src/infrastructure/plugins/PluginManager.js:483:21)

  console.info
    [PluginManager] Plugin 'failing-plugin' v1.0.0 registered

      at PluginManager._log (src/infrastructure/plugins/PluginManager.js:483:21)

  console.info
    [PluginManager] Plugin 'working-0' v1.0.0 registered

      at PluginManager._log (src/infrastructure/plugins/PluginManager.js:483:21)

  console.info
    [PluginManager] Plugin 'working-0' enabled

      at PluginManager._log (src/infrastructure/plugins/PluginManager.js:483:21)

  console.info
    [PluginManager] Plugin 'failing-plugin' v1.0.0 registered

      at PluginManager._log (src/infrastructure/plugins/PluginManager.js:483:21)

  console.info
    [PluginManager] Plugin 'working-0' v1.0.0 registered

      at PluginManager._log (src/infrastructure/plugins/PluginManager.js:483:21)

  console.info
    [PluginManager] Plugin 'working-1' v1.0.0 registered

      at PluginManager._log (src/infrastructure/plugins/PluginManager.js:483:21)

  console.info
    [PluginManager] Plugin 'working-2' v1.0.0 registered

      at PluginManager._log (src/infrastructure/plugins/PluginManager.js:483:21)

  console.info
    [PluginManager] Plugin 'working-0' enabled

      at PluginManager._log (src/infrastructure/plugins/PluginManager.js:483:21)

  console.info
    [PluginManager] Plugin 'working-1' enabled

      at PluginManager._log (src/infrastructure/plugins/PluginManager.js:483:21)

  console.info
    [PluginManager] Plugin 'working-2' enabled

      at PluginManager._log (src/infrastructure/plugins/PluginManager.js:483:21)

  console.info
    [PluginManager] Plugin 'failing-plugin' v1.0.0 registered

      at PluginManager._log (src/infrastructure/plugins/PluginManager.js:483:21)

  console.info
    [PluginManager] Plugin 'working-0' v1.0.0 registered

      at PluginManager._log (src/infrastructure/plugins/PluginManager.js:483:21)

  console.info
    [PluginManager] Plugin 'working-1' v1.0.0 registered

      at PluginManager._log (src/infrastructure/plugins/PluginManager.js:483:21)

  console.info
    [PluginManager] Plugin 'working-2' v1.0.0 registered

      at PluginManager._log (src/infrastructure/plugins/PluginManager.js:483:21)

  console.info
    [PluginManager] Plugin 'working-0' enabled

      at PluginManager._log (src/infrastructure/plugins/PluginManager.js:483:21)

  console.info
    [PluginManager] Plugin 'working-1' enabled

      at PluginManager._log (src/infrastructure/plugins/PluginManager.js:483:21)

  console.info
    [PluginManager] Plugin 'working-2' enabled

      at PluginManager._log (src/infrastructure/plugins/PluginManager.js:483:21)

  console.info
    [PluginManager] Plugin 'failing-plugin' v1.0.0 registered

      at PluginManager._log (src/infrastructure/plugins/PluginManager.js:483:21)

  console.info
    [PluginManager] Plugin 'working-0' v1.0.0 registered

      at PluginManager._log (src/infrastructure/plugins/PluginManager.js:483:21)

  console.info
    [PluginManager] Plugin 'working-1' v1.0.0 registered

      at PluginManager._log (src/infrastructure/plugins/PluginManager.js:483:21)

  console.info
    [PluginManager] Plugin 'working-2' v1.0.0 registered

      at PluginManager._log (src/infrastructure/plugins/PluginManager.js:483:21)

  console.info
    [PluginManager] Plugin 'working-0' enabled

      at PluginManager._log (src/infrastructure/plugins/PluginManager.js:483:21)

  console.info
    [PluginManager] Plugin 'working-1' enabled

      at PluginManager._log (src/infrastructure/plugins/PluginManager.js:483:21)

  console.info
    [PluginManager] Plugin 'working-2' enabled

      at PluginManager._log (src/infrastructure/plugins/PluginManager.js:483:21)

  console.info
    [PluginManager] Plugin 'failing-plugin' v1.0.0 registered

      at PluginManager._log (src/infrastructure/plugins/PluginManager.js:483:21)

  console.info
    [PluginManager] Plugin 'working-0' v1.0.0 registered

      at PluginManager._log (src/infrastructure/plugins/PluginManager.js:483:21)

  console.info
    [PluginManager] Plugin 'working-1' v1.0.0 registered

      at PluginManager._log (src/infrastructure/plugins/PluginManager.js:483:21)

  console.info
    [PluginManager] Plugin 'working-2' v1.0.0 registered

      at PluginManager._log (src/infrastructure/plugins/PluginManager.js:483:21)

  console.info
    [PluginManager] Plugin 'working-0' enabled

      at PluginManager._log (src/infrastructure/plugins/PluginManager.js:483:21)

  console.info
    [PluginManager] Plugin 'working-1' enabled

      at PluginManager._log (src/infrastructure/plugins/PluginManager.js:483:21)

  console.info
    [PluginManager] Plugin 'working-2' enabled

      at PluginManager._log (src/infrastructure/plugins/PluginManager.js:483:21)

  console.info
    [PluginManager] Plugin 'failing-plugin' v1.0.0 registered

      at PluginManager._log (src/infrastructure/plugins/PluginManager.js:483:21)

  console.info
    [PluginManager] Plugin 'working-0' v1.0.0 registered

      at PluginManager._log (src/infrastructure/plugins/PluginManager.js:483:21)

  console.info
    [PluginManager] Plugin 'working-1' v1.0.0 registered

      at PluginManager._log (src/infrastructure/plugins/PluginManager.js:483:21)

  console.info
    [PluginManager] Plugin 'working-2' v1.0.0 registered

      at PluginManager._log (src/infrastructure/plugins/PluginManager.js:483:21)

  console.info
    [PluginManager] Plugin 'working-3' v1.0.0 registered

      at PluginManager._log (src/infrastructure/plugins/PluginManager.js:483:21)

  console.info
    [PluginManager] Plugin 'working-0' enabled

      at PluginManager._log (src/infrastructure/plugins/PluginManager.js:483:21)

  console.info
    [PluginManager] Plugin 'working-1' enabled

      at PluginManager._log (src/infrastructure/plugins/PluginManager.js:483:21)

  console.info
    [PluginManager] Plugin 'working-2' enabled

      at PluginManager._log (src/infrastructure/plugins/PluginManager.js:483:21)

  console.info
    [PluginManager] Plugin 'working-3' enabled

      at PluginManager._log (src/infrastructure/plugins/PluginManager.js:483:21)

  console.info
    [PluginManager] Plugin 'failing-plugin' v1.0.0 registered

      at PluginManager._log (src/infrastructure/plugins/PluginManager.js:483:21)

  console.info
    [PluginManager] Plugin 'working-0' v1.0.0 registered

      at PluginManager._log (src/infrastructure/plugins/PluginManager.js:483:21)

  console.info
    [PluginManager] Plugin 'working-0' enabled

      at PluginManager._log (src/infrastructure/plugins/PluginManager.js:483:21)

  console.info
    [PluginManager] Plugin 'failing-plugin' v1.0.0 registered

      at PluginManager._log (src/infrastructure/plugins/PluginManager.js:483:21)

  console.info
    [PluginManager] Plugin 'working-0' v1.0.0 registered

      at PluginManager._log (src/infrastructure/plugins/PluginManager.js:483:21)

  console.info
    [PluginManager] Plugin 'working-1' v1.0.0 registered

      at PluginManager._log (src/infrastructure/plugins/PluginManager.js:483:21)

  console.info
    [PluginManager] Plugin 'working-0' enabled

      at PluginManager._log (src/infrastructure/plugins/PluginManager.js:483:21)

  console.info
    [PluginManager] Plugin 'working-1' enabled

      at PluginManager._log (src/infrastructure/plugins/PluginManager.js:483:21)

  console.info
    [PluginManager] Plugin 'failing-plugin' v1.0.0 registered

      at PluginManager._log (src/infrastructure/plugins/PluginManager.js:483:21)

  console.info
    [PluginManager] Plugin 'working-0' v1.0.0 registered

      at PluginManager._log (src/infrastructure/plugins/PluginManager.js:483:21)

  console.info
    [PluginManager] Plugin 'working-1' v1.0.0 registered

      at PluginManager._log (src/infrastructure/plugins/PluginManager.js:483:21)

  console.info
    [PluginManager] Plugin 'working-0' enabled

      at PluginManager._log (src/infrastructure/plugins/PluginManager.js:483:21)

  console.info
    [PluginManager] Plugin 'working-1' enabled

      at PluginManager._log (src/infrastructure/plugins/PluginManager.js:483:21)

  console.info
    [PluginManager] Plugin 'failing-plugin' v1.0.0 registered

      at PluginManager._log (src/infrastructure/plugins/PluginManager.js:483:21)

  console.info
    [PluginManager] Plugin 'working-0' v1.0.0 registered

      at PluginManager._log (src/infrastructure/plugins/PluginManager.js:483:21)

  console.info
    [PluginManager] Plugin 'working-1' v1.0.0 registered

      at PluginManager._log (src/infrastructure/plugins/PluginManager.js:483:21)

  console.info
    [PluginManager] Plugin 'working-2' v1.0.0 registered

      at PluginManager._log (src/infrastructure/plugins/PluginManager.js:483:21)

  console.info
    [PluginManager] Plugin 'working-0' enabled

      at PluginManager._log (src/infrastructure/plugins/PluginManager.js:483:21)

  console.info
    [PluginManager] Plugin 'working-1' enabled

      at PluginManager._log (src/infrastructure/plugins/PluginManager.js:483:21)

  console.info
    [PluginManager] Plugin 'working-2' enabled

      at PluginManager._log (src/infrastructure/plugins/PluginManager.js:483:21)

  console.info
    [PluginManager] Plugin 'failing-plugin' v1.0.0 registered

      at PluginManager._log (src/infrastructure/plugins/PluginManager.js:483:21)

  console.info
    [PluginManager] Plugin 'working-0' v1.0.0 registered

      at PluginManager._log (src/infrastructure/plugins/PluginManager.js:483:21)

  console.info
    [PluginManager] Plugin 'working-1' v1.0.0 registered

      at PluginManager._log (src/infrastructure/plugins/PluginManager.js:483:21)

  console.info
    [PluginManager] Plugin 'working-0' enabled

      at PluginManager._log (src/infrastructure/plugins/PluginManager.js:483:21)

  console.info
    [PluginManager] Plugin 'working-1' enabled

      at PluginManager._log (src/infrastructure/plugins/PluginManager.js:483:21)

  console.info
    [PluginManager] Plugin 'failing-plugin' v1.0.0 registered

      at PluginManager._log (src/infrastructure/plugins/PluginManager.js:483:21)

  console.info
    [PluginManager] Plugin 'working-0' v1.0.0 registered

      at PluginManager._log (src/infrastructure/plugins/PluginManager.js:483:21)

  console.info
    [PluginManager] Plugin 'working-1' v1.0.0 registered

      at PluginManager._log (src/infrastructure/plugins/PluginManager.js:483:21)

  console.info
    [PluginManager] Plugin 'working-2' v1.0.0 registered

      at PluginManager._log (src/infrastructure/plugins/PluginManager.js:483:21)

  console.info
    [PluginManager] Plugin 'working-0' enabled

      at PluginManager._log (src/infrastructure/plugins/PluginManager.js:483:21)

  console.info
    [PluginManager] Plugin 'working-1' enabled

      at PluginManager._log (src/infrastructure/plugins/PluginManager.js:483:21)

  console.info
    [PluginManager] Plugin 'working-2' enabled

      at PluginManager._log (src/infrastructure/plugins/PluginManager.js:483:21)

  console.info
    [PluginManager] Plugin 'failing-plugin' v1.0.0 registered

      at PluginManager._log (src/infrastructure/plugins/PluginManager.js:483:21)

  console.info
    [PluginManager] Plugin 'working-0' v1.0.0 registered

      at PluginManager._log (src/infrastructure/plugins/PluginManager.js:483:21)

  console.info
    [PluginManager] Plugin 'working-1' v1.0.0 registered

      at PluginManager._log (src/infrastructure/plugins/PluginManager.js:483:21)

  console.info
    [PluginManager] Plugin 'working-2' v1.0.0 registered

      at PluginManager._log (src/infrastructure/plugins/PluginManager.js:483:21)

  console.info
    [PluginManager] Plugin 'working-3' v1.0.0 registered

      at PluginManager._log (src/infrastructure/plugins/PluginManager.js:483:21)

  console.info
    [PluginManager] Plugin 'working-0' enabled

      at PluginManager._log (src/infrastructure/plugins/PluginManager.js:483:21)

  console.info
    [PluginManager] Plugin 'working-1' enabled

      at PluginManager._log (src/infrastructure/plugins/PluginManager.js:483:21)

  console.info
    [PluginManager] Plugin 'working-2' enabled

      at PluginManager._log (src/infrastructure/plugins/PluginManager.js:483:21)

  console.info
    [PluginManager] Plugin 'working-3' enabled

      at PluginManager._log (src/infrastructure/plugins/PluginManager.js:483:21)

  console.info
    [PluginManager] Plugin 'failing-plugin' v1.0.0 registered

      at PluginManager._log (src/infrastructure/plugins/PluginManager.js:483:21)

  console.info
    [PluginManager] Plugin 'working-0' v1.0.0 registered

      at PluginManager._log (src/infrastructure/plugins/PluginManager.js:483:21)

  console.info
    [PluginManager] Plugin 'working-1' v1.0.0 registered

      at PluginManager._log (src/infrastructure/plugins/PluginManager.js:483:21)

  console.info
    [PluginManager] Plugin 'working-2' v1.0.0 registered

      at PluginManager._log (src/infrastructure/plugins/PluginManager.js:483:21)

  console.info
    [PluginManager] Plugin 'working-3' v1.0.0 registered

      at PluginManager._log (src/infrastructure/plugins/PluginManager.js:483:21)

  console.info
    [PluginManager] Plugin 'working-0' enabled

      at PluginManager._log (src/infrastructure/plugins/PluginManager.js:483:21)

  console.info
    [PluginManager] Plugin 'working-1' enabled

      at PluginManager._log (src/infrastructure/plugins/PluginManager.js:483:21)

  console.info
    [PluginManager] Plugin 'working-2' enabled

      at PluginManager._log (src/infrastructure/plugins/PluginManager.js:483:21)

  console.info
    [PluginManager] Plugin 'working-3' enabled

      at PluginManager._log (src/infrastructure/plugins/PluginManager.js:483:21)

  console.info
    [PluginManager] Plugin 'failing-plugin' v1.0.0 registered

      at PluginManager._log (src/infrastructure/plugins/PluginManager.js:483:21)

  console.info
    [PluginManager] Plugin 'working-0' v1.0.0 registered

      at PluginManager._log (src/infrastructure/plugins/PluginManager.js:483:21)

  console.info
    [PluginManager] Plugin 'working-1' v1.0.0 registered

      at PluginManager._log (src/infrastructure/plugins/PluginManager.js:483:21)

  console.info
    [PluginManager] Plugin 'working-0' enabled

      at PluginManager._log (src/infrastructure/plugins/PluginManager.js:483:21)

  console.info
    [PluginManager] Plugin 'working-1' enabled

      at PluginManager._log (src/infrastructure/plugins/PluginManager.js:483:21)

  console.info
    [PluginManager] Plugin 'failing-plugin' v1.0.0 registered

      at PluginManager._log (src/infrastructure/plugins/PluginManager.js:483:21)

  console.info
    [PluginManager] Plugin 'working-0' v1.0.0 registered

      at PluginManager._log (src/infrastructure/plugins/PluginManager.js:483:21)

  console.info
    [PluginManager] Plugin 'working-0' enabled

      at PluginManager._log (src/infrastructure/plugins/PluginManager.js:483:21)

  console.info
    [PluginManager] Plugin 'failing-plugin' v1.0.0 registered

      at PluginManager._log (src/infrastructure/plugins/PluginManager.js:483:21)

  console.info
    [PluginManager] Plugin 'working-0' v1.0.0 registered

      at PluginManager._log (src/infrastructure/plugins/PluginManager.js:483:21)

  console.info
    [PluginManager] Plugin 'working-1' v1.0.0 registered

      at PluginManager._log (src/infrastructure/plugins/PluginManager.js:483:21)

  console.info
    [PluginManager] Plugin 'working-2' v1.0.0 registered

      at PluginManager._log (src/infrastructure/plugins/PluginManager.js:483:21)

  console.info
    [PluginManager] Plugin 'working-0' enabled

      at PluginManager._log (src/infrastructure/plugins/PluginManager.js:483:21)

  console.info
    [PluginManager] Plugin 'working-1' enabled

      at PluginManager._log (src/infrastructure/plugins/PluginManager.js:483:21)

  console.info
    [PluginManager] Plugin 'working-2' enabled

      at PluginManager._log (src/infrastructure/plugins/PluginManager.js:483:21)

  console.info
    [PluginManager] Plugin 'failing-plugin' v1.0.0 registered

      at PluginManager._log (src/infrastructure/plugins/PluginManager.js:483:21)

  console.info
    [PluginManager] Plugin 'working-0' v1.0.0 registered

      at PluginManager._log (src/infrastructure/plugins/PluginManager.js:483:21)

  console.info
    [PluginManager] Plugin 'working-1' v1.0.0 registered

      at PluginManager._log (src/infrastructure/plugins/PluginManager.js:483:21)

  console.info
    [PluginManager] Plugin 'working-2' v1.0.0 registered

      at PluginManager._log (src/infrastructure/plugins/PluginManager.js:483:21)

  console.info
    [PluginManager] Plugin 'working-0' enabled

      at PluginManager._log (src/infrastructure/plugins/PluginManager.js:483:21)

  console.info
    [PluginManager] Plugin 'working-1' enabled

      at PluginManager._log (src/infrastructure/plugins/PluginManager.js:483:21)

  console.info
    [PluginManager] Plugin 'working-2' enabled

      at PluginManager._log (src/infrastructure/plugins/PluginManager.js:483:21)

  console.info
    [PluginManager] Plugin 'failing-plugin' v1.0.0 registered

      at PluginManager._log (src/infrastructure/plugins/PluginManager.js:483:21)

  console.info
    [PluginManager] Plugin 'working-0' v1.0.0 registered

      at PluginManager._log (src/infrastructure/plugins/PluginManager.js:483:21)

  console.info
    [PluginManager] Plugin 'working-1' v1.0.0 registered

      at PluginManager._log (src/infrastructure/plugins/PluginManager.js:483:21)

  console.info
    [PluginManager] Plugin 'working-0' enabled

      at PluginManager._log (src/infrastructure/plugins/PluginManager.js:483:21)

  console.info
    [PluginManager] Plugin 'working-1' enabled

      at PluginManager._log (src/infrastructure/plugins/PluginManager.js:483:21)

  console.info
    [PluginManager] Plugin 'failing-plugin' v1.0.0 registered

      at PluginManager._log (src/infrastructure/plugins/PluginManager.js:483:21)

  console.info
    [PluginManager] Plugin 'working-0' v1.0.0 registered

      at PluginManager._log (src/infrastructure/plugins/PluginManager.js:483:21)

  console.info
    [PluginManager] Plugin 'working-1' v1.0.0 registered

      at PluginManager._log (src/infrastructure/plugins/PluginManager.js:483:21)

  console.info
    [PluginManager] Plugin 'working-0' enabled

      at PluginManager._log (src/infrastructure/plugins/PluginManager.js:483:21)

  console.info
    [PluginManager] Plugin 'working-1' enabled

      at PluginManager._log (src/infrastructure/plugins/PluginManager.js:483:21)

  console.info
    [PluginManager] Plugin 'failing-plugin' v1.0.0 registered

      at PluginManager._log (src/infrastructure/plugins/PluginManager.js:483:21)

  console.info
    [PluginManager] Plugin 'working-0' v1.0.0 registered

      at PluginManager._log (src/infrastructure/plugins/PluginManager.js:483:21)

  console.info
    [PluginManager] Plugin 'working-1' v1.0.0 registered

      at PluginManager._log (src/infrastructure/plugins/PluginManager.js:483:21)

  console.info
    [PluginManager] Plugin 'working-2' v1.0.0 registered

      at PluginManager._log (src/infrastructure/plugins/PluginManager.js:483:21)

  console.info
    [PluginManager] Plugin 'working-3' v1.0.0 registered

      at PluginManager._log (src/infrastructure/plugins/PluginManager.js:483:21)

  console.info
    [PluginManager] Plugin 'working-0' enabled

      at PluginManager._log (src/infrastructure/plugins/PluginManager.js:483:21)

  console.info
    [PluginManager] Plugin 'working-1' enabled

      at PluginManager._log (src/infrastructure/plugins/PluginManager.js:483:21)

  console.info
    [PluginManager] Plugin 'working-2' enabled

      at PluginManager._log (src/infrastructure/plugins/PluginManager.js:483:21)

  console.info
    [PluginManager] Plugin 'working-3' enabled

      at PluginManager._log (src/infrastructure/plugins/PluginManager.js:483:21)

  console.info
    [PluginManager] Plugin 'failing-plugin' v1.0.0 registered

      at PluginManager._log (src/infrastructure/plugins/PluginManager.js:483:21)

  console.info
    [PluginManager] Plugin 'working-0' v1.0.0 registered

      at PluginManager._log (src/infrastructure/plugins/PluginManager.js:483:21)

  console.info
    [PluginManager] Plugin 'working-0' enabled

      at PluginManager._log (src/infrastructure/plugins/PluginManager.js:483:21)

  console.info
    [PluginManager] Plugin 'failing-plugin' v1.0.0 registered

      at PluginManager._log (src/infrastructure/plugins/PluginManager.js:483:21)

  console.info
    [PluginManager] Plugin 'working-0' v1.0.0 registered

      at PluginManager._log (src/infrastructure/plugins/PluginManager.js:483:21)

  console.info
    [PluginManager] Plugin 'working-1' v1.0.0 registered

      at PluginManager._log (src/infrastructure/plugins/PluginManager.js:483:21)

  console.info
    [PluginManager] Plugin 'working-2' v1.0.0 registered

      at PluginManager._log (src/infrastructure/plugins/PluginManager.js:483:21)

  console.info
    [PluginManager] Plugin 'working-0' enabled

      at PluginManager._log (src/infrastructure/plugins/PluginManager.js:483:21)

  console.info
    [PluginManager] Plugin 'working-1' enabled

      at PluginManager._log (src/infrastructure/plugins/PluginManager.js:483:21)

  console.info
    [PluginManager] Plugin 'working-2' enabled

      at PluginManager._log (src/infrastructure/plugins/PluginManager.js:483:21)

  console.info
    [PluginManager] Plugin 'failing-plugin' v1.0.0 registered

      at PluginManager._log (src/infrastructure/plugins/PluginManager.js:483:21)

  console.info
    [PluginManager] Plugin 'working-0' v1.0.0 registered

      at PluginManager._log (src/infrastructure/plugins/PluginManager.js:483:21)

  console.info
    [PluginManager] Plugin 'working-1' v1.0.0 registered

      at PluginManager._log (src/infrastructure/plugins/PluginManager.js:483:21)

  console.info
    [PluginManager] Plugin 'working-0' enabled

      at PluginManager._log (src/infrastructure/plugins/PluginManager.js:483:21)

  console.info
    [PluginManager] Plugin 'working-1' enabled

      at PluginManager._log (src/infrastructure/plugins/PluginManager.js:483:21)

  console.info
    [PluginManager] Plugin 'failing-plugin' v1.0.0 registered

      at PluginManager._log (src/infrastructure/plugins/PluginManager.js:483:21)

  console.info
    [PluginManager] Plugin 'working-0' v1.0.0 registered

      at PluginManager._log (src/infrastructure/plugins/PluginManager.js:483:21)

  console.info
    [PluginManager] Plugin 'working-1' v1.0.0 registered

      at PluginManager._log (src/infrastructure/plugins/PluginManager.js:483:21)

  console.info
    [PluginManager] Plugin 'working-2' v1.0.0 registered

      at PluginManager._log (src/infrastructure/plugins/PluginManager.js:483:21)

  console.info
    [PluginManager] Plugin 'working-0' enabled

      at PluginManager._log (src/infrastructure/plugins/PluginManager.js:483:21)

  console.info
    [PluginManager] Plugin 'working-1' enabled

      at PluginManager._log (src/infrastructure/plugins/PluginManager.js:483:21)

  console.info
    [PluginManager] Plugin 'working-2' enabled

      at PluginManager._log (src/infrastructure/plugins/PluginManager.js:483:21)

  console.info
    [PluginManager] Plugin 'failing-plugin' v1.0.0 registered

      at PluginManager._log (src/infrastructure/plugins/PluginManager.js:483:21)

  console.info
    [PluginManager] Plugin 'working-0' v1.0.0 registered

      at PluginManager._log (src/infrastructure/plugins/PluginManager.js:483:21)

  console.info
    [PluginManager] Plugin 'working-1' v1.0.0 registered

      at PluginManager._log (src/infrastructure/plugins/PluginManager.js:483:21)

  console.info
    [PluginManager] Plugin 'working-0' enabled

      at PluginManager._log (src/infrastructure/plugins/PluginManager.js:483:21)

  console.info
    [PluginManager] Plugin 'working-1' enabled

      at PluginManager._log (src/infrastructure/plugins/PluginManager.js:483:21)

  console.info
    [PluginManager] Plugin 'failing-plugin' v1.0.0 registered

      at PluginManager._log (src/infrastructure/plugins/PluginManager.js:483:21)

  console.info
    [PluginManager] Plugin 'working-0' v1.0.0 registered

      at PluginManager._log (src/infrastructure/plugins/PluginManager.js:483:21)

  console.info
    [PluginManager] Plugin 'working-0' enabled

      at PluginManager._log (src/infrastructure/plugins/PluginManager.js:483:21)

  console.info
    [PluginManager] Plugin 'failing-plugin' v1.0.0 registered

      at PluginManager._log (src/infrastructure/plugins/PluginManager.js:483:21)

  console.info
    [PluginManager] Plugin 'working-0' v1.0.0 registered

      at PluginManager._log (src/infrastructure/plugins/PluginManager.js:483:21)

  console.info
    [PluginManager] Plugin 'working-1' v1.0.0 registered

      at PluginManager._log (src/infrastructure/plugins/PluginManager.js:483:21)

  console.info
    [PluginManager] Plugin 'working-2' v1.0.0 registered

      at PluginManager._log (src/infrastructure/plugins/PluginManager.js:483:21)

  console.info
    [PluginManager] Plugin 'working-0' enabled

      at PluginManager._log (src/infrastructure/plugins/PluginManager.js:483:21)

  console.info
    [PluginManager] Plugin 'working-1' enabled

      at PluginManager._log (src/infrastructure/plugins/PluginManager.js:483:21)

  console.info
    [PluginManager] Plugin 'working-2' enabled

      at PluginManager._log (src/infrastructure/plugins/PluginManager.js:483:21)

  console.info
    [PluginManager] Plugin 'failing-plugin' v1.0.0 registered

      at PluginManager._log (src/infrastructure/plugins/PluginManager.js:483:21)

  console.info
    [PluginManager] Plugin 'working-0' v1.0.0 registered

      at PluginManager._log (src/infrastructure/plugins/PluginManager.js:483:21)

  console.info
    [PluginManager] Plugin 'working-0' enabled

      at PluginManager._log (src/infrastructure/plugins/PluginManager.js:483:21)

  console.info
    [PluginManager] Plugin 'failing-plugin' v1.0.0 registered

      at PluginManager._log (src/infrastructure/plugins/PluginManager.js:483:21)

  console.info
    [PluginManager] Plugin 'working-0' v1.0.0 registered

      at PluginManager._log (src/infrastructure/plugins/PluginManager.js:483:21)

  console.info
    [PluginManager] Plugin 'working-0' enabled

      at PluginManager._log (src/infrastructure/plugins/PluginManager.js:483:21)

  console.info
    [PluginManager] Plugin 'failing-plugin' v1.0.0 registered

      at PluginManager._log (src/infrastructure/plugins/PluginManager.js:483:21)

  console.info
    [PluginManager] Plugin 'working-0' v1.0.0 registered

      at PluginManager._log (src/infrastructure/plugins/PluginManager.js:483:21)

  console.info
    [PluginManager] Plugin 'working-0' enabled

      at PluginManager._log (src/infrastructure/plugins/PluginManager.js:483:21)

  console.info
    [PluginManager] Plugin 'failing-plugin' v1.0.0 registered

      at PluginManager._log (src/infrastructure/plugins/PluginManager.js:483:21)

  console.info
    [PluginManager] Plugin 'working-0' v1.0.0 registered

      at PluginManager._log (src/infrastructure/plugins/PluginManager.js:483:21)

  console.info
    [PluginManager] Plugin 'working-0' enabled

      at PluginManager._log (src/infrastructure/plugins/PluginManager.js:483:21)

  console.info
    [PluginManager] Plugin 'failing-plugin' v1.0.0 registered

      at PluginManager._log (src/infrastructure/plugins/PluginManager.js:483:21)

  console.info
    [PluginManager] Plugin 'working-0' v1.0.0 registered

      at PluginManager._log (src/infrastructure/plugins/PluginManager.js:483:21)

  console.info
    [PluginManager] Plugin 'working-1' v1.0.0 registered

      at PluginManager._log (src/infrastructure/plugins/PluginManager.js:483:21)

  console.info
    [PluginManager] Plugin 'working-0' enabled

      at PluginManager._log (src/infrastructure/plugins/PluginManager.js:483:21)

  console.info
    [PluginManager] Plugin 'working-1' enabled

      at PluginManager._log (src/infrastructure/plugins/PluginManager.js:483:21)

  console.info
    [PluginManager] Plugin 'failing-plugin' v1.0.0 registered

      at PluginManager._log (src/infrastructure/plugins/PluginManager.js:483:21)

  console.info
    [PluginManager] Plugin 'working-0' v1.0.0 registered

      at PluginManager._log (src/infrastructure/plugins/PluginManager.js:483:21)

  console.info
    [PluginManager] Plugin 'working-1' v1.0.0 registered

      at PluginManager._log (src/infrastructure/plugins/PluginManager.js:483:21)

  console.info
    [PluginManager] Plugin 'working-2' v1.0.0 registered

      at PluginManager._log (src/infrastructure/plugins/PluginManager.js:483:21)

  console.info
    [PluginManager] Plugin 'working-0' enabled

      at PluginManager._log (src/infrastructure/plugins/PluginManager.js:483:21)

  console.info
    [PluginManager] Plugin 'working-1' enabled

      at PluginManager._log (src/infrastructure/plugins/PluginManager.js:483:21)

  console.info
    [PluginManager] Plugin 'working-2' enabled

      at PluginManager._log (src/infrastructure/plugins/PluginManager.js:483:21)

  console.info
    [PluginManager] Plugin 'failing-plugin' v1.0.0 registered

      at PluginManager._log (src/infrastructure/plugins/PluginManager.js:483:21)

  console.info
    [PluginManager] Plugin 'working-0' v1.0.0 registered

      at PluginManager._log (src/infrastructure/plugins/PluginManager.js:483:21)

  console.info
    [PluginManager] Plugin 'working-1' v1.0.0 registered

      at PluginManager._log (src/infrastructure/plugins/PluginManager.js:483:21)

  console.info
    [PluginManager] Plugin 'working-0' enabled

      at PluginManager._log (src/infrastructure/plugins/PluginManager.js:483:21)

  console.info
    [PluginManager] Plugin 'working-1' enabled

      at PluginManager._log (src/infrastructure/plugins/PluginManager.js:483:21)

  console.info
    [PluginManager] Plugin 'failing-plugin' v1.0.0 registered

      at PluginManager._log (src/infrastructure/plugins/PluginManager.js:483:21)

  console.info
    [PluginManager] Plugin 'working-0' v1.0.0 registered

      at PluginManager._log (src/infrastructure/plugins/PluginManager.js:483:21)

  console.info
    [PluginManager] Plugin 'working-1' v1.0.0 registered

      at PluginManager._log (src/infrastructure/plugins/PluginManager.js:483:21)

  console.info
    [PluginManager] Plugin 'working-2' v1.0.0 registered

      at PluginManager._log (src/infrastructure/plugins/PluginManager.js:483:21)

  console.info
    [PluginManager] Plugin 'working-3' v1.0.0 registered

      at PluginManager._log (src/infrastructure/plugins/PluginManager.js:483:21)

  console.info
    [PluginManager] Plugin 'working-0' enabled

      at PluginManager._log (src/infrastructure/plugins/PluginManager.js:483:21)

  console.info
    [PluginManager] Plugin 'working-1' enabled

      at PluginManager._log (src/infrastructure/plugins/PluginManager.js:483:21)

  console.info
    [PluginManager] Plugin 'working-2' enabled

      at PluginManager._log (src/infrastructure/plugins/PluginManager.js:483:21)

  console.info
    [PluginManager] Plugin 'working-3' enabled

      at PluginManager._log (src/infrastructure/plugins/PluginManager.js:483:21)

  console.info
    [PluginManager] Plugin 'failing-plugin' v1.0.0 registered

      at PluginManager._log (src/infrastructure/plugins/PluginManager.js:483:21)

  console.info
    [PluginManager] Plugin 'working-0' v1.0.0 registered

      at PluginManager._log (src/infrastructure/plugins/PluginManager.js:483:21)

  console.info
    [PluginManager] Plugin 'working-1' v1.0.0 registered

      at PluginManager._log (src/infrastructure/plugins/PluginManager.js:483:21)

  console.info
    [PluginManager] Plugin 'working-2' v1.0.0 registered

      at PluginManager._log (src/infrastructure/plugins/PluginManager.js:483:21)

  console.info
    [PluginManager] Plugin 'working-3' v1.0.0 registered

      at PluginManager._log (src/infrastructure/plugins/PluginManager.js:483:21)

  console.info
    [PluginManager] Plugin 'working-0' enabled

      at PluginManager._log (src/infrastructure/plugins/PluginManager.js:483:21)

  console.info
    [PluginManager] Plugin 'working-1' enabled

      at PluginManager._log (src/infrastructure/plugins/PluginManager.js:483:21)

  console.info
    [PluginManager] Plugin 'working-2' enabled

      at PluginManager._log (src/infrastructure/plugins/PluginManager.js:483:21)

  console.info
    [PluginManager] Plugin 'working-3' enabled

      at PluginManager._log (src/infrastructure/plugins/PluginManager.js:483:21)

  console.info
    [PluginManager] Plugin 'failing-plugin' v1.0.0 registered

      at PluginManager._log (src/infrastructure/plugins/PluginManager.js:483:21)

  console.info
    [PluginManager] Plugin 'working-0' v1.0.0 registered

      at PluginManager._log (src/infrastructure/plugins/PluginManager.js:483:21)

  console.info
    [PluginManager] Plugin 'working-1' v1.0.0 registered

      at PluginManager._log (src/infrastructure/plugins/PluginManager.js:483:21)

  console.info
    [PluginManager] Plugin 'working-2' v1.0.0 registered

      at PluginManager._log (src/infrastructure/plugins/PluginManager.js:483:21)

  console.info
    [PluginManager] Plugin 'working-3' v1.0.0 registered

      at PluginManager._log (src/infrastructure/plugins/PluginManager.js:483:21)

  console.info
    [PluginManager] Plugin 'working-0' enabled

      at PluginManager._log (src/infrastructure/plugins/PluginManager.js:483:21)

  console.info
    [PluginManager] Plugin 'working-1' enabled

      at PluginManager._log (src/infrastructure/plugins/PluginManager.js:483:21)

  console.info
    [PluginManager] Plugin 'working-2' enabled

      at PluginManager._log (src/infrastructure/plugins/PluginManager.js:483:21)

  console.info
    [PluginManager] Plugin 'working-3' enabled

      at PluginManager._log (src/infrastructure/plugins/PluginManager.js:483:21)

  console.info
    [PluginManager] Plugin 'failing-plugin' v1.0.0 registered

      at PluginManager._log (src/infrastructure/plugins/PluginManager.js:483:21)

  console.info
    [PluginManager] Plugin 'working-0' v1.0.0 registered

      at PluginManager._log (src/infrastructure/plugins/PluginManager.js:483:21)

  console.info
    [PluginManager] Plugin 'working-1' v1.0.0 registered

      at PluginManager._log (src/infrastructure/plugins/PluginManager.js:483:21)

  console.info
    [PluginManager] Plugin 'working-2' v1.0.0 registered

      at PluginManager._log (src/infrastructure/plugins/PluginManager.js:483:21)

  console.info
    [PluginManager] Plugin 'working-0' enabled

      at PluginManager._log (src/infrastructure/plugins/PluginManager.js:483:21)

  console.info
    [PluginManager] Plugin 'working-1' enabled

      at PluginManager._log (src/infrastructure/plugins/PluginManager.js:483:21)

  console.info
    [PluginManager] Plugin 'working-2' enabled

      at PluginManager._log (src/infrastructure/plugins/PluginManager.js:483:21)

  console.info
    [PluginManager] Plugin 'failing-plugin' v1.0.0 registered

      at PluginManager._log (src/infrastructure/plugins/PluginManager.js:483:21)

  console.info
    [PluginManager] Plugin 'working-0' v1.0.0 registered

      at PluginManager._log (src/infrastructure/plugins/PluginManager.js:483:21)

  console.info
    [PluginManager] Plugin 'working-0' enabled

      at PluginManager._log (src/infrastructure/plugins/PluginManager.js:483:21)

  console.info
    [PluginManager] Plugin 'failing-plugin' v1.0.0 registered

      at PluginManager._log (src/infrastructure/plugins/PluginManager.js:483:21)

  console.info
    [PluginManager] Plugin 'working-0' v1.0.0 registered

      at PluginManager._log (src/infrastructure/plugins/PluginManager.js:483:21)

  console.info
    [PluginManager] Plugin 'working-1' v1.0.0 registered

      at PluginManager._log (src/infrastructure/plugins/PluginManager.js:483:21)

  console.info
    [PluginManager] Plugin 'working-2' v1.0.0 registered

      at PluginManager._log (src/infrastructure/plugins/PluginManager.js:483:21)

  console.info
    [PluginManager] Plugin 'working-3' v1.0.0 registered

      at PluginManager._log (src/infrastructure/plugins/PluginManager.js:483:21)

  console.info
    [PluginManager] Plugin 'working-0' enabled

      at PluginManager._log (src/infrastructure/plugins/PluginManager.js:483:21)

  console.info
    [PluginManager] Plugin 'working-1' enabled

      at PluginManager._log (src/infrastructure/plugins/PluginManager.js:483:21)

  console.info
    [PluginManager] Plugin 'working-2' enabled

      at PluginManager._log (src/infrastructure/plugins/PluginManager.js:483:21)

  console.info
    [PluginManager] Plugin 'working-3' enabled

      at PluginManager._log (src/infrastructure/plugins/PluginManager.js:483:21)

  console.info
    [PluginManager] Plugin 'failing-plugin' v1.0.0 registered

      at PluginManager._log (src/infrastructure/plugins/PluginManager.js:483:21)

  console.info
    [PluginManager] Plugin 'working-0' v1.0.0 registered

      at PluginManager._log (src/infrastructure/plugins/PluginManager.js:483:21)

  console.info
    [PluginManager] Plugin 'working-1' v1.0.0 registered

      at PluginManager._log (src/infrastructure/plugins/PluginManager.js:483:21)

  console.info
    [PluginManager] Plugin 'working-2' v1.0.0 registered

      at PluginManager._log (src/infrastructure/plugins/PluginManager.js:483:21)

  console.info
    [PluginManager] Plugin 'working-0' enabled

      at PluginManager._log (src/infrastructure/plugins/PluginManager.js:483:21)

  console.info
    [PluginManager] Plugin 'working-1' enabled

      at PluginManager._log (src/infrastructure/plugins/PluginManager.js:483:21)

  console.info
    [PluginManager] Plugin 'working-2' enabled

      at PluginManager._log (src/infrastructure/plugins/PluginManager.js:483:21)

  console.info
    [PluginManager] Plugin 'failing-plugin' v1.0.0 registered

      at PluginManager._log (src/infrastructure/plugins/PluginManager.js:483:21)

  console.info
    [PluginManager] Plugin 'working-0' v1.0.0 registered

      at PluginManager._log (src/infrastructure/plugins/PluginManager.js:483:21)

  console.info
    [PluginManager] Plugin 'working-1' v1.0.0 registered

      at PluginManager._log (src/infrastructure/plugins/PluginManager.js:483:21)

  console.info
    [PluginManager] Plugin 'working-2' v1.0.0 registered

      at PluginManager._log (src/infrastructure/plugins/PluginManager.js:483:21)

  console.info
    [PluginManager] Plugin 'working-3' v1.0.0 registered

      at PluginManager._log (src/infrastructure/plugins/PluginManager.js:483:21)

  console.info
    [PluginManager] Plugin 'working-0' enabled

      at PluginManager._log (src/infrastructure/plugins/PluginManager.js:483:21)

  console.info
    [PluginManager] Plugin 'working-1' enabled

      at PluginManager._log (src/infrastructure/plugins/PluginManager.js:483:21)

  console.info
    [PluginManager] Plugin 'working-2' enabled

      at PluginManager._log (src/infrastructure/plugins/PluginManager.js:483:21)

  console.info
    [PluginManager] Plugin 'working-3' enabled

      at PluginManager._log (src/infrastructure/plugins/PluginManager.js:483:21)

  console.info
    [PluginManager] Plugin 'failing-plugin' v1.0.0 registered

      at PluginManager._log (src/infrastructure/plugins/PluginManager.js:483:21)

  console.info
    [PluginManager] Plugin 'working-0' v1.0.0 registered

      at PluginManager._log (src/infrastructure/plugins/PluginManager.js:483:21)

  console.info
    [PluginManager] Plugin 'working-1' v1.0.0 registered

      at PluginManager._log (src/infrastructure/plugins/PluginManager.js:483:21)

  console.info
    [PluginManager] Plugin 'working-2' v1.0.0 registered

      at PluginManager._log (src/infrastructure/plugins/PluginManager.js:483:21)

  console.info
    [PluginManager] Plugin 'working-3' v1.0.0 registered

      at PluginManager._log (src/infrastructure/plugins/PluginManager.js:483:21)

  console.info
    [PluginManager] Plugin 'working-0' enabled

      at PluginManager._log (src/infrastructure/plugins/PluginManager.js:483:21)

  console.info
    [PluginManager] Plugin 'working-1' enabled

      at PluginManager._log (src/infrastructure/plugins/PluginManager.js:483:21)

  console.info
    [PluginManager] Plugin 'working-2' enabled

      at PluginManager._log (src/infrastructure/plugins/PluginManager.js:483:21)

  console.info
    [PluginManager] Plugin 'working-3' enabled

      at PluginManager._log (src/infrastructure/plugins/PluginManager.js:483:21)

  console.info
    [PluginManager] Plugin 'failing-plugin' v1.0.0 registered

      at PluginManager._log (src/infrastructure/plugins/PluginManager.js:483:21)

  console.info
    [PluginManager] Plugin 'working-0' v1.0.0 registered

      at PluginManager._log (src/infrastructure/plugins/PluginManager.js:483:21)

  console.info
    [PluginManager] Plugin 'working-0' enabled

      at PluginManager._log (src/infrastructure/plugins/PluginManager.js:483:21)

  console.info
    [PluginManager] Plugin 'failing-plugin' v1.0.0 registered

      at PluginManager._log (src/infrastructure/plugins/PluginManager.js:483:21)

  console.info
    [PluginManager] Plugin 'working-0' v1.0.0 registered

      at PluginManager._log (src/infrastructure/plugins/PluginManager.js:483:21)

  console.info
    [PluginManager] Plugin 'working-1' v1.0.0 registered

      at PluginManager._log (src/infrastructure/plugins/PluginManager.js:483:21)

  console.info
    [PluginManager] Plugin 'working-0' enabled

      at PluginManager._log (src/infrastructure/plugins/PluginManager.js:483:21)

  console.info
    [PluginManager] Plugin 'working-1' enabled

      at PluginManager._log (src/infrastructure/plugins/PluginManager.js:483:21)

  console.info
    [PluginManager] Plugin 'failing-plugin' v1.0.0 registered

      at PluginManager._log (src/infrastructure/plugins/PluginManager.js:483:21)

  console.info
    [PluginManager] Plugin 'working-0' v1.0.0 registered

      at PluginManager._log (src/infrastructure/plugins/PluginManager.js:483:21)

  console.info
    [PluginManager] Plugin 'working-0' enabled

      at PluginManager._log (src/infrastructure/plugins/PluginManager.js:483:21)

  console.info
    [PluginManager] Plugin 'failing-plugin' v1.0.0 registered

      at PluginManager._log (src/infrastructure/plugins/PluginManager.js:483:21)

  console.info
    [PluginManager] Plugin 'working-0' v1.0.0 registered

      at PluginManager._log (src/infrastructure/plugins/PluginManager.js:483:21)

  console.info
    [PluginManager] Plugin 'working-0' enabled

      at PluginManager._log (src/infrastructure/plugins/PluginManager.js:483:21)

  console.info
    [PluginManager] Plugin 'failing-plugin' v1.0.0 registered

      at PluginManager._log (src/infrastructure/plugins/PluginManager.js:483:21)

  console.info
    [PluginManager] Plugin 'working-0' v1.0.0 registered

      at PluginManager._log (src/infrastructure/plugins/PluginManager.js:483:21)

  console.info
    [PluginManager] Plugin 'working-1' v1.0.0 registered

      at PluginManager._log (src/infrastructure/plugins/PluginManager.js:483:21)

  console.info
    [PluginManager] Plugin 'working-0' enabled

      at PluginManager._log (src/infrastructure/plugins/PluginManager.js:483:21)

  console.info
    [PluginManager] Plugin 'working-1' enabled

      at PluginManager._log (src/infrastructure/plugins/PluginManager.js:483:21)

  console.info
    [PluginManager] Plugin 'failing-plugin' v1.0.0 registered

      at PluginManager._log (src/infrastructure/plugins/PluginManager.js:483:21)

  console.info
    [PluginManager] Plugin 'working-0' v1.0.0 registered

      at PluginManager._log (src/infrastructure/plugins/PluginManager.js:483:21)

  console.info
    [PluginManager] Plugin 'working-1' v1.0.0 registered

      at PluginManager._log (src/infrastructure/plugins/PluginManager.js:483:21)

  console.info
    [PluginManager] Plugin 'working-0' enabled

      at PluginManager._log (src/infrastructure/plugins/PluginManager.js:483:21)

  console.info
    [PluginManager] Plugin 'working-1' enabled

      at PluginManager._log (src/infrastructure/plugins/PluginManager.js:483:21)

  console.info
    [PluginManager] Plugin 'failing-plugin' v1.0.0 registered

      at PluginManager._log (src/infrastructure/plugins/PluginManager.js:483:21)

  console.info
    [PluginManager] Plugin 'working-0' v1.0.0 registered

      at PluginManager._log (src/infrastructure/plugins/PluginManager.js:483:21)

  console.info
    [PluginManager] Plugin 'working-1' v1.0.0 registered

      at PluginManager._log (src/infrastructure/plugins/PluginManager.js:483:21)

  console.info
    [PluginManager] Plugin 'working-0' enabled

      at PluginManager._log (src/infrastructure/plugins/PluginManager.js:483:21)

  console.info
    [PluginManager] Plugin 'working-1' enabled

      at PluginManager._log (src/infrastructure/plugins/PluginManager.js:483:21)

  console.info
    [PluginManager] Plugin 'failing-plugin' v1.0.0 registered

      at PluginManager._log (src/infrastructure/plugins/PluginManager.js:483:21)

  console.info
    [PluginManager] Plugin 'working-0' v1.0.0 registered

      at PluginManager._log (src/infrastructure/plugins/PluginManager.js:483:21)

  console.info
    [PluginManager] Plugin 'working-1' v1.0.0 registered

      at PluginManager._log (src/infrastructure/plugins/PluginManager.js:483:21)

  console.info
    [PluginManager] Plugin 'working-0' enabled

      at PluginManager._log (src/infrastructure/plugins/PluginManager.js:483:21)

  console.info
    [PluginManager] Plugin 'working-1' enabled

      at PluginManager._log (src/infrastructure/plugins/PluginManager.js:483:21)

  console.info
    [PluginManager] Plugin 'construct' v32.3.75 registered

      at PluginManager._log (src/infrastructure/plugins/PluginManager.js:483:21)

  console.info
    [PluginManager] Plugin 'construct' enabled

      at PluginManager._log (src/infrastructure/plugins/PluginManager.js:483:21)

  console.info
    [PluginManager] Plugin 'construct' disabled

      at PluginManager._log (src/infrastructure/plugins/PluginManager.js:483:21)

  console.info
    [PluginManager] Plugin 'i&&$' v26.2.24 registered

      at PluginManager._log (src/infrastructure/plugins/PluginManager.js:483:21)

  console.info
    [PluginManager] Plugin 'i&&$' enabled

      at PluginManager._log (src/infrastructure/plugins/PluginManager.js:483:21)

  console.info
    [PluginManager] Plugin 'i&&$' disabled

      at PluginManager._log (src/infrastructure/plugins/PluginManager.js:483:21)

  console.info
    [PluginManager] Plugin '^~~' v61.11.35 registered

      at PluginManager._log (src/infrastructure/plugins/PluginManager.js:483:21)

  console.info
    [PluginManager] Plugin '^~~' enabled

      at PluginManager._log (src/infrastructure/plugins/PluginManager.js:483:21)

  console.info
    [PluginManager] Plugin '^~~' disabled

      at PluginManager._log (src/infrastructure/plugins/PluginManager.js:483:21)

  console.info
    [PluginManager] Plugin '~ $&lvz|#' v93.1.94 registered

      at PluginManager._log (src/infrastructure/plugins/PluginManager.js:483:21)

  console.info
    [PluginManager] Plugin '~ $&lvz|#' enabled

      at PluginManager._log (src/infrastructure/plugins/PluginManager.js:483:21)

  console.info
    [PluginManager] Plugin '~ $&lvz|#' disabled

      at PluginManager._log (src/infrastructure/plugins/PluginManager.js:483:21)

  console.info
    [PluginManager] Plugin '|[g' v2.96.3 registered

      at PluginManager._log (src/infrastructure/plugins/PluginManager.js:483:21)

  console.info
    [PluginManager] Plugin '|[g' enabled

      at PluginManager._log (src/infrastructure/plugins/PluginManager.js:483:21)

  console.info
    [PluginManager] Plugin '|[g' disabled

      at PluginManager._log (src/infrastructure/plugins/PluginManager.js:483:21)

  console.info
    [PluginManager] Plugin 'K'nww9&Nx%B' v93.3.96 registered

      at PluginManager._log (src/infrastructure/plugins/PluginManager.js:483:21)

  console.info
    [PluginManager] Plugin 'K'nww9&Nx%B' enabled

      at PluginManager._log (src/infrastructure/plugins/PluginManager.js:483:21)

  console.info
    [PluginManager] Plugin 'K'nww9&Nx%B' disabled

      at PluginManager._log (src/infrastructure/plugins/PluginManager.js:483:21)

  console.info
    [PluginManager] Plugin 'name' v98.96.5 registered

      at PluginManager._log (src/infrastructure/plugins/PluginManager.js:483:21)

  console.info
    [PluginManager] Plugin 'name' enabled

      at PluginManager._log (src/infrastructure/plugins/PluginManager.js:483:21)

  console.info
    [PluginManager] Plugin 'name' disabled

      at PluginManager._log (src/infrastructure/plugins/PluginManager.js:483:21)

  console.info
    [PluginManager] Plugin 'apply' v5.90.83 registered

      at PluginManager._log (src/infrastructure/plugins/PluginManager.js:483:21)

  console.info
    [PluginManager] Plugin 'apply' enabled

      at PluginManager._log (src/infrastructure/plugins/PluginManager.js:483:21)

  console.info
    [PluginManager] Plugin 'apply' disabled

      at PluginManager._log (src/infrastructure/plugins/PluginManager.js:483:21)

  console.info
    [PluginManager] Plugin 'valueOf' v36.83.49 registered

      at PluginManager._log (src/infrastructure/plugins/PluginManager.js:483:21)

  console.info
    [PluginManager] Plugin 'valueOf' enabled

      at PluginManager._log (src/infrastructure/plugins/PluginManager.js:483:21)

  console.info
    [PluginManager] Plugin 'valueOf' disabled

      at PluginManager._log (src/infrastructure/plugins/PluginManager.js:483:21)

  console.info
    [PluginManager] Plugin '^xhE2)' v0.98.17 registered

      at PluginManager._log (src/infrastructure/plugins/PluginManager.js:483:21)

  console.info
    [PluginManager] Plugin '^xhE2)' enabled

      at PluginManager._log (src/infrastructure/plugins/PluginManager.js:483:21)

  console.info
    [PluginManager] Plugin '^xhE2)' disabled

      at PluginManager._log (src/infrastructure/plugins/PluginManager.js:483:21)

  console.info
    [PluginManager] Plugin 'Hr%' v86.98.68 registered

      at PluginManager._log (src/infrastructure/plugins/PluginManager.js:483:21)

  console.info
    [PluginManager] Plugin 'Hr%' enabled

      at PluginManager._log (src/infrastructure/plugins/PluginManager.js:483:21)

  console.info
    [PluginManager] Plugin 'Hr%' disabled

      at PluginManager._log (src/infrastructure/plugins/PluginManager.js:483:21)

  console.info
    [PluginManager] Plugin '?#' v5.96.95 registered

      at PluginManager._log (src/infrastructure/plugins/PluginManager.js:483:21)

  console.info
    [PluginManager] Plugin '?#' enabled

      at PluginManager._log (src/infrastructure/plugins/PluginManager.js:483:21)

  console.info
    [PluginManager] Plugin '?#' disabled

      at PluginManager._log (src/infrastructure/plugins/PluginManager.js:483:21)

  console.info
    [PluginManager] Plugin '@~|$' v82.14.5 registered

      at PluginManager._log (src/infrastructure/plugins/PluginManager.js:483:21)

  console.info
    [PluginManager] Plugin '@~|$' enabled

      at PluginManager._log (src/infrastructure/plugins/PluginManager.js:483:21)

  console.info
    [PluginManager] Plugin '@~|$' disabled

      at PluginManager._log (src/infrastructure/plugins/PluginManager.js:483:21)

  console.info
    [PluginManager] Plugin '\l' v8.66.1 registered

      at PluginManager._log (src/infrastructure/plugins/PluginManager.js:483:21)

  console.info
    [PluginManager] Plugin '\l' enabled

      at PluginManager._log (src/infrastructure/plugins/PluginManager.js:483:21)

  console.info
    [PluginManager] Plugin '\l' disabled

      at PluginManager._log (src/infrastructure/plugins/PluginManager.js:483:21)

  console.info
    [PluginManager] Plugin 'C@=~%8c{' v1.1.6 registered

      at PluginManager._log (src/infrastructure/plugins/PluginManager.js:483:21)

  console.info
    [PluginManager] Plugin 'C@=~%8c{' enabled

      at PluginManager._log (src/infrastructure/plugins/PluginManager.js:483:21)

  console.info
    [PluginManager] Plugin 'C@=~%8c{' disabled

      at PluginManager._log (src/infrastructure/plugins/PluginManager.js:483:21)

  console.info
    [PluginManager] Plugin '?T~JC' v84.95.18 registered

      at PluginManager._log (src/infrastructure/plugins/PluginManager.js:483:21)

  console.info
    [PluginManager] Plugin '?T~JC' enabled

      at PluginManager._log (src/infrastructure/plugins/PluginManager.js:483:21)

  console.info
    [PluginManager] Plugin '?T~JC' disabled

      at PluginManager._log (src/infrastructure/plugins/PluginManager.js:483:21)

  console.info
    [PluginManager] Plugin 'c' v6.0.3 registered

      at PluginManager._log (src/infrastructure/plugins/PluginManager.js:483:21)

  console.info
    [PluginManager] Plugin 'c' enabled

      at PluginManager._log (src/infrastructure/plugins/PluginManager.js:483:21)

  console.info
    [PluginManager] Plugin 'c' disabled

      at PluginManager._log (src/infrastructure/plugins/PluginManager.js:483:21)

  console.info
    [PluginManager] Plugin 'a{q`5G30c' v62.94.8 registered

      at PluginManager._log (src/infrastructure/plugins/PluginManager.js:483:21)

  console.info
    [PluginManager] Plugin 'a{q`5G30c' enabled

      at PluginManager._log (src/infrastructure/plugins/PluginManager.js:483:21)

  console.info
    [PluginManager] Plugin 'a{q`5G30c' disabled

      at PluginManager._log (src/infrastructure/plugins/PluginManager.js:483:21)

  console.info
    [PluginManager] Plugin '?3jJ@' v10.53.8 registered

      at PluginManager._log (src/infrastructure/plugins/PluginManager.js:483:21)

  console.info
    [PluginManager] Plugin '?3jJ@' enabled

      at PluginManager._log (src/infrastructure/plugins/PluginManager.js:483:21)

  console.info
    [PluginManager] Plugin '?3jJ@' disabled

      at PluginManager._log (src/infrastructure/plugins/PluginManager.js:483:21)

  console.info
    [PluginManager] Plugin '+Pl/;' v0.94.0 registered

      at PluginManager._log (src/infrastructure/plugins/PluginManager.js:483:21)

  console.info
    [PluginManager] Plugin '+Pl/;' enabled

      at PluginManager._log (src/infrastructure/plugins/PluginManager.js:483:21)

  console.info
    [PluginManager] Plugin '+Pl/;' disabled

      at PluginManager._log (src/infrastructure/plugins/PluginManager.js:483:21)

  console.info
    [PluginManager] Plugin '<h' v59.46.26 registered

      at PluginManager._log (src/infrastructure/plugins/PluginManager.js:483:21)

  console.info
    [PluginManager] Plugin '<h' enabled

      at PluginManager._log (src/infrastructure/plugins/PluginManager.js:483:21)

  console.info
    [PluginManager] Plugin '<h' disabled

      at PluginManager._log (src/infrastructure/plugins/PluginManager.js:483:21)

  console.info
    [PluginManager] Plugin 'xX' v93.80.29 registered

      at PluginManager._log (src/infrastructure/plugins/PluginManager.js:483:21)

  console.info
    [PluginManager] Plugin 'xX' enabled

      at PluginManager._log (src/infrastructure/plugins/PluginManager.js:483:21)

  console.info
    [PluginManager] Plugin 'xX' disabled

      at PluginManager._log (src/infrastructure/plugins/PluginManager.js:483:21)

  console.info
    [PluginManager] Plugin ''!0v' v1.4.6 registered

      at PluginManager._log (src/infrastructure/plugins/PluginManager.js:483:21)

  console.info
    [PluginManager] Plugin ''!0v' enabled

      at PluginManager._log (src/infrastructure/plugins/PluginManager.js:483:21)

  console.info
    [PluginManager] Plugin ''!0v' disabled

      at PluginManager._log (src/infrastructure/plugins/PluginManager.js:483:21)

  console.info
    [PluginManager] Plugin 'S|rH' v61.23.55 registered

      at PluginManager._log (src/infrastructure/plugins/PluginManager.js:483:21)

  console.info
    [PluginManager] Plugin 'S|rH' enabled

      at PluginManager._log (src/infrastructure/plugins/PluginManager.js:483:21)

  console.info
    [PluginManager] Plugin 'S|rH' disabled

      at PluginManager._log (src/infrastructure/plugins/PluginManager.js:483:21)

  console.info
    [PluginManager] Plugin 'K([}Qnr>7' v54.56.22 registered

      at PluginManager._log (src/infrastructure/plugins/PluginManager.js:483:21)

  console.info
    [PluginManager] Plugin 'K([}Qnr>7' enabled

      at PluginManager._log (src/infrastructure/plugins/PluginManager.js:483:21)

  console.info
    [PluginManager] Plugin 'K([}Qnr>7' disabled

      at PluginManager._log (src/infrastructure/plugins/PluginManager.js:483:21)

  console.info
    [PluginManager] Plugin ']>9]Ur~`y$]' v98.98.93 registered

      at PluginManager._log (src/infrastructure/plugins/PluginManager.js:483:21)

  console.info
    [PluginManager] Plugin ']>9]Ur~`y$]' enabled

      at PluginManager._log (src/infrastructure/plugins/PluginManager.js:483:21)

  console.info
    [PluginManager] Plugin ']>9]Ur~`y$]' disabled

      at PluginManager._log (src/infrastructure/plugins/PluginManager.js:483:21)

  console.info
    [PluginManager] Plugin '4H' v99.71.98 registered

      at PluginManager._log (src/infrastructure/plugins/PluginManager.js:483:21)

  console.info
    [PluginManager] Plugin '4H' enabled

      at PluginManager._log (src/infrastructure/plugins/PluginManager.js:483:21)

  console.info
    [PluginManager] Plugin '4H' disabled

      at PluginManager._log (src/infrastructure/plugins/PluginManager.js:483:21)

  console.info
    [PluginManager] Plugin 'tMPA\;Ld%' v23.16.96 registered

      at PluginManager._log (src/infrastructure/plugins/PluginManager.js:483:21)

  console.info
    [PluginManager] Plugin 'tMPA\;Ld%' enabled

      at PluginManager._log (src/infrastructure/plugins/PluginManager.js:483:21)

  console.info
    [PluginManager] Plugin 'tMPA\;Ld%' disabled

      at PluginManager._log (src/infrastructure/plugins/PluginManager.js:483:21)

  console.info
    [PluginManager] Plugin '[}Jep 9F' v6.76.99 registered

      at PluginManager._log (src/infrastructure/plugins/PluginManager.js:483:21)

  console.info
    [PluginManager] Plugin '[}Jep 9F' enabled

      at PluginManager._log (src/infrastructure/plugins/PluginManager.js:483:21)

  console.info
    [PluginManager] Plugin '[}Jep 9F' disabled

      at PluginManager._log (src/infrastructure/plugins/PluginManager.js:483:21)

  console.info
    [PluginManager] Plugin 'TsydplYMj' v29.89.14 registered

      at PluginManager._log (src/infrastructure/plugins/PluginManager.js:483:21)

  console.info
    [PluginManager] Plugin 'TsydplYMj' enabled

      at PluginManager._log (src/infrastructure/plugins/PluginManager.js:483:21)

  console.info
    [PluginManager] Plugin 'TsydplYMj' disabled

      at PluginManager._log (src/infrastructure/plugins/PluginManager.js:483:21)

  console.info
    [PluginManager] Plugin 'o#j' v96.3.88 registered

      at PluginManager._log (src/infrastructure/plugins/PluginManager.js:483:21)

  console.info
    [PluginManager] Plugin 'o#j' enabled

      at PluginManager._log (src/infrastructure/plugins/PluginManager.js:483:21)

  console.info
    [PluginManager] Plugin 'o#j' disabled

      at PluginManager._log (src/infrastructure/plugins/PluginManager.js:483:21)

  console.info
    [PluginManager] Plugin 'ufY?e' v85.40.42 registered

      at PluginManager._log (src/infrastructure/plugins/PluginManager.js:483:21)

  console.info
    [PluginManager] Plugin 'ufY?e' enabled

      at PluginManager._log (src/infrastructure/plugins/PluginManager.js:483:21)

  console.info
    [PluginManager] Plugin 'ufY?e' disabled

      at PluginManager._log (src/infrastructure/plugins/PluginManager.js:483:21)

  console.info
    [PluginManager] Plugin 'z$<y' v39.5.9 registered

      at PluginManager._log (src/infrastructure/plugins/PluginManager.js:483:21)

  console.info
    [PluginManager] Plugin 'z$<y' enabled

      at PluginManager._log (src/infrastructure/plugins/PluginManager.js:483:21)

  console.info
    [PluginManager] Plugin 'z$<y' disabled

      at PluginManager._log (src/infrastructure/plugins/PluginManager.js:483:21)

  console.info
    [PluginManager] Plugin '=z' v27.41.94 registered

      at PluginManager._log (src/infrastructure/plugins/PluginManager.js:483:21)

  console.info
    [PluginManager] Plugin '=z' enabled

      at PluginManager._log (src/infrastructure/plugins/PluginManager.js:483:21)

  console.info
    [PluginManager] Plugin '=z' disabled

      at PluginManager._log (src/infrastructure/plugins/PluginManager.js:483:21)

  console.info
    [PluginManager] Plugin ''N!4gF#<' v4.62.3 registered

      at PluginManager._log (src/infrastructure/plugins/PluginManager.js:483:21)

  console.info
    [PluginManager] Plugin ''N!4gF#<' enabled

      at PluginManager._log (src/infrastructure/plugins/PluginManager.js:483:21)

  console.info
    [PluginManager] Plugin ''N!4gF#<' disabled

      at PluginManager._log (src/infrastructure/plugins/PluginManager.js:483:21)

  console.info
    [PluginManager] Plugin '`n)zk[8+#Rn' v81.2.34 registered

      at PluginManager._log (src/infrastructure/plugins/PluginManager.js:483:21)

  console.info
    [PluginManager] Plugin '`n)zk[8+#Rn' enabled

      at PluginManager._log (src/infrastructure/plugins/PluginManager.js:483:21)

  console.info
    [PluginManager] Plugin '`n)zk[8+#Rn' disabled

      at PluginManager._log (src/infrastructure/plugins/PluginManager.js:483:21)

  console.info
    [PluginManager] Plugin 'de' v97.2.54 registered

      at PluginManager._log (src/infrastructure/plugins/PluginManager.js:483:21)

  console.info
    [PluginManager] Plugin 'de' enabled

      at PluginManager._log (src/infrastructure/plugins/PluginManager.js:483:21)

  console.info
    [PluginManager] Plugin 'de' disabled

      at PluginManager._log (src/infrastructure/plugins/PluginManager.js:483:21)

  console.info
    [PluginManager] Plugin '!+' v92.74.59 registered

      at PluginManager._log (src/infrastructure/plugins/PluginManager.js:483:21)

  console.info
    [PluginManager] Plugin '!+' enabled

      at PluginManager._log (src/infrastructure/plugins/PluginManager.js:483:21)

  console.info
    [PluginManager] Plugin '!+' disabled

      at PluginManager._log (src/infrastructure/plugins/PluginManager.js:483:21)

  console.info
    [PluginManager] Plugin '0$q?B"elQxL' v3.95.90 registered

      at PluginManager._log (src/infrastructure/plugins/PluginManager.js:483:21)

  console.info
    [PluginManager] Plugin '0$q?B"elQxL' enabled

      at PluginManager._log (src/infrastructure/plugins/PluginManager.js:483:21)

  console.info
    [PluginManager] Plugin '0$q?B"elQxL' disabled

      at PluginManager._log (src/infrastructure/plugins/PluginManager.js:483:21)

  console.info
    [PluginManager] Plugin 'Fy' v5.52.95 registered

      at PluginManager._log (src/infrastructure/plugins/PluginManager.js:483:21)

  console.info
    [PluginManager] Plugin 'Fy' enabled

      at PluginManager._log (src/infrastructure/plugins/PluginManager.js:483:21)

  console.info
    [PluginManager] Plugin 'Fy' disabled

      at PluginManager._log (src/infrastructure/plugins/PluginManager.js:483:21)

  console.info
    [PluginManager] Plugin 'o,zVE&c?a' v50.70.80 registered

      at PluginManager._log (src/infrastructure/plugins/PluginManager.js:483:21)

  console.info
    [PluginManager] Plugin 'o,zVE&c?a' enabled

      at PluginManager._log (src/infrastructure/plugins/PluginManager.js:483:21)

  console.info
    [PluginManager] Plugin 'o,zVE&c?a' disabled

      at PluginManager._log (src/infrastructure/plugins/PluginManager.js:483:21)

  console.info
    [PluginManager] Plugin '6ED{$ydW!' v4.2.14 registered

      at PluginManager._log (src/infrastructure/plugins/PluginManager.js:483:21)

  console.info
    [PluginManager] Plugin '6ED{$ydW!' enabled

      at PluginManager._log (src/infrastructure/plugins/PluginManager.js:483:21)

  console.info
    [PluginManager] Plugin '6ED{$ydW!' disabled

      at PluginManager._log (src/infrastructure/plugins/PluginManager.js:483:21)

  console.info
    [PluginManager] Plugin 'sRdgbpICC0tc' v94.83.84 registered

      at PluginManager._log (src/infrastructure/plugins/PluginManager.js:483:21)

  console.info
    [PluginManager] Plugin 'sRdgbpICC0tc' enabled

      at PluginManager._log (src/infrastructure/plugins/PluginManager.js:483:21)

  console.info
    [PluginManager] Plugin 'sRdgbpICC0tc' disabled

      at PluginManager._log (src/infrastructure/plugins/PluginManager.js:483:21)

  console.info
    [PluginManager] Plugin 'nZ>P' v66.94.53 registered

      at PluginManager._log (src/infrastructure/plugins/PluginManager.js:483:21)

  console.info
    [PluginManager] Plugin 'nZ>P' enabled

      at PluginManager._log (src/infrastructure/plugins/PluginManager.js:483:21)

  console.info
    [PluginManager] Plugin 'nZ>P' disabled

      at PluginManager._log (src/infrastructure/plugins/PluginManager.js:483:21)

  console.info
    [PluginManager] Plugin 'MY\H>sS' v0.67.2 registered

      at PluginManager._log (src/infrastructure/plugins/PluginManager.js:483:21)

  console.info
    [PluginManager] Plugin 'MY\H>sS' enabled

      at PluginManager._log (src/infrastructure/plugins/PluginManager.js:483:21)

  console.info
    [PluginManager] Plugin 'MY\H>sS' disabled

      at PluginManager._log (src/infrastructure/plugins/PluginManager.js:483:21)

  console.info
    [PluginManager] Plugin '#A&JH. sq' v7.2.5 registered

      at PluginManager._log (src/infrastructure/plugins/PluginManager.js:483:21)

  console.info
    [PluginManager] Plugin '#A&JH. sq' enabled

      at PluginManager._log (src/infrastructure/plugins/PluginManager.js:483:21)

  console.info
    [PluginManager] Plugin '#A&JH. sq' disabled

      at PluginManager._log (src/infrastructure/plugins/PluginManager.js:483:21)

  console.info
    [PluginManager] Plugin '%n'>' v94.0.93 registered

      at PluginManager._log (src/infrastructure/plugins/PluginManager.js:483:21)

  console.info
    [PluginManager] Plugin '%n'>' enabled

      at PluginManager._log (src/infrastructure/plugins/PluginManager.js:483:21)

  console.info
    [PluginManager] Plugin '%n'>' disabled

      at PluginManager._log (src/infrastructure/plugins/PluginManager.js:483:21)

  console.info
    [PluginManager] Plugin '-8>9@$}C' v69.87.70 registered

      at PluginManager._log (src/infrastructure/plugins/PluginManager.js:483:21)

  console.info
    [PluginManager] Plugin '-8>9@$}C' enabled

      at PluginManager._log (src/infrastructure/plugins/PluginManager.js:483:21)

  console.info
    [PluginManager] Plugin '-8>9@$}C' disabled

      at PluginManager._log (src/infrastructure/plugins/PluginManager.js:483:21)

  console.info
    [PluginManager] Plugin '7IqU!^}>len' v94.48.26 registered

      at PluginManager._log (src/infrastructure/plugins/PluginManager.js:483:21)

  console.info
    [PluginManager] Plugin '7IqU!^}>len' enabled

      at PluginManager._log (src/infrastructure/plugins/PluginManager.js:483:21)

  console.info
    [PluginManager] Plugin '7IqU!^}>len' disabled

      at PluginManager._log (src/infrastructure/plugins/PluginManager.js:483:21)

  console.info
    [PluginManager] Plugin '3^6FgW1uEX' v2.92.71 registered

      at PluginManager._log (src/infrastructure/plugins/PluginManager.js:483:21)

  console.info
    [PluginManager] Plugin '3^6FgW1uEX' enabled

      at PluginManager._log (src/infrastructure/plugins/PluginManager.js:483:21)

  console.info
    [PluginManager] Plugin '3^6FgW1uEX' disabled

      at PluginManager._log (src/infrastructure/plugins/PluginManager.js:483:21)

  console.info
    [PluginManager] Plugin '3Q{^$%_ ' v13.10.5 registered

      at PluginManager._log (src/infrastructure/plugins/PluginManager.js:483:21)

  console.info
    [PluginManager] Plugin '3Q{^$%_ ' enabled

      at PluginManager._log (src/infrastructure/plugins/PluginManager.js:483:21)

  console.info
    [PluginManager] Plugin '3Q{^$%_ ' disabled

      at PluginManager._log (src/infrastructure/plugins/PluginManager.js:483:21)

  console.info
    [PluginManager] Plugin '_Ot<q&*' v1.94.58 registered

      at PluginManager._log (src/infrastructure/plugins/PluginManager.js:483:21)

  console.info
    [PluginManager] Plugin '_Ot<q&*' enabled

      at PluginManager._log (src/infrastructure/plugins/PluginManager.js:483:21)

  console.info
    [PluginManager] Plugin '_Ot<q&*' disabled

      at PluginManager._log (src/infrastructure/plugins/PluginManager.js:483:21)

  console.info
    [PluginManager] Plugin 'lduc.2)(`~1w' v24.52.20 registered

      at PluginManager._log (src/infrastructure/plugins/PluginManager.js:483:21)

  console.info
    [PluginManager] Plugin 'lduc.2)(`~1w' enabled

      at PluginManager._log (src/infrastructure/plugins/PluginManager.js:483:21)

  console.info
    [PluginManager] Plugin 'lduc.2)(`~1w' disabled

      at PluginManager._log (src/infrastructure/plugins/PluginManager.js:483:21)

  console.info
    [PluginManager] Plugin 'mF;q{{~/88X' v48.97.61 registered

      at PluginManager._log (src/infrastructure/plugins/PluginManager.js:483:21)

  console.info
    [PluginManager] Plugin 'mF;q{{~/88X' enabled

      at PluginManager._log (src/infrastructure/plugins/PluginManager.js:483:21)

  console.info
    [PluginManager] Plugin 'mF;q{{~/88X' disabled

      at PluginManager._log (src/infrastructure/plugins/PluginManager.js:483:21)

  console.info
    [PluginManager] Plugin '`fHhXA{>' v62.3.42 registered

      at PluginManager._log (src/infrastructure/plugins/PluginManager.js:483:21)

  console.info
    [PluginManager] Plugin '`fHhXA{>' enabled

      at PluginManager._log (src/infrastructure/plugins/PluginManager.js:483:21)

  console.info
    [PluginManager] Plugin '`fHhXA{>' disabled

      at PluginManager._log (src/infrastructure/plugins/PluginManager.js:483:21)

  console.info
    [PluginManager] Plugin 's>rK*@)ngO' v15.63.99 registered

      at PluginManager._log (src/infrastructure/plugins/PluginManager.js:483:21)

  console.info
    [PluginManager] Plugin 's>rK*@)ngO' enabled

      at PluginManager._log (src/infrastructure/plugins/PluginManager.js:483:21)

  console.info
    [PluginManager] Plugin 's>rK*@)ngO' disabled

      at PluginManager._log (src/infrastructure/plugins/PluginManager.js:483:21)

  console.info
    [PluginManager] Plugin 'a}' v99.1.57 registered

      at PluginManager._log (src/infrastructure/plugins/PluginManager.js:483:21)

  console.info
    [PluginManager] Plugin 'a}' enabled

      at PluginManager._log (src/infrastructure/plugins/PluginManager.js:483:21)

  console.info
    [PluginManager] Plugin 'a}' disabled

      at PluginManager._log (src/infrastructure/plugins/PluginManager.js:483:21)

  console.info
    [PluginManager] Plugin 'O{,&l&>qVm' v41.86.11 registered

      at PluginManager._log (src/infrastructure/plugins/PluginManager.js:483:21)

  console.info
    [PluginManager] Plugin 'O{,&l&>qVm' enabled

      at PluginManager._log (src/infrastructure/plugins/PluginManager.js:483:21)

  console.info
    [PluginManager] Plugin 'O{,&l&>qVm' disabled

      at PluginManager._log (src/infrastructure/plugins/PluginManager.js:483:21)

  console.info
    [PluginManager] Plugin 'EF. b.' v38.18.26 registered

      at PluginManager._log (src/infrastructure/plugins/PluginManager.js:483:21)

  console.info
    [PluginManager] Plugin 'EF. b.' enabled

      at PluginManager._log (src/infrastructure/plugins/PluginManager.js:483:21)

  console.info
    [PluginManager] Plugin 'EF. b.' disabled

      at PluginManager._log (src/infrastructure/plugins/PluginManager.js:483:21)

  console.info
    [PluginManager] Plugin 'L>b4u~~Q/;' v11.28.32 registered

      at PluginManager._log (src/infrastructure/plugins/PluginManager.js:483:21)

  console.info
    [PluginManager] Plugin 'L>b4u~~Q/;' enabled

      at PluginManager._log (src/infrastructure/plugins/PluginManager.js:483:21)

  console.info
    [PluginManager] Plugin 'L>b4u~~Q/;' disabled

      at PluginManager._log (src/infrastructure/plugins/PluginManager.js:483:21)

  console.info
    [PluginManager] Plugin ' %#Sy%' v49.89.25 registered

      at PluginManager._log (src/infrastructure/plugins/PluginManager.js:483:21)

  console.info
    [PluginManager] Plugin ' %#Sy%' enabled

      at PluginManager._log (src/infrastructure/plugins/PluginManager.js:483:21)

  console.info
    [PluginManager] Plugin ' %#Sy%' disabled

      at PluginManager._log (src/infrastructure/plugins/PluginManager.js:483:21)

  console.info
    [PluginManager] Plugin 'r' v78.84.4 registered

      at PluginManager._log (src/infrastructure/plugins/PluginManager.js:483:21)

  console.info
    [PluginManager] Plugin 'r' enabled

      at PluginManager._log (src/infrastructure/plugins/PluginManager.js:483:21)

  console.info
    [PluginManager] Plugin 'r' disabled

      at PluginManager._log (src/infrastructure/plugins/PluginManager.js:483:21)

  console.info
    [PluginManager] Plugin '&J*EN~' v7.76.97 registered

      at PluginManager._log (src/infrastructure/plugins/PluginManager.js:483:21)

  console.info
    [PluginManager] Plugin '&J*EN~' enabled

      at PluginManager._log (src/infrastructure/plugins/PluginManager.js:483:21)

  console.info
    [PluginManager] Plugin '&J*EN~' disabled

      at PluginManager._log (src/infrastructure/plugins/PluginManager.js:483:21)

  console.info
    [PluginManager] Plugin 'g$!Ennz0#83[' v34.63.55 registered

      at PluginManager._log (src/infrastructure/plugins/PluginManager.js:483:21)

  console.info
    [PluginManager] Plugin 'g$!Ennz0#83[' enabled

      at PluginManager._log (src/infrastructure/plugins/PluginManager.js:483:21)

  console.info
    [PluginManager] Plugin 'g$!Ennz0#83[' disabled

      at PluginManager._log (src/infrastructure/plugins/PluginManager.js:483:21)

  console.info
    [PluginManager] Plugin '0 ' v56.93.82 registered

      at PluginManager._log (src/infrastructure/plugins/PluginManager.js:483:21)

  console.info
    [PluginManager] Plugin '0 ' enabled

      at PluginManager._log (src/infrastructure/plugins/PluginManager.js:483:21)

  console.info
    [PluginManager] Plugin '0 ' disabled

      at PluginManager._log (src/infrastructure/plugins/PluginManager.js:483:21)

  console.info
    [PluginManager] Plugin 'wJ+Cy$Jl[ita' v28.42.6 registered

      at PluginManager._log (src/infrastructure/plugins/PluginManager.js:483:21)

  console.info
    [PluginManager] Plugin 'wJ+Cy$Jl[ita' enabled

      at PluginManager._log (src/infrastructure/plugins/PluginManager.js:483:21)

  console.info
    [PluginManager] Plugin 'wJ+Cy$Jl[ita' disabled

      at PluginManager._log (src/infrastructure/plugins/PluginManager.js:483:21)

  console.info
    [PluginManager] Plugin '}k"?$lx%y&#c' v21.23.23 registered

      at PluginManager._log (src/infrastructure/plugins/PluginManager.js:483:21)

  console.info
    [PluginManager] Plugin '}k"?$lx%y&#c' enabled

      at PluginManager._log (src/infrastructure/plugins/PluginManager.js:483:21)

  console.info
    [PluginManager] Plugin '}k"?$lx%y&#c' disabled

      at PluginManager._log (src/infrastructure/plugins/PluginManager.js:483:21)

  console.info
    [PluginManager] Plugin 'kXqZDKm#Y-o' v96.1.79 registered

      at PluginManager._log (src/infrastructure/plugins/PluginManager.js:483:21)

  console.info
    [PluginManager] Plugin 'kXqZDKm#Y-o' enabled

      at PluginManager._log (src/infrastructure/plugins/PluginManager.js:483:21)

  console.info
    [PluginManager] Plugin 'kXqZDKm#Y-o' disabled

      at PluginManager._log (src/infrastructure/plugins/PluginManager.js:483:21)

  console.info
    [PluginManager] Plugin '}(' v96.93.97 registered

      at PluginManager._log (src/infrastructure/plugins/PluginManager.js:483:21)

  console.info
    [PluginManager] Plugin '}(' enabled

      at PluginManager._log (src/infrastructure/plugins/PluginManager.js:483:21)

  console.info
    [PluginManager] Plugin '}(' disabled

      at PluginManager._log (src/infrastructure/plugins/PluginManager.js:483:21)

  console.info
    [PluginManager] Plugin 'o>$' v96.31.3 registered

      at PluginManager._log (src/infrastructure/plugins/PluginManager.js:483:21)

  console.info
    [PluginManager] Plugin 'o>$' enabled

      at PluginManager._log (src/infrastructure/plugins/PluginManager.js:483:21)

  console.info
    [PluginManager] Plugin 'o>$' disabled

      at PluginManager._log (src/infrastructure/plugins/PluginManager.js:483:21)

  console.info
    [PluginManager] Plugin 'i+Z,V' v99.6.1 registered

      at PluginManager._log (src/infrastructure/plugins/PluginManager.js:483:21)

  console.info
    [PluginManager] Plugin 'i+Z,V' enabled

      at PluginManager._log (src/infrastructure/plugins/PluginManager.js:483:21)

  console.info
    [PluginManager] Plugin 'i+Z,V' disabled

      at PluginManager._log (src/infrastructure/plugins/PluginManager.js:483:21)

  console.info
    [PluginManager] Plugin '{-/DP>Js' v58.65.1 registered

      at PluginManager._log (src/infrastructure/plugins/PluginManager.js:483:21)

  console.info
    [PluginManager] Plugin '{-/DP>Js' enabled

      at PluginManager._log (src/infrastructure/plugins/PluginManager.js:483:21)

  console.info
    [PluginManager] Plugin '{-/DP>Js' disabled

      at PluginManager._log (src/infrastructure/plugins/PluginManager.js:483:21)

  console.info
    [PluginManager] Plugin 'LWQWP(J@'Wv' v15.14.32 registered

      at PluginManager._log (src/infrastructure/plugins/PluginManager.js:483:21)

  console.info
    [PluginManager] Plugin 'LWQWP(J@'Wv' enabled

      at PluginManager._log (src/infrastructure/plugins/PluginManager.js:483:21)

  console.info
    [PluginManager] Plugin 'LWQWP(J@'Wv' disabled

      at PluginManager._log (src/infrastructure/plugins/PluginManager.js:483:21)

  console.info
    [PluginManager] Plugin 'W1UH-=Tte-cU' v11.85.28 registered

      at PluginManager._log (src/infrastructure/plugins/PluginManager.js:483:21)

  console.info
    [PluginManager] Plugin 'W1UH-=Tte-cU' enabled

      at PluginManager._log (src/infrastructure/plugins/PluginManager.js:483:21)

  console.info
    [PluginManager] Plugin 'W1UH-=Tte-cU' disabled

      at PluginManager._log (src/infrastructure/plugins/PluginManager.js:483:21)

  console.info
    [PluginManager] Plugin 'y' v50.17.1 registered

      at PluginManager._log (src/infrastructure/plugins/PluginManager.js:483:21)

  console.info
    [PluginManager] Plugin 'y' enabled

      at PluginManager._log (src/infrastructure/plugins/PluginManager.js:483:21)

  console.info
    [PluginManager] Plugin 'y' disabled

      at PluginManager._log (src/infrastructure/plugins/PluginManager.js:483:21)

  console.info
    [PluginManager] Plugin '~#%|jD6.p\b' v61.1.6 registered

      at PluginManager._log (src/infrastructure/plugins/PluginManager.js:483:21)

  console.info
    [PluginManager] Plugin '~#%|jD6.p\b' enabled

      at PluginManager._log (src/infrastructure/plugins/PluginManager.js:483:21)

  console.info
    [PluginManager] Plugin '~#%|jD6.p\b' disabled

      at PluginManager._log (src/infrastructure/plugins/PluginManager.js:483:21)

  console.info
    [PluginManager] Plugin '`[4.{!K' v98.97.71 registered

      at PluginManager._log (src/infrastructure/plugins/PluginManager.js:483:21)

  console.info
    [PluginManager] Plugin '`[4.{!K' enabled

      at PluginManager._log (src/infrastructure/plugins/PluginManager.js:483:21)

  console.info
    [PluginManager] Plugin '`[4.{!K' disabled

      at PluginManager._log (src/infrastructure/plugins/PluginManager.js:483:21)

  console.info
    [PluginManager] Plugin '(lzi' v86.86.45 registered

      at PluginManager._log (src/infrastructure/plugins/PluginManager.js:483:21)

  console.info
    [PluginManager] Plugin '(lzi' enabled

      at PluginManager._log (src/infrastructure/plugins/PluginManager.js:483:21)

  console.info
    [PluginManager] Plugin '(lzi' disabled

      at PluginManager._log (src/infrastructure/plugins/PluginManager.js:483:21)

  console.info
    [PluginManager] Plugin '31]argumen' v53.6.26 registered

      at PluginManager._log (src/infrastructure/plugins/PluginManager.js:483:21)

  console.info
    [PluginManager] Plugin '31]argumen' enabled

      at PluginManager._log (src/infrastructure/plugins/PluginManager.js:483:21)

  console.info
    [PluginManager] Plugin '31]argumen' disabled

      at PluginManager._log (src/infrastructure/plugins/PluginManager.js:483:21)

  console.info
    [PluginManager] Plugin 'brZ\T?' v42.82.99 registered

      at PluginManager._log (src/infrastructure/plugins/PluginManager.js:483:21)

  console.info
    [PluginManager] Plugin 'brZ\T?' enabled

      at PluginManager._log (src/infrastructure/plugins/PluginManager.js:483:21)

  console.info
    [PluginManager] Plugin 'brZ\T?' disabled

      at PluginManager._log (src/infrastructure/plugins/PluginManager.js:483:21)

  console.info
    [PluginManager] Plugin '' ;8K' v59.28.4 registered

      at PluginManager._log (src/infrastructure/plugins/PluginManager.js:483:21)

  console.info
    [PluginManager] Plugin '' ;8K' enabled

      at PluginManager._log (src/infrastructure/plugins/PluginManager.js:483:21)

  console.info
    [PluginManager] Plugin '' ;8K' disabled

      at PluginManager._log (src/infrastructure/plugins/PluginManager.js:483:21)

  console.info
    [PluginManager] Plugin '~t' v5.95.6 registered

      at PluginManager._log (src/infrastructure/plugins/PluginManager.js:483:21)

  console.info
    [PluginManager] Plugin '~t' enabled

      at PluginManager._log (src/infrastructure/plugins/PluginManager.js:483:21)

  console.info
    [PluginManager] Plugin '~t' disabled

      at PluginManager._log (src/infrastructure/plugins/PluginManager.js:483:21)

  console.info
    [PluginManager] Plugin '\^aoo=_ D' v21.2.88 registered

      at PluginManager._log (src/infrastructure/plugins/PluginManager.js:483:21)

  console.info
    [PluginManager] Plugin '\^aoo=_ D' enabled

      at PluginManager._log (src/infrastructure/plugins/PluginManager.js:483:21)

  console.info
    [PluginManager] Plugin '\^aoo=_ D' disabled

      at PluginManager._log (src/infrastructure/plugins/PluginManager.js:483:21)

  console.info
    [PluginManager] Plugin '&' v99.2.17 registered

      at PluginManager._log (src/infrastructure/plugins/PluginManager.js:483:21)

  console.info
    [PluginManager] Plugin '&' enabled

      at PluginManager._log (src/infrastructure/plugins/PluginManager.js:483:21)

  console.info
    [PluginManager] Plugin '&' disabled

      at PluginManager._log (src/infrastructure/plugins/PluginManager.js:483:21)

  console.info
    [PluginManager] Plugin 'L`@' v66.21.80 registered

      at PluginManager._log (src/infrastructure/plugins/PluginManager.js:483:21)

  console.info
    [PluginManager] Plugin 'L`@' enabled

      at PluginManager._log (src/infrastructure/plugins/PluginManager.js:483:21)

  console.info
    [PluginManager] Plugin 'L`@' disabled

      at PluginManager._log (src/infrastructure/plugins/PluginManager.js:483:21)

  console.info
    [PluginManager] Plugin '|A!a' v66.3.0 registered

      at PluginManager._log (src/infrastructure/plugins/PluginManager.js:483:21)

  console.info
    [PluginManager] Plugin '|A!a' enabled

      at PluginManager._log (src/infrastructure/plugins/PluginManager.js:483:21)

  console.info
    [PluginManager] Plugin '|A!a' disabled

      at PluginManager._log (src/infrastructure/plugins/PluginManager.js:483:21)

  console.info
    [PluginManager] Plugin '8aM2n8k' v70.98.3 registered

      at PluginManager._log (src/infrastructure/plugins/PluginManager.js:483:21)

  console.info
    [PluginManager] Plugin '8aM2n8k' enabled

      at PluginManager._log (src/infrastructure/plugins/PluginManager.js:483:21)

  console.info
    [PluginManager] Plugin '8aM2n8k' disabled

      at PluginManager._log (src/infrastructure/plugins/PluginManager.js:483:21)

  console.info
    [PluginManager] Plugin 'rCk\m' v22.78.82 registered

      at PluginManager._log (src/infrastructure/plugins/PluginManager.js:483:21)

  console.info
    [PluginManager] Plugin 'rCk\m' enabled

      at PluginManager._log (src/infrastructure/plugins/PluginManager.js:483:21)

  console.info
    [PluginManager] Plugin 'rCk\m' disabled

      at PluginManager._log (src/infrastructure/plugins/PluginManager.js:483:21)

  console.info
    [PluginManager] Plugin 'p'#Z.2X,' v2.58.49 registered

      at PluginManager._log (src/infrastructure/plugins/PluginManager.js:483:21)

  console.info
    [PluginManager] Plugin 'p'#Z.2X,' enabled

      at PluginManager._log (src/infrastructure/plugins/PluginManager.js:483:21)

  console.info
    [PluginManager] Plugin 'p'#Z.2X,' disabled

      at PluginManager._log (src/infrastructure/plugins/PluginManager.js:483:21)

  console.info
    [PluginManager] Plugin '9InV' v26.36.95 registered

      at PluginManager._log (src/infrastructure/plugins/PluginManager.js:483:21)

  console.info
    [PluginManager] Plugin '9InV' enabled

      at PluginManager._log (src/infrastructure/plugins/PluginManager.js:483:21)

  console.info
    [PluginManager] Plugin '9InV' disabled

      at PluginManager._log (src/infrastructure/plugins/PluginManager.js:483:21)

  console.info
    [PluginManager] Plugin 'nzVOV!N' v6.77.2 registered

      at PluginManager._log (src/infrastructure/plugins/PluginManager.js:483:21)

  console.info
    [PluginManager] Plugin 'nzVOV!N' enabled

      at PluginManager._log (src/infrastructure/plugins/PluginManager.js:483:21)

  console.info
    [PluginManager] Plugin 'nzVOV!N' disabled

      at PluginManager._log (src/infrastructure/plugins/PluginManager.js:483:21)

  console.info
    [PluginManager] Plugin '%&Q up$WL' v16.6.97 registered

      at PluginManager._log (src/infrastructure/plugins/PluginManager.js:483:21)

  console.info
    [PluginManager] Plugin '%&Q up$WL' enabled

      at PluginManager._log (src/infrastructure/plugins/PluginManager.js:483:21)

  console.info
    [PluginManager] Plugin '%&Q up$WL' disabled

      at PluginManager._log (src/infrastructure/plugins/PluginManager.js:483:21)

  console.info
    [PluginManager] Plugin 'YG8\' v30.41.96 registered

      at PluginManager._log (src/infrastructure/plugins/PluginManager.js:483:21)

  console.info
    [PluginManager] Plugin 'YG8\' enabled

      at PluginManager._log (src/infrastructure/plugins/PluginManager.js:483:21)

  console.info
    [PluginManager] Plugin 'YG8\' disabled

      at PluginManager._log (src/infrastructure/plugins/PluginManager.js:483:21)

  console.info
    [PluginManager] Plugin 's||LV}XTE' v99.78.73 registered

      at PluginManager._log (src/infrastructure/plugins/PluginManager.js:483:21)

  console.info
    [PluginManager] Plugin 's||LV}XTE' enabled

      at PluginManager._log (src/infrastructure/plugins/PluginManager.js:483:21)

  console.info
    [PluginManager] Plugin 's||LV}XTE' disabled

      at PluginManager._log (src/infrastructure/plugins/PluginManager.js:483:21)

  console.info
    [PluginManager] Plugin 'R.7dhx^KH' v73.66.5 registered

      at PluginManager._log (src/infrastructure/plugins/PluginManager.js:483:21)

  console.info
    [PluginManager] Plugin 'R.7dhx^KH' enabled

      at PluginManager._log (src/infrastructure/plugins/PluginManager.js:483:21)

  console.info
    [PluginManager] Plugin 'R.7dhx^KH' disabled

      at PluginManager._log (src/infrastructure/plugins/PluginManager.js:483:21)

  console.info
    [PluginManager] Plugin '~{H' v12.3.40 registered

      at PluginManager._log (src/infrastructure/plugins/PluginManager.js:483:21)

  console.info
    [PluginManager] Plugin '~{H' enabled

      at PluginManager._log (src/infrastructure/plugins/PluginManager.js:483:21)

  console.info
    [PluginManager] Plugin '~{H' disabled

      at PluginManager._log (src/infrastructure/plugins/PluginManager.js:483:21)

  console.info
    [PluginManager] Plugin 'gOf.D' v2.95.22 registered

      at PluginManager._log (src/infrastructure/plugins/PluginManager.js:483:21)

  console.info
    [PluginManager] Plugin 'gOf.D' enabled

      at PluginManager._log (src/infrastructure/plugins/PluginManager.js:483:21)

  console.info
    [PluginManager] Plugin 'gOf.D' disabled

      at PluginManager._log (src/infrastructure/plugins/PluginManager.js:483:21)

  console.info
    [PluginManager] Plugin 'j' v73.5.78 registered

      at PluginManager._log (src/infrastructure/plugins/PluginManager.js:483:21)

  console.info
    [PluginManager] Plugin 'j' enabled

      at PluginManager._log (src/infrastructure/plugins/PluginManager.js:483:21)

  console.info
    [PluginManager] Plugin 'j' disabled

      at PluginManager._log (src/infrastructure/plugins/PluginManager.js:483:21)

  console.info
    [PluginManager] Plugin 'pulengthy' v5.0.5 registered

      at PluginManager._log (src/infrastructure/plugins/PluginManager.js:483:21)

  console.info
    [PluginManager] Plugin 'pulengthy' enabled

      at PluginManager._log (src/infrastructure/plugins/PluginManager.js:483:21)

  console.info
    [PluginManager] Plugin 'pulengthy' disabled

      at PluginManager._log (src/infrastructure/plugins/PluginManager.js:483:21)

  console.info
    [PluginManager] Plugin 'Hp0#[H=' v81.81.96 registered

      at PluginManager._log (src/infrastructure/plugins/PluginManager.js:483:21)

  console.info
    [PluginManager] Plugin 'Hp0#[H=' enabled

      at PluginManager._log (src/infrastructure/plugins/PluginManager.js:483:21)

  console.info
    [PluginManager] Plugin 'Hp0#[H=' disabled

      at PluginManager._log (src/infrastructure/plugins/PluginManager.js:483:21)

  console.info
    [PluginManager] Plugin 'plugin-0' v1.0.0 registered

      at PluginManager._log (src/infrastructure/plugins/PluginManager.js:483:21)

  console.info
    [PluginManager] Plugin 'plugin-1' v1.0.0 registered

      at PluginManager._log (src/infrastructure/plugins/PluginManager.js:483:21)

  console.info
    [PluginManager] Plugin 'plugin-2' v1.0.0 registered

      at PluginManager._log (src/infrastructure/plugins/PluginManager.js:483:21)

  console.info
    [PluginManager] Plugin 'plugin-3' v1.0.0 registered

      at PluginManager._log (src/infrastructure/plugins/PluginManager.js:483:21)

  console.info
    [PluginManager] Plugin 'plugin-4' v1.0.0 registered

      at PluginManager._log (src/infrastructure/plugins/PluginManager.js:483:21)

  console.info
    [PluginManager] Plugin 'plugin-5' v1.0.0 registered

      at PluginManager._log (src/infrastructure/plugins/PluginManager.js:483:21)

  console.info
    [PluginManager] Plugin 'plugin-6' v1.0.0 registered

      at PluginManager._log (src/infrastructure/plugins/PluginManager.js:483:21)

  console.info
    [PluginManager] Plugin 'plugin-0' enabled

      at PluginManager._log (src/infrastructure/plugins/PluginManager.js:483:21)

  console.info
    [PluginManager] Plugin 'plugin-1' enabled

      at PluginManager._log (src/infrastructure/plugins/PluginManager.js:483:21)

  console.info
    [PluginManager] Plugin 'plugin-2' enabled

      at PluginManager._log (src/infrastructure/plugins/PluginManager.js:483:21)

  console.info
    [PluginManager] Plugin 'plugin-3' enabled

      at PluginManager._log (src/infrastructure/plugins/PluginManager.js:483:21)

  console.info
    [PluginManager] Plugin 'plugin-4' enabled

      at PluginManager._log (src/infrastructure/plugins/PluginManager.js:483:21)

  console.info
    [PluginManager] Plugin 'plugin-5' enabled

      at PluginManager._log (src/infrastructure/plugins/PluginManager.js:483:21)

  console.info
    [PluginManager] Plugin 'plugin-6' enabled

      at PluginManager._log (src/infrastructure/plugins/PluginManager.js:483:21)

  console.info
    [PluginManager] Plugin 'plugin-6' disabled

      at PluginManager._log (src/infrastructure/plugins/PluginManager.js:483:21)

  console.info
    [PluginManager] Plugin 'plugin-5' disabled

      at PluginManager._log (src/infrastructure/plugins/PluginManager.js:483:21)

  console.info
    [PluginManager] Plugin 'plugin-4' disabled

      at PluginManager._log (src/infrastructure/plugins/PluginManager.js:483:21)

  console.info
    [PluginManager] Plugin 'plugin-3' disabled

      at PluginManager._log (src/infrastructure/plugins/PluginManager.js:483:21)

  console.info
    [PluginManager] Plugin 'plugin-2' disabled

      at PluginManager._log (src/infrastructure/plugins/PluginManager.js:483:21)

  console.info
    [PluginManager] Plugin 'plugin-1' disabled

      at PluginManager._log (src/infrastructure/plugins/PluginManager.js:483:21)

  console.info
    [PluginManager] Plugin 'plugin-0' disabled

      at PluginManager._log (src/infrastructure/plugins/PluginManager.js:483:21)

  console.info
    [PluginManager] Plugin 'plugin-0' v1.0.0 registered

      at PluginManager._log (src/infrastructure/plugins/PluginManager.js:483:21)

  console.info
    [PluginManager] Plugin 'plugin-1' v1.0.0 registered

      at PluginManager._log (src/infrastructure/plugins/PluginManager.js:483:21)

  console.info
    [PluginManager] Plugin 'plugin-2' v1.0.0 registered

      at PluginManager._log (src/infrastructure/plugins/PluginManager.js:483:21)

  console.info
    [PluginManager] Plugin 'plugin-3' v1.0.0 registered

      at PluginManager._log (src/infrastructure/plugins/PluginManager.js:483:21)

  console.info
    [PluginManager] Plugin 'plugin-4' v1.0.0 registered

      at PluginManager._log (src/infrastructure/plugins/PluginManager.js:483:21)

  console.info
    [PluginManager] Plugin 'plugin-0' enabled

      at PluginManager._log (src/infrastructure/plugins/PluginManager.js:483:21)

  console.info
    [PluginManager] Plugin 'plugin-1' enabled

      at PluginManager._log (src/infrastructure/plugins/PluginManager.js:483:21)

  console.info
    [PluginManager] Plugin 'plugin-2' enabled

      at PluginManager._log (src/infrastructure/plugins/PluginManager.js:483:21)

  console.info
    [PluginManager] Plugin 'plugin-3' enabled

      at PluginManager._log (src/infrastructure/plugins/PluginManager.js:483:21)

  console.info
    [PluginManager] Plugin 'plugin-4' enabled

      at PluginManager._log (src/infrastructure/plugins/PluginManager.js:483:21)

  console.info
    [PluginManager] Plugin 'plugin-4' disabled

      at PluginManager._log (src/infrastructure/plugins/PluginManager.js:483:21)

  console.info
    [PluginManager] Plugin 'plugin-3' disabled

      at PluginManager._log (src/infrastructure/plugins/PluginManager.js:483:21)

  console.info
    [PluginManager] Plugin 'plugin-2' disabled

      at PluginManager._log (src/infrastructure/plugins/PluginManager.js:483:21)

  console.info
    [PluginManager] Plugin 'plugin-1' disabled

      at PluginManager._log (src/infrastructure/plugins/PluginManager.js:483:21)

  console.info
    [PluginManager] Plugin 'plugin-0' disabled

      at PluginManager._log (src/infrastructure/plugins/PluginManager.js:483:21)

  console.info
    [PluginManager] Plugin 'plugin-0' v1.0.0 registered

      at PluginManager._log (src/infrastructure/plugins/PluginManager.js:483:21)

  console.info
    [PluginManager] Plugin 'plugin-1' v1.0.0 registered

      at PluginManager._log (src/infrastructure/plugins/PluginManager.js:483:21)

  console.info
    [PluginManager] Plugin 'plugin-2' v1.0.0 registered

      at PluginManager._log (src/infrastructure/plugins/PluginManager.js:483:21)

  console.info
    [PluginManager] Plugin 'plugin-3' v1.0.0 registered

      at PluginManager._log (src/infrastructure/plugins/PluginManager.js:483:21)

  console.info
    [PluginManager] Plugin 'plugin-4' v1.0.0 registered

      at PluginManager._log (src/infrastructure/plugins/PluginManager.js:483:21)

  console.info
    [PluginManager] Plugin 'plugin-5' v1.0.0 registered

      at PluginManager._log (src/infrastructure/plugins/PluginManager.js:483:21)

  console.info
    [PluginManager] Plugin 'plugin-0' enabled

      at PluginManager._log (src/infrastructure/plugins/PluginManager.js:483:21)

  console.info
    [PluginManager] Plugin 'plugin-1' enabled

      at PluginManager._log (src/infrastructure/plugins/PluginManager.js:483:21)

  console.info
    [PluginManager] Plugin 'plugin-2' enabled

      at PluginManager._log (src/infrastructure/plugins/PluginManager.js:483:21)

  console.info
    [PluginManager] Plugin 'plugin-3' enabled

      at PluginManager._log (src/infrastructure/plugins/PluginManager.js:483:21)

  console.info
    [PluginManager] Plugin 'plugin-4' enabled

      at PluginManager._log (src/infrastructure/plugins/PluginManager.js:483:21)

  console.info
    [PluginManager] Plugin 'plugin-5' enabled

      at PluginManager._log (src/infrastructure/plugins/PluginManager.js:483:21)

  console.info
    [PluginManager] Plugin 'plugin-5' disabled

      at PluginManager._log (src/infrastructure/plugins/PluginManager.js:483:21)

  console.info
    [PluginManager] Plugin 'plugin-4' disabled

      at PluginManager._log (src/infrastructure/plugins/PluginManager.js:483:21)

  console.info
    [PluginManager] Plugin 'plugin-3' disabled

      at PluginManager._log (src/infrastructure/plugins/PluginManager.js:483:21)

  console.info
    [PluginManager] Plugin 'plugin-2' disabled

      at PluginManager._log (src/infrastructure/plugins/PluginManager.js:483:21)

  console.info
    [PluginManager] Plugin 'plugin-1' disabled

      at PluginManager._log (src/infrastructure/plugins/PluginManager.js:483:21)

  console.info
    [PluginManager] Plugin 'plugin-0' disabled

      at PluginManager._log (src/infrastructure/plugins/PluginManager.js:483:21)

  console.info
    [PluginManager] Plugin 'plugin-0' v1.0.0 registered

      at PluginManager._log (src/infrastructure/plugins/PluginManager.js:483:21)

  console.info
    [PluginManager] Plugin 'plugin-1' v1.0.0 registered

      at PluginManager._log (src/infrastructure/plugins/PluginManager.js:483:21)

  console.info
    [PluginManager] Plugin 'plugin-2' v1.0.0 registered

      at PluginManager._log (src/infrastructure/plugins/PluginManager.js:483:21)

  console.info
    [PluginManager] Plugin 'plugin-3' v1.0.0 registered

      at PluginManager._log (src/infrastructure/plugins/PluginManager.js:483:21)

  console.info
    [PluginManager] Plugin 'plugin-0' enabled

      at PluginManager._log (src/infrastructure/plugins/PluginManager.js:483:21)

  console.info
    [PluginManager] Plugin 'plugin-1' enabled

      at PluginManager._log (src/infrastructure/plugins/PluginManager.js:483:21)

  console.info
    [PluginManager] Plugin 'plugin-2' enabled

      at PluginManager._log (src/infrastructure/plugins/PluginManager.js:483:21)

  console.info
    [PluginManager] Plugin 'plugin-3' enabled

      at PluginManager._log (src/infrastructure/plugins/PluginManager.js:483:21)

  console.info
    [PluginManager] Plugin 'plugin-3' disabled

      at PluginManager._log (src/infrastructure/plugins/PluginManager.js:483:21)

  console.info
    [PluginManager] Plugin 'plugin-2' disabled

      at PluginManager._log (src/infrastructure/plugins/PluginManager.js:483:21)

  console.info
    [PluginManager] Plugin 'plugin-1' disabled

      at PluginManager._log (src/infrastructure/plugins/PluginManager.js:483:21)

  console.info
    [PluginManager] Plugin 'plugin-0' disabled

      at PluginManager._log (src/infrastructure/plugins/PluginManager.js:483:21)

  console.info
    [PluginManager] Plugin 'plugin-0' v1.0.0 registered

      at PluginManager._log (src/infrastructure/plugins/PluginManager.js:483:21)

  console.info
    [PluginManager] Plugin 'plugin-1' v1.0.0 registered

      at PluginManager._log (src/infrastructure/plugins/PluginManager.js:483:21)

  console.info
    [PluginManager] Plugin 'plugin-2' v1.0.0 registered

      at PluginManager._log (src/infrastructure/plugins/PluginManager.js:483:21)

  console.info
    [PluginManager] Plugin 'plugin-0' enabled

      at PluginManager._log (src/infrastructure/plugins/PluginManager.js:483:21)

  console.info
    [PluginManager] Plugin 'plugin-1' enabled

      at PluginManager._log (src/infrastructure/plugins/PluginManager.js:483:21)

  console.info
    [PluginManager] Plugin 'plugin-2' enabled

      at PluginManager._log (src/infrastructure/plugins/PluginManager.js:483:21)

  console.info
    [PluginManager] Plugin 'plugin-2' disabled

      at PluginManager._log (src/infrastructure/plugins/PluginManager.js:483:21)

  console.info
    [PluginManager] Plugin 'plugin-1' disabled

      at PluginManager._log (src/infrastructure/plugins/PluginManager.js:483:21)

  console.info
    [PluginManager] Plugin 'plugin-0' disabled

      at PluginManager._log (src/infrastructure/plugins/PluginManager.js:483:21)

  console.info
    [PluginManager] Plugin 'plugin-0' v1.0.0 registered

      at PluginManager._log (src/infrastructure/plugins/PluginManager.js:483:21)

  console.info
    [PluginManager] Plugin 'plugin-1' v1.0.0 registered

      at PluginManager._log (src/infrastructure/plugins/PluginManager.js:483:21)

  console.info
    [PluginManager] Plugin 'plugin-2' v1.0.0 registered

      at PluginManager._log (src/infrastructure/plugins/PluginManager.js:483:21)

  console.info
    [PluginManager] Plugin 'plugin-3' v1.0.0 registered

      at PluginManager._log (src/infrastructure/plugins/PluginManager.js:483:21)

  console.info
    [PluginManager] Plugin 'plugin-0' enabled

      at PluginManager._log (src/infrastructure/plugins/PluginManager.js:483:21)

  console.info
    [PluginManager] Plugin 'plugin-1' enabled

      at PluginManager._log (src/infrastructure/plugins/PluginManager.js:483:21)

  console.info
    [PluginManager] Plugin 'plugin-2' enabled

      at PluginManager._log (src/infrastructure/plugins/PluginManager.js:483:21)

  console.info
    [PluginManager] Plugin 'plugin-3' enabled

      at PluginManager._log (src/infrastructure/plugins/PluginManager.js:483:21)

  console.info
    [PluginManager] Plugin 'plugin-3' disabled

      at PluginManager._log (src/infrastructure/plugins/PluginManager.js:483:21)

  console.info
    [PluginManager] Plugin 'plugin-2' disabled

      at PluginManager._log (src/infrastructure/plugins/PluginManager.js:483:21)

  console.info
    [PluginManager] Plugin 'plugin-1' disabled

      at PluginManager._log (src/infrastructure/plugins/PluginManager.js:483:21)

  console.info
    [PluginManager] Plugin 'plugin-0' disabled

      at PluginManager._log (src/infrastructure/plugins/PluginManager.js:483:21)

  console.info
    [PluginManager] Plugin 'plugin-0' v1.0.0 registered

      at PluginManager._log (src/infrastructure/plugins/PluginManager.js:483:21)

  console.info
    [PluginManager] Plugin 'plugin-1' v1.0.0 registered

      at PluginManager._log (src/infrastructure/plugins/PluginManager.js:483:21)

  console.info
    [PluginManager] Plugin 'plugin-0' enabled

      at PluginManager._log (src/infrastructure/plugins/PluginManager.js:483:21)

  console.info
    [PluginManager] Plugin 'plugin-1' enabled

      at PluginManager._log (src/infrastructure/plugins/PluginManager.js:483:21)

  console.info
    [PluginManager] Plugin 'plugin-1' disabled

      at PluginManager._log (src/infrastructure/plugins/PluginManager.js:483:21)

  console.info
    [PluginManager] Plugin 'plugin-0' disabled

      at PluginManager._log (src/infrastructure/plugins/PluginManager.js:483:21)

  console.info
    [PluginManager] Plugin 'plugin-0' v1.0.0 registered

      at PluginManager._log (src/infrastructure/plugins/PluginManager.js:483:21)

  console.info
    [PluginManager] Plugin 'plugin-1' v1.0.0 registered

      at PluginManager._log (src/infrastructure/plugins/PluginManager.js:483:21)

  console.info
    [PluginManager] Plugin 'plugin-0' enabled

      at PluginManager._log (src/infrastructure/plugins/PluginManager.js:483:21)

  console.info
    [PluginManager] Plugin 'plugin-1' enabled

      at PluginManager._log (src/infrastructure/plugins/PluginManager.js:483:21)

  console.info
    [PluginManager] Plugin 'plugin-1' disabled

      at PluginManager._log (src/infrastructure/plugins/PluginManager.js:483:21)

  console.info
    [PluginManager] Plugin 'plugin-0' disabled

      at PluginManager._log (src/infrastructure/plugins/PluginManager.js:483:21)

  console.info
    [PluginManager] Plugin 'plugin-0' v1.0.0 registered

      at PluginManager._log (src/infrastructure/plugins/PluginManager.js:483:21)

  console.info
    [PluginManager] Plugin 'plugin-1' v1.0.0 registered

      at PluginManager._log (src/infrastructure/plugins/PluginManager.js:483:21)

  console.info
    [PluginManager] Plugin 'plugin-2' v1.0.0 registered

      at PluginManager._log (src/infrastructure/plugins/PluginManager.js:483:21)

  console.info
    [PluginManager] Plugin 'plugin-0' enabled

      at PluginManager._log (src/infrastructure/plugins/PluginManager.js:483:21)

  console.info
    [PluginManager] Plugin 'plugin-1' enabled

      at PluginManager._log (src/infrastructure/plugins/PluginManager.js:483:21)

  console.info
    [PluginManager] Plugin 'plugin-2' enabled

      at PluginManager._log (src/infrastructure/plugins/PluginManager.js:483:21)

  console.info
    [PluginManager] Plugin 'plugin-2' disabled

      at PluginManager._log (src/infrastructure/plugins/PluginManager.js:483:21)

  console.info
    [PluginManager] Plugin 'plugin-1' disabled

      at PluginManager._log (src/infrastructure/plugins/PluginManager.js:483:21)

  console.info
    [PluginManager] Plugin 'plugin-0' disabled

      at PluginManager._log (src/infrastructure/plugins/PluginManager.js:483:21)

  console.info
    [PluginManager] Plugin 'plugin-0' v1.0.0 registered

      at PluginManager._log (src/infrastructure/plugins/PluginManager.js:483:21)

  console.info
    [PluginManager] Plugin 'plugin-1' v1.0.0 registered

      at PluginManager._log (src/infrastructure/plugins/PluginManager.js:483:21)

  console.info
    [PluginManager] Plugin 'plugin-2' v1.0.0 registered

      at PluginManager._log (src/infrastructure/plugins/PluginManager.js:483:21)

  console.info
    [PluginManager] Plugin 'plugin-3' v1.0.0 registered

      at PluginManager._log (src/infrastructure/plugins/PluginManager.js:483:21)

  console.info
    [PluginManager] Plugin 'plugin-4' v1.0.0 registered

      at PluginManager._log (src/infrastructure/plugins/PluginManager.js:483:21)

  console.info
    [PluginManager] Plugin 'plugin-5' v1.0.0 registered

      at PluginManager._log (src/infrastructure/plugins/PluginManager.js:483:21)

  console.info
    [PluginManager] Plugin 'plugin-0' enabled

      at PluginManager._log (src/infrastructure/plugins/PluginManager.js:483:21)

  console.info
    [PluginManager] Plugin 'plugin-1' enabled

      at PluginManager._log (src/infrastructure/plugins/PluginManager.js:483:21)

  console.info
    [PluginManager] Plugin 'plugin-2' enabled

      at PluginManager._log (src/infrastructure/plugins/PluginManager.js:483:21)

  console.info
    [PluginManager] Plugin 'plugin-3' enabled

      at PluginManager._log (src/infrastructure/plugins/PluginManager.js:483:21)

  console.info
    [PluginManager] Plugin 'plugin-4' enabled

      at PluginManager._log (src/infrastructure/plugins/PluginManager.js:483:21)

  console.info
    [PluginManager] Plugin 'plugin-5' enabled

      at PluginManager._log (src/infrastructure/plugins/PluginManager.js:483:21)

  console.info
    [PluginManager] Plugin 'plugin-5' disabled

      at PluginManager._log (src/infrastructure/plugins/PluginManager.js:483:21)

  console.info
    [PluginManager] Plugin 'plugin-4' disabled

      at PluginManager._log (src/infrastructure/plugins/PluginManager.js:483:21)

  console.info
    [PluginManager] Plugin 'plugin-3' disabled

      at PluginManager._log (src/infrastructure/plugins/PluginManager.js:483:21)

  console.info
    [PluginManager] Plugin 'plugin-2' disabled

      at PluginManager._log (src/infrastructure/plugins/PluginManager.js:483:21)

  console.info
    [PluginManager] Plugin 'plugin-1' disabled

      at PluginManager._log (src/infrastructure/plugins/PluginManager.js:483:21)

  console.info
    [PluginManager] Plugin 'plugin-0' disabled

      at PluginManager._log (src/infrastructure/plugins/PluginManager.js:483:21)

  console.info
    [PluginManager] Plugin 'plugin-0' v1.0.0 registered

      at PluginManager._log (src/infrastructure/plugins/PluginManager.js:483:21)

  console.info
    [PluginManager] Plugin 'plugin-1' v1.0.0 registered

      at PluginManager._log (src/infrastructure/plugins/PluginManager.js:483:21)

  console.info
    [PluginManager] Plugin 'plugin-2' v1.0.0 registered

      at PluginManager._log (src/infrastructure/plugins/PluginManager.js:483:21)

  console.info
    [PluginManager] Plugin 'plugin-3' v1.0.0 registered

      at PluginManager._log (src/infrastructure/plugins/PluginManager.js:483:21)

  console.info
    [PluginManager] Plugin 'plugin-0' enabled

      at PluginManager._log (src/infrastructure/plugins/PluginManager.js:483:21)

  console.info
    [PluginManager] Plugin 'plugin-1' enabled

      at PluginManager._log (src/infrastructure/plugins/PluginManager.js:483:21)

  console.info
    [PluginManager] Plugin 'plugin-2' enabled

      at PluginManager._log (src/infrastructure/plugins/PluginManager.js:483:21)

  console.info
    [PluginManager] Plugin 'plugin-3' enabled

      at PluginManager._log (src/infrastructure/plugins/PluginManager.js:483:21)

  console.info
    [PluginManager] Plugin 'plugin-3' disabled

      at PluginManager._log (src/infrastructure/plugins/PluginManager.js:483:21)

  console.info
    [PluginManager] Plugin 'plugin-2' disabled

      at PluginManager._log (src/infrastructure/plugins/PluginManager.js:483:21)

  console.info
    [PluginManager] Plugin 'plugin-1' disabled

      at PluginManager._log (src/infrastructure/plugins/PluginManager.js:483:21)

  console.info
    [PluginManager] Plugin 'plugin-0' disabled

      at PluginManager._log (src/infrastructure/plugins/PluginManager.js:483:21)

  console.info
    [PluginManager] Plugin 'plugin-0' v1.0.0 registered

      at PluginManager._log (src/infrastructure/plugins/PluginManager.js:483:21)

  console.info
    [PluginManager] Plugin 'plugin-1' v1.0.0 registered

      at PluginManager._log (src/infrastructure/plugins/PluginManager.js:483:21)

  console.info
    [PluginManager] Plugin 'plugin-2' v1.0.0 registered

      at PluginManager._log (src/infrastructure/plugins/PluginManager.js:483:21)

  console.info
    [PluginManager] Plugin 'plugin-3' v1.0.0 registered

      at PluginManager._log (src/infrastructure/plugins/PluginManager.js:483:21)

  console.info
    [PluginManager] Plugin 'plugin-4' v1.0.0 registered

      at PluginManager._log (src/infrastructure/plugins/PluginManager.js:483:21)

  console.info
    [PluginManager] Plugin 'plugin-5' v1.0.0 registered

      at PluginManager._log (src/infrastructure/plugins/PluginManager.js:483:21)

  console.info
    [PluginManager] Plugin 'plugin-6' v1.0.0 registered

      at PluginManager._log (src/infrastructure/plugins/PluginManager.js:483:21)

  console.info
    [PluginManager] Plugin 'plugin-7' v1.0.0 registered

      at PluginManager._log (src/infrastructure/plugins/PluginManager.js:483:21)

  console.info
    [PluginManager] Plugin 'plugin-0' enabled

      at PluginManager._log (src/infrastructure/plugins/PluginManager.js:483:21)

  console.info
    [PluginManager] Plugin 'plugin-1' enabled

      at PluginManager._log (src/infrastructure/plugins/PluginManager.js:483:21)

  console.info
    [PluginManager] Plugin 'plugin-2' enabled

      at PluginManager._log (src/infrastructure/plugins/PluginManager.js:483:21)

  console.info
    [PluginManager] Plugin 'plugin-3' enabled

      at PluginManager._log (src/infrastructure/plugins/PluginManager.js:483:21)

  console.info
    [PluginManager] Plugin 'plugin-4' enabled

      at PluginManager._log (src/infrastructure/plugins/PluginManager.js:483:21)

  console.info
    [PluginManager] Plugin 'plugin-5' enabled

      at PluginManager._log (src/infrastructure/plugins/PluginManager.js:483:21)

  console.info
    [PluginManager] Plugin 'plugin-6' enabled

      at PluginManager._log (src/infrastructure/plugins/PluginManager.js:483:21)

  console.info
    [PluginManager] Plugin 'plugin-7' enabled

      at PluginManager._log (src/infrastructure/plugins/PluginManager.js:483:21)

  console.info
    [PluginManager] Plugin 'plugin-7' disabled

      at PluginManager._log (src/infrastructure/plugins/PluginManager.js:483:21)

  console.info
    [PluginManager] Plugin 'plugin-6' disabled

      at PluginManager._log (src/infrastructure/plugins/PluginManager.js:483:21)

  console.info
    [PluginManager] Plugin 'plugin-5' disabled

      at PluginManager._log (src/infrastructure/plugins/PluginManager.js:483:21)

  console.info
    [PluginManager] Plugin 'plugin-4' disabled

      at PluginManager._log (src/infrastructure/plugins/PluginManager.js:483:21)

  console.info
    [PluginManager] Plugin 'plugin-3' disabled

      at PluginManager._log (src/infrastructure/plugins/PluginManager.js:483:21)

  console.info
    [PluginManager] Plugin 'plugin-2' disabled

      at PluginManager._log (src/infrastructure/plugins/PluginManager.js:483:21)

  console.info
    [PluginManager] Plugin 'plugin-1' disabled

      at PluginManager._log (src/infrastructure/plugins/PluginManager.js:483:21)

  console.info
    [PluginManager] Plugin 'plugin-0' disabled

      at PluginManager._log (src/infrastructure/plugins/PluginManager.js:483:21)

  console.info
    [PluginManager] Plugin 'plugin-0' v1.0.0 registered

      at PluginManager._log (src/infrastructure/plugins/PluginManager.js:483:21)

  console.info
    [PluginManager] Plugin 'plugin-1' v1.0.0 registered

      at PluginManager._log (src/infrastructure/plugins/PluginManager.js:483:21)

  console.info
    [PluginManager] Plugin 'plugin-2' v1.0.0 registered

      at PluginManager._log (src/infrastructure/plugins/PluginManager.js:483:21)

  console.info
    [PluginManager] Plugin 'plugin-3' v1.0.0 registered

      at PluginManager._log (src/infrastructure/plugins/PluginManager.js:483:21)

  console.info
    [PluginManager] Plugin 'plugin-0' enabled

      at PluginManager._log (src/infrastructure/plugins/PluginManager.js:483:21)

  console.info
    [PluginManager] Plugin 'plugin-1' enabled

      at PluginManager._log (src/infrastructure/plugins/PluginManager.js:483:21)

  console.info
    [PluginManager] Plugin 'plugin-2' enabled

      at PluginManager._log (src/infrastructure/plugins/PluginManager.js:483:21)

  console.info
    [PluginManager] Plugin 'plugin-3' enabled

      at PluginManager._log (src/infrastructure/plugins/PluginManager.js:483:21)

  console.info
    [PluginManager] Plugin 'plugin-3' disabled

      at PluginManager._log (src/infrastructure/plugins/PluginManager.js:483:21)

  console.info
    [PluginManager] Plugin 'plugin-2' disabled

      at PluginManager._log (src/infrastructure/plugins/PluginManager.js:483:21)

  console.info
    [PluginManager] Plugin 'plugin-1' disabled

      at PluginManager._log (src/infrastructure/plugins/PluginManager.js:483:21)

  console.info
    [PluginManager] Plugin 'plugin-0' disabled

      at PluginManager._log (src/infrastructure/plugins/PluginManager.js:483:21)

  console.info
    [PluginManager] Plugin 'plugin-0' v1.0.0 registered

      at PluginManager._log (src/infrastructure/plugins/PluginManager.js:483:21)

  console.info
    [PluginManager] Plugin 'plugin-1' v1.0.0 registered

      at PluginManager._log (src/infrastructure/plugins/PluginManager.js:483:21)

  console.info
    [PluginManager] Plugin 'plugin-2' v1.0.0 registered

      at PluginManager._log (src/infrastructure/plugins/PluginManager.js:483:21)

  console.info
    [PluginManager] Plugin 'plugin-3' v1.0.0 registered

      at PluginManager._log (src/infrastructure/plugins/PluginManager.js:483:21)

  console.info
    [PluginManager] Plugin 'plugin-4' v1.0.0 registered

      at PluginManager._log (src/infrastructure/plugins/PluginManager.js:483:21)

  console.info
    [PluginManager] Plugin 'plugin-5' v1.0.0 registered

      at PluginManager._log (src/infrastructure/plugins/PluginManager.js:483:21)

  console.info
    [PluginManager] Plugin 'plugin-0' enabled

      at PluginManager._log (src/infrastructure/plugins/PluginManager.js:483:21)

  console.info
    [PluginManager] Plugin 'plugin-1' enabled

      at PluginManager._log (src/infrastructure/plugins/PluginManager.js:483:21)

  console.info
    [PluginManager] Plugin 'plugin-2' enabled

      at PluginManager._log (src/infrastructure/plugins/PluginManager.js:483:21)

  console.info
    [PluginManager] Plugin 'plugin-3' enabled

      at PluginManager._log (src/infrastructure/plugins/PluginManager.js:483:21)

  console.info
    [PluginManager] Plugin 'plugin-4' enabled

      at PluginManager._log (src/infrastructure/plugins/PluginManager.js:483:21)

  console.info
    [PluginManager] Plugin 'plugin-5' enabled

      at PluginManager._log (src/infrastructure/plugins/PluginManager.js:483:21)

  console.info
    [PluginManager] Plugin 'plugin-5' disabled

      at PluginManager._log (src/infrastructure/plugins/PluginManager.js:483:21)

  console.info
    [PluginManager] Plugin 'plugin-4' disabled

      at PluginManager._log (src/infrastructure/plugins/PluginManager.js:483:21)

  console.info
    [PluginManager] Plugin 'plugin-3' disabled

      at PluginManager._log (src/infrastructure/plugins/PluginManager.js:483:21)

  console.info
    [PluginManager] Plugin 'plugin-2' disabled

      at PluginManager._log (src/infrastructure/plugins/PluginManager.js:483:21)

  console.info
    [PluginManager] Plugin 'plugin-1' disabled

      at PluginManager._log (src/infrastructure/plugins/PluginManager.js:483:21)

  console.info
    [PluginManager] Plugin 'plugin-0' disabled

      at PluginManager._log (src/infrastructure/plugins/PluginManager.js:483:21)

  console.info
    [PluginManager] Plugin 'plugin-0' v1.0.0 registered

      at PluginManager._log (src/infrastructure/plugins/PluginManager.js:483:21)

  console.info
    [PluginManager] Plugin 'plugin-1' v1.0.0 registered

      at PluginManager._log (src/infrastructure/plugins/PluginManager.js:483:21)

  console.info
    [PluginManager] Plugin 'plugin-0' enabled

      at PluginManager._log (src/infrastructure/plugins/PluginManager.js:483:21)

  console.info
    [PluginManager] Plugin 'plugin-1' enabled

      at PluginManager._log (src/infrastructure/plugins/PluginManager.js:483:21)

  console.info
    [PluginManager] Plugin 'plugin-1' disabled

      at PluginManager._log (src/infrastructure/plugins/PluginManager.js:483:21)

  console.info
    [PluginManager] Plugin 'plugin-0' disabled

      at PluginManager._log (src/infrastructure/plugins/PluginManager.js:483:21)

  console.info
    [PluginManager] Plugin 'plugin-0' v1.0.0 registered

      at PluginManager._log (src/infrastructure/plugins/PluginManager.js:483:21)

  console.info
    [PluginManager] Plugin 'plugin-1' v1.0.0 registered

      at PluginManager._log (src/infrastructure/plugins/PluginManager.js:483:21)

  console.info
    [PluginManager] Plugin 'plugin-2' v1.0.0 registered

      at PluginManager._log (src/infrastructure/plugins/PluginManager.js:483:21)

  console.info
    [PluginManager] Plugin 'plugin-3' v1.0.0 registered

      at PluginManager._log (src/infrastructure/plugins/PluginManager.js:483:21)

  console.info
    [PluginManager] Plugin 'plugin-0' enabled

      at PluginManager._log (src/infrastructure/plugins/PluginManager.js:483:21)

  console.info
    [PluginManager] Plugin 'plugin-1' enabled

      at PluginManager._log (src/infrastructure/plugins/PluginManager.js:483:21)

  console.info
    [PluginManager] Plugin 'plugin-2' enabled

      at PluginManager._log (src/infrastructure/plugins/PluginManager.js:483:21)

  console.info
    [PluginManager] Plugin 'plugin-3' enabled

      at PluginManager._log (src/infrastructure/plugins/PluginManager.js:483:21)

  console.info
    [PluginManager] Plugin 'plugin-3' disabled

      at PluginManager._log (src/infrastructure/plugins/PluginManager.js:483:21)

  console.info
    [PluginManager] Plugin 'plugin-2' disabled

      at PluginManager._log (src/infrastructure/plugins/PluginManager.js:483:21)

  console.info
    [PluginManager] Plugin 'plugin-1' disabled

      at PluginManager._log (src/infrastructure/plugins/PluginManager.js:483:21)

  console.info
    [PluginManager] Plugin 'plugin-0' disabled

      at PluginManager._log (src/infrastructure/plugins/PluginManager.js:483:21)

  console.info
    [PluginManager] Plugin 'plugin-0' v1.0.0 registered

      at PluginManager._log (src/infrastructure/plugins/PluginManager.js:483:21)

  console.info
    [PluginManager] Plugin 'plugin-1' v1.0.0 registered

      at PluginManager._log (src/infrastructure/plugins/PluginManager.js:483:21)

  console.info
    [PluginManager] Plugin 'plugin-2' v1.0.0 registered

      at PluginManager._log (src/infrastructure/plugins/PluginManager.js:483:21)

  console.info
    [PluginManager] Plugin 'plugin-3' v1.0.0 registered

      at PluginManager._log (src/infrastructure/plugins/PluginManager.js:483:21)

  console.info
    [PluginManager] Plugin 'plugin-0' enabled

      at PluginManager._log (src/infrastructure/plugins/PluginManager.js:483:21)

  console.info
    [PluginManager] Plugin 'plugin-1' enabled

      at PluginManager._log (src/infrastructure/plugins/PluginManager.js:483:21)

  console.info
    [PluginManager] Plugin 'plugin-2' enabled

      at PluginManager._log (src/infrastructure/plugins/PluginManager.js:483:21)

  console.info
    [PluginManager] Plugin 'plugin-3' enabled

      at PluginManager._log (src/infrastructure/plugins/PluginManager.js:483:21)

  console.info
    [PluginManager] Plugin 'plugin-3' disabled

      at PluginManager._log (src/infrastructure/plugins/PluginManager.js:483:21)

  console.info
    [PluginManager] Plugin 'plugin-2' disabled

      at PluginManager._log (src/infrastructure/plugins/PluginManager.js:483:21)

  console.info
    [PluginManager] Plugin 'plugin-1' disabled

      at PluginManager._log (src/infrastructure/plugins/PluginManager.js:483:21)

  console.info
    [PluginManager] Plugin 'plugin-0' disabled

      at PluginManager._log (src/infrastructure/plugins/PluginManager.js:483:21)

  console.info
    [PluginManager] Plugin 'plugin-0' v1.0.0 registered

      at PluginManager._log (src/infrastructure/plugins/PluginManager.js:483:21)

  console.info
    [PluginManager] Plugin 'plugin-1' v1.0.0 registered

      at PluginManager._log (src/infrastructure/plugins/PluginManager.js:483:21)

  console.info
    [PluginManager] Plugin 'plugin-2' v1.0.0 registered

      at PluginManager._log (src/infrastructure/plugins/PluginManager.js:483:21)

  console.info
    [PluginManager] Plugin 'plugin-3' v1.0.0 registered

      at PluginManager._log (src/infrastructure/plugins/PluginManager.js:483:21)

  console.info
    [PluginManager] Plugin 'plugin-4' v1.0.0 registered

      at PluginManager._log (src/infrastructure/plugins/PluginManager.js:483:21)

  console.info
    [PluginManager] Plugin 'plugin-0' enabled

      at PluginManager._log (src/infrastructure/plugins/PluginManager.js:483:21)

  console.info
    [PluginManager] Plugin 'plugin-1' enabled

      at PluginManager._log (src/infrastructure/plugins/PluginManager.js:483:21)

  console.info
    [PluginManager] Plugin 'plugin-2' enabled

      at PluginManager._log (src/infrastructure/plugins/PluginManager.js:483:21)

  console.info
    [PluginManager] Plugin 'plugin-3' enabled

      at PluginManager._log (src/infrastructure/plugins/PluginManager.js:483:21)

  console.info
    [PluginManager] Plugin 'plugin-4' enabled

      at PluginManager._log (src/infrastructure/plugins/PluginManager.js:483:21)

  console.info
    [PluginManager] Plugin 'plugin-4' disabled

      at PluginManager._log (src/infrastructure/plugins/PluginManager.js:483:21)

  console.info
    [PluginManager] Plugin 'plugin-3' disabled

      at PluginManager._log (src/infrastructure/plugins/PluginManager.js:483:21)

  console.info
    [PluginManager] Plugin 'plugin-2' disabled

      at PluginManager._log (src/infrastructure/plugins/PluginManager.js:483:21)

  console.info
    [PluginManager] Plugin 'plugin-1' disabled

      at PluginManager._log (src/infrastructure/plugins/PluginManager.js:483:21)

  console.info
    [PluginManager] Plugin 'plugin-0' disabled

      at PluginManager._log (src/infrastructure/plugins/PluginManager.js:483:21)

  console.info
    [PluginManager] Plugin 'plugin-0' v1.0.0 registered

      at PluginManager._log (src/infrastructure/plugins/PluginManager.js:483:21)

  console.info
    [PluginManager] Plugin 'plugin-1' v1.0.0 registered

      at PluginManager._log (src/infrastructure/plugins/PluginManager.js:483:21)

  console.info
    [PluginManager] Plugin 'plugin-2' v1.0.0 registered

      at PluginManager._log (src/infrastructure/plugins/PluginManager.js:483:21)

  console.info
    [PluginManager] Plugin 'plugin-3' v1.0.0 registered

      at PluginManager._log (src/infrastructure/plugins/PluginManager.js:483:21)

  console.info
    [PluginManager] Plugin 'plugin-4' v1.0.0 registered

      at PluginManager._log (src/infrastructure/plugins/PluginManager.js:483:21)

  console.info
    [PluginManager] Plugin 'plugin-5' v1.0.0 registered

      at PluginManager._log (src/infrastructure/plugins/PluginManager.js:483:21)

  console.info
    [PluginManager] Plugin 'plugin-6' v1.0.0 registered

      at PluginManager._log (src/infrastructure/plugins/PluginManager.js:483:21)

  console.info
    [PluginManager] Plugin 'plugin-7' v1.0.0 registered

      at PluginManager._log (src/infrastructure/plugins/PluginManager.js:483:21)

  console.info
    [PluginManager] Plugin 'plugin-0' enabled

      at PluginManager._log (src/infrastructure/plugins/PluginManager.js:483:21)

  console.info
    [PluginManager] Plugin 'plugin-1' enabled

      at PluginManager._log (src/infrastructure/plugins/PluginManager.js:483:21)

  console.info
    [PluginManager] Plugin 'plugin-2' enabled

      at PluginManager._log (src/infrastructure/plugins/PluginManager.js:483:21)

  console.info
    [PluginManager] Plugin 'plugin-3' enabled

      at PluginManager._log (src/infrastructure/plugins/PluginManager.js:483:21)

  console.info
    [PluginManager] Plugin 'plugin-4' enabled

      at PluginManager._log (src/infrastructure/plugins/PluginManager.js:483:21)

  console.info
    [PluginManager] Plugin 'plugin-5' enabled

      at PluginManager._log (src/infrastructure/plugins/PluginManager.js:483:21)

  console.info
    [PluginManager] Plugin 'plugin-6' enabled

      at PluginManager._log (src/infrastructure/plugins/PluginManager.js:483:21)

  console.info
    [PluginManager] Plugin 'plugin-7' enabled

      at PluginManager._log (src/infrastructure/plugins/PluginManager.js:483:21)

  console.info
    [PluginManager] Plugin 'plugin-7' disabled

      at PluginManager._log (src/infrastructure/plugins/PluginManager.js:483:21)

  console.info
    [PluginManager] Plugin 'plugin-6' disabled

      at PluginManager._log (src/infrastructure/plugins/PluginManager.js:483:21)

  console.info
    [PluginManager] Plugin 'plugin-5' disabled

      at PluginManager._log (src/infrastructure/plugins/PluginManager.js:483:21)

  console.info
    [PluginManager] Plugin 'plugin-4' disabled

      at PluginManager._log (src/infrastructure/plugins/PluginManager.js:483:21)

  console.info
    [PluginManager] Plugin 'plugin-3' disabled

      at PluginManager._log (src/infrastructure/plugins/PluginManager.js:483:21)

  console.info
    [PluginManager] Plugin 'plugin-2' disabled

      at PluginManager._log (src/infrastructure/plugins/PluginManager.js:483:21)

  console.info
    [PluginManager] Plugin 'plugin-1' disabled

      at PluginManager._log (src/infrastructure/plugins/PluginManager.js:483:21)

  console.info
    [PluginManager] Plugin 'plugin-0' disabled

      at PluginManager._log (src/infrastructure/plugins/PluginManager.js:483:21)

  console.info
    [PluginManager] Plugin 'plugin-0' v1.0.0 registered

      at PluginManager._log (src/infrastructure/plugins/PluginManager.js:483:21)

  console.info
    [PluginManager] Plugin 'plugin-1' v1.0.0 registered

      at PluginManager._log (src/infrastructure/plugins/PluginManager.js:483:21)

  console.info
    [PluginManager] Plugin 'plugin-2' v1.0.0 registered

      at PluginManager._log (src/infrastructure/plugins/PluginManager.js:483:21)

  console.info
    [PluginManager] Plugin 'plugin-3' v1.0.0 registered

      at PluginManager._log (src/infrastructure/plugins/PluginManager.js:483:21)

  console.info
    [PluginManager] Plugin 'plugin-4' v1.0.0 registered

      at PluginManager._log (src/infrastructure/plugins/PluginManager.js:483:21)

  console.info
    [PluginManager] Plugin 'plugin-0' enabled

      at PluginManager._log (src/infrastructure/plugins/PluginManager.js:483:21)

  console.info
    [PluginManager] Plugin 'plugin-1' enabled

      at PluginManager._log (src/infrastructure/plugins/PluginManager.js:483:21)

  console.info
    [PluginManager] Plugin 'plugin-2' enabled

      at PluginManager._log (src/infrastructure/plugins/PluginManager.js:483:21)

  console.info
    [PluginManager] Plugin 'plugin-3' enabled

      at PluginManager._log (src/infrastructure/plugins/PluginManager.js:483:21)

  console.info
    [PluginManager] Plugin 'plugin-4' enabled

      at PluginManager._log (src/infrastructure/plugins/PluginManager.js:483:21)

  console.info
    [PluginManager] Plugin 'plugin-4' disabled

      at PluginManager._log (src/infrastructure/plugins/PluginManager.js:483:21)

  console.info
    [PluginManager] Plugin 'plugin-3' disabled

      at PluginManager._log (src/infrastructure/plugins/PluginManager.js:483:21)

  console.info
    [PluginManager] Plugin 'plugin-2' disabled

      at PluginManager._log (src/infrastructure/plugins/PluginManager.js:483:21)

  console.info
    [PluginManager] Plugin 'plugin-1' disabled

      at PluginManager._log (src/infrastructure/plugins/PluginManager.js:483:21)

  console.info
    [PluginManager] Plugin 'plugin-0' disabled

      at PluginManager._log (src/infrastructure/plugins/PluginManager.js:483:21)

  console.info
    [PluginManager] Plugin 'plugin-0' v1.0.0 registered

      at PluginManager._log (src/infrastructure/plugins/PluginManager.js:483:21)

  console.info
    [PluginManager] Plugin 'plugin-1' v1.0.0 registered

      at PluginManager._log (src/infrastructure/plugins/PluginManager.js:483:21)

  console.info
    [PluginManager] Plugin 'plugin-2' v1.0.0 registered

      at PluginManager._log (src/infrastructure/plugins/PluginManager.js:483:21)

  console.info
    [PluginManager] Plugin 'plugin-3' v1.0.0 registered

      at PluginManager._log (src/infrastructure/plugins/PluginManager.js:483:21)

  console.info
    [PluginManager] Plugin 'plugin-4' v1.0.0 registered

      at PluginManager._log (src/infrastructure/plugins/PluginManager.js:483:21)

  console.info
    [PluginManager] Plugin 'plugin-5' v1.0.0 registered

      at PluginManager._log (src/infrastructure/plugins/PluginManager.js:483:21)

  console.info
    [PluginManager] Plugin 'plugin-6' v1.0.0 registered

      at PluginManager._log (src/infrastructure/plugins/PluginManager.js:483:21)

  console.info
    [PluginManager] Plugin 'plugin-7' v1.0.0 registered

      at PluginManager._log (src/infrastructure/plugins/PluginManager.js:483:21)

  console.info
    [PluginManager] Plugin 'plugin-0' enabled

      at PluginManager._log (src/infrastructure/plugins/PluginManager.js:483:21)

  console.info
    [PluginManager] Plugin 'plugin-1' enabled

      at PluginManager._log (src/infrastructure/plugins/PluginManager.js:483:21)

  console.info
    [PluginManager] Plugin 'plugin-2' enabled

      at PluginManager._log (src/infrastructure/plugins/PluginManager.js:483:21)

  console.info
    [PluginManager] Plugin 'plugin-3' enabled

      at PluginManager._log (src/infrastructure/plugins/PluginManager.js:483:21)

  console.info
    [PluginManager] Plugin 'plugin-4' enabled

      at PluginManager._log (src/infrastructure/plugins/PluginManager.js:483:21)

  console.info
    [PluginManager] Plugin 'plugin-5' enabled

      at PluginManager._log (src/infrastructure/plugins/PluginManager.js:483:21)

  console.info
    [PluginManager] Plugin 'plugin-6' enabled

      at PluginManager._log (src/infrastructure/plugins/PluginManager.js:483:21)

  console.info
    [PluginManager] Plugin 'plugin-7' enabled

      at PluginManager._log (src/infrastructure/plugins/PluginManager.js:483:21)

  console.info
    [PluginManager] Plugin 'plugin-7' disabled

      at PluginManager._log (src/infrastructure/plugins/PluginManager.js:483:21)

  console.info
    [PluginManager] Plugin 'plugin-6' disabled

      at PluginManager._log (src/infrastructure/plugins/PluginManager.js:483:21)

  console.info
    [PluginManager] Plugin 'plugin-5' disabled

      at PluginManager._log (src/infrastructure/plugins/PluginManager.js:483:21)

  console.info
    [PluginManager] Plugin 'plugin-4' disabled

      at PluginManager._log (src/infrastructure/plugins/PluginManager.js:483:21)

  console.info
    [PluginManager] Plugin 'plugin-3' disabled

      at PluginManager._log (src/infrastructure/plugins/PluginManager.js:483:21)

  console.info
    [PluginManager] Plugin 'plugin-2' disabled

      at PluginManager._log (src/infrastructure/plugins/PluginManager.js:483:21)

  console.info
    [PluginManager] Plugin 'plugin-1' disabled

      at PluginManager._log (src/infrastructure/plugins/PluginManager.js:483:21)

  console.info
    [PluginManager] Plugin 'plugin-0' disabled

      at PluginManager._log (src/infrastructure/plugins/PluginManager.js:483:21)

  console.info
    [PluginManager] Plugin 'plugin-0' v1.0.0 registered

      at PluginManager._log (src/infrastructure/plugins/PluginManager.js:483:21)

  console.info
    [PluginManager] Plugin 'plugin-1' v1.0.0 registered

      at PluginManager._log (src/infrastructure/plugins/PluginManager.js:483:21)

  console.info
    [PluginManager] Plugin 'plugin-2' v1.0.0 registered

      at PluginManager._log (src/infrastructure/plugins/PluginManager.js:483:21)

  console.info
    [PluginManager] Plugin 'plugin-3' v1.0.0 registered

      at PluginManager._log (src/infrastructure/plugins/PluginManager.js:483:21)

  console.info
    [PluginManager] Plugin 'plugin-0' enabled

      at PluginManager._log (src/infrastructure/plugins/PluginManager.js:483:21)

  console.info
    [PluginManager] Plugin 'plugin-1' enabled

      at PluginManager._log (src/infrastructure/plugins/PluginManager.js:483:21)

  console.info
    [PluginManager] Plugin 'plugin-2' enabled

      at PluginManager._log (src/infrastructure/plugins/PluginManager.js:483:21)

  console.info
    [PluginManager] Plugin 'plugin-3' enabled

      at PluginManager._log (src/infrastructure/plugins/PluginManager.js:483:21)

  console.info
    [PluginManager] Plugin 'plugin-3' disabled

      at PluginManager._log (src/infrastructure/plugins/PluginManager.js:483:21)

  console.info
    [PluginManager] Plugin 'plugin-2' disabled

      at PluginManager._log (src/infrastructure/plugins/PluginManager.js:483:21)

  console.info
    [PluginManager] Plugin 'plugin-1' disabled

      at PluginManager._log (src/infrastructure/plugins/PluginManager.js:483:21)

  console.info
    [PluginManager] Plugin 'plugin-0' disabled

      at PluginManager._log (src/infrastructure/plugins/PluginManager.js:483:21)

  console.info
    [PluginManager] Plugin 'plugin-0' v1.0.0 registered

      at PluginManager._log (src/infrastructure/plugins/PluginManager.js:483:21)

  console.info
    [PluginManager] Plugin 'plugin-1' v1.0.0 registered

      at PluginManager._log (src/infrastructure/plugins/PluginManager.js:483:21)

  console.info
    [PluginManager] Plugin 'plugin-2' v1.0.0 registered

      at PluginManager._log (src/infrastructure/plugins/PluginManager.js:483:21)

  console.info
    [PluginManager] Plugin 'plugin-0' enabled

      at PluginManager._log (src/infrastructure/plugins/PluginManager.js:483:21)

  console.info
    [PluginManager] Plugin 'plugin-1' enabled

      at PluginManager._log (src/infrastructure/plugins/PluginManager.js:483:21)

  console.info
    [PluginManager] Plugin 'plugin-2' enabled

      at PluginManager._log (src/infrastructure/plugins/PluginManager.js:483:21)

  console.info
    [PluginManager] Plugin 'plugin-2' disabled

      at PluginManager._log (src/infrastructure/plugins/PluginManager.js:483:21)

  console.info
    [PluginManager] Plugin 'plugin-1' disabled

      at PluginManager._log (src/infrastructure/plugins/PluginManager.js:483:21)

  console.info
    [PluginManager] Plugin 'plugin-0' disabled

      at PluginManager._log (src/infrastructure/plugins/PluginManager.js:483:21)

  console.info
    [PluginManager] Plugin 'plugin-0' v1.0.0 registered

      at PluginManager._log (src/infrastructure/plugins/PluginManager.js:483:21)

  console.info
    [PluginManager] Plugin 'plugin-1' v1.0.0 registered

      at PluginManager._log (src/infrastructure/plugins/PluginManager.js:483:21)

  console.info
    [PluginManager] Plugin 'plugin-2' v1.0.0 registered

      at PluginManager._log (src/infrastructure/plugins/PluginManager.js:483:21)

  console.info
    [PluginManager] Plugin 'plugin-3' v1.0.0 registered

      at PluginManager._log (src/infrastructure/plugins/PluginManager.js:483:21)

  console.info
    [PluginManager] Plugin 'plugin-4' v1.0.0 registered

      at PluginManager._log (src/infrastructure/plugins/PluginManager.js:483:21)

  console.info
    [PluginManager] Plugin 'plugin-5' v1.0.0 registered

      at PluginManager._log (src/infrastructure/plugins/PluginManager.js:483:21)

  console.info
    [PluginManager] Plugin 'plugin-6' v1.0.0 registered

      at PluginManager._log (src/infrastructure/plugins/PluginManager.js:483:21)

  console.info
    [PluginManager] Plugin 'plugin-0' enabled

      at PluginManager._log (src/infrastructure/plugins/PluginManager.js:483:21)

  console.info
    [PluginManager] Plugin 'plugin-1' enabled

      at PluginManager._log (src/infrastructure/plugins/PluginManager.js:483:21)

  console.info
    [PluginManager] Plugin 'plugin-2' enabled

      at PluginManager._log (src/infrastructure/plugins/PluginManager.js:483:21)

  console.info
    [PluginManager] Plugin 'plugin-3' enabled

      at PluginManager._log (src/infrastructure/plugins/PluginManager.js:483:21)

  console.info
    [PluginManager] Plugin 'plugin-4' enabled

      at PluginManager._log (src/infrastructure/plugins/PluginManager.js:483:21)

  console.info
    [PluginManager] Plugin 'plugin-5' enabled

      at PluginManager._log (src/infrastructure/plugins/PluginManager.js:483:21)

  console.info
    [PluginManager] Plugin 'plugin-6' enabled

      at PluginManager._log (src/infrastructure/plugins/PluginManager.js:483:21)

  console.info
    [PluginManager] Plugin 'plugin-6' disabled

      at PluginManager._log (src/infrastructure/plugins/PluginManager.js:483:21)

  console.info
    [PluginManager] Plugin 'plugin-5' disabled

      at PluginManager._log (src/infrastructure/plugins/PluginManager.js:483:21)

  console.info
    [PluginManager] Plugin 'plugin-4' disabled

      at PluginManager._log (src/infrastructure/plugins/PluginManager.js:483:21)

  console.info
    [PluginManager] Plugin 'plugin-3' disabled

      at PluginManager._log (src/infrastructure/plugins/PluginManager.js:483:21)

  console.info
    [PluginManager] Plugin 'plugin-2' disabled

      at PluginManager._log (src/infrastructure/plugins/PluginManager.js:483:21)

  console.info
    [PluginManager] Plugin 'plugin-1' disabled

      at PluginManager._log (src/infrastructure/plugins/PluginManager.js:483:21)

  console.info
    [PluginManager] Plugin 'plugin-0' disabled

      at PluginManager._log (src/infrastructure/plugins/PluginManager.js:483:21)

  console.info
    [PluginManager] Plugin 'plugin-0' v1.0.0 registered

      at PluginManager._log (src/infrastructure/plugins/PluginManager.js:483:21)

  console.info
    [PluginManager] Plugin 'plugin-1' v1.0.0 registered

      at PluginManager._log (src/infrastructure/plugins/PluginManager.js:483:21)

  console.info
    [PluginManager] Plugin 'plugin-2' v1.0.0 registered

      at PluginManager._log (src/infrastructure/plugins/PluginManager.js:483:21)

  console.info
    [PluginManager] Plugin 'plugin-3' v1.0.0 registered

      at PluginManager._log (src/infrastructure/plugins/PluginManager.js:483:21)

  console.info
    [PluginManager] Plugin 'plugin-4' v1.0.0 registered

      at PluginManager._log (src/infrastructure/plugins/PluginManager.js:483:21)

  console.info
    [PluginManager] Plugin 'plugin-5' v1.0.0 registered

      at PluginManager._log (src/infrastructure/plugins/PluginManager.js:483:21)

  console.info
    [PluginManager] Plugin 'plugin-0' enabled

      at PluginManager._log (src/infrastructure/plugins/PluginManager.js:483:21)

  console.info
    [PluginManager] Plugin 'plugin-1' enabled

      at PluginManager._log (src/infrastructure/plugins/PluginManager.js:483:21)

  console.info
    [PluginManager] Plugin 'plugin-2' enabled

      at PluginManager._log (src/infrastructure/plugins/PluginManager.js:483:21)

  console.info
    [PluginManager] Plugin 'plugin-3' enabled

      at PluginManager._log (src/infrastructure/plugins/PluginManager.js:483:21)

  console.info
    [PluginManager] Plugin 'plugin-4' enabled

      at PluginManager._log (src/infrastructure/plugins/PluginManager.js:483:21)

  console.info
    [PluginManager] Plugin 'plugin-5' enabled

      at PluginManager._log (src/infrastructure/plugins/PluginManager.js:483:21)

  console.info
    [PluginManager] Plugin 'plugin-5' disabled

      at PluginManager._log (src/infrastructure/plugins/PluginManager.js:483:21)

  console.info
    [PluginManager] Plugin 'plugin-4' disabled

      at PluginManager._log (src/infrastructure/plugins/PluginManager.js:483:21)

  console.info
    [PluginManager] Plugin 'plugin-3' disabled

      at PluginManager._log (src/infrastructure/plugins/PluginManager.js:483:21)

  console.info
    [PluginManager] Plugin 'plugin-2' disabled

      at PluginManager._log (src/infrastructure/plugins/PluginManager.js:483:21)

  console.info
    [PluginManager] Plugin 'plugin-1' disabled

      at PluginManager._log (src/infrastructure/plugins/PluginManager.js:483:21)

  console.info
    [PluginManager] Plugin 'plugin-0' disabled

      at PluginManager._log (src/infrastructure/plugins/PluginManager.js:483:21)

  console.info
    [PluginManager] Plugin 'plugin-0' v1.0.0 registered

      at PluginManager._log (src/infrastructure/plugins/PluginManager.js:483:21)

  console.info
    [PluginManager] Plugin 'plugin-1' v1.0.0 registered

      at PluginManager._log (src/infrastructure/plugins/PluginManager.js:483:21)

  console.info
    [PluginManager] Plugin 'plugin-2' v1.0.0 registered

      at PluginManager._log (src/infrastructure/plugins/PluginManager.js:483:21)

  console.info
    [PluginManager] Plugin 'plugin-3' v1.0.0 registered

      at PluginManager._log (src/infrastructure/plugins/PluginManager.js:483:21)

  console.info
    [PluginManager] Plugin 'plugin-4' v1.0.0 registered

      at PluginManager._log (src/infrastructure/plugins/PluginManager.js:483:21)

  console.info
    [PluginManager] Plugin 'plugin-5' v1.0.0 registered

      at PluginManager._log (src/infrastructure/plugins/PluginManager.js:483:21)

  console.info
    [PluginManager] Plugin 'plugin-6' v1.0.0 registered

      at PluginManager._log (src/infrastructure/plugins/PluginManager.js:483:21)

  console.info
    [PluginManager] Plugin 'plugin-0' enabled

      at PluginManager._log (src/infrastructure/plugins/PluginManager.js:483:21)

  console.info
    [PluginManager] Plugin 'plugin-1' enabled

      at PluginManager._log (src/infrastructure/plugins/PluginManager.js:483:21)

  console.info
    [PluginManager] Plugin 'plugin-2' enabled

      at PluginManager._log (src/infrastructure/plugins/PluginManager.js:483:21)

  console.info
    [PluginManager] Plugin 'plugin-3' enabled

      at PluginManager._log (src/infrastructure/plugins/PluginManager.js:483:21)

  console.info
    [PluginManager] Plugin 'plugin-4' enabled

      at PluginManager._log (src/infrastructure/plugins/PluginManager.js:483:21)

  console.info
    [PluginManager] Plugin 'plugin-5' enabled

      at PluginManager._log (src/infrastructure/plugins/PluginManager.js:483:21)

  console.info
    [PluginManager] Plugin 'plugin-6' enabled

      at PluginManager._log (src/infrastructure/plugins/PluginManager.js:483:21)

  console.info
    [PluginManager] Plugin 'plugin-6' disabled

      at PluginManager._log (src/infrastructure/plugins/PluginManager.js:483:21)

  console.info
    [PluginManager] Plugin 'plugin-5' disabled

      at PluginManager._log (src/infrastructure/plugins/PluginManager.js:483:21)

  console.info
    [PluginManager] Plugin 'plugin-4' disabled

      at PluginManager._log (src/infrastructure/plugins/PluginManager.js:483:21)

  console.info
    [PluginManager] Plugin 'plugin-3' disabled

      at PluginManager._log (src/infrastructure/plugins/PluginManager.js:483:21)

  console.info
    [PluginManager] Plugin 'plugin-2' disabled

      at PluginManager._log (src/infrastructure/plugins/PluginManager.js:483:21)

  console.info
    [PluginManager] Plugin 'plugin-1' disabled

      at PluginManager._log (src/infrastructure/plugins/PluginManager.js:483:21)

  console.info
    [PluginManager] Plugin 'plugin-0' disabled

      at PluginManager._log (src/infrastructure/plugins/PluginManager.js:483:21)

  console.info
    [PluginManager] Plugin 'plugin-0' v1.0.0 registered

      at PluginManager._log (src/infrastructure/plugins/PluginManager.js:483:21)

  console.info
    [PluginManager] Plugin 'plugin-1' v1.0.0 registered

      at PluginManager._log (src/infrastructure/plugins/PluginManager.js:483:21)

  console.info
    [PluginManager] Plugin 'plugin-2' v1.0.0 registered

      at PluginManager._log (src/infrastructure/plugins/PluginManager.js:483:21)

  console.info
    [PluginManager] Plugin 'plugin-3' v1.0.0 registered

      at PluginManager._log (src/infrastructure/plugins/PluginManager.js:483:21)

  console.info
    [PluginManager] Plugin 'plugin-4' v1.0.0 registered

      at PluginManager._log (src/infrastructure/plugins/PluginManager.js:483:21)

  console.info
    [PluginManager] Plugin 'plugin-5' v1.0.0 registered

      at PluginManager._log (src/infrastructure/plugins/PluginManager.js:483:21)

  console.info
    [PluginManager] Plugin 'plugin-6' v1.0.0 registered

      at PluginManager._log (src/infrastructure/plugins/PluginManager.js:483:21)

  console.info
    [PluginManager] Plugin 'plugin-0' enabled

      at PluginManager._log (src/infrastructure/plugins/PluginManager.js:483:21)

  console.info
    [PluginManager] Plugin 'plugin-1' enabled

      at PluginManager._log (src/infrastructure/plugins/PluginManager.js:483:21)

  console.info
    [PluginManager] Plugin 'plugin-2' enabled

      at PluginManager._log (src/infrastructure/plugins/PluginManager.js:483:21)

  console.info
    [PluginManager] Plugin 'plugin-3' enabled

      at PluginManager._log (src/infrastructure/plugins/PluginManager.js:483:21)

  console.info
    [PluginManager] Plugin 'plugin-4' enabled

      at PluginManager._log (src/infrastructure/plugins/PluginManager.js:483:21)

  console.info
    [PluginManager] Plugin 'plugin-5' enabled

      at PluginManager._log (src/infrastructure/plugins/PluginManager.js:483:21)

  console.info
    [PluginManager] Plugin 'plugin-6' enabled

      at PluginManager._log (src/infrastructure/plugins/PluginManager.js:483:21)

  console.info
    [PluginManager] Plugin 'plugin-6' disabled

      at PluginManager._log (src/infrastructure/plugins/PluginManager.js:483:21)

  console.info
    [PluginManager] Plugin 'plugin-5' disabled

      at PluginManager._log (src/infrastructure/plugins/PluginManager.js:483:21)

  console.info
    [PluginManager] Plugin 'plugin-4' disabled

      at PluginManager._log (src/infrastructure/plugins/PluginManager.js:483:21)

  console.info
    [PluginManager] Plugin 'plugin-3' disabled

      at PluginManager._log (src/infrastructure/plugins/PluginManager.js:483:21)

  console.info
    [PluginManager] Plugin 'plugin-2' disabled

      at PluginManager._log (src/infrastructure/plugins/PluginManager.js:483:21)

  console.info
    [PluginManager] Plugin 'plugin-1' disabled

      at PluginManager._log (src/infrastructure/plugins/PluginManager.js:483:21)

  console.info
    [PluginManager] Plugin 'plugin-0' disabled

      at PluginManager._log (src/infrastructure/plugins/PluginManager.js:483:21)

  console.info
    [PluginManager] Plugin 'plugin-0' v1.0.0 registered

      at PluginManager._log (src/infrastructure/plugins/PluginManager.js:483:21)

  console.info
    [PluginManager] Plugin 'plugin-1' v1.0.0 registered

      at PluginManager._log (src/infrastructure/plugins/PluginManager.js:483:21)

  console.info
    [PluginManager] Plugin 'plugin-2' v1.0.0 registered

      at PluginManager._log (src/infrastructure/plugins/PluginManager.js:483:21)

  console.info
    [PluginManager] Plugin 'plugin-0' enabled

      at PluginManager._log (src/infrastructure/plugins/PluginManager.js:483:21)

  console.info
    [PluginManager] Plugin 'plugin-1' enabled

      at PluginManager._log (src/infrastructure/plugins/PluginManager.js:483:21)

  console.info
    [PluginManager] Plugin 'plugin-2' enabled

      at PluginManager._log (src/infrastructure/plugins/PluginManager.js:483:21)

  console.info
    [PluginManager] Plugin 'plugin-2' disabled

      at PluginManager._log (src/infrastructure/plugins/PluginManager.js:483:21)

  console.info
    [PluginManager] Plugin 'plugin-1' disabled

      at PluginManager._log (src/infrastructure/plugins/PluginManager.js:483:21)

  console.info
    [PluginManager] Plugin 'plugin-0' disabled

      at PluginManager._log (src/infrastructure/plugins/PluginManager.js:483:21)

  console.info
    [PluginManager] Plugin 'plugin-0' v1.0.0 registered

      at PluginManager._log (src/infrastructure/plugins/PluginManager.js:483:21)

  console.info
    [PluginManager] Plugin 'plugin-1' v1.0.0 registered

      at PluginManager._log (src/infrastructure/plugins/PluginManager.js:483:21)

  console.info
    [PluginManager] Plugin 'plugin-2' v1.0.0 registered

      at PluginManager._log (src/infrastructure/plugins/PluginManager.js:483:21)

  console.info
    [PluginManager] Plugin 'plugin-3' v1.0.0 registered

      at PluginManager._log (src/infrastructure/plugins/PluginManager.js:483:21)

  console.info
    [PluginManager] Plugin 'plugin-4' v1.0.0 registered

      at PluginManager._log (src/infrastructure/plugins/PluginManager.js:483:21)

  console.info
    [PluginManager] Plugin 'plugin-5' v1.0.0 registered

      at PluginManager._log (src/infrastructure/plugins/PluginManager.js:483:21)

  console.info
    [PluginManager] Plugin 'plugin-6' v1.0.0 registered

      at PluginManager._log (src/infrastructure/plugins/PluginManager.js:483:21)

  console.info
    [PluginManager] Plugin 'plugin-0' enabled

      at PluginManager._log (src/infrastructure/plugins/PluginManager.js:483:21)

  console.info
    [PluginManager] Plugin 'plugin-1' enabled

      at PluginManager._log (src/infrastructure/plugins/PluginManager.js:483:21)

  console.info
    [PluginManager] Plugin 'plugin-2' enabled

      at PluginManager._log (src/infrastructure/plugins/PluginManager.js:483:21)

  console.info
    [PluginManager] Plugin 'plugin-3' enabled

      at PluginManager._log (src/infrastructure/plugins/PluginManager.js:483:21)

  console.info
    [PluginManager] Plugin 'plugin-4' enabled

      at PluginManager._log (src/infrastructure/plugins/PluginManager.js:483:21)

  console.info
    [PluginManager] Plugin 'plugin-5' enabled

      at PluginManager._log (src/infrastructure/plugins/PluginManager.js:483:21)

  console.info
    [PluginManager] Plugin 'plugin-6' enabled

      at PluginManager._log (src/infrastructure/plugins/PluginManager.js:483:21)

  console.info
    [PluginManager] Plugin 'plugin-6' disabled

      at PluginManager._log (src/infrastructure/plugins/PluginManager.js:483:21)

  console.info
    [PluginManager] Plugin 'plugin-5' disabled

      at PluginManager._log (src/infrastructure/plugins/PluginManager.js:483:21)

  console.info
    [PluginManager] Plugin 'plugin-4' disabled

      at PluginManager._log (src/infrastructure/plugins/PluginManager.js:483:21)

  console.info
    [PluginManager] Plugin 'plugin-3' disabled

      at PluginManager._log (src/infrastructure/plugins/PluginManager.js:483:21)

  console.info
    [PluginManager] Plugin 'plugin-2' disabled

      at PluginManager._log (src/infrastructure/plugins/PluginManager.js:483:21)

  console.info
    [PluginManager] Plugin 'plugin-1' disabled

      at PluginManager._log (src/infrastructure/plugins/PluginManager.js:483:21)

  console.info
    [PluginManager] Plugin 'plugin-0' disabled

      at PluginManager._log (src/infrastructure/plugins/PluginManager.js:483:21)

  console.info
    [PluginManager] Plugin 'plugin-0' v1.0.0 registered

      at PluginManager._log (src/infrastructure/plugins/PluginManager.js:483:21)

  console.info
    [PluginManager] Plugin 'plugin-1' v1.0.0 registered

      at PluginManager._log (src/infrastructure/plugins/PluginManager.js:483:21)

  console.info
    [PluginManager] Plugin 'plugin-2' v1.0.0 registered

      at PluginManager._log (src/infrastructure/plugins/PluginManager.js:483:21)

  console.info
    [PluginManager] Plugin 'plugin-3' v1.0.0 registered

      at PluginManager._log (src/infrastructure/plugins/PluginManager.js:483:21)

  console.info
    [PluginManager] Plugin 'plugin-0' enabled

      at PluginManager._log (src/infrastructure/plugins/PluginManager.js:483:21)

  console.info
    [PluginManager] Plugin 'plugin-1' enabled

      at PluginManager._log (src/infrastructure/plugins/PluginManager.js:483:21)

  console.info
    [PluginManager] Plugin 'plugin-2' enabled

      at PluginManager._log (src/infrastructure/plugins/PluginManager.js:483:21)

  console.info
    [PluginManager] Plugin 'plugin-3' enabled

      at PluginManager._log (src/infrastructure/plugins/PluginManager.js:483:21)

  console.info
    [PluginManager] Plugin 'plugin-3' disabled

      at PluginManager._log (src/infrastructure/plugins/PluginManager.js:483:21)

  console.info
    [PluginManager] Plugin 'plugin-2' disabled

      at PluginManager._log (src/infrastructure/plugins/PluginManager.js:483:21)

  console.info
    [PluginManager] Plugin 'plugin-1' disabled

      at PluginManager._log (src/infrastructure/plugins/PluginManager.js:483:21)

  console.info
    [PluginManager] Plugin 'plugin-0' disabled

      at PluginManager._log (src/infrastructure/plugins/PluginManager.js:483:21)

  console.info
    [PluginManager] Plugin 'plugin-0' v1.0.0 registered

      at PluginManager._log (src/infrastructure/plugins/PluginManager.js:483:21)

  console.info
    [PluginManager] Plugin 'plugin-1' v1.0.0 registered

      at PluginManager._log (src/infrastructure/plugins/PluginManager.js:483:21)

  console.info
    [PluginManager] Plugin 'plugin-2' v1.0.0 registered

      at PluginManager._log (src/infrastructure/plugins/PluginManager.js:483:21)

  console.info
    [PluginManager] Plugin 'plugin-3' v1.0.0 registered

      at PluginManager._log (src/infrastructure/plugins/PluginManager.js:483:21)

  console.info
    [PluginManager] Plugin 'plugin-4' v1.0.0 registered

      at PluginManager._log (src/infrastructure/plugins/PluginManager.js:483:21)

  console.info
    [PluginManager] Plugin 'plugin-5' v1.0.0 registered

      at PluginManager._log (src/infrastructure/plugins/PluginManager.js:483:21)

  console.info
    [PluginManager] Plugin 'plugin-6' v1.0.0 registered

      at PluginManager._log (src/infrastructure/plugins/PluginManager.js:483:21)

  console.info
    [PluginManager] Plugin 'plugin-0' enabled

      at PluginManager._log (src/infrastructure/plugins/PluginManager.js:483:21)

  console.info
    [PluginManager] Plugin 'plugin-1' enabled

      at PluginManager._log (src/infrastructure/plugins/PluginManager.js:483:21)

  console.info
    [PluginManager] Plugin 'plugin-2' enabled

      at PluginManager._log (src/infrastructure/plugins/PluginManager.js:483:21)

  console.info
    [PluginManager] Plugin 'plugin-3' enabled

      at PluginManager._log (src/infrastructure/plugins/PluginManager.js:483:21)

  console.info
    [PluginManager] Plugin 'plugin-4' enabled

      at PluginManager._log (src/infrastructure/plugins/PluginManager.js:483:21)

  console.info
    [PluginManager] Plugin 'plugin-5' enabled

      at PluginManager._log (src/infrastructure/plugins/PluginManager.js:483:21)

  console.info
    [PluginManager] Plugin 'plugin-6' enabled

      at PluginManager._log (src/infrastructure/plugins/PluginManager.js:483:21)

  console.info
    [PluginManager] Plugin 'plugin-6' disabled

      at PluginManager._log (src/infrastructure/plugins/PluginManager.js:483:21)

  console.info
    [PluginManager] Plugin 'plugin-5' disabled

      at PluginManager._log (src/infrastructure/plugins/PluginManager.js:483:21)

  console.info
    [PluginManager] Plugin 'plugin-4' disabled

      at PluginManager._log (src/infrastructure/plugins/PluginManager.js:483:21)

  console.info
    [PluginManager] Plugin 'plugin-3' disabled

      at PluginManager._log (src/infrastructure/plugins/PluginManager.js:483:21)

  console.info
    [PluginManager] Plugin 'plugin-2' disabled

      at PluginManager._log (src/infrastructure/plugins/PluginManager.js:483:21)

  console.info
    [PluginManager] Plugin 'plugin-1' disabled

      at PluginManager._log (src/infrastructure/plugins/PluginManager.js:483:21)

  console.info
    [PluginManager] Plugin 'plugin-0' disabled

      at PluginManager._log (src/infrastructure/plugins/PluginManager.js:483:21)

  console.info
    [PluginManager] Plugin 'plugin-0' v1.0.0 registered

      at PluginManager._log (src/infrastructure/plugins/PluginManager.js:483:21)

  console.info
    [PluginManager] Plugin 'plugin-1' v1.0.0 registered

      at PluginManager._log (src/infrastructure/plugins/PluginManager.js:483:21)

  console.info
    [PluginManager] Plugin 'plugin-2' v1.0.0 registered

      at PluginManager._log (src/infrastructure/plugins/PluginManager.js:483:21)

  console.info
    [PluginManager] Plugin 'plugin-3' v1.0.0 registered

      at PluginManager._log (src/infrastructure/plugins/PluginManager.js:483:21)

  console.info
    [PluginManager] Plugin 'plugin-4' v1.0.0 registered

      at PluginManager._log (src/infrastructure/plugins/PluginManager.js:483:21)

  console.info
    [PluginManager] Plugin 'plugin-5' v1.0.0 registered

      at PluginManager._log (src/infrastructure/plugins/PluginManager.js:483:21)

  console.info
    [PluginManager] Plugin 'plugin-0' enabled

      at PluginManager._log (src/infrastructure/plugins/PluginManager.js:483:21)

  console.info
    [PluginManager] Plugin 'plugin-1' enabled

      at PluginManager._log (src/infrastructure/plugins/PluginManager.js:483:21)

  console.info
    [PluginManager] Plugin 'plugin-2' enabled

      at PluginManager._log (src/infrastructure/plugins/PluginManager.js:483:21)

  console.info
    [PluginManager] Plugin 'plugin-3' enabled

      at PluginManager._log (src/infrastructure/plugins/PluginManager.js:483:21)

  console.info
    [PluginManager] Plugin 'plugin-4' enabled

      at PluginManager._log (src/infrastructure/plugins/PluginManager.js:483:21)

  console.info
    [PluginManager] Plugin 'plugin-5' enabled

      at PluginManager._log (src/infrastructure/plugins/PluginManager.js:483:21)

  console.info
    [PluginManager] Plugin 'plugin-5' disabled

      at PluginManager._log (src/infrastructure/plugins/PluginManager.js:483:21)

  console.info
    [PluginManager] Plugin 'plugin-4' disabled

      at PluginManager._log (src/infrastructure/plugins/PluginManager.js:483:21)

  console.info
    [PluginManager] Plugin 'plugin-3' disabled

      at PluginManager._log (src/infrastructure/plugins/PluginManager.js:483:21)

  console.info
    [PluginManager] Plugin 'plugin-2' disabled

      at PluginManager._log (src/infrastructure/plugins/PluginManager.js:483:21)

  console.info
    [PluginManager] Plugin 'plugin-1' disabled

      at PluginManager._log (src/infrastructure/plugins/PluginManager.js:483:21)

  console.info
    [PluginManager] Plugin 'plugin-0' disabled

      at PluginManager._log (src/infrastructure/plugins/PluginManager.js:483:21)

  console.info
    [PluginManager] Plugin 'plugin-0' v1.0.0 registered

      at PluginManager._log (src/infrastructure/plugins/PluginManager.js:483:21)

  console.info
    [PluginManager] Plugin 'plugin-1' v1.0.0 registered

      at PluginManager._log (src/infrastructure/plugins/PluginManager.js:483:21)

  console.info
    [PluginManager] Plugin 'plugin-2' v1.0.0 registered

      at PluginManager._log (src/infrastructure/plugins/PluginManager.js:483:21)

  console.info
    [PluginManager] Plugin 'plugin-3' v1.0.0 registered

      at PluginManager._log (src/infrastructure/plugins/PluginManager.js:483:21)

  console.info
    [PluginManager] Plugin 'plugin-0' enabled

      at PluginManager._log (src/infrastructure/plugins/PluginManager.js:483:21)

  console.info
    [PluginManager] Plugin 'plugin-1' enabled

      at PluginManager._log (src/infrastructure/plugins/PluginManager.js:483:21)

  console.info
    [PluginManager] Plugin 'plugin-2' enabled

      at PluginManager._log (src/infrastructure/plugins/PluginManager.js:483:21)

  console.info
    [PluginManager] Plugin 'plugin-3' enabled

      at PluginManager._log (src/infrastructure/plugins/PluginManager.js:483:21)

  console.info
    [PluginManager] Plugin 'plugin-3' disabled

      at PluginManager._log (src/infrastructure/plugins/PluginManager.js:483:21)

  console.info
    [PluginManager] Plugin 'plugin-2' disabled

      at PluginManager._log (src/infrastructure/plugins/PluginManager.js:483:21)

  console.info
    [PluginManager] Plugin 'plugin-1' disabled

      at PluginManager._log (src/infrastructure/plugins/PluginManager.js:483:21)

  console.info
    [PluginManager] Plugin 'plugin-0' disabled

      at PluginManager._log (src/infrastructure/plugins/PluginManager.js:483:21)

  console.info
    [PluginManager] Plugin 'plugin-0' v1.0.0 registered

      at PluginManager._log (src/infrastructure/plugins/PluginManager.js:483:21)

  console.info
    [PluginManager] Plugin 'plugin-1' v1.0.0 registered

      at PluginManager._log (src/infrastructure/plugins/PluginManager.js:483:21)

  console.info
    [PluginManager] Plugin 'plugin-2' v1.0.0 registered

      at PluginManager._log (src/infrastructure/plugins/PluginManager.js:483:21)

  console.info
    [PluginManager] Plugin 'plugin-3' v1.0.0 registered

      at PluginManager._log (src/infrastructure/plugins/PluginManager.js:483:21)

  console.info
    [PluginManager] Plugin 'plugin-0' enabled

      at PluginManager._log (src/infrastructure/plugins/PluginManager.js:483:21)

  console.info
    [PluginManager] Plugin 'plugin-1' enabled

      at PluginManager._log (src/infrastructure/plugins/PluginManager.js:483:21)

  console.info
    [PluginManager] Plugin 'plugin-2' enabled

      at PluginManager._log (src/infrastructure/plugins/PluginManager.js:483:21)

  console.info
    [PluginManager] Plugin 'plugin-3' enabled

      at PluginManager._log (src/infrastructure/plugins/PluginManager.js:483:21)

  console.info
    [PluginManager] Plugin 'plugin-3' disabled

      at PluginManager._log (src/infrastructure/plugins/PluginManager.js:483:21)

  console.info
    [PluginManager] Plugin 'plugin-2' disabled

      at PluginManager._log (src/infrastructure/plugins/PluginManager.js:483:21)

  console.info
    [PluginManager] Plugin 'plugin-1' disabled

      at PluginManager._log (src/infrastructure/plugins/PluginManager.js:483:21)

  console.info
    [PluginManager] Plugin 'plugin-0' disabled

      at PluginManager._log (src/infrastructure/plugins/PluginManager.js:483:21)

  console.info
    [PluginManager] Plugin 'plugin-0' v1.0.0 registered

      at PluginManager._log (src/infrastructure/plugins/PluginManager.js:483:21)

  console.info
    [PluginManager] Plugin 'plugin-1' v1.0.0 registered

      at PluginManager._log (src/infrastructure/plugins/PluginManager.js:483:21)

  console.info
    [PluginManager] Plugin 'plugin-2' v1.0.0 registered

      at PluginManager._log (src/infrastructure/plugins/PluginManager.js:483:21)

  console.info
    [PluginManager] Plugin 'plugin-3' v1.0.0 registered

      at PluginManager._log (src/infrastructure/plugins/PluginManager.js:483:21)

  console.info
    [PluginManager] Plugin 'plugin-0' enabled

      at PluginManager._log (src/infrastructure/plugins/PluginManager.js:483:21)

  console.info
    [PluginManager] Plugin 'plugin-1' enabled

      at PluginManager._log (src/infrastructure/plugins/PluginManager.js:483:21)

  console.info
    [PluginManager] Plugin 'plugin-2' enabled

      at PluginManager._log (src/infrastructure/plugins/PluginManager.js:483:21)

  console.info
    [PluginManager] Plugin 'plugin-3' enabled

      at PluginManager._log (src/infrastructure/plugins/PluginManager.js:483:21)

  console.info
    [PluginManager] Plugin 'plugin-3' disabled

      at PluginManager._log (src/infrastructure/plugins/PluginManager.js:483:21)

  console.info
    [PluginManager] Plugin 'plugin-2' disabled

      at PluginManager._log (src/infrastructure/plugins/PluginManager.js:483:21)

  console.info
    [PluginManager] Plugin 'plugin-1' disabled

      at PluginManager._log (src/infrastructure/plugins/PluginManager.js:483:21)

  console.info
    [PluginManager] Plugin 'plugin-0' disabled

      at PluginManager._log (src/infrastructure/plugins/PluginManager.js:483:21)

  console.info
    [PluginManager] Plugin 'plugin-0' v1.0.0 registered

      at PluginManager._log (src/infrastructure/plugins/PluginManager.js:483:21)

  console.info
    [PluginManager] Plugin 'plugin-1' v1.0.0 registered

      at PluginManager._log (src/infrastructure/plugins/PluginManager.js:483:21)

  console.info
    [PluginManager] Plugin 'plugin-0' enabled

      at PluginManager._log (src/infrastructure/plugins/PluginManager.js:483:21)

  console.info
    [PluginManager] Plugin 'plugin-1' enabled

      at PluginManager._log (src/infrastructure/plugins/PluginManager.js:483:21)

  console.info
    [PluginManager] Plugin 'plugin-1' disabled

      at PluginManager._log (src/infrastructure/plugins/PluginManager.js:483:21)

  console.info
    [PluginManager] Plugin 'plugin-0' disabled

      at PluginManager._log (src/infrastructure/plugins/PluginManager.js:483:21)

  console.info
    [PluginManager] Plugin 'plugin-0' v1.0.0 registered

      at PluginManager._log (src/infrastructure/plugins/PluginManager.js:483:21)

  console.info
    [PluginManager] Plugin 'plugin-1' v1.0.0 registered

      at PluginManager._log (src/infrastructure/plugins/PluginManager.js:483:21)

  console.info
    [PluginManager] Plugin 'plugin-2' v1.0.0 registered

      at PluginManager._log (src/infrastructure/plugins/PluginManager.js:483:21)

  console.info
    [PluginManager] Plugin 'plugin-3' v1.0.0 registered

      at PluginManager._log (src/infrastructure/plugins/PluginManager.js:483:21)

  console.info
    [PluginManager] Plugin 'plugin-4' v1.0.0 registered

      at PluginManager._log (src/infrastructure/plugins/PluginManager.js:483:21)

  console.info
    [PluginManager] Plugin 'plugin-5' v1.0.0 registered

      at PluginManager._log (src/infrastructure/plugins/PluginManager.js:483:21)

  console.info
    [PluginManager] Plugin 'plugin-0' enabled

      at PluginManager._log (src/infrastructure/plugins/PluginManager.js:483:21)

  console.info
    [PluginManager] Plugin 'plugin-1' enabled

      at PluginManager._log (src/infrastructure/plugins/PluginManager.js:483:21)

  console.info
    [PluginManager] Plugin 'plugin-2' enabled

      at PluginManager._log (src/infrastructure/plugins/PluginManager.js:483:21)

  console.info
    [PluginManager] Plugin 'plugin-3' enabled

      at PluginManager._log (src/infrastructure/plugins/PluginManager.js:483:21)

  console.info
    [PluginManager] Plugin 'plugin-4' enabled

      at PluginManager._log (src/infrastructure/plugins/PluginManager.js:483:21)

  console.info
    [PluginManager] Plugin 'plugin-5' enabled

      at PluginManager._log (src/infrastructure/plugins/PluginManager.js:483:21)

  console.info
    [PluginManager] Plugin 'plugin-5' disabled

      at PluginManager._log (src/infrastructure/plugins/PluginManager.js:483:21)

  console.info
    [PluginManager] Plugin 'plugin-4' disabled

      at PluginManager._log (src/infrastructure/plugins/PluginManager.js:483:21)

  console.info
    [PluginManager] Plugin 'plugin-3' disabled

      at PluginManager._log (src/infrastructure/plugins/PluginManager.js:483:21)

  console.info
    [PluginManager] Plugin 'plugin-2' disabled

      at PluginManager._log (src/infrastructure/plugins/PluginManager.js:483:21)

  console.info
    [PluginManager] Plugin 'plugin-1' disabled

      at PluginManager._log (src/infrastructure/plugins/PluginManager.js:483:21)

  console.info
    [PluginManager] Plugin 'plugin-0' disabled

      at PluginManager._log (src/infrastructure/plugins/PluginManager.js:483:21)

  console.info
    [PluginManager] Plugin 'plugin-0' v1.0.0 registered

      at PluginManager._log (src/infrastructure/plugins/PluginManager.js:483:21)

  console.info
    [PluginManager] Plugin 'plugin-1' v1.0.0 registered

      at PluginManager._log (src/infrastructure/plugins/PluginManager.js:483:21)

  console.info
    [PluginManager] Plugin 'plugin-0' enabled

      at PluginManager._log (src/infrastructure/plugins/PluginManager.js:483:21)

  console.info
    [PluginManager] Plugin 'plugin-1' enabled

      at PluginManager._log (src/infrastructure/plugins/PluginManager.js:483:21)

  console.info
    [PluginManager] Plugin 'plugin-1' disabled

      at PluginManager._log (src/infrastructure/plugins/PluginManager.js:483:21)

  console.info
    [PluginManager] Plugin 'plugin-0' disabled

      at PluginManager._log (src/infrastructure/plugins/PluginManager.js:483:21)

  console.info
    [PluginManager] Plugin 'plugin-0' v1.0.0 registered

      at PluginManager._log (src/infrastructure/plugins/PluginManager.js:483:21)

  console.info
    [PluginManager] Plugin 'plugin-1' v1.0.0 registered

      at PluginManager._log (src/infrastructure/plugins/PluginManager.js:483:21)

  console.info
    [PluginManager] Plugin 'plugin-2' v1.0.0 registered

      at PluginManager._log (src/infrastructure/plugins/PluginManager.js:483:21)

  console.info
    [PluginManager] Plugin 'plugin-3' v1.0.0 registered

      at PluginManager._log (src/infrastructure/plugins/PluginManager.js:483:21)

  console.info
    [PluginManager] Plugin 'plugin-4' v1.0.0 registered

      at PluginManager._log (src/infrastructure/plugins/PluginManager.js:483:21)

  console.info
    [PluginManager] Plugin 'plugin-0' enabled

      at PluginManager._log (src/infrastructure/plugins/PluginManager.js:483:21)

  console.info
    [PluginManager] Plugin 'plugin-1' enabled

      at PluginManager._log (src/infrastructure/plugins/PluginManager.js:483:21)

  console.info
    [PluginManager] Plugin 'plugin-2' enabled

      at PluginManager._log (src/infrastructure/plugins/PluginManager.js:483:21)

  console.info
    [PluginManager] Plugin 'plugin-3' enabled

      at PluginManager._log (src/infrastructure/plugins/PluginManager.js:483:21)

  console.info
    [PluginManager] Plugin 'plugin-4' enabled

      at PluginManager._log (src/infrastructure/plugins/PluginManager.js:483:21)

  console.info
    [PluginManager] Plugin 'plugin-4' disabled

      at PluginManager._log (src/infrastructure/plugins/PluginManager.js:483:21)

  console.info
    [PluginManager] Plugin 'plugin-3' disabled

      at PluginManager._log (src/infrastructure/plugins/PluginManager.js:483:21)

  console.info
    [PluginManager] Plugin 'plugin-2' disabled

      at PluginManager._log (src/infrastructure/plugins/PluginManager.js:483:21)

  console.info
    [PluginManager] Plugin 'plugin-1' disabled

      at PluginManager._log (src/infrastructure/plugins/PluginManager.js:483:21)

  console.info
    [PluginManager] Plugin 'plugin-0' disabled

      at PluginManager._log (src/infrastructure/plugins/PluginManager.js:483:21)

  console.info
    [PluginManager] Plugin 'plugin-0' v1.0.0 registered

      at PluginManager._log (src/infrastructure/plugins/PluginManager.js:483:21)

  console.info
    [PluginManager] Plugin 'plugin-1' v1.0.0 registered

      at PluginManager._log (src/infrastructure/plugins/PluginManager.js:483:21)

  console.info
    [PluginManager] Plugin 'plugin-2' v1.0.0 registered

      at PluginManager._log (src/infrastructure/plugins/PluginManager.js:483:21)

  console.info
    [PluginManager] Plugin 'plugin-3' v1.0.0 registered

      at PluginManager._log (src/infrastructure/plugins/PluginManager.js:483:21)

  console.info
    [PluginManager] Plugin 'plugin-4' v1.0.0 registered

      at PluginManager._log (src/infrastructure/plugins/PluginManager.js:483:21)

  console.info
    [PluginManager] Plugin 'plugin-5' v1.0.0 registered

      at PluginManager._log (src/infrastructure/plugins/PluginManager.js:483:21)

  console.info
    [PluginManager] Plugin 'plugin-6' v1.0.0 registered

      at PluginManager._log (src/infrastructure/plugins/PluginManager.js:483:21)

  console.info
    [PluginManager] Plugin 'plugin-7' v1.0.0 registered

      at PluginManager._log (src/infrastructure/plugins/PluginManager.js:483:21)

  console.info
    [PluginManager] Plugin 'plugin-0' enabled

      at PluginManager._log (src/infrastructure/plugins/PluginManager.js:483:21)

  console.info
    [PluginManager] Plugin 'plugin-1' enabled

      at PluginManager._log (src/infrastructure/plugins/PluginManager.js:483:21)

  console.info
    [PluginManager] Plugin 'plugin-2' enabled

      at PluginManager._log (src/infrastructure/plugins/PluginManager.js:483:21)

  console.info
    [PluginManager] Plugin 'plugin-3' enabled

      at PluginManager._log (src/infrastructure/plugins/PluginManager.js:483:21)

  console.info
    [PluginManager] Plugin 'plugin-4' enabled

      at PluginManager._log (src/infrastructure/plugins/PluginManager.js:483:21)

  console.info
    [PluginManager] Plugin 'plugin-5' enabled

      at PluginManager._log (src/infrastructure/plugins/PluginManager.js:483:21)

  console.info
    [PluginManager] Plugin 'plugin-6' enabled

      at PluginManager._log (src/infrastructure/plugins/PluginManager.js:483:21)

  console.info
    [PluginManager] Plugin 'plugin-7' enabled

      at PluginManager._log (src/infrastructure/plugins/PluginManager.js:483:21)

  console.info
    [PluginManager] Plugin 'plugin-7' disabled

      at PluginManager._log (src/infrastructure/plugins/PluginManager.js:483:21)

  console.info
    [PluginManager] Plugin 'plugin-6' disabled

      at PluginManager._log (src/infrastructure/plugins/PluginManager.js:483:21)

  console.info
    [PluginManager] Plugin 'plugin-5' disabled

      at PluginManager._log (src/infrastructure/plugins/PluginManager.js:483:21)

  console.info
    [PluginManager] Plugin 'plugin-4' disabled

      at PluginManager._log (src/infrastructure/plugins/PluginManager.js:483:21)

  console.info
    [PluginManager] Plugin 'plugin-3' disabled

      at PluginManager._log (src/infrastructure/plugins/PluginManager.js:483:21)

  console.info
    [PluginManager] Plugin 'plugin-2' disabled

      at PluginManager._log (src/infrastructure/plugins/PluginManager.js:483:21)

  console.info
    [PluginManager] Plugin 'plugin-1' disabled

      at PluginManager._log (src/infrastructure/plugins/PluginManager.js:483:21)

  console.info
    [PluginManager] Plugin 'plugin-0' disabled

      at PluginManager._log (src/infrastructure/plugins/PluginManager.js:483:21)

  console.info
    [PluginManager] Plugin 'plugin-0' v1.0.0 registered

      at PluginManager._log (src/infrastructure/plugins/PluginManager.js:483:21)

  console.info
    [PluginManager] Plugin 'plugin-1' v1.0.0 registered

      at PluginManager._log (src/infrastructure/plugins/PluginManager.js:483:21)

  console.info
    [PluginManager] Plugin 'plugin-2' v1.0.0 registered

      at PluginManager._log (src/infrastructure/plugins/PluginManager.js:483:21)

  console.info
    [PluginManager] Plugin 'plugin-3' v1.0.0 registered

      at PluginManager._log (src/infrastructure/plugins/PluginManager.js:483:21)

  console.info
    [PluginManager] Plugin 'plugin-4' v1.0.0 registered

      at PluginManager._log (src/infrastructure/plugins/PluginManager.js:483:21)

  console.info
    [PluginManager] Plugin 'plugin-5' v1.0.0 registered

      at PluginManager._log (src/infrastructure/plugins/PluginManager.js:483:21)

  console.info
    [PluginManager] Plugin 'plugin-6' v1.0.0 registered

      at PluginManager._log (src/infrastructure/plugins/PluginManager.js:483:21)

  console.info
    [PluginManager] Plugin 'plugin-7' v1.0.0 registered

      at PluginManager._log (src/infrastructure/plugins/PluginManager.js:483:21)

  console.info
    [PluginManager] Plugin 'plugin-0' enabled

      at PluginManager._log (src/infrastructure/plugins/PluginManager.js:483:21)

  console.info
    [PluginManager] Plugin 'plugin-1' enabled

      at PluginManager._log (src/infrastructure/plugins/PluginManager.js:483:21)

  console.info
    [PluginManager] Plugin 'plugin-2' enabled

      at PluginManager._log (src/infrastructure/plugins/PluginManager.js:483:21)

  console.info
    [PluginManager] Plugin 'plugin-3' enabled

      at PluginManager._log (src/infrastructure/plugins/PluginManager.js:483:21)

  console.info
    [PluginManager] Plugin 'plugin-4' enabled

      at PluginManager._log (src/infrastructure/plugins/PluginManager.js:483:21)

  console.info
    [PluginManager] Plugin 'plugin-5' enabled

      at PluginManager._log (src/infrastructure/plugins/PluginManager.js:483:21)

  console.info
    [PluginManager] Plugin 'plugin-6' enabled

      at PluginManager._log (src/infrastructure/plugins/PluginManager.js:483:21)

  console.info
    [PluginManager] Plugin 'plugin-7' enabled

      at PluginManager._log (src/infrastructure/plugins/PluginManager.js:483:21)

  console.info
    [PluginManager] Plugin 'plugin-7' disabled

      at PluginManager._log (src/infrastructure/plugins/PluginManager.js:483:21)

  console.info
    [PluginManager] Plugin 'plugin-6' disabled

      at PluginManager._log (src/infrastructure/plugins/PluginManager.js:483:21)

  console.info
    [PluginManager] Plugin 'plugin-5' disabled

      at PluginManager._log (src/infrastructure/plugins/PluginManager.js:483:21)

  console.info
    [PluginManager] Plugin 'plugin-4' disabled

      at PluginManager._log (src/infrastructure/plugins/PluginManager.js:483:21)

  console.info
    [PluginManager] Plugin 'plugin-3' disabled

      at PluginManager._log (src/infrastructure/plugins/PluginManager.js:483:21)

  console.info
    [PluginManager] Plugin 'plugin-2' disabled

      at PluginManager._log (src/infrastructure/plugins/PluginManager.js:483:21)

  console.info
    [PluginManager] Plugin 'plugin-1' disabled

      at PluginManager._log (src/infrastructure/plugins/PluginManager.js:483:21)

  console.info
    [PluginManager] Plugin 'plugin-0' disabled

      at PluginManager._log (src/infrastructure/plugins/PluginManager.js:483:21)

  console.info
    [PluginManager] Plugin 'plugin-0' v1.0.0 registered

      at PluginManager._log (src/infrastructure/plugins/PluginManager.js:483:21)

  console.info
    [PluginManager] Plugin 'plugin-1' v1.0.0 registered

      at PluginManager._log (src/infrastructure/plugins/PluginManager.js:483:21)

  console.info
    [PluginManager] Plugin 'plugin-2' v1.0.0 registered

      at PluginManager._log (src/infrastructure/plugins/PluginManager.js:483:21)

  console.info
    [PluginManager] Plugin 'plugin-3' v1.0.0 registered

      at PluginManager._log (src/infrastructure/plugins/PluginManager.js:483:21)

  console.info
    [PluginManager] Plugin 'plugin-4' v1.0.0 registered

      at PluginManager._log (src/infrastructure/plugins/PluginManager.js:483:21)

  console.info
    [PluginManager] Plugin 'plugin-5' v1.0.0 registered

      at PluginManager._log (src/infrastructure/plugins/PluginManager.js:483:21)

  console.info
    [PluginManager] Plugin 'plugin-6' v1.0.0 registered

      at PluginManager._log (src/infrastructure/plugins/PluginManager.js:483:21)

  console.info
    [PluginManager] Plugin 'plugin-7' v1.0.0 registered

      at PluginManager._log (src/infrastructure/plugins/PluginManager.js:483:21)

  console.info
    [PluginManager] Plugin 'plugin-0' enabled

      at PluginManager._log (src/infrastructure/plugins/PluginManager.js:483:21)

  console.info
    [PluginManager] Plugin 'plugin-1' enabled

      at PluginManager._log (src/infrastructure/plugins/PluginManager.js:483:21)

  console.info
    [PluginManager] Plugin 'plugin-2' enabled

      at PluginManager._log (src/infrastructure/plugins/PluginManager.js:483:21)

  console.info
    [PluginManager] Plugin 'plugin-3' enabled

      at PluginManager._log (src/infrastructure/plugins/PluginManager.js:483:21)

  console.info
    [PluginManager] Plugin 'plugin-4' enabled

      at PluginManager._log (src/infrastructure/plugins/PluginManager.js:483:21)

  console.info
    [PluginManager] Plugin 'plugin-5' enabled

      at PluginManager._log (src/infrastructure/plugins/PluginManager.js:483:21)

  console.info
    [PluginManager] Plugin 'plugin-6' enabled

      at PluginManager._log (src/infrastructure/plugins/PluginManager.js:483:21)

  console.info
    [PluginManager] Plugin 'plugin-7' enabled

      at PluginManager._log (src/infrastructure/plugins/PluginManager.js:483:21)

  console.info
    [PluginManager] Plugin 'plugin-7' disabled

      at PluginManager._log (src/infrastructure/plugins/PluginManager.js:483:21)

  console.info
    [PluginManager] Plugin 'plugin-6' disabled

      at PluginManager._log (src/infrastructure/plugins/PluginManager.js:483:21)

  console.info
    [PluginManager] Plugin 'plugin-5' disabled

      at PluginManager._log (src/infrastructure/plugins/PluginManager.js:483:21)

  console.info
    [PluginManager] Plugin 'plugin-4' disabled

      at PluginManager._log (src/infrastructure/plugins/PluginManager.js:483:21)

  console.info
    [PluginManager] Plugin 'plugin-3' disabled

      at PluginManager._log (src/infrastructure/plugins/PluginManager.js:483:21)

  console.info
    [PluginManager] Plugin 'plugin-2' disabled

      at PluginManager._log (src/infrastructure/plugins/PluginManager.js:483:21)

  console.info
    [PluginManager] Plugin 'plugin-1' disabled

      at PluginManager._log (src/infrastructure/plugins/PluginManager.js:483:21)

  console.info
    [PluginManager] Plugin 'plugin-0' disabled

      at PluginManager._log (src/infrastructure/plugins/PluginManager.js:483:21)

  console.info
    [PluginManager] Plugin 'plugin-0' v1.0.0 registered

      at PluginManager._log (src/infrastructure/plugins/PluginManager.js:483:21)

  console.info
    [PluginManager] Plugin 'plugin-1' v1.0.0 registered

      at PluginManager._log (src/infrastructure/plugins/PluginManager.js:483:21)

  console.info
    [PluginManager] Plugin 'plugin-2' v1.0.0 registered

      at PluginManager._log (src/infrastructure/plugins/PluginManager.js:483:21)

  console.info
    [PluginManager] Plugin 'plugin-0' enabled

      at PluginManager._log (src/infrastructure/plugins/PluginManager.js:483:21)

  console.info
    [PluginManager] Plugin 'plugin-1' enabled

      at PluginManager._log (src/infrastructure/plugins/PluginManager.js:483:21)

  console.info
    [PluginManager] Plugin 'plugin-2' enabled

      at PluginManager._log (src/infrastructure/plugins/PluginManager.js:483:21)

  console.info
    [PluginManager] Plugin 'plugin-2' disabled

      at PluginManager._log (src/infrastructure/plugins/PluginManager.js:483:21)

  console.info
    [PluginManager] Plugin 'plugin-1' disabled

      at PluginManager._log (src/infrastructure/plugins/PluginManager.js:483:21)

  console.info
    [PluginManager] Plugin 'plugin-0' disabled

      at PluginManager._log (src/infrastructure/plugins/PluginManager.js:483:21)

  console.info
    [PluginManager] Plugin 'plugin-0' v1.0.0 registered

      at PluginManager._log (src/infrastructure/plugins/PluginManager.js:483:21)

  console.info
    [PluginManager] Plugin 'plugin-1' v1.0.0 registered

      at PluginManager._log (src/infrastructure/plugins/PluginManager.js:483:21)

  console.info
    [PluginManager] Plugin 'plugin-2' v1.0.0 registered

      at PluginManager._log (src/infrastructure/plugins/PluginManager.js:483:21)

  console.info
    [PluginManager] Plugin 'plugin-3' v1.0.0 registered

      at PluginManager._log (src/infrastructure/plugins/PluginManager.js:483:21)

  console.info
    [PluginManager] Plugin 'plugin-4' v1.0.0 registered

      at PluginManager._log (src/infrastructure/plugins/PluginManager.js:483:21)

  console.info
    [PluginManager] Plugin 'plugin-5' v1.0.0 registered

      at PluginManager._log (src/infrastructure/plugins/PluginManager.js:483:21)

  console.info
    [PluginManager] Plugin 'plugin-0' enabled

      at PluginManager._log (src/infrastructure/plugins/PluginManager.js:483:21)

  console.info
    [PluginManager] Plugin 'plugin-1' enabled

      at PluginManager._log (src/infrastructure/plugins/PluginManager.js:483:21)

  console.info
    [PluginManager] Plugin 'plugin-2' enabled

      at PluginManager._log (src/infrastructure/plugins/PluginManager.js:483:21)

  console.info
    [PluginManager] Plugin 'plugin-3' enabled

      at PluginManager._log (src/infrastructure/plugins/PluginManager.js:483:21)

  console.info
    [PluginManager] Plugin 'plugin-4' enabled

      at PluginManager._log (src/infrastructure/plugins/PluginManager.js:483:21)

  console.info
    [PluginManager] Plugin 'plugin-5' enabled

      at PluginManager._log (src/infrastructure/plugins/PluginManager.js:483:21)

  console.info
    [PluginManager] Plugin 'plugin-5' disabled

      at PluginManager._log (src/infrastructure/plugins/PluginManager.js:483:21)

  console.info
    [PluginManager] Plugin 'plugin-4' disabled

      at PluginManager._log (src/infrastructure/plugins/PluginManager.js:483:21)

  console.info
    [PluginManager] Plugin 'plugin-3' disabled

      at PluginManager._log (src/infrastructure/plugins/PluginManager.js:483:21)

  console.info
    [PluginManager] Plugin 'plugin-2' disabled

      at PluginManager._log (src/infrastructure/plugins/PluginManager.js:483:21)

  console.info
    [PluginManager] Plugin 'plugin-1' disabled

      at PluginManager._log (src/infrastructure/plugins/PluginManager.js:483:21)

  console.info
    [PluginManager] Plugin 'plugin-0' disabled

      at PluginManager._log (src/infrastructure/plugins/PluginManager.js:483:21)

  console.info
    [PluginManager] Plugin 'plugin-0' v1.0.0 registered

      at PluginManager._log (src/infrastructure/plugins/PluginManager.js:483:21)

  console.info
    [PluginManager] Plugin 'plugin-1' v1.0.0 registered

      at PluginManager._log (src/infrastructure/plugins/PluginManager.js:483:21)

  console.info
    [PluginManager] Plugin 'plugin-2' v1.0.0 registered

      at PluginManager._log (src/infrastructure/plugins/PluginManager.js:483:21)

  console.info
    [PluginManager] Plugin 'plugin-3' v1.0.0 registered

      at PluginManager._log (src/infrastructure/plugins/PluginManager.js:483:21)

  console.info
    [PluginManager] Plugin 'plugin-4' v1.0.0 registered

      at PluginManager._log (src/infrastructure/plugins/PluginManager.js:483:21)

  console.info
    [PluginManager] Plugin 'plugin-5' v1.0.0 registered

      at PluginManager._log (src/infrastructure/plugins/PluginManager.js:483:21)

  console.info
    [PluginManager] Plugin 'plugin-6' v1.0.0 registered

      at PluginManager._log (src/infrastructure/plugins/PluginManager.js:483:21)

  console.info
    [PluginManager] Plugin 'plugin-0' enabled

      at PluginManager._log (src/infrastructure/plugins/PluginManager.js:483:21)

  console.info
    [PluginManager] Plugin 'plugin-1' enabled

      at PluginManager._log (src/infrastructure/plugins/PluginManager.js:483:21)

  console.info
    [PluginManager] Plugin 'plugin-2' enabled

      at PluginManager._log (src/infrastructure/plugins/PluginManager.js:483:21)

  console.info
    [PluginManager] Plugin 'plugin-3' enabled

      at PluginManager._log (src/infrastructure/plugins/PluginManager.js:483:21)

  console.info
    [PluginManager] Plugin 'plugin-4' enabled

      at PluginManager._log (src/infrastructure/plugins/PluginManager.js:483:21)

  console.info
    [PluginManager] Plugin 'plugin-5' enabled

      at PluginManager._log (src/infrastructure/plugins/PluginManager.js:483:21)

  console.info
    [PluginManager] Plugin 'plugin-6' enabled

      at PluginManager._log (src/infrastructure/plugins/PluginManager.js:483:21)

  console.info
    [PluginManager] Plugin 'plugin-6' disabled

      at PluginManager._log (src/infrastructure/plugins/PluginManager.js:483:21)

  console.info
    [PluginManager] Plugin 'plugin-5' disabled

      at PluginManager._log (src/infrastructure/plugins/PluginManager.js:483:21)

  console.info
    [PluginManager] Plugin 'plugin-4' disabled

      at PluginManager._log (src/infrastructure/plugins/PluginManager.js:483:21)

  console.info
    [PluginManager] Plugin 'plugin-3' disabled

      at PluginManager._log (src/infrastructure/plugins/PluginManager.js:483:21)

  console.info
    [PluginManager] Plugin 'plugin-2' disabled

      at PluginManager._log (src/infrastructure/plugins/PluginManager.js:483:21)

  console.info
    [PluginManager] Plugin 'plugin-1' disabled

      at PluginManager._log (src/infrastructure/plugins/PluginManager.js:483:21)

  console.info
    [PluginManager] Plugin 'plugin-0' disabled

      at PluginManager._log (src/infrastructure/plugins/PluginManager.js:483:21)

  console.info
    [PluginManager] Plugin 'plugin-0' v1.0.0 registered

      at PluginManager._log (src/infrastructure/plugins/PluginManager.js:483:21)

  console.info
    [PluginManager] Plugin 'plugin-1' v1.0.0 registered

      at PluginManager._log (src/infrastructure/plugins/PluginManager.js:483:21)

  console.info
    [PluginManager] Plugin 'plugin-2' v1.0.0 registered

      at PluginManager._log (src/infrastructure/plugins/PluginManager.js:483:21)

  console.info
    [PluginManager] Plugin 'plugin-3' v1.0.0 registered

      at PluginManager._log (src/infrastructure/plugins/PluginManager.js:483:21)

  console.info
    [PluginManager] Plugin 'plugin-4' v1.0.0 registered

      at PluginManager._log (src/infrastructure/plugins/PluginManager.js:483:21)

  console.info
    [PluginManager] Plugin 'plugin-5' v1.0.0 registered

      at PluginManager._log (src/infrastructure/plugins/PluginManager.js:483:21)

  console.info
    [PluginManager] Plugin 'plugin-6' v1.0.0 registered

      at PluginManager._log (src/infrastructure/plugins/PluginManager.js:483:21)

  console.info
    [PluginManager] Plugin 'plugin-0' enabled

      at PluginManager._log (src/infrastructure/plugins/PluginManager.js:483:21)

  console.info
    [PluginManager] Plugin 'plugin-1' enabled

      at PluginManager._log (src/infrastructure/plugins/PluginManager.js:483:21)

  console.info
    [PluginManager] Plugin 'plugin-2' enabled

      at PluginManager._log (src/infrastructure/plugins/PluginManager.js:483:21)

  console.info
    [PluginManager] Plugin 'plugin-3' enabled

      at PluginManager._log (src/infrastructure/plugins/PluginManager.js:483:21)

  console.info
    [PluginManager] Plugin 'plugin-4' enabled

      at PluginManager._log (src/infrastructure/plugins/PluginManager.js:483:21)

  console.info
    [PluginManager] Plugin 'plugin-5' enabled

      at PluginManager._log (src/infrastructure/plugins/PluginManager.js:483:21)

  console.info
    [PluginManager] Plugin 'plugin-6' enabled

      at PluginManager._log (src/infrastructure/plugins/PluginManager.js:483:21)

  console.info
    [PluginManager] Plugin 'plugin-6' disabled

      at PluginManager._log (src/infrastructure/plugins/PluginManager.js:483:21)

  console.info
    [PluginManager] Plugin 'plugin-5' disabled

      at PluginManager._log (src/infrastructure/plugins/PluginManager.js:483:21)

  console.info
    [PluginManager] Plugin 'plugin-4' disabled

      at PluginManager._log (src/infrastructure/plugins/PluginManager.js:483:21)

  console.info
    [PluginManager] Plugin 'plugin-3' disabled

      at PluginManager._log (src/infrastructure/plugins/PluginManager.js:483:21)

  console.info
    [PluginManager] Plugin 'plugin-2' disabled

      at PluginManager._log (src/infrastructure/plugins/PluginManager.js:483:21)

  console.info
    [PluginManager] Plugin 'plugin-1' disabled

      at PluginManager._log (src/infrastructure/plugins/PluginManager.js:483:21)

  console.info
    [PluginManager] Plugin 'plugin-0' disabled

      at PluginManager._log (src/infrastructure/plugins/PluginManager.js:483:21)

  console.info
    [PluginManager] Plugin 'plugin-0' v1.0.0 registered

      at PluginManager._log (src/infrastructure/plugins/PluginManager.js:483:21)

  console.info
    [PluginManager] Plugin 'plugin-1' v1.0.0 registered

      at PluginManager._log (src/infrastructure/plugins/PluginManager.js:483:21)

  console.info
    [PluginManager] Plugin 'plugin-2' v1.0.0 registered

      at PluginManager._log (src/infrastructure/plugins/PluginManager.js:483:21)

  console.info
    [PluginManager] Plugin 'plugin-0' enabled

      at PluginManager._log (src/infrastructure/plugins/PluginManager.js:483:21)

  console.info
    [PluginManager] Plugin 'plugin-1' enabled

      at PluginManager._log (src/infrastructure/plugins/PluginManager.js:483:21)

  console.info
    [PluginManager] Plugin 'plugin-2' enabled

      at PluginManager._log (src/infrastructure/plugins/PluginManager.js:483:21)

  console.info
    [PluginManager] Plugin 'plugin-2' disabled

      at PluginManager._log (src/infrastructure/plugins/PluginManager.js:483:21)

  console.info
    [PluginManager] Plugin 'plugin-1' disabled

      at PluginManager._log (src/infrastructure/plugins/PluginManager.js:483:21)

  console.info
    [PluginManager] Plugin 'plugin-0' disabled

      at PluginManager._log (src/infrastructure/plugins/PluginManager.js:483:21)

  console.info
    [PluginManager] Plugin 'plugin-0' v1.0.0 registered

      at PluginManager._log (src/infrastructure/plugins/PluginManager.js:483:21)

  console.info
    [PluginManager] Plugin 'plugin-1' v1.0.0 registered

      at PluginManager._log (src/infrastructure/plugins/PluginManager.js:483:21)

  console.info
    [PluginManager] Plugin 'plugin-2' v1.0.0 registered

      at PluginManager._log (src/infrastructure/plugins/PluginManager.js:483:21)

  console.info
    [PluginManager] Plugin 'plugin-3' v1.0.0 registered

      at PluginManager._log (src/infrastructure/plugins/PluginManager.js:483:21)

  console.info
    [PluginManager] Plugin 'plugin-4' v1.0.0 registered

      at PluginManager._log (src/infrastructure/plugins/PluginManager.js:483:21)

  console.info
    [PluginManager] Plugin 'plugin-5' v1.0.0 registered

      at PluginManager._log (src/infrastructure/plugins/PluginManager.js:483:21)

  console.info
    [PluginManager] Plugin 'plugin-6' v1.0.0 registered

      at PluginManager._log (src/infrastructure/plugins/PluginManager.js:483:21)

  console.info
    [PluginManager] Plugin 'plugin-7' v1.0.0 registered

      at PluginManager._log (src/infrastructure/plugins/PluginManager.js:483:21)

  console.info
    [PluginManager] Plugin 'plugin-0' enabled

      at PluginManager._log (src/infrastructure/plugins/PluginManager.js:483:21)

  console.info
    [PluginManager] Plugin 'plugin-1' enabled

      at PluginManager._log (src/infrastructure/plugins/PluginManager.js:483:21)

  console.info
    [PluginManager] Plugin 'plugin-2' enabled

      at PluginManager._log (src/infrastructure/plugins/PluginManager.js:483:21)

  console.info
    [PluginManager] Plugin 'plugin-3' enabled

      at PluginManager._log (src/infrastructure/plugins/PluginManager.js:483:21)

  console.info
    [PluginManager] Plugin 'plugin-4' enabled

      at PluginManager._log (src/infrastructure/plugins/PluginManager.js:483:21)

  console.info
    [PluginManager] Plugin 'plugin-5' enabled

      at PluginManager._log (src/infrastructure/plugins/PluginManager.js:483:21)

  console.info
    [PluginManager] Plugin 'plugin-6' enabled

      at PluginManager._log (src/infrastructure/plugins/PluginManager.js:483:21)

  console.info
    [PluginManager] Plugin 'plugin-7' enabled

      at PluginManager._log (src/infrastructure/plugins/PluginManager.js:483:21)

  console.info
    [PluginManager] Plugin 'plugin-7' disabled

      at PluginManager._log (src/infrastructure/plugins/PluginManager.js:483:21)

  console.info
    [PluginManager] Plugin 'plugin-6' disabled

      at PluginManager._log (src/infrastructure/plugins/PluginManager.js:483:21)

  console.info
    [PluginManager] Plugin 'plugin-5' disabled

      at PluginManager._log (src/infrastructure/plugins/PluginManager.js:483:21)

  console.info
    [PluginManager] Plugin 'plugin-4' disabled

      at PluginManager._log (src/infrastructure/plugins/PluginManager.js:483:21)

  console.info
    [PluginManager] Plugin 'plugin-3' disabled

      at PluginManager._log (src/infrastructure/plugins/PluginManager.js:483:21)

  console.info
    [PluginManager] Plugin 'plugin-2' disabled

      at PluginManager._log (src/infrastructure/plugins/PluginManager.js:483:21)

  console.info
    [PluginManager] Plugin 'plugin-1' disabled

      at PluginManager._log (src/infrastructure/plugins/PluginManager.js:483:21)

  console.info
    [PluginManager] Plugin 'plugin-0' disabled

      at PluginManager._log (src/infrastructure/plugins/PluginManager.js:483:21)

  console.info
    [PluginManager] Plugin 'plugin-0' v1.0.0 registered

      at PluginManager._log (src/infrastructure/plugins/PluginManager.js:483:21)

  console.info
    [PluginManager] Plugin 'plugin-1' v1.0.0 registered

      at PluginManager._log (src/infrastructure/plugins/PluginManager.js:483:21)

  console.info
    [PluginManager] Plugin 'plugin-2' v1.0.0 registered

      at PluginManager._log (src/infrastructure/plugins/PluginManager.js:483:21)

  console.info
    [PluginManager] Plugin 'plugin-3' v1.0.0 registered

      at PluginManager._log (src/infrastructure/plugins/PluginManager.js:483:21)

  console.info
    [PluginManager] Plugin 'plugin-4' v1.0.0 registered

      at PluginManager._log (src/infrastructure/plugins/PluginManager.js:483:21)

  console.info
    [PluginManager] Plugin 'plugin-0' enabled

      at PluginManager._log (src/infrastructure/plugins/PluginManager.js:483:21)

  console.info
    [PluginManager] Plugin 'plugin-1' enabled

      at PluginManager._log (src/infrastructure/plugins/PluginManager.js:483:21)

  console.info
    [PluginManager] Plugin 'plugin-2' enabled

      at PluginManager._log (src/infrastructure/plugins/PluginManager.js:483:21)

  console.info
    [PluginManager] Plugin 'plugin-3' enabled

      at PluginManager._log (src/infrastructure/plugins/PluginManager.js:483:21)

  console.info
    [PluginManager] Plugin 'plugin-4' enabled

      at PluginManager._log (src/infrastructure/plugins/PluginManager.js:483:21)

  console.info
    [PluginManager] Plugin 'plugin-4' disabled

      at PluginManager._log (src/infrastructure/plugins/PluginManager.js:483:21)

  console.info
    [PluginManager] Plugin 'plugin-3' disabled

      at PluginManager._log (src/infrastructure/plugins/PluginManager.js:483:21)

  console.info
    [PluginManager] Plugin 'plugin-2' disabled

      at PluginManager._log (src/infrastructure/plugins/PluginManager.js:483:21)

  console.info
    [PluginManager] Plugin 'plugin-1' disabled

      at PluginManager._log (src/infrastructure/plugins/PluginManager.js:483:21)

  console.info
    [PluginManager] Plugin 'plugin-0' disabled

      at PluginManager._log (src/infrastructure/plugins/PluginManager.js:483:21)

  console.info
    [PluginManager] Plugin 'plugin-0' v1.0.0 registered

      at PluginManager._log (src/infrastructure/plugins/PluginManager.js:483:21)

  console.info
    [PluginManager] Plugin 'plugin-1' v1.0.0 registered

      at PluginManager._log (src/infrastructure/plugins/PluginManager.js:483:21)

  console.info
    [PluginManager] Plugin 'plugin-0' enabled

      at PluginManager._log (src/infrastructure/plugins/PluginManager.js:483:21)

  console.info
    [PluginManager] Plugin 'plugin-1' enabled

      at PluginManager._log (src/infrastructure/plugins/PluginManager.js:483:21)

  console.info
    [PluginManager] Plugin 'plugin-1' disabled

      at PluginManager._log (src/infrastructure/plugins/PluginManager.js:483:21)

  console.info
    [PluginManager] Plugin 'plugin-0' disabled

      at PluginManager._log (src/infrastructure/plugins/PluginManager.js:483:21)

  console.info
    [PluginManager] Plugin 'plugin-0' v1.0.0 registered

      at PluginManager._log (src/infrastructure/plugins/PluginManager.js:483:21)

  console.info
    [PluginManager] Plugin 'plugin-1' v1.0.0 registered

      at PluginManager._log (src/infrastructure/plugins/PluginManager.js:483:21)

  console.info
    [PluginManager] Plugin 'plugin-2' v1.0.0 registered

      at PluginManager._log (src/infrastructure/plugins/PluginManager.js:483:21)

  console.info
    [PluginManager] Plugin 'plugin-3' v1.0.0 registered

      at PluginManager._log (src/infrastructure/plugins/PluginManager.js:483:21)

  console.info
    [PluginManager] Plugin 'plugin-4' v1.0.0 registered

      at PluginManager._log (src/infrastructure/plugins/PluginManager.js:483:21)

  console.info
    [PluginManager] Plugin 'plugin-5' v1.0.0 registered

      at PluginManager._log (src/infrastructure/plugins/PluginManager.js:483:21)

  console.info
    [PluginManager] Plugin 'plugin-6' v1.0.0 registered

      at PluginManager._log (src/infrastructure/plugins/PluginManager.js:483:21)

  console.info
    [PluginManager] Plugin 'plugin-7' v1.0.0 registered

      at PluginManager._log (src/infrastructure/plugins/PluginManager.js:483:21)

  console.info
    [PluginManager] Plugin 'plugin-0' enabled

      at PluginManager._log (src/infrastructure/plugins/PluginManager.js:483:21)

  console.info
    [PluginManager] Plugin 'plugin-1' enabled

      at PluginManager._log (src/infrastructure/plugins/PluginManager.js:483:21)

  console.info
    [PluginManager] Plugin 'plugin-2' enabled

      at PluginManager._log (src/infrastructure/plugins/PluginManager.js:483:21)

  console.info
    [PluginManager] Plugin 'plugin-3' enabled

      at PluginManager._log (src/infrastructure/plugins/PluginManager.js:483:21)

  console.info
    [PluginManager] Plugin 'plugin-4' enabled

      at PluginManager._log (src/infrastructure/plugins/PluginManager.js:483:21)

  console.info
    [PluginManager] Plugin 'plugin-5' enabled

      at PluginManager._log (src/infrastructure/plugins/PluginManager.js:483:21)

  console.info
    [PluginManager] Plugin 'plugin-6' enabled

      at PluginManager._log (src/infrastructure/plugins/PluginManager.js:483:21)

  console.info
    [PluginManager] Plugin 'plugin-7' enabled

      at PluginManager._log (src/infrastructure/plugins/PluginManager.js:483:21)

  console.info
    [PluginManager] Plugin 'plugin-7' disabled

      at PluginManager._log (src/infrastructure/plugins/PluginManager.js:483:21)

  console.info
    [PluginManager] Plugin 'plugin-6' disabled

      at PluginManager._log (src/infrastructure/plugins/PluginManager.js:483:21)

  console.info
    [PluginManager] Plugin 'plugin-5' disabled

      at PluginManager._log (src/infrastructure/plugins/PluginManager.js:483:21)

  console.info
    [PluginManager] Plugin 'plugin-4' disabled

      at PluginManager._log (src/infrastructure/plugins/PluginManager.js:483:21)

  console.info
    [PluginManager] Plugin 'plugin-3' disabled

      at PluginManager._log (src/infrastructure/plugins/PluginManager.js:483:21)

  console.info
    [PluginManager] Plugin 'plugin-2' disabled

      at PluginManager._log (src/infrastructure/plugins/PluginManager.js:483:21)

  console.info
    [PluginManager] Plugin 'plugin-1' disabled

      at PluginManager._log (src/infrastructure/plugins/PluginManager.js:483:21)

  console.info
    [PluginManager] Plugin 'plugin-0' disabled

      at PluginManager._log (src/infrastructure/plugins/PluginManager.js:483:21)

  console.info
    [PluginManager] Plugin 'plugin-0' v1.0.0 registered

      at PluginManager._log (src/infrastructure/plugins/PluginManager.js:483:21)

  console.info
    [PluginManager] Plugin 'plugin-1' v1.0.0 registered

      at PluginManager._log (src/infrastructure/plugins/PluginManager.js:483:21)

  console.info
    [PluginManager] Plugin 'plugin-2' v1.0.0 registered

      at PluginManager._log (src/infrastructure/plugins/PluginManager.js:483:21)

  console.info
    [PluginManager] Plugin 'plugin-3' v1.0.0 registered

      at PluginManager._log (src/infrastructure/plugins/PluginManager.js:483:21)

  console.info
    [PluginManager] Plugin 'plugin-4' v1.0.0 registered

      at PluginManager._log (src/infrastructure/plugins/PluginManager.js:483:21)

  console.info
    [PluginManager] Plugin 'plugin-5' v1.0.0 registered

      at PluginManager._log (src/infrastructure/plugins/PluginManager.js:483:21)

  console.info
    [PluginManager] Plugin 'plugin-6' v1.0.0 registered

      at PluginManager._log (src/infrastructure/plugins/PluginManager.js:483:21)

  console.info
    [PluginManager] Plugin 'plugin-0' enabled

      at PluginManager._log (src/infrastructure/plugins/PluginManager.js:483:21)

  console.info
    [PluginManager] Plugin 'plugin-1' enabled

      at PluginManager._log (src/infrastructure/plugins/PluginManager.js:483:21)

  console.info
    [PluginManager] Plugin 'plugin-2' enabled

      at PluginManager._log (src/infrastructure/plugins/PluginManager.js:483:21)

  console.info
    [PluginManager] Plugin 'plugin-3' enabled

      at PluginManager._log (src/infrastructure/plugins/PluginManager.js:483:21)

  console.info
    [PluginManager] Plugin 'plugin-4' enabled

      at PluginManager._log (src/infrastructure/plugins/PluginManager.js:483:21)

  console.info
    [PluginManager] Plugin 'plugin-5' enabled

      at PluginManager._log (src/infrastructure/plugins/PluginManager.js:483:21)

  console.info
    [PluginManager] Plugin 'plugin-6' enabled

      at PluginManager._log (src/infrastructure/plugins/PluginManager.js:483:21)

  console.info
    [PluginManager] Plugin 'plugin-6' disabled

      at PluginManager._log (src/infrastructure/plugins/PluginManager.js:483:21)

  console.info
    [PluginManager] Plugin 'plugin-5' disabled

      at PluginManager._log (src/infrastructure/plugins/PluginManager.js:483:21)

  console.info
    [PluginManager] Plugin 'plugin-4' disabled

      at PluginManager._log (src/infrastructure/plugins/PluginManager.js:483:21)

  console.info
    [PluginManager] Plugin 'plugin-3' disabled

      at PluginManager._log (src/infrastructure/plugins/PluginManager.js:483:21)

  console.info
    [PluginManager] Plugin 'plugin-2' disabled

      at PluginManager._log (src/infrastructure/plugins/PluginManager.js:483:21)

  console.info
    [PluginManager] Plugin 'plugin-1' disabled

      at PluginManager._log (src/infrastructure/plugins/PluginManager.js:483:21)

  console.info
    [PluginManager] Plugin 'plugin-0' disabled

      at PluginManager._log (src/infrastructure/plugins/PluginManager.js:483:21)

  console.info
    [PluginManager] Plugin 'plugin-0' v1.0.0 registered

      at PluginManager._log (src/infrastructure/plugins/PluginManager.js:483:21)

  console.info
    [PluginManager] Plugin 'plugin-1' v1.0.0 registered

      at PluginManager._log (src/infrastructure/plugins/PluginManager.js:483:21)

  console.info
    [PluginManager] Plugin 'plugin-2' v1.0.0 registered

      at PluginManager._log (src/infrastructure/plugins/PluginManager.js:483:21)

  console.info
    [PluginManager] Plugin 'plugin-3' v1.0.0 registered

      at PluginManager._log (src/infrastructure/plugins/PluginManager.js:483:21)

  console.info
    [PluginManager] Plugin 'plugin-4' v1.0.0 registered

      at PluginManager._log (src/infrastructure/plugins/PluginManager.js:483:21)

  console.info
    [PluginManager] Plugin 'plugin-5' v1.0.0 registered

      at PluginManager._log (src/infrastructure/plugins/PluginManager.js:483:21)

  console.info
    [PluginManager] Plugin 'plugin-0' enabled

      at PluginManager._log (src/infrastructure/plugins/PluginManager.js:483:21)

  console.info
    [PluginManager] Plugin 'plugin-1' enabled

      at PluginManager._log (src/infrastructure/plugins/PluginManager.js:483:21)

  console.info
    [PluginManager] Plugin 'plugin-2' enabled

      at PluginManager._log (src/infrastructure/plugins/PluginManager.js:483:21)

  console.info
    [PluginManager] Plugin 'plugin-3' enabled

      at PluginManager._log (src/infrastructure/plugins/PluginManager.js:483:21)

  console.info
    [PluginManager] Plugin 'plugin-4' enabled

      at PluginManager._log (src/infrastructure/plugins/PluginManager.js:483:21)

  console.info
    [PluginManager] Plugin 'plugin-5' enabled

      at PluginManager._log (src/infrastructure/plugins/PluginManager.js:483:21)

  console.info
    [PluginManager] Plugin 'plugin-5' disabled

      at PluginManager._log (src/infrastructure/plugins/PluginManager.js:483:21)

  console.info
    [PluginManager] Plugin 'plugin-4' disabled

      at PluginManager._log (src/infrastructure/plugins/PluginManager.js:483:21)

  console.info
    [PluginManager] Plugin 'plugin-3' disabled

      at PluginManager._log (src/infrastructure/plugins/PluginManager.js:483:21)

  console.info
    [PluginManager] Plugin 'plugin-2' disabled

      at PluginManager._log (src/infrastructure/plugins/PluginManager.js:483:21)

  console.info
    [PluginManager] Plugin 'plugin-1' disabled

      at PluginManager._log (src/infrastructure/plugins/PluginManager.js:483:21)

  console.info
    [PluginManager] Plugin 'plugin-0' disabled

      at PluginManager._log (src/infrastructure/plugins/PluginManager.js:483:21)

  console.info
    [PluginManager] Plugin 'plugin-0' v1.0.0 registered

      at PluginManager._log (src/infrastructure/plugins/PluginManager.js:483:21)

  console.info
    [PluginManager] Plugin 'plugin-1' v1.0.0 registered

      at PluginManager._log (src/infrastructure/plugins/PluginManager.js:483:21)

  console.info
    [PluginManager] Plugin 'plugin-2' v1.0.0 registered

      at PluginManager._log (src/infrastructure/plugins/PluginManager.js:483:21)

  console.info
    [PluginManager] Plugin 'plugin-3' v1.0.0 registered

      at PluginManager._log (src/infrastructure/plugins/PluginManager.js:483:21)

  console.info
    [PluginManager] Plugin 'plugin-0' enabled

      at PluginManager._log (src/infrastructure/plugins/PluginManager.js:483:21)

  console.info
    [PluginManager] Plugin 'plugin-1' enabled

      at PluginManager._log (src/infrastructure/plugins/PluginManager.js:483:21)

  console.info
    [PluginManager] Plugin 'plugin-2' enabled

      at PluginManager._log (src/infrastructure/plugins/PluginManager.js:483:21)

  console.info
    [PluginManager] Plugin 'plugin-3' enabled

      at PluginManager._log (src/infrastructure/plugins/PluginManager.js:483:21)

  console.info
    [PluginManager] Plugin 'plugin-3' disabled

      at PluginManager._log (src/infrastructure/plugins/PluginManager.js:483:21)

  console.info
    [PluginManager] Plugin 'plugin-2' disabled

      at PluginManager._log (src/infrastructure/plugins/PluginManager.js:483:21)

  console.info
    [PluginManager] Plugin 'plugin-1' disabled

      at PluginManager._log (src/infrastructure/plugins/PluginManager.js:483:21)

  console.info
    [PluginManager] Plugin 'plugin-0' disabled

      at PluginManager._log (src/infrastructure/plugins/PluginManager.js:483:21)

  console.info
    [PluginManager] Plugin 'plugin-0' v1.0.0 registered

      at PluginManager._log (src/infrastructure/plugins/PluginManager.js:483:21)

  console.info
    [PluginManager] Plugin 'plugin-1' v1.0.0 registered

      at PluginManager._log (src/infrastructure/plugins/PluginManager.js:483:21)

  console.info
    [PluginManager] Plugin 'plugin-2' v1.0.0 registered

      at PluginManager._log (src/infrastructure/plugins/PluginManager.js:483:21)

  console.info
    [PluginManager] Plugin 'plugin-0' enabled

      at PluginManager._log (src/infrastructure/plugins/PluginManager.js:483:21)

  console.info
    [PluginManager] Plugin 'plugin-1' enabled

      at PluginManager._log (src/infrastructure/plugins/PluginManager.js:483:21)

  console.info
    [PluginManager] Plugin 'plugin-2' enabled

      at PluginManager._log (src/infrastructure/plugins/PluginManager.js:483:21)

  console.info
    [PluginManager] Plugin 'plugin-2' disabled

      at PluginManager._log (src/infrastructure/plugins/PluginManager.js:483:21)

  console.info
    [PluginManager] Plugin 'plugin-1' disabled

      at PluginManager._log (src/infrastructure/plugins/PluginManager.js:483:21)

  console.info
    [PluginManager] Plugin 'plugin-0' disabled

      at PluginManager._log (src/infrastructure/plugins/PluginManager.js:483:21)

  console.info
    [PluginManager] Plugin 'plugin-0' v1.0.0 registered

      at PluginManager._log (src/infrastructure/plugins/PluginManager.js:483:21)

  console.info
    [PluginManager] Plugin 'plugin-1' v1.0.0 registered

      at PluginManager._log (src/infrastructure/plugins/PluginManager.js:483:21)

  console.info
    [PluginManager] Plugin 'plugin-2' v1.0.0 registered

      at PluginManager._log (src/infrastructure/plugins/PluginManager.js:483:21)

  console.info
    [PluginManager] Plugin 'plugin-0' enabled

      at PluginManager._log (src/infrastructure/plugins/PluginManager.js:483:21)

  console.info
    [PluginManager] Plugin 'plugin-1' enabled

      at PluginManager._log (src/infrastructure/plugins/PluginManager.js:483:21)

  console.info
    [PluginManager] Plugin 'plugin-2' enabled

      at PluginManager._log (src/infrastructure/plugins/PluginManager.js:483:21)

  console.info
    [PluginManager] Plugin 'plugin-2' disabled

      at PluginManager._log (src/infrastructure/plugins/PluginManager.js:483:21)

  console.info
    [PluginManager] Plugin 'plugin-1' disabled

      at PluginManager._log (src/infrastructure/plugins/PluginManager.js:483:21)

  console.info
    [PluginManager] Plugin 'plugin-0' disabled

      at PluginManager._log (src/infrastructure/plugins/PluginManager.js:483:21)

  console.info
    [PluginManager] Plugin 'plugin-0' v1.0.0 registered

      at PluginManager._log (src/infrastructure/plugins/PluginManager.js:483:21)

  console.info
    [PluginManager] Plugin 'plugin-1' v1.0.0 registered

      at PluginManager._log (src/infrastructure/plugins/PluginManager.js:483:21)

  console.info
    [PluginManager] Plugin 'plugin-2' v1.0.0 registered

      at PluginManager._log (src/infrastructure/plugins/PluginManager.js:483:21)

  console.info
    [PluginManager] Plugin 'plugin-3' v1.0.0 registered

      at PluginManager._log (src/infrastructure/plugins/PluginManager.js:483:21)

  console.info
    [PluginManager] Plugin 'plugin-4' v1.0.0 registered

      at PluginManager._log (src/infrastructure/plugins/PluginManager.js:483:21)

  console.info
    [PluginManager] Plugin 'plugin-5' v1.0.0 registered

      at PluginManager._log (src/infrastructure/plugins/PluginManager.js:483:21)

  console.info
    [PluginManager] Plugin 'plugin-6' v1.0.0 registered

      at PluginManager._log (src/infrastructure/plugins/PluginManager.js:483:21)

  console.info
    [PluginManager] Plugin 'plugin-0' enabled

      at PluginManager._log (src/infrastructure/plugins/PluginManager.js:483:21)

  console.info
    [PluginManager] Plugin 'plugin-1' enabled

      at PluginManager._log (src/infrastructure/plugins/PluginManager.js:483:21)

  console.info
    [PluginManager] Plugin 'plugin-2' enabled

      at PluginManager._log (src/infrastructure/plugins/PluginManager.js:483:21)

  console.info
    [PluginManager] Plugin 'plugin-3' enabled

      at PluginManager._log (src/infrastructure/plugins/PluginManager.js:483:21)

  console.info
    [PluginManager] Plugin 'plugin-4' enabled

      at PluginManager._log (src/infrastructure/plugins/PluginManager.js:483:21)

  console.info
    [PluginManager] Plugin 'plugin-5' enabled

      at PluginManager._log (src/infrastructure/plugins/PluginManager.js:483:21)

  console.info
    [PluginManager] Plugin 'plugin-6' enabled

      at PluginManager._log (src/infrastructure/plugins/PluginManager.js:483:21)

  console.info
    [PluginManager] Plugin 'plugin-6' disabled

      at PluginManager._log (src/infrastructure/plugins/PluginManager.js:483:21)

  console.info
    [PluginManager] Plugin 'plugin-5' disabled

      at PluginManager._log (src/infrastructure/plugins/PluginManager.js:483:21)

  console.info
    [PluginManager] Plugin 'plugin-4' disabled

      at PluginManager._log (src/infrastructure/plugins/PluginManager.js:483:21)

  console.info
    [PluginManager] Plugin 'plugin-3' disabled

      at PluginManager._log (src/infrastructure/plugins/PluginManager.js:483:21)

  console.info
    [PluginManager] Plugin 'plugin-2' disabled

      at PluginManager._log (src/infrastructure/plugins/PluginManager.js:483:21)

  console.info
    [PluginManager] Plugin 'plugin-1' disabled

      at PluginManager._log (src/infrastructure/plugins/PluginManager.js:483:21)

  console.info
    [PluginManager] Plugin 'plugin-0' disabled

      at PluginManager._log (src/infrastructure/plugins/PluginManager.js:483:21)

  console.info
    [PluginManager] Plugin 'plugin-0' v1.0.0 registered

      at PluginManager._log (src/infrastructure/plugins/PluginManager.js:483:21)

  console.info
    [PluginManager] Plugin 'plugin-1' v1.0.0 registered

      at PluginManager._log (src/infrastructure/plugins/PluginManager.js:483:21)

  console.info
    [PluginManager] Plugin 'plugin-0' enabled

      at PluginManager._log (src/infrastructure/plugins/PluginManager.js:483:21)

  console.info
    [PluginManager] Plugin 'plugin-1' enabled

      at PluginManager._log (src/infrastructure/plugins/PluginManager.js:483:21)

  console.info
    [PluginManager] Plugin 'plugin-1' disabled

      at PluginManager._log (src/infrastructure/plugins/PluginManager.js:483:21)

  console.info
    [PluginManager] Plugin 'plugin-0' disabled

      at PluginManager._log (src/infrastructure/plugins/PluginManager.js:483:21)

  console.info
    [PluginManager] Plugin 'plugin-0' v1.0.0 registered

      at PluginManager._log (src/infrastructure/plugins/PluginManager.js:483:21)

  console.info
    [PluginManager] Plugin 'plugin-1' v1.0.0 registered

      at PluginManager._log (src/infrastructure/plugins/PluginManager.js:483:21)

  console.info
    [PluginManager] Plugin 'plugin-2' v1.0.0 registered

      at PluginManager._log (src/infrastructure/plugins/PluginManager.js:483:21)

  console.info
    [PluginManager] Plugin 'plugin-3' v1.0.0 registered

      at PluginManager._log (src/infrastructure/plugins/PluginManager.js:483:21)

  console.info
    [PluginManager] Plugin 'plugin-4' v1.0.0 registered

      at PluginManager._log (src/infrastructure/plugins/PluginManager.js:483:21)

  console.info
    [PluginManager] Plugin 'plugin-5' v1.0.0 registered

      at PluginManager._log (src/infrastructure/plugins/PluginManager.js:483:21)

  console.info
    [PluginManager] Plugin 'plugin-6' v1.0.0 registered

      at PluginManager._log (src/infrastructure/plugins/PluginManager.js:483:21)

  console.info
    [PluginManager] Plugin 'plugin-0' enabled

      at PluginManager._log (src/infrastructure/plugins/PluginManager.js:483:21)

  console.info
    [PluginManager] Plugin 'plugin-1' enabled

      at PluginManager._log (src/infrastructure/plugins/PluginManager.js:483:21)

  console.info
    [PluginManager] Plugin 'plugin-2' enabled

      at PluginManager._log (src/infrastructure/plugins/PluginManager.js:483:21)

  console.info
    [PluginManager] Plugin 'plugin-3' enabled

      at PluginManager._log (src/infrastructure/plugins/PluginManager.js:483:21)

  console.info
    [PluginManager] Plugin 'plugin-4' enabled

      at PluginManager._log (src/infrastructure/plugins/PluginManager.js:483:21)

  console.info
    [PluginManager] Plugin 'plugin-5' enabled

      at PluginManager._log (src/infrastructure/plugins/PluginManager.js:483:21)

  console.info
    [PluginManager] Plugin 'plugin-6' enabled

      at PluginManager._log (src/infrastructure/plugins/PluginManager.js:483:21)

  console.info
    [PluginManager] Plugin 'plugin-6' disabled

      at PluginManager._log (src/infrastructure/plugins/PluginManager.js:483:21)

  console.info
    [PluginManager] Plugin 'plugin-5' disabled

      at PluginManager._log (src/infrastructure/plugins/PluginManager.js:483:21)

  console.info
    [PluginManager] Plugin 'plugin-4' disabled

      at PluginManager._log (src/infrastructure/plugins/PluginManager.js:483:21)

  console.info
    [PluginManager] Plugin 'plugin-3' disabled

      at PluginManager._log (src/infrastructure/plugins/PluginManager.js:483:21)

  console.info
    [PluginManager] Plugin 'plugin-2' disabled

      at PluginManager._log (src/infrastructure/plugins/PluginManager.js:483:21)

  console.info
    [PluginManager] Plugin 'plugin-1' disabled

      at PluginManager._log (src/infrastructure/plugins/PluginManager.js:483:21)

  console.info
    [PluginManager] Plugin 'plugin-0' disabled

      at PluginManager._log (src/infrastructure/plugins/PluginManager.js:483:21)

  console.info
    [PluginManager] Plugin 'plugin-0' v1.0.0 registered

      at PluginManager._log (src/infrastructure/plugins/PluginManager.js:483:21)

  console.info
    [PluginManager] Plugin 'plugin-1' v1.0.0 registered

      at PluginManager._log (src/infrastructure/plugins/PluginManager.js:483:21)

  console.info
    [PluginManager] Plugin 'plugin-2' v1.0.0 registered

      at PluginManager._log (src/infrastructure/plugins/PluginManager.js:483:21)

  console.info
    [PluginManager] Plugin 'plugin-3' v1.0.0 registered

      at PluginManager._log (src/infrastructure/plugins/PluginManager.js:483:21)

  console.info
    [PluginManager] Plugin 'plugin-0' enabled

      at PluginManager._log (src/infrastructure/plugins/PluginManager.js:483:21)

  console.info
    [PluginManager] Plugin 'plugin-1' enabled

      at PluginManager._log (src/infrastructure/plugins/PluginManager.js:483:21)

  console.info
    [PluginManager] Plugin 'plugin-2' enabled

      at PluginManager._log (src/infrastructure/plugins/PluginManager.js:483:21)

  console.info
    [PluginManager] Plugin 'plugin-3' enabled

      at PluginManager._log (src/infrastructure/plugins/PluginManager.js:483:21)

  console.info
    [PluginManager] Plugin 'plugin-3' disabled

      at PluginManager._log (src/infrastructure/plugins/PluginManager.js:483:21)

  console.info
    [PluginManager] Plugin 'plugin-2' disabled

      at PluginManager._log (src/infrastructure/plugins/PluginManager.js:483:21)

  console.info
    [PluginManager] Plugin 'plugin-1' disabled

      at PluginManager._log (src/infrastructure/plugins/PluginManager.js:483:21)

  console.info
    [PluginManager] Plugin 'plugin-0' disabled

      at PluginManager._log (src/infrastructure/plugins/PluginManager.js:483:21)

  console.info
    [PluginManager] Plugin 'plugin-0' v1.0.0 registered

      at PluginManager._log (src/infrastructure/plugins/PluginManager.js:483:21)

  console.info
    [PluginManager] Plugin 'plugin-1' v1.0.0 registered

      at PluginManager._log (src/infrastructure/plugins/PluginManager.js:483:21)

  console.info
    [PluginManager] Plugin 'plugin-0' enabled

      at PluginManager._log (src/infrastructure/plugins/PluginManager.js:483:21)

  console.info
    [PluginManager] Plugin 'plugin-1' enabled

      at PluginManager._log (src/infrastructure/plugins/PluginManager.js:483:21)

  console.info
    [PluginManager] Plugin 'plugin-1' disabled

      at PluginManager._log (src/infrastructure/plugins/PluginManager.js:483:21)

  console.info
    [PluginManager] Plugin 'plugin-0' disabled

      at PluginManager._log (src/infrastructure/plugins/PluginManager.js:483:21)

  console.info
    [PluginManager] Plugin 'plugin-0' v1.0.0 registered

      at PluginManager._log (src/infrastructure/plugins/PluginManager.js:483:21)

  console.info
    [PluginManager] Plugin 'plugin-1' v1.0.0 registered

      at PluginManager._log (src/infrastructure/plugins/PluginManager.js:483:21)

  console.info
    [PluginManager] Plugin 'plugin-2' v1.0.0 registered

      at PluginManager._log (src/infrastructure/plugins/PluginManager.js:483:21)

  console.info
    [PluginManager] Plugin 'plugin-3' v1.0.0 registered

      at PluginManager._log (src/infrastructure/plugins/PluginManager.js:483:21)

  console.info
    [PluginManager] Plugin 'plugin-0' enabled

      at PluginManager._log (src/infrastructure/plugins/PluginManager.js:483:21)

  console.info
    [PluginManager] Plugin 'plugin-1' enabled

      at PluginManager._log (src/infrastructure/plugins/PluginManager.js:483:21)

  console.info
    [PluginManager] Plugin 'plugin-2' enabled

      at PluginManager._log (src/infrastructure/plugins/PluginManager.js:483:21)

  console.info
    [PluginManager] Plugin 'plugin-3' enabled

      at PluginManager._log (src/infrastructure/plugins/PluginManager.js:483:21)

  console.info
    [PluginManager] Plugin 'plugin-3' disabled

      at PluginManager._log (src/infrastructure/plugins/PluginManager.js:483:21)

  console.info
    [PluginManager] Plugin 'plugin-2' disabled

      at PluginManager._log (src/infrastructure/plugins/PluginManager.js:483:21)

  console.info
    [PluginManager] Plugin 'plugin-1' disabled

      at PluginManager._log (src/infrastructure/plugins/PluginManager.js:483:21)

  console.info
    [PluginManager] Plugin 'plugin-0' disabled

      at PluginManager._log (src/infrastructure/plugins/PluginManager.js:483:21)

  console.info
    [PluginManager] Plugin 'plugin-0' v1.0.0 registered

      at PluginManager._log (src/infrastructure/plugins/PluginManager.js:483:21)

  console.info
    [PluginManager] Plugin 'plugin-1' v1.0.0 registered

      at PluginManager._log (src/infrastructure/plugins/PluginManager.js:483:21)

  console.info
    [PluginManager] Plugin 'plugin-2' v1.0.0 registered

      at PluginManager._log (src/infrastructure/plugins/PluginManager.js:483:21)

  console.info
    [PluginManager] Plugin 'plugin-3' v1.0.0 registered

      at PluginManager._log (src/infrastructure/plugins/PluginManager.js:483:21)

  console.info
    [PluginManager] Plugin 'plugin-4' v1.0.0 registered

      at PluginManager._log (src/infrastructure/plugins/PluginManager.js:483:21)

  console.info
    [PluginManager] Plugin 'plugin-5' v1.0.0 registered

      at PluginManager._log (src/infrastructure/plugins/PluginManager.js:483:21)

  console.info
    [PluginManager] Plugin 'plugin-0' enabled

      at PluginManager._log (src/infrastructure/plugins/PluginManager.js:483:21)

  console.info
    [PluginManager] Plugin 'plugin-1' enabled

      at PluginManager._log (src/infrastructure/plugins/PluginManager.js:483:21)

  console.info
    [PluginManager] Plugin 'plugin-2' enabled

      at PluginManager._log (src/infrastructure/plugins/PluginManager.js:483:21)

  console.info
    [PluginManager] Plugin 'plugin-3' enabled

      at PluginManager._log (src/infrastructure/plugins/PluginManager.js:483:21)

  console.info
    [PluginManager] Plugin 'plugin-4' enabled

      at PluginManager._log (src/infrastructure/plugins/PluginManager.js:483:21)

  console.info
    [PluginManager] Plugin 'plugin-5' enabled

      at PluginManager._log (src/infrastructure/plugins/PluginManager.js:483:21)

  console.info
    [PluginManager] Plugin 'plugin-5' disabled

      at PluginManager._log (src/infrastructure/plugins/PluginManager.js:483:21)

  console.info
    [PluginManager] Plugin 'plugin-4' disabled

      at PluginManager._log (src/infrastructure/plugins/PluginManager.js:483:21)

  console.info
    [PluginManager] Plugin 'plugin-3' disabled

      at PluginManager._log (src/infrastructure/plugins/PluginManager.js:483:21)

  console.info
    [PluginManager] Plugin 'plugin-2' disabled

      at PluginManager._log (src/infrastructure/plugins/PluginManager.js:483:21)

  console.info
    [PluginManager] Plugin 'plugin-1' disabled

      at PluginManager._log (src/infrastructure/plugins/PluginManager.js:483:21)

  console.info
    [PluginManager] Plugin 'plugin-0' disabled

      at PluginManager._log (src/infrastructure/plugins/PluginManager.js:483:21)

  console.info
    [PluginManager] Plugin 'plugin-0' v1.0.0 registered

      at PluginManager._log (src/infrastructure/plugins/PluginManager.js:483:21)

  console.info
    [PluginManager] Plugin 'plugin-1' v1.0.0 registered

      at PluginManager._log (src/infrastructure/plugins/PluginManager.js:483:21)

  console.info
    [PluginManager] Plugin 'plugin-2' v1.0.0 registered

      at PluginManager._log (src/infrastructure/plugins/PluginManager.js:483:21)

  console.info
    [PluginManager] Plugin 'plugin-3' v1.0.0 registered

      at PluginManager._log (src/infrastructure/plugins/PluginManager.js:483:21)

  console.info
    [PluginManager] Plugin 'plugin-4' v1.0.0 registered

      at PluginManager._log (src/infrastructure/plugins/PluginManager.js:483:21)

  console.info
    [PluginManager] Plugin 'plugin-0' enabled

      at PluginManager._log (src/infrastructure/plugins/PluginManager.js:483:21)

  console.info
    [PluginManager] Plugin 'plugin-1' enabled

      at PluginManager._log (src/infrastructure/plugins/PluginManager.js:483:21)

  console.info
    [PluginManager] Plugin 'plugin-2' enabled

      at PluginManager._log (src/infrastructure/plugins/PluginManager.js:483:21)

  console.info
    [PluginManager] Plugin 'plugin-3' enabled

      at PluginManager._log (src/infrastructure/plugins/PluginManager.js:483:21)

  console.info
    [PluginManager] Plugin 'plugin-4' enabled

      at PluginManager._log (src/infrastructure/plugins/PluginManager.js:483:21)

  console.info
    [PluginManager] Plugin 'plugin-4' disabled

      at PluginManager._log (src/infrastructure/plugins/PluginManager.js:483:21)

  console.info
    [PluginManager] Plugin 'plugin-3' disabled

      at PluginManager._log (src/infrastructure/plugins/PluginManager.js:483:21)

  console.info
    [PluginManager] Plugin 'plugin-2' disabled

      at PluginManager._log (src/infrastructure/plugins/PluginManager.js:483:21)

  console.info
    [PluginManager] Plugin 'plugin-1' disabled

      at PluginManager._log (src/infrastructure/plugins/PluginManager.js:483:21)

  console.info
    [PluginManager] Plugin 'plugin-0' disabled

      at PluginManager._log (src/infrastructure/plugins/PluginManager.js:483:21)

  console.info
    [PluginManager] Plugin 'plugin-0' v1.0.0 registered

      at PluginManager._log (src/infrastructure/plugins/PluginManager.js:483:21)

  console.info
    [PluginManager] Plugin 'plugin-1' v1.0.0 registered

      at PluginManager._log (src/infrastructure/plugins/PluginManager.js:483:21)

  console.info
    [PluginManager] Plugin 'plugin-2' v1.0.0 registered

      at PluginManager._log (src/infrastructure/plugins/PluginManager.js:483:21)

  console.info
    [PluginManager] Plugin 'plugin-3' v1.0.0 registered

      at PluginManager._log (src/infrastructure/plugins/PluginManager.js:483:21)

  console.info
    [PluginManager] Plugin 'plugin-0' enabled

      at PluginManager._log (src/infrastructure/plugins/PluginManager.js:483:21)

  console.info
    [PluginManager] Plugin 'plugin-1' enabled

      at PluginManager._log (src/infrastructure/plugins/PluginManager.js:483:21)

  console.info
    [PluginManager] Plugin 'plugin-2' enabled

      at PluginManager._log (src/infrastructure/plugins/PluginManager.js:483:21)

  console.info
    [PluginManager] Plugin 'plugin-3' enabled

      at PluginManager._log (src/infrastructure/plugins/PluginManager.js:483:21)

  console.info
    [PluginManager] Plugin 'plugin-3' disabled

      at PluginManager._log (src/infrastructure/plugins/PluginManager.js:483:21)

  console.info
    [PluginManager] Plugin 'plugin-2' disabled

      at PluginManager._log (src/infrastructure/plugins/PluginManager.js:483:21)

  console.info
    [PluginManager] Plugin 'plugin-1' disabled

      at PluginManager._log (src/infrastructure/plugins/PluginManager.js:483:21)

  console.info
    [PluginManager] Plugin 'plugin-0' disabled

      at PluginManager._log (src/infrastructure/plugins/PluginManager.js:483:21)

  console.info
    [PluginManager] Plugin 'plugin-0' v1.0.0 registered

      at PluginManager._log (src/infrastructure/plugins/PluginManager.js:483:21)

  console.info
    [PluginManager] Plugin 'plugin-1' v1.0.0 registered

      at PluginManager._log (src/infrastructure/plugins/PluginManager.js:483:21)

  console.info
    [PluginManager] Plugin 'plugin-2' v1.0.0 registered

      at PluginManager._log (src/infrastructure/plugins/PluginManager.js:483:21)

  console.info
    [PluginManager] Plugin 'plugin-3' v1.0.0 registered

      at PluginManager._log (src/infrastructure/plugins/PluginManager.js:483:21)

  console.info
    [PluginManager] Plugin 'plugin-4' v1.0.0 registered

      at PluginManager._log (src/infrastructure/plugins/PluginManager.js:483:21)

  console.info
    [PluginManager] Plugin 'plugin-5' v1.0.0 registered

      at PluginManager._log (src/infrastructure/plugins/PluginManager.js:483:21)

  console.info
    [PluginManager] Plugin 'plugin-6' v1.0.0 registered

      at PluginManager._log (src/infrastructure/plugins/PluginManager.js:483:21)

  console.info
    [PluginManager] Plugin 'plugin-0' enabled

      at PluginManager._log (src/infrastructure/plugins/PluginManager.js:483:21)

  console.info
    [PluginManager] Plugin 'plugin-1' enabled

      at PluginManager._log (src/infrastructure/plugins/PluginManager.js:483:21)

  console.info
    [PluginManager] Plugin 'plugin-2' enabled

      at PluginManager._log (src/infrastructure/plugins/PluginManager.js:483:21)

  console.info
    [PluginManager] Plugin 'plugin-3' enabled

      at PluginManager._log (src/infrastructure/plugins/PluginManager.js:483:21)

  console.info
    [PluginManager] Plugin 'plugin-4' enabled

      at PluginManager._log (src/infrastructure/plugins/PluginManager.js:483:21)

  console.info
    [PluginManager] Plugin 'plugin-5' enabled

      at PluginManager._log (src/infrastructure/plugins/PluginManager.js:483:21)

  console.info
    [PluginManager] Plugin 'plugin-6' enabled

      at PluginManager._log (src/infrastructure/plugins/PluginManager.js:483:21)

  console.info
    [PluginManager] Plugin 'plugin-6' disabled

      at PluginManager._log (src/infrastructure/plugins/PluginManager.js:483:21)

  console.info
    [PluginManager] Plugin 'plugin-5' disabled

      at PluginManager._log (src/infrastructure/plugins/PluginManager.js:483:21)

  console.info
    [PluginManager] Plugin 'plugin-4' disabled

      at PluginManager._log (src/infrastructure/plugins/PluginManager.js:483:21)

  console.info
    [PluginManager] Plugin 'plugin-3' disabled

      at PluginManager._log (src/infrastructure/plugins/PluginManager.js:483:21)

  console.info
    [PluginManager] Plugin 'plugin-2' disabled

      at PluginManager._log (src/infrastructure/plugins/PluginManager.js:483:21)

  console.info
    [PluginManager] Plugin 'plugin-1' disabled

      at PluginManager._log (src/infrastructure/plugins/PluginManager.js:483:21)

  console.info
    [PluginManager] Plugin 'plugin-0' disabled

      at PluginManager._log (src/infrastructure/plugins/PluginManager.js:483:21)

  console.info
    [PluginManager] Plugin 'plugin-0' v1.0.0 registered

      at PluginManager._log (src/infrastructure/plugins/PluginManager.js:483:21)

  console.info
    [PluginManager] Plugin 'plugin-1' v1.0.0 registered

      at PluginManager._log (src/infrastructure/plugins/PluginManager.js:483:21)

  console.info
    [PluginManager] Plugin 'plugin-2' v1.0.0 registered

      at PluginManager._log (src/infrastructure/plugins/PluginManager.js:483:21)

  console.info
    [PluginManager] Plugin 'plugin-3' v1.0.0 registered

      at PluginManager._log (src/infrastructure/plugins/PluginManager.js:483:21)

  console.info
    [PluginManager] Plugin 'plugin-4' v1.0.0 registered

      at PluginManager._log (src/infrastructure/plugins/PluginManager.js:483:21)

  console.info
    [PluginManager] Plugin 'plugin-0' enabled

      at PluginManager._log (src/infrastructure/plugins/PluginManager.js:483:21)

  console.info
    [PluginManager] Plugin 'plugin-1' enabled

      at PluginManager._log (src/infrastructure/plugins/PluginManager.js:483:21)

  console.info
    [PluginManager] Plugin 'plugin-2' enabled

      at PluginManager._log (src/infrastructure/plugins/PluginManager.js:483:21)

  console.info
    [PluginManager] Plugin 'plugin-3' enabled

      at PluginManager._log (src/infrastructure/plugins/PluginManager.js:483:21)

  console.info
    [PluginManager] Plugin 'plugin-4' enabled

      at PluginManager._log (src/infrastructure/plugins/PluginManager.js:483:21)

  console.info
    [PluginManager] Plugin 'plugin-4' disabled

      at PluginManager._log (src/infrastructure/plugins/PluginManager.js:483:21)

  console.info
    [PluginManager] Plugin 'plugin-3' disabled

      at PluginManager._log (src/infrastructure/plugins/PluginManager.js:483:21)

  console.info
    [PluginManager] Plugin 'plugin-2' disabled

      at PluginManager._log (src/infrastructure/plugins/PluginManager.js:483:21)

  console.info
    [PluginManager] Plugin 'plugin-1' disabled

      at PluginManager._log (src/infrastructure/plugins/PluginManager.js:483:21)

  console.info
    [PluginManager] Plugin 'plugin-0' disabled

      at PluginManager._log (src/infrastructure/plugins/PluginManager.js:483:21)

  console.info
    [PluginManager] Plugin 'plugin-0' v1.0.0 registered

      at PluginManager._log (src/infrastructure/plugins/PluginManager.js:483:21)

  console.info
    [PluginManager] Plugin 'plugin-1' v1.0.0 registered

      at PluginManager._log (src/infrastructure/plugins/PluginManager.js:483:21)

  console.info
    [PluginManager] Plugin 'plugin-2' v1.0.0 registered

      at PluginManager._log (src/infrastructure/plugins/PluginManager.js:483:21)

  console.info
    [PluginManager] Plugin 'plugin-3' v1.0.0 registered

      at PluginManager._log (src/infrastructure/plugins/PluginManager.js:483:21)

  console.info
    [PluginManager] Plugin 'plugin-4' v1.0.0 registered

      at PluginManager._log (src/infrastructure/plugins/PluginManager.js:483:21)

  console.info
    [PluginManager] Plugin 'plugin-5' v1.0.0 registered

      at PluginManager._log (src/infrastructure/plugins/PluginManager.js:483:21)

  console.info
    [PluginManager] Plugin 'plugin-6' v1.0.0 registered

      at PluginManager._log (src/infrastructure/plugins/PluginManager.js:483:21)

  console.info
    [PluginManager] Plugin 'plugin-0' enabled

      at PluginManager._log (src/infrastructure/plugins/PluginManager.js:483:21)

  console.info
    [PluginManager] Plugin 'plugin-1' enabled

      at PluginManager._log (src/infrastructure/plugins/PluginManager.js:483:21)

  console.info
    [PluginManager] Plugin 'plugin-2' enabled

      at PluginManager._log (src/infrastructure/plugins/PluginManager.js:483:21)

  console.info
    [PluginManager] Plugin 'plugin-3' enabled

      at PluginManager._log (src/infrastructure/plugins/PluginManager.js:483:21)

  console.info
    [PluginManager] Plugin 'plugin-4' enabled

      at PluginManager._log (src/infrastructure/plugins/PluginManager.js:483:21)

  console.info
    [PluginManager] Plugin 'plugin-5' enabled

      at PluginManager._log (src/infrastructure/plugins/PluginManager.js:483:21)

  console.info
    [PluginManager] Plugin 'plugin-6' enabled

      at PluginManager._log (src/infrastructure/plugins/PluginManager.js:483:21)

  console.info
    [PluginManager] Plugin 'plugin-6' disabled

      at PluginManager._log (src/infrastructure/plugins/PluginManager.js:483:21)

  console.info
    [PluginManager] Plugin 'plugin-5' disabled

      at PluginManager._log (src/infrastructure/plugins/PluginManager.js:483:21)

  console.info
    [PluginManager] Plugin 'plugin-4' disabled

      at PluginManager._log (src/infrastructure/plugins/PluginManager.js:483:21)

  console.info
    [PluginManager] Plugin 'plugin-3' disabled

      at PluginManager._log (src/infrastructure/plugins/PluginManager.js:483:21)

  console.info
    [PluginManager] Plugin 'plugin-2' disabled

      at PluginManager._log (src/infrastructure/plugins/PluginManager.js:483:21)

  console.info
    [PluginManager] Plugin 'plugin-1' disabled

      at PluginManager._log (src/infrastructure/plugins/PluginManager.js:483:21)

  console.info
    [PluginManager] Plugin 'plugin-0' disabled

      at PluginManager._log (src/infrastructure/plugins/PluginManager.js:483:21)

  console.info
    [PluginManager] Plugin 'plugin-0' v1.0.0 registered

      at PluginManager._log (src/infrastructure/plugins/PluginManager.js:483:21)

  console.info
    [PluginManager] Plugin 'plugin-1' v1.0.0 registered

      at PluginManager._log (src/infrastructure/plugins/PluginManager.js:483:21)

  console.info
    [PluginManager] Plugin 'plugin-0' enabled

      at PluginManager._log (src/infrastructure/plugins/PluginManager.js:483:21)

  console.info
    [PluginManager] Plugin 'plugin-1' enabled

      at PluginManager._log (src/infrastructure/plugins/PluginManager.js:483:21)

  console.info
    [PluginManager] Plugin 'plugin-1' disabled

      at PluginManager._log (src/infrastructure/plugins/PluginManager.js:483:21)

  console.info
    [PluginManager] Plugin 'plugin-0' disabled

      at PluginManager._log (src/infrastructure/plugins/PluginManager.js:483:21)

  console.info
    [PluginManager] Plugin 'plugin-0' v1.0.0 registered

      at PluginManager._log (src/infrastructure/plugins/PluginManager.js:483:21)

  console.info
    [PluginManager] Plugin 'plugin-1' v1.0.0 registered

      at PluginManager._log (src/infrastructure/plugins/PluginManager.js:483:21)

  console.info
    [PluginManager] Plugin 'plugin-2' v1.0.0 registered

      at PluginManager._log (src/infrastructure/plugins/PluginManager.js:483:21)

  console.info
    [PluginManager] Plugin 'plugin-3' v1.0.0 registered

      at PluginManager._log (src/infrastructure/plugins/PluginManager.js:483:21)

  console.info
    [PluginManager] Plugin 'plugin-4' v1.0.0 registered

      at PluginManager._log (src/infrastructure/plugins/PluginManager.js:483:21)

  console.info
    [PluginManager] Plugin 'plugin-5' v1.0.0 registered

      at PluginManager._log (src/infrastructure/plugins/PluginManager.js:483:21)

  console.info
    [PluginManager] Plugin 'plugin-6' v1.0.0 registered

      at PluginManager._log (src/infrastructure/plugins/PluginManager.js:483:21)

  console.info
    [PluginManager] Plugin 'plugin-7' v1.0.0 registered

      at PluginManager._log (src/infrastructure/plugins/PluginManager.js:483:21)

  console.info
    [PluginManager] Plugin 'plugin-0' enabled

      at PluginManager._log (src/infrastructure/plugins/PluginManager.js:483:21)

  console.info
    [PluginManager] Plugin 'plugin-1' enabled

      at PluginManager._log (src/infrastructure/plugins/PluginManager.js:483:21)

  console.info
    [PluginManager] Plugin 'plugin-2' enabled

      at PluginManager._log (src/infrastructure/plugins/PluginManager.js:483:21)

  console.info
    [PluginManager] Plugin 'plugin-3' enabled

      at PluginManager._log (src/infrastructure/plugins/PluginManager.js:483:21)

  console.info
    [PluginManager] Plugin 'plugin-4' enabled

      at PluginManager._log (src/infrastructure/plugins/PluginManager.js:483:21)

  console.info
    [PluginManager] Plugin 'plugin-5' enabled

      at PluginManager._log (src/infrastructure/plugins/PluginManager.js:483:21)

  console.info
    [PluginManager] Plugin 'plugin-6' enabled

      at PluginManager._log (src/infrastructure/plugins/PluginManager.js:483:21)

  console.info
    [PluginManager] Plugin 'plugin-7' enabled

      at PluginManager._log (src/infrastructure/plugins/PluginManager.js:483:21)

  console.info
    [PluginManager] Plugin 'plugin-7' disabled

      at PluginManager._log (src/infrastructure/plugins/PluginManager.js:483:21)

  console.info
    [PluginManager] Plugin 'plugin-6' disabled

      at PluginManager._log (src/infrastructure/plugins/PluginManager.js:483:21)

  console.info
    [PluginManager] Plugin 'plugin-5' disabled

      at PluginManager._log (src/infrastructure/plugins/PluginManager.js:483:21)

  console.info
    [PluginManager] Plugin 'plugin-4' disabled

      at PluginManager._log (src/infrastructure/plugins/PluginManager.js:483:21)

  console.info
    [PluginManager] Plugin 'plugin-3' disabled

      at PluginManager._log (src/infrastructure/plugins/PluginManager.js:483:21)

  console.info
    [PluginManager] Plugin 'plugin-2' disabled

      at PluginManager._log (src/infrastructure/plugins/PluginManager.js:483:21)

  console.info
    [PluginManager] Plugin 'plugin-1' disabled

      at PluginManager._log (src/infrastructure/plugins/PluginManager.js:483:21)

  console.info
    [PluginManager] Plugin 'plugin-0' disabled

      at PluginManager._log (src/infrastructure/plugins/PluginManager.js:483:21)

  console.info
    [PluginManager] Plugin 'plugin-0' v1.0.0 registered

      at PluginManager._log (src/infrastructure/plugins/PluginManager.js:483:21)

  console.info
    [PluginManager] Plugin 'plugin-1' v1.0.0 registered

      at PluginManager._log (src/infrastructure/plugins/PluginManager.js:483:21)

  console.info
    [PluginManager] Plugin 'plugin-2' v1.0.0 registered

      at PluginManager._log (src/infrastructure/plugins/PluginManager.js:483:21)

  console.info
    [PluginManager] Plugin 'plugin-3' v1.0.0 registered

      at PluginManager._log (src/infrastructure/plugins/PluginManager.js:483:21)

  console.info
    [PluginManager] Plugin 'plugin-4' v1.0.0 registered

      at PluginManager._log (src/infrastructure/plugins/PluginManager.js:483:21)

  console.info
    [PluginManager] Plugin 'plugin-5' v1.0.0 registered

      at PluginManager._log (src/infrastructure/plugins/PluginManager.js:483:21)

  console.info
    [PluginManager] Plugin 'plugin-6' v1.0.0 registered

      at PluginManager._log (src/infrastructure/plugins/PluginManager.js:483:21)

  console.info
    [PluginManager] Plugin 'plugin-0' enabled

      at PluginManager._log (src/infrastructure/plugins/PluginManager.js:483:21)

  console.info
    [PluginManager] Plugin 'plugin-1' enabled

      at PluginManager._log (src/infrastructure/plugins/PluginManager.js:483:21)

  console.info
    [PluginManager] Plugin 'plugin-2' enabled

      at PluginManager._log (src/infrastructure/plugins/PluginManager.js:483:21)

  console.info
    [PluginManager] Plugin 'plugin-3' enabled

      at PluginManager._log (src/infrastructure/plugins/PluginManager.js:483:21)

  console.info
    [PluginManager] Plugin 'plugin-4' enabled

      at PluginManager._log (src/infrastructure/plugins/PluginManager.js:483:21)

  console.info
    [PluginManager] Plugin 'plugin-5' enabled

      at PluginManager._log (src/infrastructure/plugins/PluginManager.js:483:21)

  console.info
    [PluginManager] Plugin 'plugin-6' enabled

      at PluginManager._log (src/infrastructure/plugins/PluginManager.js:483:21)

  console.info
    [PluginManager] Plugin 'plugin-6' disabled

      at PluginManager._log (src/infrastructure/plugins/PluginManager.js:483:21)

  console.info
    [PluginManager] Plugin 'plugin-5' disabled

      at PluginManager._log (src/infrastructure/plugins/PluginManager.js:483:21)

  console.info
    [PluginManager] Plugin 'plugin-4' disabled

      at PluginManager._log (src/infrastructure/plugins/PluginManager.js:483:21)

  console.info
    [PluginManager] Plugin 'plugin-3' disabled

      at PluginManager._log (src/infrastructure/plugins/PluginManager.js:483:21)

  console.info
    [PluginManager] Plugin 'plugin-2' disabled

      at PluginManager._log (src/infrastructure/plugins/PluginManager.js:483:21)

  console.info
    [PluginManager] Plugin 'plugin-1' disabled

      at PluginManager._log (src/infrastructure/plugins/PluginManager.js:483:21)

  console.info
    [PluginManager] Plugin 'plugin-0' disabled

      at PluginManager._log (src/infrastructure/plugins/PluginManager.js:483:21)

  console.info
    [PluginManager] Plugin 'plugin-0' v1.0.0 registered

      at PluginManager._log (src/infrastructure/plugins/PluginManager.js:483:21)

  console.info
    [PluginManager] Plugin 'plugin-1' v1.0.0 registered

      at PluginManager._log (src/infrastructure/plugins/PluginManager.js:483:21)

  console.info
    [PluginManager] Plugin 'plugin-0' enabled

      at PluginManager._log (src/infrastructure/plugins/PluginManager.js:483:21)

  console.info
    [PluginManager] Plugin 'plugin-1' enabled

      at PluginManager._log (src/infrastructure/plugins/PluginManager.js:483:21)

  console.info
    [PluginManager] Plugin 'plugin-1' disabled

      at PluginManager._log (src/infrastructure/plugins/PluginManager.js:483:21)

  console.info
    [PluginManager] Plugin 'plugin-0' disabled

      at PluginManager._log (src/infrastructure/plugins/PluginManager.js:483:21)

  console.info
    [PluginManager] Plugin 'plugin-0' v1.0.0 registered

      at PluginManager._log (src/infrastructure/plugins/PluginManager.js:483:21)

  console.info
    [PluginManager] Plugin 'plugin-1' v1.0.0 registered

      at PluginManager._log (src/infrastructure/plugins/PluginManager.js:483:21)

  console.info
    [PluginManager] Plugin 'plugin-0' enabled

      at PluginManager._log (src/infrastructure/plugins/PluginManager.js:483:21)

  console.info
    [PluginManager] Plugin 'plugin-1' enabled

      at PluginManager._log (src/infrastructure/plugins/PluginManager.js:483:21)

  console.info
    [PluginManager] Plugin 'plugin-1' disabled

      at PluginManager._log (src/infrastructure/plugins/PluginManager.js:483:21)

  console.info
    [PluginManager] Plugin 'plugin-0' disabled

      at PluginManager._log (src/infrastructure/plugins/PluginManager.js:483:21)

  console.info
    [PluginManager] Plugin 'plugin-0' v1.0.0 registered

      at PluginManager._log (src/infrastructure/plugins/PluginManager.js:483:21)

  console.info
    [PluginManager] Plugin 'plugin-1' v1.0.0 registered

      at PluginManager._log (src/infrastructure/plugins/PluginManager.js:483:21)

  console.info
    [PluginManager] Plugin 'plugin-2' v1.0.0 registered

      at PluginManager._log (src/infrastructure/plugins/PluginManager.js:483:21)

  console.info
    [PluginManager] Plugin 'plugin-3' v1.0.0 registered

      at PluginManager._log (src/infrastructure/plugins/PluginManager.js:483:21)

  console.info
    [PluginManager] Plugin 'plugin-4' v1.0.0 registered

      at PluginManager._log (src/infrastructure/plugins/PluginManager.js:483:21)

  console.info
    [PluginManager] Plugin 'plugin-5' v1.0.0 registered

      at PluginManager._log (src/infrastructure/plugins/PluginManager.js:483:21)

  console.info
    [PluginManager] Plugin 'plugin-6' v1.0.0 registered

      at PluginManager._log (src/infrastructure/plugins/PluginManager.js:483:21)

  console.info
    [PluginManager] Plugin 'plugin-0' enabled

      at PluginManager._log (src/infrastructure/plugins/PluginManager.js:483:21)

  console.info
    [PluginManager] Plugin 'plugin-1' enabled

      at PluginManager._log (src/infrastructure/plugins/PluginManager.js:483:21)

  console.info
    [PluginManager] Plugin 'plugin-2' enabled

      at PluginManager._log (src/infrastructure/plugins/PluginManager.js:483:21)

  console.info
    [PluginManager] Plugin 'plugin-3' enabled

      at PluginManager._log (src/infrastructure/plugins/PluginManager.js:483:21)

  console.info
    [PluginManager] Plugin 'plugin-4' enabled

      at PluginManager._log (src/infrastructure/plugins/PluginManager.js:483:21)

  console.info
    [PluginManager] Plugin 'plugin-5' enabled

      at PluginManager._log (src/infrastructure/plugins/PluginManager.js:483:21)

  console.info
    [PluginManager] Plugin 'plugin-6' enabled

      at PluginManager._log (src/infrastructure/plugins/PluginManager.js:483:21)

  console.info
    [PluginManager] Plugin 'plugin-6' disabled

      at PluginManager._log (src/infrastructure/plugins/PluginManager.js:483:21)

  console.info
    [PluginManager] Plugin 'plugin-5' disabled

      at PluginManager._log (src/infrastructure/plugins/PluginManager.js:483:21)

  console.info
    [PluginManager] Plugin 'plugin-4' disabled

      at PluginManager._log (src/infrastructure/plugins/PluginManager.js:483:21)

  console.info
    [PluginManager] Plugin 'plugin-3' disabled

      at PluginManager._log (src/infrastructure/plugins/PluginManager.js:483:21)

  console.info
    [PluginManager] Plugin 'plugin-2' disabled

      at PluginManager._log (src/infrastructure/plugins/PluginManager.js:483:21)

  console.info
    [PluginManager] Plugin 'plugin-1' disabled

      at PluginManager._log (src/infrastructure/plugins/PluginManager.js:483:21)

  console.info
    [PluginManager] Plugin 'plugin-0' disabled

      at PluginManager._log (src/infrastructure/plugins/PluginManager.js:483:21)

  console.info
    [PluginManager] Plugin 'plugin-0' v1.0.0 registered

      at PluginManager._log (src/infrastructure/plugins/PluginManager.js:483:21)

  console.info
    [PluginManager] Plugin 'plugin-1' v1.0.0 registered

      at PluginManager._log (src/infrastructure/plugins/PluginManager.js:483:21)

  console.info
    [PluginManager] Plugin 'plugin-2' v1.0.0 registered

      at PluginManager._log (src/infrastructure/plugins/PluginManager.js:483:21)

  console.info
    [PluginManager] Plugin 'plugin-3' v1.0.0 registered

      at PluginManager._log (src/infrastructure/plugins/PluginManager.js:483:21)

  console.info
    [PluginManager] Plugin 'plugin-4' v1.0.0 registered

      at PluginManager._log (src/infrastructure/plugins/PluginManager.js:483:21)

  console.info
    [PluginManager] Plugin 'plugin-0' enabled

      at PluginManager._log (src/infrastructure/plugins/PluginManager.js:483:21)

  console.info
    [PluginManager] Plugin 'plugin-1' enabled

      at PluginManager._log (src/infrastructure/plugins/PluginManager.js:483:21)

  console.info
    [PluginManager] Plugin 'plugin-2' enabled

      at PluginManager._log (src/infrastructure/plugins/PluginManager.js:483:21)

  console.info
    [PluginManager] Plugin 'plugin-3' enabled

      at PluginManager._log (src/infrastructure/plugins/PluginManager.js:483:21)

  console.info
    [PluginManager] Plugin 'plugin-4' enabled

      at PluginManager._log (src/infrastructure/plugins/PluginManager.js:483:21)

  console.info
    [PluginManager] Plugin 'plugin-4' disabled

      at PluginManager._log (src/infrastructure/plugins/PluginManager.js:483:21)

  console.info
    [PluginManager] Plugin 'plugin-3' disabled

      at PluginManager._log (src/infrastructure/plugins/PluginManager.js:483:21)

  console.info
    [PluginManager] Plugin 'plugin-2' disabled

      at PluginManager._log (src/infrastructure/plugins/PluginManager.js:483:21)

  console.info
    [PluginManager] Plugin 'plugin-1' disabled

      at PluginManager._log (src/infrastructure/plugins/PluginManager.js:483:21)

  console.info
    [PluginManager] Plugin 'plugin-0' disabled

      at PluginManager._log (src/infrastructure/plugins/PluginManager.js:483:21)

  console.info
    [PluginManager] Plugin 'plugin-0' v1.0.0 registered

      at PluginManager._log (src/infrastructure/plugins/PluginManager.js:483:21)

  console.info
    [PluginManager] Plugin 'plugin-1' v1.0.0 registered

      at PluginManager._log (src/infrastructure/plugins/PluginManager.js:483:21)

  console.info
    [PluginManager] Plugin 'plugin-2' v1.0.0 registered

      at PluginManager._log (src/infrastructure/plugins/PluginManager.js:483:21)

  console.info
    [PluginManager] Plugin 'plugin-0' enabled

      at PluginManager._log (src/infrastructure/plugins/PluginManager.js:483:21)

  console.info
    [PluginManager] Plugin 'plugin-1' enabled

      at PluginManager._log (src/infrastructure/plugins/PluginManager.js:483:21)

  console.info
    [PluginManager] Plugin 'plugin-2' enabled

      at PluginManager._log (src/infrastructure/plugins/PluginManager.js:483:21)

  console.info
    [PluginManager] Plugin 'plugin-2' disabled

      at PluginManager._log (src/infrastructure/plugins/PluginManager.js:483:21)

  console.info
    [PluginManager] Plugin 'plugin-1' disabled

      at PluginManager._log (src/infrastructure/plugins/PluginManager.js:483:21)

  console.info
    [PluginManager] Plugin 'plugin-0' disabled

      at PluginManager._log (src/infrastructure/plugins/PluginManager.js:483:21)

  console.info
    [PluginManager] Plugin 'plugin-0' v1.0.0 registered

      at PluginManager._log (src/infrastructure/plugins/PluginManager.js:483:21)

  console.info
    [PluginManager] Plugin 'plugin-1' v1.0.0 registered

      at PluginManager._log (src/infrastructure/plugins/PluginManager.js:483:21)

  console.info
    [PluginManager] Plugin 'plugin-2' v1.0.0 registered

      at PluginManager._log (src/infrastructure/plugins/PluginManager.js:483:21)

  console.info
    [PluginManager] Plugin 'plugin-3' v1.0.0 registered

      at PluginManager._log (src/infrastructure/plugins/PluginManager.js:483:21)

  console.info
    [PluginManager] Plugin 'plugin-4' v1.0.0 registered

      at PluginManager._log (src/infrastructure/plugins/PluginManager.js:483:21)

  console.info
    [PluginManager] Plugin 'plugin-5' v1.0.0 registered

      at PluginManager._log (src/infrastructure/plugins/PluginManager.js:483:21)

  console.info
    [PluginManager] Plugin 'plugin-0' enabled

      at PluginManager._log (src/infrastructure/plugins/PluginManager.js:483:21)

  console.info
    [PluginManager] Plugin 'plugin-1' enabled

      at PluginManager._log (src/infrastructure/plugins/PluginManager.js:483:21)

  console.info
    [PluginManager] Plugin 'plugin-2' enabled

      at PluginManager._log (src/infrastructure/plugins/PluginManager.js:483:21)

  console.info
    [PluginManager] Plugin 'plugin-3' enabled

      at PluginManager._log (src/infrastructure/plugins/PluginManager.js:483:21)

  console.info
    [PluginManager] Plugin 'plugin-4' enabled

      at PluginManager._log (src/infrastructure/plugins/PluginManager.js:483:21)

  console.info
    [PluginManager] Plugin 'plugin-5' enabled

      at PluginManager._log (src/infrastructure/plugins/PluginManager.js:483:21)

  console.info
    [PluginManager] Plugin 'plugin-5' disabled

      at PluginManager._log (src/infrastructure/plugins/PluginManager.js:483:21)

  console.info
    [PluginManager] Plugin 'plugin-4' disabled

      at PluginManager._log (src/infrastructure/plugins/PluginManager.js:483:21)

  console.info
    [PluginManager] Plugin 'plugin-3' disabled

      at PluginManager._log (src/infrastructure/plugins/PluginManager.js:483:21)

  console.info
    [PluginManager] Plugin 'plugin-2' disabled

      at PluginManager._log (src/infrastructure/plugins/PluginManager.js:483:21)

  console.info
    [PluginManager] Plugin 'plugin-1' disabled

      at PluginManager._log (src/infrastructure/plugins/PluginManager.js:483:21)

  console.info
    [PluginManager] Plugin 'plugin-0' disabled

      at PluginManager._log (src/infrastructure/plugins/PluginManager.js:483:21)

  console.info
    [PluginManager] Plugin 'plugin-0' v1.0.0 registered

      at PluginManager._log (src/infrastructure/plugins/PluginManager.js:483:21)

  console.info
    [PluginManager] Plugin 'plugin-1' v1.0.0 registered

      at PluginManager._log (src/infrastructure/plugins/PluginManager.js:483:21)

  console.info
    [PluginManager] Plugin 'plugin-2' v1.0.0 registered

      at PluginManager._log (src/infrastructure/plugins/PluginManager.js:483:21)

  console.info
    [PluginManager] Plugin 'plugin-3' v1.0.0 registered

      at PluginManager._log (src/infrastructure/plugins/PluginManager.js:483:21)

  console.info
    [PluginManager] Plugin 'plugin-4' v1.0.0 registered

      at PluginManager._log (src/infrastructure/plugins/PluginManager.js:483:21)

  console.info
    [PluginManager] Plugin 'plugin-5' v1.0.0 registered

      at PluginManager._log (src/infrastructure/plugins/PluginManager.js:483:21)

  console.info
    [PluginManager] Plugin 'plugin-0' enabled

      at PluginManager._log (src/infrastructure/plugins/PluginManager.js:483:21)

  console.info
    [PluginManager] Plugin 'plugin-1' enabled

      at PluginManager._log (src/infrastructure/plugins/PluginManager.js:483:21)

  console.info
    [PluginManager] Plugin 'plugin-2' enabled

      at PluginManager._log (src/infrastructure/plugins/PluginManager.js:483:21)

  console.info
    [PluginManager] Plugin 'plugin-3' enabled

      at PluginManager._log (src/infrastructure/plugins/PluginManager.js:483:21)

  console.info
    [PluginManager] Plugin 'plugin-4' enabled

      at PluginManager._log (src/infrastructure/plugins/PluginManager.js:483:21)

  console.info
    [PluginManager] Plugin 'plugin-5' enabled

      at PluginManager._log (src/infrastructure/plugins/PluginManager.js:483:21)

  console.info
    [PluginManager] Plugin 'plugin-5' disabled

      at PluginManager._log (src/infrastructure/plugins/PluginManager.js:483:21)

  console.info
    [PluginManager] Plugin 'plugin-4' disabled

      at PluginManager._log (src/infrastructure/plugins/PluginManager.js:483:21)

  console.info
    [PluginManager] Plugin 'plugin-3' disabled

      at PluginManager._log (src/infrastructure/plugins/PluginManager.js:483:21)

  console.info
    [PluginManager] Plugin 'plugin-2' disabled

      at PluginManager._log (src/infrastructure/plugins/PluginManager.js:483:21)

  console.info
    [PluginManager] Plugin 'plugin-1' disabled

      at PluginManager._log (src/infrastructure/plugins/PluginManager.js:483:21)

  console.info
    [PluginManager] Plugin 'plugin-0' disabled

      at PluginManager._log (src/infrastructure/plugins/PluginManager.js:483:21)

  console.info
    [PluginManager] Plugin 'plugin-0' v1.0.0 registered

      at PluginManager._log (src/infrastructure/plugins/PluginManager.js:483:21)

  console.info
    [PluginManager] Plugin 'plugin-1' v1.0.0 registered

      at PluginManager._log (src/infrastructure/plugins/PluginManager.js:483:21)

  console.info
    [PluginManager] Plugin 'plugin-2' v1.0.0 registered

      at PluginManager._log (src/infrastructure/plugins/PluginManager.js:483:21)

  console.info
    [PluginManager] Plugin 'plugin-3' v1.0.0 registered

      at PluginManager._log (src/infrastructure/plugins/PluginManager.js:483:21)

  console.info
    [PluginManager] Plugin 'plugin-4' v1.0.0 registered

      at PluginManager._log (src/infrastructure/plugins/PluginManager.js:483:21)

  console.info
    [PluginManager] Plugin 'plugin-5' v1.0.0 registered

      at PluginManager._log (src/infrastructure/plugins/PluginManager.js:483:21)

  console.info
    [PluginManager] Plugin 'plugin-0' enabled

      at PluginManager._log (src/infrastructure/plugins/PluginManager.js:483:21)

  console.info
    [PluginManager] Plugin 'plugin-1' enabled

      at PluginManager._log (src/infrastructure/plugins/PluginManager.js:483:21)

  console.info
    [PluginManager] Plugin 'plugin-2' enabled

      at PluginManager._log (src/infrastructure/plugins/PluginManager.js:483:21)

  console.info
    [PluginManager] Plugin 'plugin-3' enabled

      at PluginManager._log (src/infrastructure/plugins/PluginManager.js:483:21)

  console.info
    [PluginManager] Plugin 'plugin-4' enabled

      at PluginManager._log (src/infrastructure/plugins/PluginManager.js:483:21)

  console.info
    [PluginManager] Plugin 'plugin-5' enabled

      at PluginManager._log (src/infrastructure/plugins/PluginManager.js:483:21)

  console.info
    [PluginManager] Plugin 'plugin-5' disabled

      at PluginManager._log (src/infrastructure/plugins/PluginManager.js:483:21)

  console.info
    [PluginManager] Plugin 'plugin-4' disabled

      at PluginManager._log (src/infrastructure/plugins/PluginManager.js:483:21)

  console.info
    [PluginManager] Plugin 'plugin-3' disabled

      at PluginManager._log (src/infrastructure/plugins/PluginManager.js:483:21)

  console.info
    [PluginManager] Plugin 'plugin-2' disabled

      at PluginManager._log (src/infrastructure/plugins/PluginManager.js:483:21)

  console.info
    [PluginManager] Plugin 'plugin-1' disabled

      at PluginManager._log (src/infrastructure/plugins/PluginManager.js:483:21)

  console.info
    [PluginManager] Plugin 'plugin-0' disabled

      at PluginManager._log (src/infrastructure/plugins/PluginManager.js:483:21)

  console.info
    [PluginManager] Plugin 'plugin-0' v1.0.0 registered

      at PluginManager._log (src/infrastructure/plugins/PluginManager.js:483:21)

  console.info
    [PluginManager] Plugin 'plugin-1' v1.0.0 registered

      at PluginManager._log (src/infrastructure/plugins/PluginManager.js:483:21)

  console.info
    [PluginManager] Plugin 'plugin-2' v1.0.0 registered

      at PluginManager._log (src/infrastructure/plugins/PluginManager.js:483:21)

  console.info
    [PluginManager] Plugin 'plugin-3' v1.0.0 registered

      at PluginManager._log (src/infrastructure/plugins/PluginManager.js:483:21)

  console.info
    [PluginManager] Plugin 'plugin-4' v1.0.0 registered

      at PluginManager._log (src/infrastructure/plugins/PluginManager.js:483:21)

  console.info
    [PluginManager] Plugin 'plugin-5' v1.0.0 registered

      at PluginManager._log (src/infrastructure/plugins/PluginManager.js:483:21)

  console.info
    [PluginManager] Plugin 'plugin-6' v1.0.0 registered

      at PluginManager._log (src/infrastructure/plugins/PluginManager.js:483:21)

  console.info
    [PluginManager] Plugin 'plugin-0' enabled

      at PluginManager._log (src/infrastructure/plugins/PluginManager.js:483:21)

  console.info
    [PluginManager] Plugin 'plugin-1' enabled

      at PluginManager._log (src/infrastructure/plugins/PluginManager.js:483:21)

  console.info
    [PluginManager] Plugin 'plugin-2' enabled

      at PluginManager._log (src/infrastructure/plugins/PluginManager.js:483:21)

  console.info
    [PluginManager] Plugin 'plugin-3' enabled

      at PluginManager._log (src/infrastructure/plugins/PluginManager.js:483:21)

  console.info
    [PluginManager] Plugin 'plugin-4' enabled

      at PluginManager._log (src/infrastructure/plugins/PluginManager.js:483:21)

  console.info
    [PluginManager] Plugin 'plugin-5' enabled

      at PluginManager._log (src/infrastructure/plugins/PluginManager.js:483:21)

  console.info
    [PluginManager] Plugin 'plugin-6' enabled

      at PluginManager._log (src/infrastructure/plugins/PluginManager.js:483:21)

  console.info
    [PluginManager] Plugin 'plugin-6' disabled

      at PluginManager._log (src/infrastructure/plugins/PluginManager.js:483:21)

  console.info
    [PluginManager] Plugin 'plugin-5' disabled

      at PluginManager._log (src/infrastructure/plugins/PluginManager.js:483:21)

  console.info
    [PluginManager] Plugin 'plugin-4' disabled

      at PluginManager._log (src/infrastructure/plugins/PluginManager.js:483:21)

  console.info
    [PluginManager] Plugin 'plugin-3' disabled

      at PluginManager._log (src/infrastructure/plugins/PluginManager.js:483:21)

  console.info
    [PluginManager] Plugin 'plugin-2' disabled

      at PluginManager._log (src/infrastructure/plugins/PluginManager.js:483:21)

  console.info
    [PluginManager] Plugin 'plugin-1' disabled

      at PluginManager._log (src/infrastructure/plugins/PluginManager.js:483:21)

  console.info
    [PluginManager] Plugin 'plugin-0' disabled

      at PluginManager._log (src/infrastructure/plugins/PluginManager.js:483:21)

  console.info
    [PluginManager] Plugin 'plugin-0' v1.0.0 registered

      at PluginManager._log (src/infrastructure/plugins/PluginManager.js:483:21)

  console.info
    [PluginManager] Plugin 'plugin-1' v1.0.0 registered

      at PluginManager._log (src/infrastructure/plugins/PluginManager.js:483:21)

  console.info
    [PluginManager] Plugin 'plugin-2' v1.0.0 registered

      at PluginManager._log (src/infrastructure/plugins/PluginManager.js:483:21)

  console.info
    [PluginManager] Plugin 'plugin-3' v1.0.0 registered

      at PluginManager._log (src/infrastructure/plugins/PluginManager.js:483:21)

  console.info
    [PluginManager] Plugin 'plugin-0' enabled

      at PluginManager._log (src/infrastructure/plugins/PluginManager.js:483:21)

  console.info
    [PluginManager] Plugin 'plugin-1' enabled

      at PluginManager._log (src/infrastructure/plugins/PluginManager.js:483:21)

  console.info
    [PluginManager] Plugin 'plugin-2' enabled

      at PluginManager._log (src/infrastructure/plugins/PluginManager.js:483:21)

  console.info
    [PluginManager] Plugin 'plugin-3' enabled

      at PluginManager._log (src/infrastructure/plugins/PluginManager.js:483:21)

  console.info
    [PluginManager] Plugin 'plugin-3' disabled

      at PluginManager._log (src/infrastructure/plugins/PluginManager.js:483:21)

  console.info
    [PluginManager] Plugin 'plugin-2' disabled

      at PluginManager._log (src/infrastructure/plugins/PluginManager.js:483:21)

  console.info
    [PluginManager] Plugin 'plugin-1' disabled

      at PluginManager._log (src/infrastructure/plugins/PluginManager.js:483:21)

  console.info
    [PluginManager] Plugin 'plugin-0' disabled

      at PluginManager._log (src/infrastructure/plugins/PluginManager.js:483:21)

  console.info
    [PluginManager] Plugin 'plugin-0' v1.0.0 registered

      at PluginManager._log (src/infrastructure/plugins/PluginManager.js:483:21)

  console.info
    [PluginManager] Plugin 'plugin-1' v1.0.0 registered

      at PluginManager._log (src/infrastructure/plugins/PluginManager.js:483:21)

  console.info
    [PluginManager] Plugin 'plugin-2' v1.0.0 registered

      at PluginManager._log (src/infrastructure/plugins/PluginManager.js:483:21)

  console.info
    [PluginManager] Plugin 'plugin-3' v1.0.0 registered

      at PluginManager._log (src/infrastructure/plugins/PluginManager.js:483:21)

  console.info
    [PluginManager] Plugin 'plugin-4' v1.0.0 registered

      at PluginManager._log (src/infrastructure/plugins/PluginManager.js:483:21)

  console.info
    [PluginManager] Plugin 'plugin-5' v1.0.0 registered

      at PluginManager._log (src/infrastructure/plugins/PluginManager.js:483:21)

  console.info
    [PluginManager] Plugin 'plugin-0' enabled

      at PluginManager._log (src/infrastructure/plugins/PluginManager.js:483:21)

  console.info
    [PluginManager] Plugin 'plugin-1' enabled

      at PluginManager._log (src/infrastructure/plugins/PluginManager.js:483:21)

  console.info
    [PluginManager] Plugin 'plugin-2' enabled

      at PluginManager._log (src/infrastructure/plugins/PluginManager.js:483:21)

  console.info
    [PluginManager] Plugin 'plugin-3' enabled

      at PluginManager._log (src/infrastructure/plugins/PluginManager.js:483:21)

  console.info
    [PluginManager] Plugin 'plugin-4' enabled

      at PluginManager._log (src/infrastructure/plugins/PluginManager.js:483:21)

  console.info
    [PluginManager] Plugin 'plugin-5' enabled

      at PluginManager._log (src/infrastructure/plugins/PluginManager.js:483:21)

  console.info
    [PluginManager] Plugin 'plugin-5' disabled

      at PluginManager._log (src/infrastructure/plugins/PluginManager.js:483:21)

  console.info
    [PluginManager] Plugin 'plugin-4' disabled

      at PluginManager._log (src/infrastructure/plugins/PluginManager.js:483:21)

  console.info
    [PluginManager] Plugin 'plugin-3' disabled

      at PluginManager._log (src/infrastructure/plugins/PluginManager.js:483:21)

  console.info
    [PluginManager] Plugin 'plugin-2' disabled

      at PluginManager._log (src/infrastructure/plugins/PluginManager.js:483:21)

  console.info
    [PluginManager] Plugin 'plugin-1' disabled

      at PluginManager._log (src/infrastructure/plugins/PluginManager.js:483:21)

  console.info
    [PluginManager] Plugin 'plugin-0' disabled

      at PluginManager._log (src/infrastructure/plugins/PluginManager.js:483:21)

  console.info
    [PluginManager] Plugin 'plugin-0' v1.0.0 registered

      at PluginManager._log (src/infrastructure/plugins/PluginManager.js:483:21)

  console.info
    [PluginManager] Plugin 'plugin-1' v1.0.0 registered

      at PluginManager._log (src/infrastructure/plugins/PluginManager.js:483:21)

  console.info
    [PluginManager] Plugin 'plugin-2' v1.0.0 registered

      at PluginManager._log (src/infrastructure/plugins/PluginManager.js:483:21)

  console.info
    [PluginManager] Plugin 'plugin-3' v1.0.0 registered

      at PluginManager._log (src/infrastructure/plugins/PluginManager.js:483:21)

  console.info
    [PluginManager] Plugin 'plugin-0' enabled

      at PluginManager._log (src/infrastructure/plugins/PluginManager.js:483:21)

  console.info
    [PluginManager] Plugin 'plugin-1' enabled

      at PluginManager._log (src/infrastructure/plugins/PluginManager.js:483:21)

  console.info
    [PluginManager] Plugin 'plugin-2' enabled

      at PluginManager._log (src/infrastructure/plugins/PluginManager.js:483:21)

  console.info
    [PluginManager] Plugin 'plugin-3' enabled

      at PluginManager._log (src/infrastructure/plugins/PluginManager.js:483:21)

  console.info
    [PluginManager] Plugin 'plugin-3' disabled

      at PluginManager._log (src/infrastructure/plugins/PluginManager.js:483:21)

  console.info
    [PluginManager] Plugin 'plugin-2' disabled

      at PluginManager._log (src/infrastructure/plugins/PluginManager.js:483:21)

  console.info
    [PluginManager] Plugin 'plugin-1' disabled

      at PluginManager._log (src/infrastructure/plugins/PluginManager.js:483:21)

  console.info
    [PluginManager] Plugin 'plugin-0' disabled

      at PluginManager._log (src/infrastructure/plugins/PluginManager.js:483:21)

  console.info
    [PluginManager] Plugin 'plugin-0' v1.0.0 registered

      at PluginManager._log (src/infrastructure/plugins/PluginManager.js:483:21)

  console.info
    [PluginManager] Plugin 'plugin-1' v1.0.0 registered

      at PluginManager._log (src/infrastructure/plugins/PluginManager.js:483:21)

  console.info
    [PluginManager] Plugin 'plugin-2' v1.0.0 registered

      at PluginManager._log (src/infrastructure/plugins/PluginManager.js:483:21)

  console.info
    [PluginManager] Plugin 'plugin-3' v1.0.0 registered

      at PluginManager._log (src/infrastructure/plugins/PluginManager.js:483:21)

  console.info
    [PluginManager] Plugin 'plugin-0' enabled

      at PluginManager._log (src/infrastructure/plugins/PluginManager.js:483:21)

  console.info
    [PluginManager] Plugin 'plugin-1' enabled

      at PluginManager._log (src/infrastructure/plugins/PluginManager.js:483:21)

  console.info
    [PluginManager] Plugin 'plugin-2' enabled

      at PluginManager._log (src/infrastructure/plugins/PluginManager.js:483:21)

  console.info
    [PluginManager] Plugin 'plugin-3' enabled

      at PluginManager._log (src/infrastructure/plugins/PluginManager.js:483:21)

  console.info
    [PluginManager] Plugin 'plugin-3' disabled

      at PluginManager._log (src/infrastructure/plugins/PluginManager.js:483:21)

  console.info
    [PluginManager] Plugin 'plugin-2' disabled

      at PluginManager._log (src/infrastructure/plugins/PluginManager.js:483:21)

  console.info
    [PluginManager] Plugin 'plugin-1' disabled

      at PluginManager._log (src/infrastructure/plugins/PluginManager.js:483:21)

  console.info
    [PluginManager] Plugin 'plugin-0' disabled

      at PluginManager._log (src/infrastructure/plugins/PluginManager.js:483:21)

  console.info
    [PluginManager] Plugin 'plugin-0' v1.0.0 registered

      at PluginManager._log (src/infrastructure/plugins/PluginManager.js:483:21)

  console.info
    [PluginManager] Plugin 'plugin-1' v1.0.0 registered

      at PluginManager._log (src/infrastructure/plugins/PluginManager.js:483:21)

  console.info
    [PluginManager] Plugin 'plugin-0' enabled

      at PluginManager._log (src/infrastructure/plugins/PluginManager.js:483:21)

  console.info
    [PluginManager] Plugin 'plugin-1' enabled

      at PluginManager._log (src/infrastructure/plugins/PluginManager.js:483:21)

  console.info
    [PluginManager] Plugin 'plugin-1' disabled

      at PluginManager._log (src/infrastructure/plugins/PluginManager.js:483:21)

  console.info
    [PluginManager] Plugin 'plugin-0' disabled

      at PluginManager._log (src/infrastructure/plugins/PluginManager.js:483:21)

  console.info
    [PluginManager] Plugin 'plugin-0' v1.0.0 registered

      at PluginManager._log (src/infrastructure/plugins/PluginManager.js:483:21)

  console.info
    [PluginManager] Plugin 'plugin-1' v1.0.0 registered

      at PluginManager._log (src/infrastructure/plugins/PluginManager.js:483:21)

  console.info
    [PluginManager] Plugin 'plugin-0' enabled

      at PluginManager._log (src/infrastructure/plugins/PluginManager.js:483:21)

  console.info
    [PluginManager] Plugin 'plugin-1' enabled

      at PluginManager._log (src/infrastructure/plugins/PluginManager.js:483:21)

  console.info
    [PluginManager] Plugin 'plugin-1' disabled

      at PluginManager._log (src/infrastructure/plugins/PluginManager.js:483:21)

  console.info
    [PluginManager] Plugin 'plugin-0' disabled

      at PluginManager._log (src/infrastructure/plugins/PluginManager.js:483:21)

  console.info
    [PluginManager] Plugin 'plugin-0' v1.0.0 registered

      at PluginManager._log (src/infrastructure/plugins/PluginManager.js:483:21)

  console.info
    [PluginManager] Plugin 'plugin-1' v1.0.0 registered

      at PluginManager._log (src/infrastructure/plugins/PluginManager.js:483:21)

  console.info
    [PluginManager] Plugin 'plugin-0' enabled

      at PluginManager._log (src/infrastructure/plugins/PluginManager.js:483:21)

  console.info
    [PluginManager] Plugin 'plugin-1' enabled

      at PluginManager._log (src/infrastructure/plugins/PluginManager.js:483:21)

  console.info
    [PluginManager] Plugin 'plugin-1' disabled

      at PluginManager._log (src/infrastructure/plugins/PluginManager.js:483:21)

  console.info
    [PluginManager] Plugin 'plugin-0' disabled

      at PluginManager._log (src/infrastructure/plugins/PluginManager.js:483:21)

  console.info
    [PluginManager] Plugin 'plugin-0' v1.0.0 registered

      at PluginManager._log (src/infrastructure/plugins/PluginManager.js:483:21)

  console.info
    [PluginManager] Plugin 'plugin-1' v1.0.0 registered

      at PluginManager._log (src/infrastructure/plugins/PluginManager.js:483:21)

  console.info
    [PluginManager] Plugin 'plugin-2' v1.0.0 registered

      at PluginManager._log (src/infrastructure/plugins/PluginManager.js:483:21)

  console.info
    [PluginManager] Plugin 'plugin-3' v1.0.0 registered

      at PluginManager._log (src/infrastructure/plugins/PluginManager.js:483:21)

  console.info
    [PluginManager] Plugin 'plugin-4' v1.0.0 registered

      at PluginManager._log (src/infrastructure/plugins/PluginManager.js:483:21)

  console.info
    [PluginManager] Plugin 'plugin-5' v1.0.0 registered

      at PluginManager._log (src/infrastructure/plugins/PluginManager.js:483:21)

  console.info
    [PluginManager] Plugin 'plugin-0' enabled

      at PluginManager._log (src/infrastructure/plugins/PluginManager.js:483:21)

  console.info
    [PluginManager] Plugin 'plugin-1' enabled

      at PluginManager._log (src/infrastructure/plugins/PluginManager.js:483:21)

  console.info
    [PluginManager] Plugin 'plugin-2' enabled

      at PluginManager._log (src/infrastructure/plugins/PluginManager.js:483:21)

  console.info
    [PluginManager] Plugin 'plugin-3' enabled

      at PluginManager._log (src/infrastructure/plugins/PluginManager.js:483:21)

  console.info
    [PluginManager] Plugin 'plugin-4' enabled

      at PluginManager._log (src/infrastructure/plugins/PluginManager.js:483:21)

  console.info
    [PluginManager] Plugin 'plugin-5' enabled

      at PluginManager._log (src/infrastructure/plugins/PluginManager.js:483:21)

  console.info
    [PluginManager] Plugin 'plugin-5' disabled

      at PluginManager._log (src/infrastructure/plugins/PluginManager.js:483:21)

  console.info
    [PluginManager] Plugin 'plugin-4' disabled

      at PluginManager._log (src/infrastructure/plugins/PluginManager.js:483:21)

  console.info
    [PluginManager] Plugin 'plugin-3' disabled

      at PluginManager._log (src/infrastructure/plugins/PluginManager.js:483:21)

  console.info
    [PluginManager] Plugin 'plugin-2' disabled

      at PluginManager._log (src/infrastructure/plugins/PluginManager.js:483:21)

  console.info
    [PluginManager] Plugin 'plugin-1' disabled

      at PluginManager._log (src/infrastructure/plugins/PluginManager.js:483:21)

  console.info
    [PluginManager] Plugin 'plugin-0' disabled

      at PluginManager._log (src/infrastructure/plugins/PluginManager.js:483:21)

  console.info
    [PluginManager] Plugin 'plugin-0' v1.0.0 registered

      at PluginManager._log (src/infrastructure/plugins/PluginManager.js:483:21)

  console.info
    [PluginManager] Plugin 'plugin-1' v1.0.0 registered

      at PluginManager._log (src/infrastructure/plugins/PluginManager.js:483:21)

  console.info
    [PluginManager] Plugin 'plugin-2' v1.0.0 registered

      at PluginManager._log (src/infrastructure/plugins/PluginManager.js:483:21)

  console.info
    [PluginManager] Plugin 'plugin-3' v1.0.0 registered

      at PluginManager._log (src/infrastructure/plugins/PluginManager.js:483:21)

  console.info
    [PluginManager] Plugin 'plugin-4' v1.0.0 registered

      at PluginManager._log (src/infrastructure/plugins/PluginManager.js:483:21)

  console.info
    [PluginManager] Plugin 'plugin-5' v1.0.0 registered

      at PluginManager._log (src/infrastructure/plugins/PluginManager.js:483:21)

  console.info
    [PluginManager] Plugin 'plugin-6' v1.0.0 registered

      at PluginManager._log (src/infrastructure/plugins/PluginManager.js:483:21)

  console.info
    [PluginManager] Plugin 'plugin-7' v1.0.0 registered

      at PluginManager._log (src/infrastructure/plugins/PluginManager.js:483:21)

  console.info
    [PluginManager] Plugin 'plugin-0' enabled

      at PluginManager._log (src/infrastructure/plugins/PluginManager.js:483:21)

  console.info
    [PluginManager] Plugin 'plugin-1' enabled

      at PluginManager._log (src/infrastructure/plugins/PluginManager.js:483:21)

  console.info
    [PluginManager] Plugin 'plugin-2' enabled

      at PluginManager._log (src/infrastructure/plugins/PluginManager.js:483:21)

  console.info
    [PluginManager] Plugin 'plugin-3' enabled

      at PluginManager._log (src/infrastructure/plugins/PluginManager.js:483:21)

  console.info
    [PluginManager] Plugin 'plugin-4' enabled

      at PluginManager._log (src/infrastructure/plugins/PluginManager.js:483:21)

  console.info
    [PluginManager] Plugin 'plugin-5' enabled

      at PluginManager._log (src/infrastructure/plugins/PluginManager.js:483:21)

  console.info
    [PluginManager] Plugin 'plugin-6' enabled

      at PluginManager._log (src/infrastructure/plugins/PluginManager.js:483:21)

  console.info
    [PluginManager] Plugin 'plugin-7' enabled

      at PluginManager._log (src/infrastructure/plugins/PluginManager.js:483:21)

  console.info
    [PluginManager] Plugin 'plugin-7' disabled

      at PluginManager._log (src/infrastructure/plugins/PluginManager.js:483:21)

  console.info
    [PluginManager] Plugin 'plugin-6' disabled

      at PluginManager._log (src/infrastructure/plugins/PluginManager.js:483:21)

  console.info
    [PluginManager] Plugin 'plugin-5' disabled

      at PluginManager._log (src/infrastructure/plugins/PluginManager.js:483:21)

  console.info
    [PluginManager] Plugin 'plugin-4' disabled

      at PluginManager._log (src/infrastructure/plugins/PluginManager.js:483:21)

  console.info
    [PluginManager] Plugin 'plugin-3' disabled

      at PluginManager._log (src/infrastructure/plugins/PluginManager.js:483:21)

  console.info
    [PluginManager] Plugin 'plugin-2' disabled

      at PluginManager._log (src/infrastructure/plugins/PluginManager.js:483:21)

  console.info
    [PluginManager] Plugin 'plugin-1' disabled

      at PluginManager._log (src/infrastructure/plugins/PluginManager.js:483:21)

  console.info
    [PluginManager] Plugin 'plugin-0' disabled

      at PluginManager._log (src/infrastructure/plugins/PluginManager.js:483:21)

  console.info
    [PluginManager] Plugin 'plugin-0' v1.0.0 registered

      at PluginManager._log (src/infrastructure/plugins/PluginManager.js:483:21)

  console.info
    [PluginManager] Plugin 'plugin-1' v1.0.0 registered

      at PluginManager._log (src/infrastructure/plugins/PluginManager.js:483:21)

  console.info
    [PluginManager] Plugin 'plugin-2' v1.0.0 registered

      at PluginManager._log (src/infrastructure/plugins/PluginManager.js:483:21)

  console.info
    [PluginManager] Plugin 'plugin-3' v1.0.0 registered

      at PluginManager._log (src/infrastructure/plugins/PluginManager.js:483:21)

  console.info
    [PluginManager] Plugin 'plugin-4' v1.0.0 registered

      at PluginManager._log (src/infrastructure/plugins/PluginManager.js:483:21)

  console.info
    [PluginManager] Plugin 'plugin-5' v1.0.0 registered

      at PluginManager._log (src/infrastructure/plugins/PluginManager.js:483:21)

  console.info
    [PluginManager] Plugin 'plugin-6' v1.0.0 registered

      at PluginManager._log (src/infrastructure/plugins/PluginManager.js:483:21)

  console.info
    [PluginManager] Plugin 'plugin-0' enabled

      at PluginManager._log (src/infrastructure/plugins/PluginManager.js:483:21)

  console.info
    [PluginManager] Plugin 'plugin-1' enabled

      at PluginManager._log (src/infrastructure/plugins/PluginManager.js:483:21)

  console.info
    [PluginManager] Plugin 'plugin-2' enabled

      at PluginManager._log (src/infrastructure/plugins/PluginManager.js:483:21)

  console.info
    [PluginManager] Plugin 'plugin-3' enabled

      at PluginManager._log (src/infrastructure/plugins/PluginManager.js:483:21)

  console.info
    [PluginManager] Plugin 'plugin-4' enabled

      at PluginManager._log (src/infrastructure/plugins/PluginManager.js:483:21)

  console.info
    [PluginManager] Plugin 'plugin-5' enabled

      at PluginManager._log (src/infrastructure/plugins/PluginManager.js:483:21)

  console.info
    [PluginManager] Plugin 'plugin-6' enabled

      at PluginManager._log (src/infrastructure/plugins/PluginManager.js:483:21)

  console.info
    [PluginManager] Plugin 'plugin-6' disabled

      at PluginManager._log (src/infrastructure/plugins/PluginManager.js:483:21)

  console.info
    [PluginManager] Plugin 'plugin-5' disabled

      at PluginManager._log (src/infrastructure/plugins/PluginManager.js:483:21)

  console.info
    [PluginManager] Plugin 'plugin-4' disabled

      at PluginManager._log (src/infrastructure/plugins/PluginManager.js:483:21)

  console.info
    [PluginManager] Plugin 'plugin-3' disabled

      at PluginManager._log (src/infrastructure/plugins/PluginManager.js:483:21)

  console.info
    [PluginManager] Plugin 'plugin-2' disabled

      at PluginManager._log (src/infrastructure/plugins/PluginManager.js:483:21)

  console.info
    [PluginManager] Plugin 'plugin-1' disabled

      at PluginManager._log (src/infrastructure/plugins/PluginManager.js:483:21)

  console.info
    [PluginManager] Plugin 'plugin-0' disabled

      at PluginManager._log (src/infrastructure/plugins/PluginManager.js:483:21)

  console.info
    [PluginManager] Plugin 'plugin-0' v1.0.0 registered

      at PluginManager._log (src/infrastructure/plugins/PluginManager.js:483:21)

  console.info
    [PluginManager] Plugin 'plugin-1' v1.0.0 registered

      at PluginManager._log (src/infrastructure/plugins/PluginManager.js:483:21)

  console.info
    [PluginManager] Plugin 'plugin-2' v1.0.0 registered

      at PluginManager._log (src/infrastructure/plugins/PluginManager.js:483:21)

  console.info
    [PluginManager] Plugin 'plugin-3' v1.0.0 registered

      at PluginManager._log (src/infrastructure/plugins/PluginManager.js:483:21)

  console.info
    [PluginManager] Plugin 'plugin-4' v1.0.0 registered

      at PluginManager._log (src/infrastructure/plugins/PluginManager.js:483:21)

  console.info
    [PluginManager] Plugin 'plugin-5' v1.0.0 registered

      at PluginManager._log (src/infrastructure/plugins/PluginManager.js:483:21)

  console.info
    [PluginManager] Plugin 'plugin-0' enabled

      at PluginManager._log (src/infrastructure/plugins/PluginManager.js:483:21)

  console.info
    [PluginManager] Plugin 'plugin-1' enabled

      at PluginManager._log (src/infrastructure/plugins/PluginManager.js:483:21)

  console.info
    [PluginManager] Plugin 'plugin-2' enabled

      at PluginManager._log (src/infrastructure/plugins/PluginManager.js:483:21)

  console.info
    [PluginManager] Plugin 'plugin-3' enabled

      at PluginManager._log (src/infrastructure/plugins/PluginManager.js:483:21)

  console.info
    [PluginManager] Plugin 'plugin-4' enabled

      at PluginManager._log (src/infrastructure/plugins/PluginManager.js:483:21)

  console.info
    [PluginManager] Plugin 'plugin-5' enabled

      at PluginManager._log (src/infrastructure/plugins/PluginManager.js:483:21)

  console.info
    [PluginManager] Plugin 'plugin-5' disabled

      at PluginManager._log (src/infrastructure/plugins/PluginManager.js:483:21)

  console.info
    [PluginManager] Plugin 'plugin-4' disabled

      at PluginManager._log (src/infrastructure/plugins/PluginManager.js:483:21)

  console.info
    [PluginManager] Plugin 'plugin-3' disabled

      at PluginManager._log (src/infrastructure/plugins/PluginManager.js:483:21)

  console.info
    [PluginManager] Plugin 'plugin-2' disabled

      at PluginManager._log (src/infrastructure/plugins/PluginManager.js:483:21)

  console.info
    [PluginManager] Plugin 'plugin-1' disabled

      at PluginManager._log (src/infrastructure/plugins/PluginManager.js:483:21)

  console.info
    [PluginManager] Plugin 'plugin-0' disabled

      at PluginManager._log (src/infrastructure/plugins/PluginManager.js:483:21)

  console.info
    [PluginManager] Plugin 'plugin-0' v1.0.0 registered

      at PluginManager._log (src/infrastructure/plugins/PluginManager.js:483:21)

  console.info
    [PluginManager] Plugin 'plugin-1' v1.0.0 registered

      at PluginManager._log (src/infrastructure/plugins/PluginManager.js:483:21)

  console.info
    [PluginManager] Plugin 'plugin-2' v1.0.0 registered

      at PluginManager._log (src/infrastructure/plugins/PluginManager.js:483:21)

  console.info
    [PluginManager] Plugin 'plugin-3' v1.0.0 registered

      at PluginManager._log (src/infrastructure/plugins/PluginManager.js:483:21)

  console.info
    [PluginManager] Plugin 'plugin-4' v1.0.0 registered

      at PluginManager._log (src/infrastructure/plugins/PluginManager.js:483:21)

  console.info
    [PluginManager] Plugin 'plugin-5' v1.0.0 registered

      at PluginManager._log (src/infrastructure/plugins/PluginManager.js:483:21)

  console.info
    [PluginManager] Plugin 'plugin-6' v1.0.0 registered

      at PluginManager._log (src/infrastructure/plugins/PluginManager.js:483:21)

  console.info
    [PluginManager] Plugin 'plugin-7' v1.0.0 registered

      at PluginManager._log (src/infrastructure/plugins/PluginManager.js:483:21)

  console.info
    [PluginManager] Plugin 'plugin-0' enabled

      at PluginManager._log (src/infrastructure/plugins/PluginManager.js:483:21)

  console.info
    [PluginManager] Plugin 'plugin-1' enabled

      at PluginManager._log (src/infrastructure/plugins/PluginManager.js:483:21)

  console.info
    [PluginManager] Plugin 'plugin-2' enabled

      at PluginManager._log (src/infrastructure/plugins/PluginManager.js:483:21)

  console.info
    [PluginManager] Plugin 'plugin-3' enabled

      at PluginManager._log (src/infrastructure/plugins/PluginManager.js:483:21)

  console.info
    [PluginManager] Plugin 'plugin-4' enabled

      at PluginManager._log (src/infrastructure/plugins/PluginManager.js:483:21)

  console.info
    [PluginManager] Plugin 'plugin-5' enabled

      at PluginManager._log (src/infrastructure/plugins/PluginManager.js:483:21)

  console.info
    [PluginManager] Plugin 'plugin-6' enabled

      at PluginManager._log (src/infrastructure/plugins/PluginManager.js:483:21)

  console.info
    [PluginManager] Plugin 'plugin-7' enabled

      at PluginManager._log (src/infrastructure/plugins/PluginManager.js:483:21)

  console.info
    [PluginManager] Plugin 'plugin-7' disabled

      at PluginManager._log (src/infrastructure/plugins/PluginManager.js:483:21)

  console.info
    [PluginManager] Plugin 'plugin-6' disabled

      at PluginManager._log (src/infrastructure/plugins/PluginManager.js:483:21)

  console.info
    [PluginManager] Plugin 'plugin-5' disabled

      at PluginManager._log (src/infrastructure/plugins/PluginManager.js:483:21)

  console.info
    [PluginManager] Plugin 'plugin-4' disabled

      at PluginManager._log (src/infrastructure/plugins/PluginManager.js:483:21)

  console.info
    [PluginManager] Plugin 'plugin-3' disabled

      at PluginManager._log (src/infrastructure/plugins/PluginManager.js:483:21)

  console.info
    [PluginManager] Plugin 'plugin-2' disabled

      at PluginManager._log (src/infrastructure/plugins/PluginManager.js:483:21)

  console.info
    [PluginManager] Plugin 'plugin-1' disabled

      at PluginManager._log (src/infrastructure/plugins/PluginManager.js:483:21)

  console.info
    [PluginManager] Plugin 'plugin-0' disabled

      at PluginManager._log (src/infrastructure/plugins/PluginManager.js:483:21)

  console.info
    [PluginManager] Plugin 'plugin-0' v1.0.0 registered

      at PluginManager._log (src/infrastructure/plugins/PluginManager.js:483:21)

  console.info
    [PluginManager] Plugin 'plugin-1' v1.0.0 registered

      at PluginManager._log (src/infrastructure/plugins/PluginManager.js:483:21)

  console.info
    [PluginManager] Plugin 'plugin-2' v1.0.0 registered

      at PluginManager._log (src/infrastructure/plugins/PluginManager.js:483:21)

  console.info
    [PluginManager] Plugin 'plugin-3' v1.0.0 registered

      at PluginManager._log (src/infrastructure/plugins/PluginManager.js:483:21)

  console.info
    [PluginManager] Plugin 'plugin-0' enabled

      at PluginManager._log (src/infrastructure/plugins/PluginManager.js:483:21)

  console.info
    [PluginManager] Plugin 'plugin-1' enabled

      at PluginManager._log (src/infrastructure/plugins/PluginManager.js:483:21)

  console.info
    [PluginManager] Plugin 'plugin-2' enabled

      at PluginManager._log (src/infrastructure/plugins/PluginManager.js:483:21)

  console.info
    [PluginManager] Plugin 'plugin-3' enabled

      at PluginManager._log (src/infrastructure/plugins/PluginManager.js:483:21)

  console.info
    [PluginManager] Plugin 'plugin-3' disabled

      at PluginManager._log (src/infrastructure/plugins/PluginManager.js:483:21)

  console.info
    [PluginManager] Plugin 'plugin-2' disabled

      at PluginManager._log (src/infrastructure/plugins/PluginManager.js:483:21)

  console.info
    [PluginManager] Plugin 'plugin-1' disabled

      at PluginManager._log (src/infrastructure/plugins/PluginManager.js:483:21)

  console.info
    [PluginManager] Plugin 'plugin-0' disabled

      at PluginManager._log (src/infrastructure/plugins/PluginManager.js:483:21)

  console.info
    [PluginManager] Plugin 'plugin-0' v1.0.0 registered

      at PluginManager._log (src/infrastructure/plugins/PluginManager.js:483:21)

  console.info
    [PluginManager] Plugin 'plugin-1' v1.0.0 registered

      at PluginManager._log (src/infrastructure/plugins/PluginManager.js:483:21)

  console.info
    [PluginManager] Plugin 'plugin-2' v1.0.0 registered

      at PluginManager._log (src/infrastructure/plugins/PluginManager.js:483:21)

  console.info
    [PluginManager] Plugin 'plugin-3' v1.0.0 registered

      at PluginManager._log (src/infrastructure/plugins/PluginManager.js:483:21)

  console.info
    [PluginManager] Plugin 'plugin-0' enabled

      at PluginManager._log (src/infrastructure/plugins/PluginManager.js:483:21)

  console.info
    [PluginManager] Plugin 'plugin-1' enabled

      at PluginManager._log (src/infrastructure/plugins/PluginManager.js:483:21)

  console.info
    [PluginManager] Plugin 'plugin-2' enabled

      at PluginManager._log (src/infrastructure/plugins/PluginManager.js:483:21)

  console.info
    [PluginManager] Plugin 'plugin-3' enabled

      at PluginManager._log (src/infrastructure/plugins/PluginManager.js:483:21)

  console.info
    [PluginManager] Plugin 'plugin-3' disabled

      at PluginManager._log (src/infrastructure/plugins/PluginManager.js:483:21)

  console.info
    [PluginManager] Plugin 'plugin-2' disabled

      at PluginManager._log (src/infrastructure/plugins/PluginManager.js:483:21)

  console.info
    [PluginManager] Plugin 'plugin-1' disabled

      at PluginManager._log (src/infrastructure/plugins/PluginManager.js:483:21)

  console.info
    [PluginManager] Plugin 'plugin-0' disabled

      at PluginManager._log (src/infrastructure/plugins/PluginManager.js:483:21)

  console.info
    [PluginManager] Plugin 'plugin-0' v1.0.0 registered

      at PluginManager._log (src/infrastructure/plugins/PluginManager.js:483:21)

  console.info
    [PluginManager] Plugin 'plugin-1' v1.0.0 registered

      at PluginManager._log (src/infrastructure/plugins/PluginManager.js:483:21)

  console.info
    [PluginManager] Plugin 'plugin-0' enabled

      at PluginManager._log (src/infrastructure/plugins/PluginManager.js:483:21)

  console.info
    [PluginManager] Plugin 'plugin-1' enabled

      at PluginManager._log (src/infrastructure/plugins/PluginManager.js:483:21)

  console.info
    [PluginManager] Plugin 'plugin-1' disabled

      at PluginManager._log (src/infrastructure/plugins/PluginManager.js:483:21)

  console.info
    [PluginManager] Plugin 'plugin-0' disabled

      at PluginManager._log (src/infrastructure/plugins/PluginManager.js:483:21)

  console.info
    [PluginManager] Plugin 'plugin-0' v1.0.0 registered

      at PluginManager._log (src/infrastructure/plugins/PluginManager.js:483:21)

  console.info
    [PluginManager] Plugin 'plugin-1' v1.0.0 registered

      at PluginManager._log (src/infrastructure/plugins/PluginManager.js:483:21)

  console.info
    [PluginManager] Plugin 'plugin-2' v1.0.0 registered

      at PluginManager._log (src/infrastructure/plugins/PluginManager.js:483:21)

  console.info
    [PluginManager] Plugin 'plugin-3' v1.0.0 registered

      at PluginManager._log (src/infrastructure/plugins/PluginManager.js:483:21)

  console.info
    [PluginManager] Plugin 'plugin-0' enabled

      at PluginManager._log (src/infrastructure/plugins/PluginManager.js:483:21)

  console.info
    [PluginManager] Plugin 'plugin-1' enabled

      at PluginManager._log (src/infrastructure/plugins/PluginManager.js:483:21)

  console.info
    [PluginManager] Plugin 'plugin-2' enabled

      at PluginManager._log (src/infrastructure/plugins/PluginManager.js:483:21)

  console.info
    [PluginManager] Plugin 'plugin-3' enabled

      at PluginManager._log (src/infrastructure/plugins/PluginManager.js:483:21)

  console.info
    [PluginManager] Plugin 'plugin-3' disabled

      at PluginManager._log (src/infrastructure/plugins/PluginManager.js:483:21)

  console.info
    [PluginManager] Plugin 'plugin-2' disabled

      at PluginManager._log (src/infrastructure/plugins/PluginManager.js:483:21)

  console.info
    [PluginManager] Plugin 'plugin-1' disabled

      at PluginManager._log (src/infrastructure/plugins/PluginManager.js:483:21)

  console.info
    [PluginManager] Plugin 'plugin-0' disabled

      at PluginManager._log (src/infrastructure/plugins/PluginManager.js:483:21)

  console.info
    [PluginManager] Plugin 'plugin-0' v1.0.0 registered

      at PluginManager._log (src/infrastructure/plugins/PluginManager.js:483:21)

  console.info
    [PluginManager] Plugin 'plugin-1' v1.0.0 registered

      at PluginManager._log (src/infrastructure/plugins/PluginManager.js:483:21)

  console.info
    [PluginManager] Plugin 'plugin-0' enabled

      at PluginManager._log (src/infrastructure/plugins/PluginManager.js:483:21)

  console.info
    [PluginManager] Plugin 'plugin-1' enabled

      at PluginManager._log (src/infrastructure/plugins/PluginManager.js:483:21)

  console.info
    [PluginManager] Plugin 'plugin-1' disabled

      at PluginManager._log (src/infrastructure/plugins/PluginManager.js:483:21)

  console.info
    [PluginManager] Plugin 'plugin-0' disabled

      at PluginManager._log (src/infrastructure/plugins/PluginManager.js:483:21)

  console.info
    [PluginManager] Plugin 'plugin-0' v1.0.0 registered

      at PluginManager._log (src/infrastructure/plugins/PluginManager.js:483:21)

  console.info
    [PluginManager] Plugin 'plugin-1' v1.0.0 registered

      at PluginManager._log (src/infrastructure/plugins/PluginManager.js:483:21)

  console.info
    [PluginManager] Plugin 'plugin-2' v1.0.0 registered

      at PluginManager._log (src/infrastructure/plugins/PluginManager.js:483:21)

  console.info
    [PluginManager] Plugin 'plugin-3' v1.0.0 registered

      at PluginManager._log (src/infrastructure/plugins/PluginManager.js:483:21)

  console.info
    [PluginManager] Plugin 'plugin-4' v1.0.0 registered

      at PluginManager._log (src/infrastructure/plugins/PluginManager.js:483:21)

  console.info
    [PluginManager] Plugin 'plugin-5' v1.0.0 registered

      at PluginManager._log (src/infrastructure/plugins/PluginManager.js:483:21)

  console.info
    [PluginManager] Plugin 'plugin-6' v1.0.0 registered

      at PluginManager._log (src/infrastructure/plugins/PluginManager.js:483:21)

  console.info
    [PluginManager] Plugin 'plugin-0' enabled

      at PluginManager._log (src/infrastructure/plugins/PluginManager.js:483:21)

  console.info
    [PluginManager] Plugin 'plugin-1' enabled

      at PluginManager._log (src/infrastructure/plugins/PluginManager.js:483:21)

  console.info
    [PluginManager] Plugin 'plugin-2' enabled

      at PluginManager._log (src/infrastructure/plugins/PluginManager.js:483:21)

  console.info
    [PluginManager] Plugin 'plugin-3' enabled

      at PluginManager._log (src/infrastructure/plugins/PluginManager.js:483:21)

  console.info
    [PluginManager] Plugin 'plugin-4' enabled

      at PluginManager._log (src/infrastructure/plugins/PluginManager.js:483:21)

  console.info
    [PluginManager] Plugin 'plugin-5' enabled

      at PluginManager._log (src/infrastructure/plugins/PluginManager.js:483:21)

  console.info
    [PluginManager] Plugin 'plugin-6' enabled

      at PluginManager._log (src/infrastructure/plugins/PluginManager.js:483:21)

  console.info
    [PluginManager] Plugin 'plugin-6' disabled

      at PluginManager._log (src/infrastructure/plugins/PluginManager.js:483:21)

  console.info
    [PluginManager] Plugin 'plugin-5' disabled

      at PluginManager._log (src/infrastructure/plugins/PluginManager.js:483:21)

  console.info
    [PluginManager] Plugin 'plugin-4' disabled

      at PluginManager._log (src/infrastructure/plugins/PluginManager.js:483:21)

  console.info
    [PluginManager] Plugin 'plugin-3' disabled

      at PluginManager._log (src/infrastructure/plugins/PluginManager.js:483:21)

  console.info
    [PluginManager] Plugin 'plugin-2' disabled

      at PluginManager._log (src/infrastructure/plugins/PluginManager.js:483:21)

  console.info
    [PluginManager] Plugin 'plugin-1' disabled

      at PluginManager._log (src/infrastructure/plugins/PluginManager.js:483:21)

  console.info
    [PluginManager] Plugin 'plugin-0' disabled

      at PluginManager._log (src/infrastructure/plugins/PluginManager.js:483:21)

  console.info
    [PluginManager] Plugin 'plugin-0' v1.0.0 registered

      at PluginManager._log (src/infrastructure/plugins/PluginManager.js:483:21)

  console.info
    [PluginManager] Plugin 'plugin-1' v1.0.0 registered

      at PluginManager._log (src/infrastructure/plugins/PluginManager.js:483:21)

  console.info
    [PluginManager] Plugin 'plugin-2' v1.0.0 registered

      at PluginManager._log (src/infrastructure/plugins/PluginManager.js:483:21)

  console.info
    [PluginManager] Plugin 'plugin-3' v1.0.0 registered

      at PluginManager._log (src/infrastructure/plugins/PluginManager.js:483:21)

  console.info
    [PluginManager] Plugin 'plugin-4' v1.0.0 registered

      at PluginManager._log (src/infrastructure/plugins/PluginManager.js:483:21)

  console.info
    [PluginManager] Plugin 'plugin-0' enabled

      at PluginManager._log (src/infrastructure/plugins/PluginManager.js:483:21)

  console.info
    [PluginManager] Plugin 'plugin-1' enabled

      at PluginManager._log (src/infrastructure/plugins/PluginManager.js:483:21)

  console.info
    [PluginManager] Plugin 'plugin-2' enabled

      at PluginManager._log (src/infrastructure/plugins/PluginManager.js:483:21)

  console.info
    [PluginManager] Plugin 'plugin-3' enabled

      at PluginManager._log (src/infrastructure/plugins/PluginManager.js:483:21)

  console.info
    [PluginManager] Plugin 'plugin-4' enabled

      at PluginManager._log (src/infrastructure/plugins/PluginManager.js:483:21)

  console.info
    [PluginManager] Plugin 'plugin-4' disabled

      at PluginManager._log (src/infrastructure/plugins/PluginManager.js:483:21)

  console.info
    [PluginManager] Plugin 'plugin-3' disabled

      at PluginManager._log (src/infrastructure/plugins/PluginManager.js:483:21)

  console.info
    [PluginManager] Plugin 'plugin-2' disabled

      at PluginManager._log (src/infrastructure/plugins/PluginManager.js:483:21)

  console.info
    [PluginManager] Plugin 'plugin-1' disabled

      at PluginManager._log (src/infrastructure/plugins/PluginManager.js:483:21)

  console.info
    [PluginManager] Plugin 'plugin-0' disabled

      at PluginManager._log (src/infrastructure/plugins/PluginManager.js:483:21)

  console.info
    [PluginManager] Plugin 'plugin-0' v1.0.0 registered

      at PluginManager._log (src/infrastructure/plugins/PluginManager.js:483:21)

  console.info
    [PluginManager] Plugin 'plugin-1' v1.0.0 registered

      at PluginManager._log (src/infrastructure/plugins/PluginManager.js:483:21)

  console.info
    [PluginManager] Plugin 'plugin-2' v1.0.0 registered

      at PluginManager._log (src/infrastructure/plugins/PluginManager.js:483:21)

  console.info
    [PluginManager] Plugin 'plugin-3' v1.0.0 registered

      at PluginManager._log (src/infrastructure/plugins/PluginManager.js:483:21)

  console.info
    [PluginManager] Plugin 'plugin-4' v1.0.0 registered

      at PluginManager._log (src/infrastructure/plugins/PluginManager.js:483:21)

  console.info
    [PluginManager] Plugin 'plugin-5' v1.0.0 registered

      at PluginManager._log (src/infrastructure/plugins/PluginManager.js:483:21)

  console.info
    [PluginManager] Plugin 'plugin-0' enabled

      at PluginManager._log (src/infrastructure/plugins/PluginManager.js:483:21)

  console.info
    [PluginManager] Plugin 'plugin-1' enabled

      at PluginManager._log (src/infrastructure/plugins/PluginManager.js:483:21)

  console.info
    [PluginManager] Plugin 'plugin-2' enabled

      at PluginManager._log (src/infrastructure/plugins/PluginManager.js:483:21)

  console.info
    [PluginManager] Plugin 'plugin-3' enabled

      at PluginManager._log (src/infrastructure/plugins/PluginManager.js:483:21)

  console.info
    [PluginManager] Plugin 'plugin-4' enabled

      at PluginManager._log (src/infrastructure/plugins/PluginManager.js:483:21)

  console.info
    [PluginManager] Plugin 'plugin-5' enabled

      at PluginManager._log (src/infrastructure/plugins/PluginManager.js:483:21)

  console.info
    [PluginManager] Plugin 'plugin-5' disabled

      at PluginManager._log (src/infrastructure/plugins/PluginManager.js:483:21)

  console.info
    [PluginManager] Plugin 'plugin-4' disabled

      at PluginManager._log (src/infrastructure/plugins/PluginManager.js:483:21)

  console.info
    [PluginManager] Plugin 'plugin-3' disabled

      at PluginManager._log (src/infrastructure/plugins/PluginManager.js:483:21)

  console.info
    [PluginManager] Plugin 'plugin-2' disabled

      at PluginManager._log (src/infrastructure/plugins/PluginManager.js:483:21)

  console.info
    [PluginManager] Plugin 'plugin-1' disabled

      at PluginManager._log (src/infrastructure/plugins/PluginManager.js:483:21)

  console.info
    [PluginManager] Plugin 'plugin-0' disabled

      at PluginManager._log (src/infrastructure/plugins/PluginManager.js:483:21)

  console.info
    [PluginManager] Plugin 'plugin-a' v1.0.0 registered

      at PluginManager._log (src/infrastructure/plugins/PluginManager.js:483:21)

  console.info
    [PluginManager] Plugin 'plugin-b' v1.0.0 registered

      at PluginManager._log (src/infrastructure/plugins/PluginManager.js:483:21)

  console.info
    [PluginManager] Plugin 'plugin-c' v1.0.0 registered

      at PluginManager._log (src/infrastructure/plugins/PluginManager.js:483:21)

  console.info
    [PluginManager] Plugin 'plugin-a' enabled

      at PluginManager._log (src/infrastructure/plugins/PluginManager.js:483:21)

  console.info
    [PluginManager] Plugin 'plugin-b' enabled

      at PluginManager._log (src/infrastructure/plugins/PluginManager.js:483:21)

  console.info
    [PluginManager] Plugin 'plugin-c' enabled

      at PluginManager._log (src/infrastructure/plugins/PluginManager.js:483:21)

  console.info
    [PluginManager] Plugin 'plugin-c' disabled

      at PluginManager._log (src/infrastructure/plugins/PluginManager.js:483:21)

  console.info
    [PluginManager] Plugin 'plugin-b' disabled

      at PluginManager._log (src/infrastructure/plugins/PluginManager.js:483:21)

  console.info
    [PluginManager] Plugin 'plugin-a' disabled

      at PluginManager._log (src/infrastructure/plugins/PluginManager.js:483:21)

  console.info
    [PluginManager] Plugin 'plugin-a' v1.0.0 registered

      at PluginManager._log (src/infrastructure/plugins/PluginManager.js:483:21)

  console.info
    [PluginManager] Plugin 'plugin-b' v1.0.0 registered

      at PluginManager._log (src/infrastructure/plugins/PluginManager.js:483:21)

  console.info
    [PluginManager] Plugin 'plugin-c' v1.0.0 registered

      at PluginManager._log (src/infrastructure/plugins/PluginManager.js:483:21)

  console.info
    [PluginManager] Plugin 'plugin-a' enabled

      at PluginManager._log (src/infrastructure/plugins/PluginManager.js:483:21)

  console.info
    [PluginManager] Plugin 'plugin-b' enabled

      at PluginManager._log (src/infrastructure/plugins/PluginManager.js:483:21)

  console.info
    [PluginManager] Plugin 'plugin-c' enabled

      at PluginManager._log (src/infrastructure/plugins/PluginManager.js:483:21)

  console.info
    [PluginManager] Plugin 'plugin-c' disabled

      at PluginManager._log (src/infrastructure/plugins/PluginManager.js:483:21)

  console.info
    [PluginManager] Plugin 'plugin-b' disabled

      at PluginManager._log (src/infrastructure/plugins/PluginManager.js:483:21)

  console.info
    [PluginManager] Plugin 'plugin-a' disabled

      at PluginManager._log (src/infrastructure/plugins/PluginManager.js:483:21)

  console.info
    [PluginManager] Plugin 'plugin-a' v1.0.0 registered

      at PluginManager._log (src/infrastructure/plugins/PluginManager.js:483:21)

  console.info
    [PluginManager] Plugin 'plugin-b' v1.0.0 registered

      at PluginManager._log (src/infrastructure/plugins/PluginManager.js:483:21)

  console.info
    [PluginManager] Plugin 'plugin-c' v1.0.0 registered

      at PluginManager._log (src/infrastructure/plugins/PluginManager.js:483:21)

  console.info
    [PluginManager] Plugin 'plugin-a' enabled

      at PluginManager._log (src/infrastructure/plugins/PluginManager.js:483:21)

  console.info
    [PluginManager] Plugin 'plugin-b' enabled

      at PluginManager._log (src/infrastructure/plugins/PluginManager.js:483:21)

  console.info
    [PluginManager] Plugin 'plugin-c' enabled

      at PluginManager._log (src/infrastructure/plugins/PluginManager.js:483:21)

  console.info
    [PluginManager] Plugin 'plugin-c' disabled

      at PluginManager._log (src/infrastructure/plugins/PluginManager.js:483:21)

  console.info
    [PluginManager] Plugin 'plugin-b' disabled

      at PluginManager._log (src/infrastructure/plugins/PluginManager.js:483:21)

  console.info
    [PluginManager] Plugin 'plugin-a' disabled

      at PluginManager._log (src/infrastructure/plugins/PluginManager.js:483:21)

  console.info
    [PluginManager] Plugin 'plugin-a' v1.0.0 registered

      at PluginManager._log (src/infrastructure/plugins/PluginManager.js:483:21)

  console.info
    [PluginManager] Plugin 'plugin-b' v1.0.0 registered

      at PluginManager._log (src/infrastructure/plugins/PluginManager.js:483:21)

  console.info
    [PluginManager] Plugin 'plugin-c' v1.0.0 registered

      at PluginManager._log (src/infrastructure/plugins/PluginManager.js:483:21)

  console.info
    [PluginManager] Plugin 'plugin-a' enabled

      at PluginManager._log (src/infrastructure/plugins/PluginManager.js:483:21)

  console.info
    [PluginManager] Plugin 'plugin-b' enabled

      at PluginManager._log (src/infrastructure/plugins/PluginManager.js:483:21)

  console.info
    [PluginManager] Plugin 'plugin-c' enabled

      at PluginManager._log (src/infrastructure/plugins/PluginManager.js:483:21)

  console.info
    [PluginManager] Plugin 'plugin-c' disabled

      at PluginManager._log (src/infrastructure/plugins/PluginManager.js:483:21)

  console.info
    [PluginManager] Plugin 'plugin-b' disabled

      at PluginManager._log (src/infrastructure/plugins/PluginManager.js:483:21)

  console.info
    [PluginManager] Plugin 'plugin-a' disabled

      at PluginManager._log (src/infrastructure/plugins/PluginManager.js:483:21)

  console.info
    [PluginManager] Plugin 'plugin-a' v1.0.0 registered

      at PluginManager._log (src/infrastructure/plugins/PluginManager.js:483:21)

  console.info
    [PluginManager] Plugin 'plugin-b' v1.0.0 registered

      at PluginManager._log (src/infrastructure/plugins/PluginManager.js:483:21)

  console.info
    [PluginManager] Plugin 'plugin-c' v1.0.0 registered

      at PluginManager._log (src/infrastructure/plugins/PluginManager.js:483:21)

  console.info
    [PluginManager] Plugin 'plugin-a' enabled

      at PluginManager._log (src/infrastructure/plugins/PluginManager.js:483:21)

  console.info
    [PluginManager] Plugin 'plugin-b' enabled

      at PluginManager._log (src/infrastructure/plugins/PluginManager.js:483:21)

  console.info
    [PluginManager] Plugin 'plugin-c' enabled

      at PluginManager._log (src/infrastructure/plugins/PluginManager.js:483:21)

  console.info
    [PluginManager] Plugin 'plugin-c' disabled

      at PluginManager._log (src/infrastructure/plugins/PluginManager.js:483:21)

  console.info
    [PluginManager] Plugin 'plugin-b' disabled

      at PluginManager._log (src/infrastructure/plugins/PluginManager.js:483:21)

  console.info
    [PluginManager] Plugin 'plugin-a' disabled

      at PluginManager._log (src/infrastructure/plugins/PluginManager.js:483:21)

  console.info
    [PluginManager] Plugin 'plugin-a' v1.0.0 registered

      at PluginManager._log (src/infrastructure/plugins/PluginManager.js:483:21)

  console.info
    [PluginManager] Plugin 'plugin-b' v1.0.0 registered

      at PluginManager._log (src/infrastructure/plugins/PluginManager.js:483:21)

  console.info
    [PluginManager] Plugin 'plugin-c' v1.0.0 registered

      at PluginManager._log (src/infrastructure/plugins/PluginManager.js:483:21)

  console.info
    [PluginManager] Plugin 'plugin-a' enabled

      at PluginManager._log (src/infrastructure/plugins/PluginManager.js:483:21)

  console.info
    [PluginManager] Plugin 'plugin-b' enabled

      at PluginManager._log (src/infrastructure/plugins/PluginManager.js:483:21)

  console.info
    [PluginManager] Plugin 'plugin-c' enabled

      at PluginManager._log (src/infrastructure/plugins/PluginManager.js:483:21)

  console.info
    [PluginManager] Plugin 'plugin-c' disabled

      at PluginManager._log (src/infrastructure/plugins/PluginManager.js:483:21)

  console.info
    [PluginManager] Plugin 'plugin-b' disabled

      at PluginManager._log (src/infrastructure/plugins/PluginManager.js:483:21)

  console.info
    [PluginManager] Plugin 'plugin-a' disabled

      at PluginManager._log (src/infrastructure/plugins/PluginManager.js:483:21)

  console.info
    [PluginManager] Plugin 'plugin-a' v1.0.0 registered

      at PluginManager._log (src/infrastructure/plugins/PluginManager.js:483:21)

  console.info
    [PluginManager] Plugin 'plugin-b' v1.0.0 registered

      at PluginManager._log (src/infrastructure/plugins/PluginManager.js:483:21)

  console.info
    [PluginManager] Plugin 'plugin-c' v1.0.0 registered

      at PluginManager._log (src/infrastructure/plugins/PluginManager.js:483:21)

  console.info
    [PluginManager] Plugin 'plugin-a' enabled

      at PluginManager._log (src/infrastructure/plugins/PluginManager.js:483:21)

  console.info
    [PluginManager] Plugin 'plugin-b' enabled

      at PluginManager._log (src/infrastructure/plugins/PluginManager.js:483:21)

  console.info
    [PluginManager] Plugin 'plugin-c' enabled

      at PluginManager._log (src/infrastructure/plugins/PluginManager.js:483:21)

  console.info
    [PluginManager] Plugin 'plugin-c' disabled

      at PluginManager._log (src/infrastructure/plugins/PluginManager.js:483:21)

  console.info
    [PluginManager] Plugin 'plugin-b' disabled

      at PluginManager._log (src/infrastructure/plugins/PluginManager.js:483:21)

  console.info
    [PluginManager] Plugin 'plugin-a' disabled

      at PluginManager._log (src/infrastructure/plugins/PluginManager.js:483:21)

  console.info
    [PluginManager] Plugin 'plugin-a' v1.0.0 registered

      at PluginManager._log (src/infrastructure/plugins/PluginManager.js:483:21)

  console.info
    [PluginManager] Plugin 'plugin-b' v1.0.0 registered

      at PluginManager._log (src/infrastructure/plugins/PluginManager.js:483:21)

  console.info
    [PluginManager] Plugin 'plugin-c' v1.0.0 registered

      at PluginManager._log (src/infrastructure/plugins/PluginManager.js:483:21)

  console.info
    [PluginManager] Plugin 'plugin-a' enabled

      at PluginManager._log (src/infrastructure/plugins/PluginManager.js:483:21)

  console.info
    [PluginManager] Plugin 'plugin-b' enabled

      at PluginManager._log (src/infrastructure/plugins/PluginManager.js:483:21)

  console.info
    [PluginManager] Plugin 'plugin-c' enabled

      at PluginManager._log (src/infrastructure/plugins/PluginManager.js:483:21)

  console.info
    [PluginManager] Plugin 'plugin-c' disabled

      at PluginManager._log (src/infrastructure/plugins/PluginManager.js:483:21)

  console.info
    [PluginManager] Plugin 'plugin-b' disabled

      at PluginManager._log (src/infrastructure/plugins/PluginManager.js:483:21)

  console.info
    [PluginManager] Plugin 'plugin-a' disabled

      at PluginManager._log (src/infrastructure/plugins/PluginManager.js:483:21)

  console.info
    [PluginManager] Plugin 'plugin-a' v1.0.0 registered

      at PluginManager._log (src/infrastructure/plugins/PluginManager.js:483:21)

  console.info
    [PluginManager] Plugin 'plugin-b' v1.0.0 registered

      at PluginManager._log (src/infrastructure/plugins/PluginManager.js:483:21)

  console.info
    [PluginManager] Plugin 'plugin-c' v1.0.0 registered

      at PluginManager._log (src/infrastructure/plugins/PluginManager.js:483:21)

  console.info
    [PluginManager] Plugin 'plugin-a' enabled

      at PluginManager._log (src/infrastructure/plugins/PluginManager.js:483:21)

  console.info
    [PluginManager] Plugin 'plugin-b' enabled

      at PluginManager._log (src/infrastructure/plugins/PluginManager.js:483:21)

  console.info
    [PluginManager] Plugin 'plugin-c' enabled

      at PluginManager._log (src/infrastructure/plugins/PluginManager.js:483:21)

  console.info
    [PluginManager] Plugin 'plugin-c' disabled

      at PluginManager._log (src/infrastructure/plugins/PluginManager.js:483:21)

  console.info
    [PluginManager] Plugin 'plugin-b' disabled

      at PluginManager._log (src/infrastructure/plugins/PluginManager.js:483:21)

  console.info
    [PluginManager] Plugin 'plugin-a' disabled

      at PluginManager._log (src/infrastructure/plugins/PluginManager.js:483:21)

  console.info
    [PluginManager] Plugin 'plugin-a' v1.0.0 registered

      at PluginManager._log (src/infrastructure/plugins/PluginManager.js:483:21)

  console.info
    [PluginManager] Plugin 'plugin-b' v1.0.0 registered

      at PluginManager._log (src/infrastructure/plugins/PluginManager.js:483:21)

  console.info
    [PluginManager] Plugin 'plugin-c' v1.0.0 registered

      at PluginManager._log (src/infrastructure/plugins/PluginManager.js:483:21)

  console.info
    [PluginManager] Plugin 'plugin-a' enabled

      at PluginManager._log (src/infrastructure/plugins/PluginManager.js:483:21)

  console.info
    [PluginManager] Plugin 'plugin-b' enabled

      at PluginManager._log (src/infrastructure/plugins/PluginManager.js:483:21)

  console.info
    [PluginManager] Plugin 'plugin-c' enabled

      at PluginManager._log (src/infrastructure/plugins/PluginManager.js:483:21)

  console.info
    [PluginManager] Plugin 'plugin-c' disabled

      at PluginManager._log (src/infrastructure/plugins/PluginManager.js:483:21)

  console.info
    [PluginManager] Plugin 'plugin-b' disabled

      at PluginManager._log (src/infrastructure/plugins/PluginManager.js:483:21)

  console.info
    [PluginManager] Plugin 'plugin-a' disabled

      at PluginManager._log (src/infrastructure/plugins/PluginManager.js:483:21)

  console.info
    [PluginManager] Plugin 'plugin-a' v1.0.0 registered

      at PluginManager._log (src/infrastructure/plugins/PluginManager.js:483:21)

  console.info
    [PluginManager] Plugin 'plugin-b' v1.0.0 registered

      at PluginManager._log (src/infrastructure/plugins/PluginManager.js:483:21)

  console.info
    [PluginManager] Plugin 'plugin-c' v1.0.0 registered

      at PluginManager._log (src/infrastructure/plugins/PluginManager.js:483:21)

  console.info
    [PluginManager] Plugin 'plugin-a' enabled

      at PluginManager._log (src/infrastructure/plugins/PluginManager.js:483:21)

  console.info
    [PluginManager] Plugin 'plugin-b' enabled

      at PluginManager._log (src/infrastructure/plugins/PluginManager.js:483:21)

  console.info
    [PluginManager] Plugin 'plugin-c' enabled

      at PluginManager._log (src/infrastructure/plugins/PluginManager.js:483:21)

  console.info
    [PluginManager] Plugin 'plugin-c' disabled

      at PluginManager._log (src/infrastructure/plugins/PluginManager.js:483:21)

  console.info
    [PluginManager] Plugin 'plugin-b' disabled

      at PluginManager._log (src/infrastructure/plugins/PluginManager.js:483:21)

  console.info
    [PluginManager] Plugin 'plugin-a' disabled

      at PluginManager._log (src/infrastructure/plugins/PluginManager.js:483:21)

  console.info
    [PluginManager] Plugin 'plugin-a' v1.0.0 registered

      at PluginManager._log (src/infrastructure/plugins/PluginManager.js:483:21)

  console.info
    [PluginManager] Plugin 'plugin-b' v1.0.0 registered

      at PluginManager._log (src/infrastructure/plugins/PluginManager.js:483:21)

  console.info
    [PluginManager] Plugin 'plugin-c' v1.0.0 registered

      at PluginManager._log (src/infrastructure/plugins/PluginManager.js:483:21)

  console.info
    [PluginManager] Plugin 'plugin-a' enabled

      at PluginManager._log (src/infrastructure/plugins/PluginManager.js:483:21)

  console.info
    [PluginManager] Plugin 'plugin-b' enabled

      at PluginManager._log (src/infrastructure/plugins/PluginManager.js:483:21)

  console.info
    [PluginManager] Plugin 'plugin-c' enabled

      at PluginManager._log (src/infrastructure/plugins/PluginManager.js:483:21)

  console.info
    [PluginManager] Plugin 'plugin-c' disabled

      at PluginManager._log (src/infrastructure/plugins/PluginManager.js:483:21)

  console.info
    [PluginManager] Plugin 'plugin-b' disabled

      at PluginManager._log (src/infrastructure/plugins/PluginManager.js:483:21)

  console.info
    [PluginManager] Plugin 'plugin-a' disabled

      at PluginManager._log (src/infrastructure/plugins/PluginManager.js:483:21)

  console.info
    [PluginManager] Plugin 'plugin-a' v1.0.0 registered

      at PluginManager._log (src/infrastructure/plugins/PluginManager.js:483:21)

  console.info
    [PluginManager] Plugin 'plugin-b' v1.0.0 registered

      at PluginManager._log (src/infrastructure/plugins/PluginManager.js:483:21)

  console.info
    [PluginManager] Plugin 'plugin-c' v1.0.0 registered

      at PluginManager._log (src/infrastructure/plugins/PluginManager.js:483:21)

  console.info
    [PluginManager] Plugin 'plugin-a' enabled

      at PluginManager._log (src/infrastructure/plugins/PluginManager.js:483:21)

  console.info
    [PluginManager] Plugin 'plugin-b' enabled

      at PluginManager._log (src/infrastructure/plugins/PluginManager.js:483:21)

  console.info
    [PluginManager] Plugin 'plugin-c' enabled

      at PluginManager._log (src/infrastructure/plugins/PluginManager.js:483:21)

  console.info
    [PluginManager] Plugin 'plugin-c' disabled

      at PluginManager._log (src/infrastructure/plugins/PluginManager.js:483:21)

  console.info
    [PluginManager] Plugin 'plugin-b' disabled

      at PluginManager._log (src/infrastructure/plugins/PluginManager.js:483:21)

  console.info
    [PluginManager] Plugin 'plugin-a' disabled

      at PluginManager._log (src/infrastructure/plugins/PluginManager.js:483:21)

  console.info
    [PluginManager] Plugin 'plugin-a' v1.0.0 registered

      at PluginManager._log (src/infrastructure/plugins/PluginManager.js:483:21)

  console.info
    [PluginManager] Plugin 'plugin-b' v1.0.0 registered

      at PluginManager._log (src/infrastructure/plugins/PluginManager.js:483:21)

  console.info
    [PluginManager] Plugin 'plugin-c' v1.0.0 registered

      at PluginManager._log (src/infrastructure/plugins/PluginManager.js:483:21)

  console.info
    [PluginManager] Plugin 'plugin-a' enabled

      at PluginManager._log (src/infrastructure/plugins/PluginManager.js:483:21)

  console.info
    [PluginManager] Plugin 'plugin-b' enabled

      at PluginManager._log (src/infrastructure/plugins/PluginManager.js:483:21)

  console.info
    [PluginManager] Plugin 'plugin-c' enabled

      at PluginManager._log (src/infrastructure/plugins/PluginManager.js:483:21)

  console.info
    [PluginManager] Plugin 'plugin-c' disabled

      at PluginManager._log (src/infrastructure/plugins/PluginManager.js:483:21)

  console.info
    [PluginManager] Plugin 'plugin-b' disabled

      at PluginManager._log (src/infrastructure/plugins/PluginManager.js:483:21)

  console.info
    [PluginManager] Plugin 'plugin-a' disabled

      at PluginManager._log (src/infrastructure/plugins/PluginManager.js:483:21)

  console.info
    [PluginManager] Plugin 'plugin-a' v1.0.0 registered

      at PluginManager._log (src/infrastructure/plugins/PluginManager.js:483:21)

  console.info
    [PluginManager] Plugin 'plugin-b' v1.0.0 registered

      at PluginManager._log (src/infrastructure/plugins/PluginManager.js:483:21)

  console.info
    [PluginManager] Plugin 'plugin-c' v1.0.0 registered

      at PluginManager._log (src/infrastructure/plugins/PluginManager.js:483:21)

  console.info
    [PluginManager] Plugin 'plugin-a' enabled

      at PluginManager._log (src/infrastructure/plugins/PluginManager.js:483:21)

  console.info
    [PluginManager] Plugin 'plugin-b' enabled

      at PluginManager._log (src/infrastructure/plugins/PluginManager.js:483:21)

  console.info
    [PluginManager] Plugin 'plugin-c' enabled

      at PluginManager._log (src/infrastructure/plugins/PluginManager.js:483:21)

  console.info
    [PluginManager] Plugin 'plugin-c' disabled

      at PluginManager._log (src/infrastructure/plugins/PluginManager.js:483:21)

  console.info
    [PluginManager] Plugin 'plugin-b' disabled

      at PluginManager._log (src/infrastructure/plugins/PluginManager.js:483:21)

  console.info
    [PluginManager] Plugin 'plugin-a' disabled

      at PluginManager._log (src/infrastructure/plugins/PluginManager.js:483:21)

  console.info
    [PluginManager] Plugin 'plugin-a' v1.0.0 registered

      at PluginManager._log (src/infrastructure/plugins/PluginManager.js:483:21)

  console.info
    [PluginManager] Plugin 'plugin-b' v1.0.0 registered

      at PluginManager._log (src/infrastructure/plugins/PluginManager.js:483:21)

  console.info
    [PluginManager] Plugin 'plugin-c' v1.0.0 registered

      at PluginManager._log (src/infrastructure/plugins/PluginManager.js:483:21)

  console.info
    [PluginManager] Plugin 'plugin-a' enabled

      at PluginManager._log (src/infrastructure/plugins/PluginManager.js:483:21)

  console.info
    [PluginManager] Plugin 'plugin-b' enabled

      at PluginManager._log (src/infrastructure/plugins/PluginManager.js:483:21)

  console.info
    [PluginManager] Plugin 'plugin-c' enabled

      at PluginManager._log (src/infrastructure/plugins/PluginManager.js:483:21)

  console.info
    [PluginManager] Plugin 'plugin-c' disabled

      at PluginManager._log (src/infrastructure/plugins/PluginManager.js:483:21)

  console.info
    [PluginManager] Plugin 'plugin-b' disabled

      at PluginManager._log (src/infrastructure/plugins/PluginManager.js:483:21)

  console.info
    [PluginManager] Plugin 'plugin-a' disabled

      at PluginManager._log (src/infrastructure/plugins/PluginManager.js:483:21)

  console.info
    [PluginManager] Plugin 'plugin-a' v1.0.0 registered

      at PluginManager._log (src/infrastructure/plugins/PluginManager.js:483:21)

  console.info
    [PluginManager] Plugin 'plugin-b' v1.0.0 registered

      at PluginManager._log (src/infrastructure/plugins/PluginManager.js:483:21)

  console.info
    [PluginManager] Plugin 'plugin-c' v1.0.0 registered

      at PluginManager._log (src/infrastructure/plugins/PluginManager.js:483:21)

  console.info
    [PluginManager] Plugin 'plugin-a' enabled

      at PluginManager._log (src/infrastructure/plugins/PluginManager.js:483:21)

  console.info
    [PluginManager] Plugin 'plugin-b' enabled

      at PluginManager._log (src/infrastructure/plugins/PluginManager.js:483:21)

  console.info
    [PluginManager] Plugin 'plugin-c' enabled

      at PluginManager._log (src/infrastructure/plugins/PluginManager.js:483:21)

  console.info
    [PluginManager] Plugin 'plugin-c' disabled

      at PluginManager._log (src/infrastructure/plugins/PluginManager.js:483:21)

  console.info
    [PluginManager] Plugin 'plugin-b' disabled

      at PluginManager._log (src/infrastructure/plugins/PluginManager.js:483:21)

  console.info
    [PluginManager] Plugin 'plugin-a' disabled

      at PluginManager._log (src/infrastructure/plugins/PluginManager.js:483:21)

  console.info
    [PluginManager] Plugin 'plugin-a' v1.0.0 registered

      at PluginManager._log (src/infrastructure/plugins/PluginManager.js:483:21)

  console.info
    [PluginManager] Plugin 'plugin-b' v1.0.0 registered

      at PluginManager._log (src/infrastructure/plugins/PluginManager.js:483:21)

  console.info
    [PluginManager] Plugin 'plugin-c' v1.0.0 registered

      at PluginManager._log (src/infrastructure/plugins/PluginManager.js:483:21)

  console.info
    [PluginManager] Plugin 'plugin-a' enabled

      at PluginManager._log (src/infrastructure/plugins/PluginManager.js:483:21)

  console.info
    [PluginManager] Plugin 'plugin-b' enabled

      at PluginManager._log (src/infrastructure/plugins/PluginManager.js:483:21)

  console.info
    [PluginManager] Plugin 'plugin-c' enabled

      at PluginManager._log (src/infrastructure/plugins/PluginManager.js:483:21)

  console.info
    [PluginManager] Plugin 'plugin-c' disabled

      at PluginManager._log (src/infrastructure/plugins/PluginManager.js:483:21)

  console.info
    [PluginManager] Plugin 'plugin-b' disabled

      at PluginManager._log (src/infrastructure/plugins/PluginManager.js:483:21)

  console.info
    [PluginManager] Plugin 'plugin-a' disabled

      at PluginManager._log (src/infrastructure/plugins/PluginManager.js:483:21)

  console.info
    [PluginManager] Plugin 'plugin-a' v1.0.0 registered

      at PluginManager._log (src/infrastructure/plugins/PluginManager.js:483:21)

  console.info
    [PluginManager] Plugin 'plugin-b' v1.0.0 registered

      at PluginManager._log (src/infrastructure/plugins/PluginManager.js:483:21)

  console.info
    [PluginManager] Plugin 'plugin-c' v1.0.0 registered

      at PluginManager._log (src/infrastructure/plugins/PluginManager.js:483:21)

  console.info
    [PluginManager] Plugin 'plugin-a' enabled

      at PluginManager._log (src/infrastructure/plugins/PluginManager.js:483:21)

  console.info
    [PluginManager] Plugin 'plugin-b' enabled

      at PluginManager._log (src/infrastructure/plugins/PluginManager.js:483:21)

  console.info
    [PluginManager] Plugin 'plugin-c' enabled

      at PluginManager._log (src/infrastructure/plugins/PluginManager.js:483:21)

  console.info
    [PluginManager] Plugin 'plugin-c' disabled

      at PluginManager._log (src/infrastructure/plugins/PluginManager.js:483:21)

  console.info
    [PluginManager] Plugin 'plugin-b' disabled

      at PluginManager._log (src/infrastructure/plugins/PluginManager.js:483:21)

  console.info
    [PluginManager] Plugin 'plugin-a' disabled

      at PluginManager._log (src/infrastructure/plugins/PluginManager.js:483:21)

  console.info
    [PluginManager] Plugin 'plugin-a' v1.0.0 registered

      at PluginManager._log (src/infrastructure/plugins/PluginManager.js:483:21)

  console.info
    [PluginManager] Plugin 'plugin-b' v1.0.0 registered

      at PluginManager._log (src/infrastructure/plugins/PluginManager.js:483:21)

  console.info
    [PluginManager] Plugin 'plugin-c' v1.0.0 registered

      at PluginManager._log (src/infrastructure/plugins/PluginManager.js:483:21)

  console.info
    [PluginManager] Plugin 'plugin-a' enabled

      at PluginManager._log (src/infrastructure/plugins/PluginManager.js:483:21)

  console.info
    [PluginManager] Plugin 'plugin-b' enabled

      at PluginManager._log (src/infrastructure/plugins/PluginManager.js:483:21)

  console.info
    [PluginManager] Plugin 'plugin-c' enabled

      at PluginManager._log (src/infrastructure/plugins/PluginManager.js:483:21)

  console.info
    [PluginManager] Plugin 'plugin-c' disabled

      at PluginManager._log (src/infrastructure/plugins/PluginManager.js:483:21)

  console.info
    [PluginManager] Plugin 'plugin-b' disabled

      at PluginManager._log (src/infrastructure/plugins/PluginManager.js:483:21)

  console.info
    [PluginManager] Plugin 'plugin-a' disabled

      at PluginManager._log (src/infrastructure/plugins/PluginManager.js:483:21)

  console.info
    [PluginManager] Plugin 'plugin-a' v1.0.0 registered

      at PluginManager._log (src/infrastructure/plugins/PluginManager.js:483:21)

  console.info
    [PluginManager] Plugin 'plugin-b' v1.0.0 registered

      at PluginManager._log (src/infrastructure/plugins/PluginManager.js:483:21)

  console.info
    [PluginManager] Plugin 'plugin-c' v1.0.0 registered

      at PluginManager._log (src/infrastructure/plugins/PluginManager.js:483:21)

  console.info
    [PluginManager] Plugin 'plugin-a' enabled

      at PluginManager._log (src/infrastructure/plugins/PluginManager.js:483:21)

  console.info
    [PluginManager] Plugin 'plugin-b' enabled

      at PluginManager._log (src/infrastructure/plugins/PluginManager.js:483:21)

  console.info
    [PluginManager] Plugin 'plugin-c' enabled

      at PluginManager._log (src/infrastructure/plugins/PluginManager.js:483:21)

  console.info
    [PluginManager] Plugin 'plugin-c' disabled

      at PluginManager._log (src/infrastructure/plugins/PluginManager.js:483:21)

  console.info
    [PluginManager] Plugin 'plugin-b' disabled

      at PluginManager._log (src/infrastructure/plugins/PluginManager.js:483:21)

  console.info
    [PluginManager] Plugin 'plugin-a' disabled

      at PluginManager._log (src/infrastructure/plugins/PluginManager.js:483:21)

  console.info
    [PluginManager] Plugin 'plugin-a' v1.0.0 registered

      at PluginManager._log (src/infrastructure/plugins/PluginManager.js:483:21)

  console.info
    [PluginManager] Plugin 'plugin-b' v1.0.0 registered

      at PluginManager._log (src/infrastructure/plugins/PluginManager.js:483:21)

  console.info
    [PluginManager] Plugin 'plugin-c' v1.0.0 registered

      at PluginManager._log (src/infrastructure/plugins/PluginManager.js:483:21)

  console.info
    [PluginManager] Plugin 'plugin-a' enabled

      at PluginManager._log (src/infrastructure/plugins/PluginManager.js:483:21)

  console.info
    [PluginManager] Plugin 'plugin-b' enabled

      at PluginManager._log (src/infrastructure/plugins/PluginManager.js:483:21)

  console.info
    [PluginManager] Plugin 'plugin-c' enabled

      at PluginManager._log (src/infrastructure/plugins/PluginManager.js:483:21)

  console.info
    [PluginManager] Plugin 'plugin-c' disabled

      at PluginManager._log (src/infrastructure/plugins/PluginManager.js:483:21)

  console.info
    [PluginManager] Plugin 'plugin-b' disabled

      at PluginManager._log (src/infrastructure/plugins/PluginManager.js:483:21)

  console.info
    [PluginManager] Plugin 'plugin-a' disabled

      at PluginManager._log (src/infrastructure/plugins/PluginManager.js:483:21)

  console.info
    [PluginManager] Plugin 'plugin-a' v1.0.0 registered

      at PluginManager._log (src/infrastructure/plugins/PluginManager.js:483:21)

  console.info
    [PluginManager] Plugin 'plugin-b' v1.0.0 registered

      at PluginManager._log (src/infrastructure/plugins/PluginManager.js:483:21)

  console.info
    [PluginManager] Plugin 'plugin-c' v1.0.0 registered

      at PluginManager._log (src/infrastructure/plugins/PluginManager.js:483:21)

  console.info
    [PluginManager] Plugin 'plugin-a' enabled

      at PluginManager._log (src/infrastructure/plugins/PluginManager.js:483:21)

  console.info
    [PluginManager] Plugin 'plugin-b' enabled

      at PluginManager._log (src/infrastructure/plugins/PluginManager.js:483:21)

  console.info
    [PluginManager] Plugin 'plugin-c' enabled

      at PluginManager._log (src/infrastructure/plugins/PluginManager.js:483:21)

  console.info
    [PluginManager] Plugin 'plugin-c' disabled

      at PluginManager._log (src/infrastructure/plugins/PluginManager.js:483:21)

  console.info
    [PluginManager] Plugin 'plugin-b' disabled

      at PluginManager._log (src/infrastructure/plugins/PluginManager.js:483:21)

  console.info
    [PluginManager] Plugin 'plugin-a' disabled

      at PluginManager._log (src/infrastructure/plugins/PluginManager.js:483:21)

  console.info
    [PluginManager] Plugin 'plugin-a' v1.0.0 registered

      at PluginManager._log (src/infrastructure/plugins/PluginManager.js:483:21)

  console.info
    [PluginManager] Plugin 'plugin-b' v1.0.0 registered

      at PluginManager._log (src/infrastructure/plugins/PluginManager.js:483:21)

  console.info
    [PluginManager] Plugin 'plugin-c' v1.0.0 registered

      at PluginManager._log (src/infrastructure/plugins/PluginManager.js:483:21)

  console.info
    [PluginManager] Plugin 'plugin-a' enabled

      at PluginManager._log (src/infrastructure/plugins/PluginManager.js:483:21)

  console.info
    [PluginManager] Plugin 'plugin-b' enabled

      at PluginManager._log (src/infrastructure/plugins/PluginManager.js:483:21)

  console.info
    [PluginManager] Plugin 'plugin-c' enabled

      at PluginManager._log (src/infrastructure/plugins/PluginManager.js:483:21)

  console.info
    [PluginManager] Plugin 'plugin-c' disabled

      at PluginManager._log (src/infrastructure/plugins/PluginManager.js:483:21)

  console.info
    [PluginManager] Plugin 'plugin-b' disabled

      at PluginManager._log (src/infrastructure/plugins/PluginManager.js:483:21)

  console.info
    [PluginManager] Plugin 'plugin-a' disabled

      at PluginManager._log (src/infrastructure/plugins/PluginManager.js:483:21)

  console.info
    [PluginManager] Plugin 'plugin-a' v1.0.0 registered

      at PluginManager._log (src/infrastructure/plugins/PluginManager.js:483:21)

  console.info
    [PluginManager] Plugin 'plugin-b' v1.0.0 registered

      at PluginManager._log (src/infrastructure/plugins/PluginManager.js:483:21)

  console.info
    [PluginManager] Plugin 'plugin-c' v1.0.0 registered

      at PluginManager._log (src/infrastructure/plugins/PluginManager.js:483:21)

  console.info
    [PluginManager] Plugin 'plugin-a' enabled

      at PluginManager._log (src/infrastructure/plugins/PluginManager.js:483:21)

  console.info
    [PluginManager] Plugin 'plugin-b' enabled

      at PluginManager._log (src/infrastructure/plugins/PluginManager.js:483:21)

  console.info
    [PluginManager] Plugin 'plugin-c' enabled

      at PluginManager._log (src/infrastructure/plugins/PluginManager.js:483:21)

  console.info
    [PluginManager] Plugin 'plugin-c' disabled

      at PluginManager._log (src/infrastructure/plugins/PluginManager.js:483:21)

  console.info
    [PluginManager] Plugin 'plugin-b' disabled

      at PluginManager._log (src/infrastructure/plugins/PluginManager.js:483:21)

  console.info
    [PluginManager] Plugin 'plugin-a' disabled

      at PluginManager._log (src/infrastructure/plugins/PluginManager.js:483:21)

  console.info
    [PluginManager] Plugin 'plugin-a' v1.0.0 registered

      at PluginManager._log (src/infrastructure/plugins/PluginManager.js:483:21)

  console.info
    [PluginManager] Plugin 'plugin-b' v1.0.0 registered

      at PluginManager._log (src/infrastructure/plugins/PluginManager.js:483:21)

  console.info
    [PluginManager] Plugin 'plugin-c' v1.0.0 registered

      at PluginManager._log (src/infrastructure/plugins/PluginManager.js:483:21)

  console.info
    [PluginManager] Plugin 'plugin-a' enabled

      at PluginManager._log (src/infrastructure/plugins/PluginManager.js:483:21)

  console.info
    [PluginManager] Plugin 'plugin-b' enabled

      at PluginManager._log (src/infrastructure/plugins/PluginManager.js:483:21)

  console.info
    [PluginManager] Plugin 'plugin-c' enabled

      at PluginManager._log (src/infrastructure/plugins/PluginManager.js:483:21)

  console.info
    [PluginManager] Plugin 'plugin-c' disabled

      at PluginManager._log (src/infrastructure/plugins/PluginManager.js:483:21)

  console.info
    [PluginManager] Plugin 'plugin-b' disabled

      at PluginManager._log (src/infrastructure/plugins/PluginManager.js:483:21)

  console.info
    [PluginManager] Plugin 'plugin-a' disabled

      at PluginManager._log (src/infrastructure/plugins/PluginManager.js:483:21)

  console.info
    [PluginManager] Plugin 'plugin-a' v1.0.0 registered

      at PluginManager._log (src/infrastructure/plugins/PluginManager.js:483:21)

  console.info
    [PluginManager] Plugin 'plugin-b' v1.0.0 registered

      at PluginManager._log (src/infrastructure/plugins/PluginManager.js:483:21)

  console.info
    [PluginManager] Plugin 'plugin-c' v1.0.0 registered

      at PluginManager._log (src/infrastructure/plugins/PluginManager.js:483:21)

  console.info
    [PluginManager] Plugin 'plugin-a' enabled

      at PluginManager._log (src/infrastructure/plugins/PluginManager.js:483:21)

  console.info
    [PluginManager] Plugin 'plugin-b' enabled

      at PluginManager._log (src/infrastructure/plugins/PluginManager.js:483:21)

  console.info
    [PluginManager] Plugin 'plugin-c' enabled

      at PluginManager._log (src/infrastructure/plugins/PluginManager.js:483:21)

  console.info
    [PluginManager] Plugin 'plugin-c' disabled

      at PluginManager._log (src/infrastructure/plugins/PluginManager.js:483:21)

  console.info
    [PluginManager] Plugin 'plugin-b' disabled

      at PluginManager._log (src/infrastructure/plugins/PluginManager.js:483:21)

  console.info
    [PluginManager] Plugin 'plugin-a' disabled

      at PluginManager._log (src/infrastructure/plugins/PluginManager.js:483:21)

  console.info
    [PluginManager] Plugin 'plugin-a' v1.0.0 registered

      at PluginManager._log (src/infrastructure/plugins/PluginManager.js:483:21)

  console.info
    [PluginManager] Plugin 'plugin-b' v1.0.0 registered

      at PluginManager._log (src/infrastructure/plugins/PluginManager.js:483:21)

  console.info
    [PluginManager] Plugin 'plugin-c' v1.0.0 registered

      at PluginManager._log (src/infrastructure/plugins/PluginManager.js:483:21)

  console.info
    [PluginManager] Plugin 'plugin-a' enabled

      at PluginManager._log (src/infrastructure/plugins/PluginManager.js:483:21)

  console.info
    [PluginManager] Plugin 'plugin-b' enabled

      at PluginManager._log (src/infrastructure/plugins/PluginManager.js:483:21)

  console.info
    [PluginManager] Plugin 'plugin-c' enabled

      at PluginManager._log (src/infrastructure/plugins/PluginManager.js:483:21)

  console.info
    [PluginManager] Plugin 'plugin-c' disabled

      at PluginManager._log (src/infrastructure/plugins/PluginManager.js:483:21)

  console.info
    [PluginManager] Plugin 'plugin-b' disabled

      at PluginManager._log (src/infrastructure/plugins/PluginManager.js:483:21)

  console.info
    [PluginManager] Plugin 'plugin-a' disabled

      at PluginManager._log (src/infrastructure/plugins/PluginManager.js:483:21)

  console.info
    [PluginManager] Plugin 'plugin-a' v1.0.0 registered

      at PluginManager._log (src/infrastructure/plugins/PluginManager.js:483:21)

  console.info
    [PluginManager] Plugin 'plugin-b' v1.0.0 registered

      at PluginManager._log (src/infrastructure/plugins/PluginManager.js:483:21)

  console.info
    [PluginManager] Plugin 'plugin-c' v1.0.0 registered

      at PluginManager._log (src/infrastructure/plugins/PluginManager.js:483:21)

  console.info
    [PluginManager] Plugin 'plugin-a' enabled

      at PluginManager._log (src/infrastructure/plugins/PluginManager.js:483:21)

  console.info
    [PluginManager] Plugin 'plugin-b' enabled

      at PluginManager._log (src/infrastructure/plugins/PluginManager.js:483:21)

  console.info
    [PluginManager] Plugin 'plugin-c' enabled

      at PluginManager._log (src/infrastructure/plugins/PluginManager.js:483:21)

  console.info
    [PluginManager] Plugin 'plugin-c' disabled

      at PluginManager._log (src/infrastructure/plugins/PluginManager.js:483:21)

  console.info
    [PluginManager] Plugin 'plugin-b' disabled

      at PluginManager._log (src/infrastructure/plugins/PluginManager.js:483:21)

  console.info
    [PluginManager] Plugin 'plugin-a' disabled

      at PluginManager._log (src/infrastructure/plugins/PluginManager.js:483:21)

  console.info
    [PluginManager] Plugin 'plugin-a' v1.0.0 registered

      at PluginManager._log (src/infrastructure/plugins/PluginManager.js:483:21)

  console.info
    [PluginManager] Plugin 'plugin-b' v1.0.0 registered

      at PluginManager._log (src/infrastructure/plugins/PluginManager.js:483:21)

  console.info
    [PluginManager] Plugin 'plugin-c' v1.0.0 registered

      at PluginManager._log (src/infrastructure/plugins/PluginManager.js:483:21)

  console.info
    [PluginManager] Plugin 'plugin-a' enabled

      at PluginManager._log (src/infrastructure/plugins/PluginManager.js:483:21)

  console.info
    [PluginManager] Plugin 'plugin-b' enabled

      at PluginManager._log (src/infrastructure/plugins/PluginManager.js:483:21)

  console.info
    [PluginManager] Plugin 'plugin-c' enabled

      at PluginManager._log (src/infrastructure/plugins/PluginManager.js:483:21)

  console.info
    [PluginManager] Plugin 'plugin-c' disabled

      at PluginManager._log (src/infrastructure/plugins/PluginManager.js:483:21)

  console.info
    [PluginManager] Plugin 'plugin-b' disabled

      at PluginManager._log (src/infrastructure/plugins/PluginManager.js:483:21)

  console.info
    [PluginManager] Plugin 'plugin-a' disabled

      at PluginManager._log (src/infrastructure/plugins/PluginManager.js:483:21)

  console.info
    [PluginManager] Plugin 'plugin-a' v1.0.0 registered

      at PluginManager._log (src/infrastructure/plugins/PluginManager.js:483:21)

  console.info
    [PluginManager] Plugin 'plugin-b' v1.0.0 registered

      at PluginManager._log (src/infrastructure/plugins/PluginManager.js:483:21)

  console.info
    [PluginManager] Plugin 'plugin-c' v1.0.0 registered

      at PluginManager._log (src/infrastructure/plugins/PluginManager.js:483:21)

  console.info
    [PluginManager] Plugin 'plugin-a' enabled

      at PluginManager._log (src/infrastructure/plugins/PluginManager.js:483:21)

  console.info
    [PluginManager] Plugin 'plugin-b' enabled

      at PluginManager._log (src/infrastructure/plugins/PluginManager.js:483:21)

  console.info
    [PluginManager] Plugin 'plugin-c' enabled

      at PluginManager._log (src/infrastructure/plugins/PluginManager.js:483:21)

  console.info
    [PluginManager] Plugin 'plugin-c' disabled

      at PluginManager._log (src/infrastructure/plugins/PluginManager.js:483:21)

  console.info
    [PluginManager] Plugin 'plugin-b' disabled

      at PluginManager._log (src/infrastructure/plugins/PluginManager.js:483:21)

  console.info
    [PluginManager] Plugin 'plugin-a' disabled

      at PluginManager._log (src/infrastructure/plugins/PluginManager.js:483:21)

  console.info
    [PluginManager] Plugin 'plugin-a' v1.0.0 registered

      at PluginManager._log (src/infrastructure/plugins/PluginManager.js:483:21)

  console.info
    [PluginManager] Plugin 'plugin-b' v1.0.0 registered

      at PluginManager._log (src/infrastructure/plugins/PluginManager.js:483:21)

  console.info
    [PluginManager] Plugin 'plugin-c' v1.0.0 registered

      at PluginManager._log (src/infrastructure/plugins/PluginManager.js:483:21)

  console.info
    [PluginManager] Plugin 'plugin-a' enabled

      at PluginManager._log (src/infrastructure/plugins/PluginManager.js:483:21)

  console.info
    [PluginManager] Plugin 'plugin-b' enabled

      at PluginManager._log (src/infrastructure/plugins/PluginManager.js:483:21)

  console.info
    [PluginManager] Plugin 'plugin-c' enabled

      at PluginManager._log (src/infrastructure/plugins/PluginManager.js:483:21)

  console.info
    [PluginManager] Plugin 'plugin-c' disabled

      at PluginManager._log (src/infrastructure/plugins/PluginManager.js:483:21)

  console.info
    [PluginManager] Plugin 'plugin-b' disabled

      at PluginManager._log (src/infrastructure/plugins/PluginManager.js:483:21)

  console.info
    [PluginManager] Plugin 'plugin-a' disabled

      at PluginManager._log (src/infrastructure/plugins/PluginManager.js:483:21)

  console.info
    [PluginManager] Plugin 'plugin-a' v1.0.0 registered

      at PluginManager._log (src/infrastructure/plugins/PluginManager.js:483:21)

  console.info
    [PluginManager] Plugin 'plugin-b' v1.0.0 registered

      at PluginManager._log (src/infrastructure/plugins/PluginManager.js:483:21)

  console.info
    [PluginManager] Plugin 'plugin-c' v1.0.0 registered

      at PluginManager._log (src/infrastructure/plugins/PluginManager.js:483:21)

  console.info
    [PluginManager] Plugin 'plugin-a' enabled

      at PluginManager._log (src/infrastructure/plugins/PluginManager.js:483:21)

  console.info
    [PluginManager] Plugin 'plugin-b' enabled

      at PluginManager._log (src/infrastructure/plugins/PluginManager.js:483:21)

  console.info
    [PluginManager] Plugin 'plugin-c' enabled

      at PluginManager._log (src/infrastructure/plugins/PluginManager.js:483:21)

  console.info
    [PluginManager] Plugin 'plugin-c' disabled

      at PluginManager._log (src/infrastructure/plugins/PluginManager.js:483:21)

  console.info
    [PluginManager] Plugin 'plugin-b' disabled

      at PluginManager._log (src/infrastructure/plugins/PluginManager.js:483:21)

  console.info
    [PluginManager] Plugin 'plugin-a' disabled

      at PluginManager._log (src/infrastructure/plugins/PluginManager.js:483:21)

  console.info
    [PluginManager] Plugin 'plugin-a' v1.0.0 registered

      at PluginManager._log (src/infrastructure/plugins/PluginManager.js:483:21)

  console.info
    [PluginManager] Plugin 'plugin-b' v1.0.0 registered

      at PluginManager._log (src/infrastructure/plugins/PluginManager.js:483:21)

  console.info
    [PluginManager] Plugin 'plugin-c' v1.0.0 registered

      at PluginManager._log (src/infrastructure/plugins/PluginManager.js:483:21)

  console.info
    [PluginManager] Plugin 'plugin-a' enabled

      at PluginManager._log (src/infrastructure/plugins/PluginManager.js:483:21)

  console.info
    [PluginManager] Plugin 'plugin-b' enabled

      at PluginManager._log (src/infrastructure/plugins/PluginManager.js:483:21)

  console.info
    [PluginManager] Plugin 'plugin-c' enabled

      at PluginManager._log (src/infrastructure/plugins/PluginManager.js:483:21)

  console.info
    [PluginManager] Plugin 'plugin-c' disabled

      at PluginManager._log (src/infrastructure/plugins/PluginManager.js:483:21)

  console.info
    [PluginManager] Plugin 'plugin-b' disabled

      at PluginManager._log (src/infrastructure/plugins/PluginManager.js:483:21)

  console.info
    [PluginManager] Plugin 'plugin-a' disabled

      at PluginManager._log (src/infrastructure/plugins/PluginManager.js:483:21)

  console.info
    [PluginManager] Plugin 'plugin-a' v1.0.0 registered

      at PluginManager._log (src/infrastructure/plugins/PluginManager.js:483:21)

  console.info
    [PluginManager] Plugin 'plugin-b' v1.0.0 registered

      at PluginManager._log (src/infrastructure/plugins/PluginManager.js:483:21)

  console.info
    [PluginManager] Plugin 'plugin-c' v1.0.0 registered

      at PluginManager._log (src/infrastructure/plugins/PluginManager.js:483:21)

  console.info
    [PluginManager] Plugin 'plugin-a' enabled

      at PluginManager._log (src/infrastructure/plugins/PluginManager.js:483:21)

  console.info
    [PluginManager] Plugin 'plugin-b' enabled

      at PluginManager._log (src/infrastructure/plugins/PluginManager.js:483:21)

  console.info
    [PluginManager] Plugin 'plugin-c' enabled

      at PluginManager._log (src/infrastructure/plugins/PluginManager.js:483:21)

  console.info
    [PluginManager] Plugin 'plugin-c' disabled

      at PluginManager._log (src/infrastructure/plugins/PluginManager.js:483:21)

  console.info
    [PluginManager] Plugin 'plugin-b' disabled

      at PluginManager._log (src/infrastructure/plugins/PluginManager.js:483:21)

  console.info
    [PluginManager] Plugin 'plugin-a' disabled

      at PluginManager._log (src/infrastructure/plugins/PluginManager.js:483:21)

  console.info
    [PluginManager] Plugin 'plugin-a' v1.0.0 registered

      at PluginManager._log (src/infrastructure/plugins/PluginManager.js:483:21)

  console.info
    [PluginManager] Plugin 'plugin-b' v1.0.0 registered

      at PluginManager._log (src/infrastructure/plugins/PluginManager.js:483:21)

  console.info
    [PluginManager] Plugin 'plugin-c' v1.0.0 registered

      at PluginManager._log (src/infrastructure/plugins/PluginManager.js:483:21)

  console.info
    [PluginManager] Plugin 'plugin-a' enabled

      at PluginManager._log (src/infrastructure/plugins/PluginManager.js:483:21)

  console.info
    [PluginManager] Plugin 'plugin-b' enabled

      at PluginManager._log (src/infrastructure/plugins/PluginManager.js:483:21)

  console.info
    [PluginManager] Plugin 'plugin-c' enabled

      at PluginManager._log (src/infrastructure/plugins/PluginManager.js:483:21)

  console.info
    [PluginManager] Plugin 'plugin-c' disabled

      at PluginManager._log (src/infrastructure/plugins/PluginManager.js:483:21)

  console.info
    [PluginManager] Plugin 'plugin-b' disabled

      at PluginManager._log (src/infrastructure/plugins/PluginManager.js:483:21)

  console.info
    [PluginManager] Plugin 'plugin-a' disabled

      at PluginManager._log (src/infrastructure/plugins/PluginManager.js:483:21)

  console.info
    [PluginManager] Plugin 'plugin-a' v1.0.0 registered

      at PluginManager._log (src/infrastructure/plugins/PluginManager.js:483:21)

  console.info
    [PluginManager] Plugin 'plugin-b' v1.0.0 registered

      at PluginManager._log (src/infrastructure/plugins/PluginManager.js:483:21)

  console.info
    [PluginManager] Plugin 'plugin-c' v1.0.0 registered

      at PluginManager._log (src/infrastructure/plugins/PluginManager.js:483:21)

  console.info
    [PluginManager] Plugin 'plugin-a' enabled

      at PluginManager._log (src/infrastructure/plugins/PluginManager.js:483:21)

  console.info
    [PluginManager] Plugin 'plugin-b' enabled

      at PluginManager._log (src/infrastructure/plugins/PluginManager.js:483:21)

  console.info
    [PluginManager] Plugin 'plugin-c' enabled

      at PluginManager._log (src/infrastructure/plugins/PluginManager.js:483:21)

  console.info
    [PluginManager] Plugin 'plugin-c' disabled

      at PluginManager._log (src/infrastructure/plugins/PluginManager.js:483:21)

  console.info
    [PluginManager] Plugin 'plugin-b' disabled

      at PluginManager._log (src/infrastructure/plugins/PluginManager.js:483:21)

  console.info
    [PluginManager] Plugin 'plugin-a' disabled

      at PluginManager._log (src/infrastructure/plugins/PluginManager.js:483:21)

  console.info
    [PluginManager] Plugin 'plugin-a' v1.0.0 registered

      at PluginManager._log (src/infrastructure/plugins/PluginManager.js:483:21)

  console.info
    [PluginManager] Plugin 'plugin-b' v1.0.0 registered

      at PluginManager._log (src/infrastructure/plugins/PluginManager.js:483:21)

  console.info
    [PluginManager] Plugin 'plugin-c' v1.0.0 registered

      at PluginManager._log (src/infrastructure/plugins/PluginManager.js:483:21)

  console.info
    [PluginManager] Plugin 'plugin-a' enabled

      at PluginManager._log (src/infrastructure/plugins/PluginManager.js:483:21)

  console.info
    [PluginManager] Plugin 'plugin-b' enabled

      at PluginManager._log (src/infrastructure/plugins/PluginManager.js:483:21)

  console.info
    [PluginManager] Plugin 'plugin-c' enabled

      at PluginManager._log (src/infrastructure/plugins/PluginManager.js:483:21)

  console.info
    [PluginManager] Plugin 'plugin-c' disabled

      at PluginManager._log (src/infrastructure/plugins/PluginManager.js:483:21)

  console.info
    [PluginManager] Plugin 'plugin-b' disabled

      at PluginManager._log (src/infrastructure/plugins/PluginManager.js:483:21)

  console.info
    [PluginManager] Plugin 'plugin-a' disabled

      at PluginManager._log (src/infrastructure/plugins/PluginManager.js:483:21)

  console.info
    [PluginManager] Plugin 'plugin-a' v1.0.0 registered

      at PluginManager._log (src/infrastructure/plugins/PluginManager.js:483:21)

  console.info
    [PluginManager] Plugin 'plugin-b' v1.0.0 registered

      at PluginManager._log (src/infrastructure/plugins/PluginManager.js:483:21)

  console.info
    [PluginManager] Plugin 'plugin-c' v1.0.0 registered

      at PluginManager._log (src/infrastructure/plugins/PluginManager.js:483:21)

  console.info
    [PluginManager] Plugin 'plugin-a' enabled

      at PluginManager._log (src/infrastructure/plugins/PluginManager.js:483:21)

  console.info
    [PluginManager] Plugin 'plugin-b' enabled

      at PluginManager._log (src/infrastructure/plugins/PluginManager.js:483:21)

  console.info
    [PluginManager] Plugin 'plugin-c' enabled

      at PluginManager._log (src/infrastructure/plugins/PluginManager.js:483:21)

  console.info
    [PluginManager] Plugin 'plugin-c' disabled

      at PluginManager._log (src/infrastructure/plugins/PluginManager.js:483:21)

  console.info
    [PluginManager] Plugin 'plugin-b' disabled

      at PluginManager._log (src/infrastructure/plugins/PluginManager.js:483:21)

  console.info
    [PluginManager] Plugin 'plugin-a' disabled

      at PluginManager._log (src/infrastructure/plugins/PluginManager.js:483:21)

  console.info
    [PluginManager] Plugin 'plugin-a' v1.0.0 registered

      at PluginManager._log (src/infrastructure/plugins/PluginManager.js:483:21)

  console.info
    [PluginManager] Plugin 'plugin-b' v1.0.0 registered

      at PluginManager._log (src/infrastructure/plugins/PluginManager.js:483:21)

  console.info
    [PluginManager] Plugin 'plugin-c' v1.0.0 registered

      at PluginManager._log (src/infrastructure/plugins/PluginManager.js:483:21)

  console.info
    [PluginManager] Plugin 'plugin-a' enabled

      at PluginManager._log (src/infrastructure/plugins/PluginManager.js:483:21)

  console.info
    [PluginManager] Plugin 'plugin-b' enabled

      at PluginManager._log (src/infrastructure/plugins/PluginManager.js:483:21)

  console.info
    [PluginManager] Plugin 'plugin-c' enabled

      at PluginManager._log (src/infrastructure/plugins/PluginManager.js:483:21)

  console.info
    [PluginManager] Plugin 'plugin-c' disabled

      at PluginManager._log (src/infrastructure/plugins/PluginManager.js:483:21)

  console.info
    [PluginManager] Plugin 'plugin-b' disabled

      at PluginManager._log (src/infrastructure/plugins/PluginManager.js:483:21)

  console.info
    [PluginManager] Plugin 'plugin-a' disabled

      at PluginManager._log (src/infrastructure/plugins/PluginManager.js:483:21)

  console.info
    [PluginManager] Plugin 'plugin-a' v1.0.0 registered

      at PluginManager._log (src/infrastructure/plugins/PluginManager.js:483:21)

  console.info
    [PluginManager] Plugin 'plugin-b' v1.0.0 registered

      at PluginManager._log (src/infrastructure/plugins/PluginManager.js:483:21)

  console.info
    [PluginManager] Plugin 'plugin-c' v1.0.0 registered

      at PluginManager._log (src/infrastructure/plugins/PluginManager.js:483:21)

  console.info
    [PluginManager] Plugin 'plugin-a' enabled

      at PluginManager._log (src/infrastructure/plugins/PluginManager.js:483:21)

  console.info
    [PluginManager] Plugin 'plugin-b' enabled

      at PluginManager._log (src/infrastructure/plugins/PluginManager.js:483:21)

  console.info
    [PluginManager] Plugin 'plugin-c' enabled

      at PluginManager._log (src/infrastructure/plugins/PluginManager.js:483:21)

  console.info
    [PluginManager] Plugin 'plugin-c' disabled

      at PluginManager._log (src/infrastructure/plugins/PluginManager.js:483:21)

  console.info
    [PluginManager] Plugin 'plugin-b' disabled

      at PluginManager._log (src/infrastructure/plugins/PluginManager.js:483:21)

  console.info
    [PluginManager] Plugin 'plugin-a' disabled

      at PluginManager._log (src/infrastructure/plugins/PluginManager.js:483:21)

  console.info
    [PluginManager] Plugin 'plugin-a' v1.0.0 registered

      at PluginManager._log (src/infrastructure/plugins/PluginManager.js:483:21)

  console.info
    [PluginManager] Plugin 'plugin-b' v1.0.0 registered

      at PluginManager._log (src/infrastructure/plugins/PluginManager.js:483:21)

  console.info
    [PluginManager] Plugin 'plugin-c' v1.0.0 registered

      at PluginManager._log (src/infrastructure/plugins/PluginManager.js:483:21)

  console.info
    [PluginManager] Plugin 'plugin-a' enabled

      at PluginManager._log (src/infrastructure/plugins/PluginManager.js:483:21)

  console.info
    [PluginManager] Plugin 'plugin-b' enabled

      at PluginManager._log (src/infrastructure/plugins/PluginManager.js:483:21)

  console.info
    [PluginManager] Plugin 'plugin-c' enabled

      at PluginManager._log (src/infrastructure/plugins/PluginManager.js:483:21)

  console.info
    [PluginManager] Plugin 'plugin-c' disabled

      at PluginManager._log (src/infrastructure/plugins/PluginManager.js:483:21)

  console.info
    [PluginManager] Plugin 'plugin-b' disabled

      at PluginManager._log (src/infrastructure/plugins/PluginManager.js:483:21)

  console.info
    [PluginManager] Plugin 'plugin-a' disabled

      at PluginManager._log (src/infrastructure/plugins/PluginManager.js:483:21)

  console.info
    [PluginManager] Plugin 'plugin-a' v1.0.0 registered

      at PluginManager._log (src/infrastructure/plugins/PluginManager.js:483:21)

  console.info
    [PluginManager] Plugin 'plugin-b' v1.0.0 registered

      at PluginManager._log (src/infrastructure/plugins/PluginManager.js:483:21)

  console.info
    [PluginManager] Plugin 'plugin-c' v1.0.0 registered

      at PluginManager._log (src/infrastructure/plugins/PluginManager.js:483:21)

  console.info
    [PluginManager] Plugin 'plugin-a' enabled

      at PluginManager._log (src/infrastructure/plugins/PluginManager.js:483:21)

  console.info
    [PluginManager] Plugin 'plugin-b' enabled

      at PluginManager._log (src/infrastructure/plugins/PluginManager.js:483:21)

  console.info
    [PluginManager] Plugin 'plugin-c' enabled

      at PluginManager._log (src/infrastructure/plugins/PluginManager.js:483:21)

  console.info
    [PluginManager] Plugin 'plugin-c' disabled

      at PluginManager._log (src/infrastructure/plugins/PluginManager.js:483:21)

  console.info
    [PluginManager] Plugin 'plugin-b' disabled

      at PluginManager._log (src/infrastructure/plugins/PluginManager.js:483:21)

  console.info
    [PluginManager] Plugin 'plugin-a' disabled

      at PluginManager._log (src/infrastructure/plugins/PluginManager.js:483:21)

  console.info
    [PluginManager] Plugin 'plugin-a' v1.0.0 registered

      at PluginManager._log (src/infrastructure/plugins/PluginManager.js:483:21)

  console.info
    [PluginManager] Plugin 'plugin-b' v1.0.0 registered

      at PluginManager._log (src/infrastructure/plugins/PluginManager.js:483:21)

  console.info
    [PluginManager] Plugin 'plugin-c' v1.0.0 registered

      at PluginManager._log (src/infrastructure/plugins/PluginManager.js:483:21)

  console.info
    [PluginManager] Plugin 'plugin-a' enabled

      at PluginManager._log (src/infrastructure/plugins/PluginManager.js:483:21)

  console.info
    [PluginManager] Plugin 'plugin-b' enabled

      at PluginManager._log (src/infrastructure/plugins/PluginManager.js:483:21)

  console.info
    [PluginManager] Plugin 'plugin-c' enabled

      at PluginManager._log (src/infrastructure/plugins/PluginManager.js:483:21)

  console.info
    [PluginManager] Plugin 'plugin-c' disabled

      at PluginManager._log (src/infrastructure/plugins/PluginManager.js:483:21)

  console.info
    [PluginManager] Plugin 'plugin-b' disabled

      at PluginManager._log (src/infrastructure/plugins/PluginManager.js:483:21)

  console.info
    [PluginManager] Plugin 'plugin-a' disabled

      at PluginManager._log (src/infrastructure/plugins/PluginManager.js:483:21)

  console.info
    [PluginManager] Plugin 'plugin-a' v1.0.0 registered

      at PluginManager._log (src/infrastructure/plugins/PluginManager.js:483:21)

  console.info
    [PluginManager] Plugin 'plugin-b' v1.0.0 registered

      at PluginManager._log (src/infrastructure/plugins/PluginManager.js:483:21)

  console.info
    [PluginManager] Plugin 'plugin-c' v1.0.0 registered

      at PluginManager._log (src/infrastructure/plugins/PluginManager.js:483:21)

  console.info
    [PluginManager] Plugin 'plugin-a' enabled

      at PluginManager._log (src/infrastructure/plugins/PluginManager.js:483:21)

  console.info
    [PluginManager] Plugin 'plugin-b' enabled

      at PluginManager._log (src/infrastructure/plugins/PluginManager.js:483:21)

  console.info
    [PluginManager] Plugin 'plugin-c' enabled

      at PluginManager._log (src/infrastructure/plugins/PluginManager.js:483:21)

  console.info
    [PluginManager] Plugin 'plugin-c' disabled

      at PluginManager._log (src/infrastructure/plugins/PluginManager.js:483:21)

  console.info
    [PluginManager] Plugin 'plugin-b' disabled

      at PluginManager._log (src/infrastructure/plugins/PluginManager.js:483:21)

  console.info
    [PluginManager] Plugin 'plugin-a' disabled

      at PluginManager._log (src/infrastructure/plugins/PluginManager.js:483:21)

  console.info
    [PluginManager] Plugin 'plugin-a' v1.0.0 registered

      at PluginManager._log (src/infrastructure/plugins/PluginManager.js:483:21)

  console.info
    [PluginManager] Plugin 'plugin-b' v1.0.0 registered

      at PluginManager._log (src/infrastructure/plugins/PluginManager.js:483:21)

  console.info
    [PluginManager] Plugin 'plugin-c' v1.0.0 registered

      at PluginManager._log (src/infrastructure/plugins/PluginManager.js:483:21)

  console.info
    [PluginManager] Plugin 'plugin-a' enabled

      at PluginManager._log (src/infrastructure/plugins/PluginManager.js:483:21)

  console.info
    [PluginManager] Plugin 'plugin-b' enabled

      at PluginManager._log (src/infrastructure/plugins/PluginManager.js:483:21)

  console.info
    [PluginManager] Plugin 'plugin-c' enabled

      at PluginManager._log (src/infrastructure/plugins/PluginManager.js:483:21)

  console.info
    [PluginManager] Plugin 'plugin-c' disabled

      at PluginManager._log (src/infrastructure/plugins/PluginManager.js:483:21)

  console.info
    [PluginManager] Plugin 'plugin-b' disabled

      at PluginManager._log (src/infrastructure/plugins/PluginManager.js:483:21)

  console.info
    [PluginManager] Plugin 'plugin-a' disabled

      at PluginManager._log (src/infrastructure/plugins/PluginManager.js:483:21)

  console.info
    [PluginManager] Plugin 'plugin-a' v1.0.0 registered

      at PluginManager._log (src/infrastructure/plugins/PluginManager.js:483:21)

  console.info
    [PluginManager] Plugin 'plugin-b' v1.0.0 registered

      at PluginManager._log (src/infrastructure/plugins/PluginManager.js:483:21)

  console.info
    [PluginManager] Plugin 'plugin-c' v1.0.0 registered

      at PluginManager._log (src/infrastructure/plugins/PluginManager.js:483:21)

  console.info
    [PluginManager] Plugin 'plugin-a' enabled

      at PluginManager._log (src/infrastructure/plugins/PluginManager.js:483:21)

  console.info
    [PluginManager] Plugin 'plugin-b' enabled

      at PluginManager._log (src/infrastructure/plugins/PluginManager.js:483:21)

  console.info
    [PluginManager] Plugin 'plugin-c' enabled

      at PluginManager._log (src/infrastructure/plugins/PluginManager.js:483:21)

  console.info
    [PluginManager] Plugin 'plugin-c' disabled

      at PluginManager._log (src/infrastructure/plugins/PluginManager.js:483:21)

  console.info
    [PluginManager] Plugin 'plugin-b' disabled

      at PluginManager._log (src/infrastructure/plugins/PluginManager.js:483:21)

  console.info
    [PluginManager] Plugin 'plugin-a' disabled

      at PluginManager._log (src/infrastructure/plugins/PluginManager.js:483:21)

  console.info
    [PluginManager] Plugin 'plugin-a' v1.0.0 registered

      at PluginManager._log (src/infrastructure/plugins/PluginManager.js:483:21)

  console.info
    [PluginManager] Plugin 'plugin-b' v1.0.0 registered

      at PluginManager._log (src/infrastructure/plugins/PluginManager.js:483:21)

  console.info
    [PluginManager] Plugin 'plugin-c' v1.0.0 registered

      at PluginManager._log (src/infrastructure/plugins/PluginManager.js:483:21)

  console.info
    [PluginManager] Plugin 'plugin-a' enabled

      at PluginManager._log (src/infrastructure/plugins/PluginManager.js:483:21)

  console.info
    [PluginManager] Plugin 'plugin-b' enabled

      at PluginManager._log (src/infrastructure/plugins/PluginManager.js:483:21)

  console.info
    [PluginManager] Plugin 'plugin-c' enabled

      at PluginManager._log (src/infrastructure/plugins/PluginManager.js:483:21)

  console.info
    [PluginManager] Plugin 'plugin-c' disabled

      at PluginManager._log (src/infrastructure/plugins/PluginManager.js:483:21)

  console.info
    [PluginManager] Plugin 'plugin-b' disabled

      at PluginManager._log (src/infrastructure/plugins/PluginManager.js:483:21)

  console.info
    [PluginManager] Plugin 'plugin-a' disabled

      at PluginManager._log (src/infrastructure/plugins/PluginManager.js:483:21)

  console.info
    [PluginManager] Plugin 'plugin-a' v1.0.0 registered

      at PluginManager._log (src/infrastructure/plugins/PluginManager.js:483:21)

  console.info
    [PluginManager] Plugin 'plugin-b' v1.0.0 registered

      at PluginManager._log (src/infrastructure/plugins/PluginManager.js:483:21)

  console.info
    [PluginManager] Plugin 'plugin-c' v1.0.0 registered

      at PluginManager._log (src/infrastructure/plugins/PluginManager.js:483:21)

  console.info
    [PluginManager] Plugin 'plugin-a' enabled

      at PluginManager._log (src/infrastructure/plugins/PluginManager.js:483:21)

  console.info
    [PluginManager] Plugin 'plugin-b' enabled

      at PluginManager._log (src/infrastructure/plugins/PluginManager.js:483:21)

  console.info
    [PluginManager] Plugin 'plugin-c' enabled

      at PluginManager._log (src/infrastructure/plugins/PluginManager.js:483:21)

  console.info
    [PluginManager] Plugin 'plugin-c' disabled

      at PluginManager._log (src/infrastructure/plugins/PluginManager.js:483:21)

  console.info
    [PluginManager] Plugin 'plugin-b' disabled

      at PluginManager._log (src/infrastructure/plugins/PluginManager.js:483:21)

  console.info
    [PluginManager] Plugin 'plugin-a' disabled

      at PluginManager._log (src/infrastructure/plugins/PluginManager.js:483:21)

  console.info
    [PluginManager] Plugin 'plugin-a' v1.0.0 registered

      at PluginManager._log (src/infrastructure/plugins/PluginManager.js:483:21)

  console.info
    [PluginManager] Plugin 'plugin-b' v1.0.0 registered

      at PluginManager._log (src/infrastructure/plugins/PluginManager.js:483:21)

  console.info
    [PluginManager] Plugin 'plugin-c' v1.0.0 registered

      at PluginManager._log (src/infrastructure/plugins/PluginManager.js:483:21)

  console.info
    [PluginManager] Plugin 'plugin-a' enabled

      at PluginManager._log (src/infrastructure/plugins/PluginManager.js:483:21)

  console.info
    [PluginManager] Plugin 'plugin-b' enabled

      at PluginManager._log (src/infrastructure/plugins/PluginManager.js:483:21)

  console.info
    [PluginManager] Plugin 'plugin-c' enabled

      at PluginManager._log (src/infrastructure/plugins/PluginManager.js:483:21)

  console.info
    [PluginManager] Plugin 'plugin-c' disabled

      at PluginManager._log (src/infrastructure/plugins/PluginManager.js:483:21)

  console.info
    [PluginManager] Plugin 'plugin-b' disabled

      at PluginManager._log (src/infrastructure/plugins/PluginManager.js:483:21)

  console.info
    [PluginManager] Plugin 'plugin-a' disabled

      at PluginManager._log (src/infrastructure/plugins/PluginManager.js:483:21)

  console.info
    [PluginManager] Plugin 'e%5{L[L^' v97.2.22 registered

      at PluginManager._log (src/infrastructure/plugins/PluginManager.js:483:21)

  console.info
    [PluginManager] Plugin 'e%5{L[L^' enabled

      at PluginManager._log (src/infrastructure/plugins/PluginManager.js:483:21)

  console.info
    [PluginManager] Plugin 'e%5{L[L^' disabled

      at PluginManager._log (src/infrastructure/plugins/PluginManager.js:483:21)

  console.info
    [PluginManager] Plugin '$}y~' v2.3.57 registered

      at PluginManager._log (src/infrastructure/plugins/PluginManager.js:483:21)

  console.info
    [PluginManager] Plugin '$}y~' enabled

      at PluginManager._log (src/infrastructure/plugins/PluginManager.js:483:21)

  console.info
    [PluginManager] Plugin '$}y~' disabled

      at PluginManager._log (src/infrastructure/plugins/PluginManager.js:483:21)

  console.info
    [PluginManager] Plugin 'd#!' v5.45.94 registered

      at PluginManager._log (src/infrastructure/plugins/PluginManager.js:483:21)

  console.info
    [PluginManager] Plugin 'd#!' enabled

      at PluginManager._log (src/infrastructure/plugins/PluginManager.js:483:21)

  console.info
    [PluginManager] Plugin 'd#!' disabled

      at PluginManager._log (src/infrastructure/plugins/PluginManager.js:483:21)

  console.info
    [PluginManager] Plugin '!$|L' v35.4.6 registered

      at PluginManager._log (src/infrastructure/plugins/PluginManager.js:483:21)

  console.info
    [PluginManager] Plugin '!$|L' enabled

      at PluginManager._log (src/infrastructure/plugins/PluginManager.js:483:21)

  console.info
    [PluginManager] Plugin '!$|L' disabled

      at PluginManager._log (src/infrastructure/plugins/PluginManager.js:483:21)

  console.info
    [PluginManager] Plugin 'ppl!grotrotl' v67.95.12 registered

      at PluginManager._log (src/infrastructure/plugins/PluginManager.js:483:21)

  console.info
    [PluginManager] Plugin 'ppl!grotrotl' enabled

      at PluginManager._log (src/infrastructure/plugins/PluginManager.js:483:21)

  console.info
    [PluginManager] Plugin 'ppl!grotrotl' disabled

      at PluginManager._log (src/infrastructure/plugins/PluginManager.js:483:21)

  console.info
    [PluginManager] Plugin '-yC' v30.51.70 registered

      at PluginManager._log (src/infrastructure/plugins/PluginManager.js:483:21)

  console.info
    [PluginManager] Plugin '-yC' enabled

      at PluginManager._log (src/infrastructure/plugins/PluginManager.js:483:21)

  console.info
    [PluginManager] Plugin '-yC' disabled

      at PluginManager._log (src/infrastructure/plugins/PluginManager.js:483:21)

  console.info
    [PluginManager] Plugin 'argumen' v95.0.98 registered

      at PluginManager._log (src/infrastructure/plugins/PluginManager.js:483:21)

  console.info
    [PluginManager] Plugin 'argumen' enabled

      at PluginManager._log (src/infrastructure/plugins/PluginManager.js:483:21)

  console.info
    [PluginManager] Plugin 'argumen' disabled

      at PluginManager._log (src/infrastructure/plugins/PluginManager.js:483:21)

  console.info
    [PluginManager] Plugin '%& |' v97.2.1 registered

      at PluginManager._log (src/infrastructure/plugins/PluginManager.js:483:21)

  console.info
    [PluginManager] Plugin '%& |' enabled

      at PluginManager._log (src/infrastructure/plugins/PluginManager.js:483:21)

  console.info
    [PluginManager] Plugin '%& |' disabled

      at PluginManager._log (src/infrastructure/plugins/PluginManager.js:483:21)

  console.info
    [PluginManager] Plugin '#&hs&$A7' v54.59.93 registered

      at PluginManager._log (src/infrastructure/plugins/PluginManager.js:483:21)

  console.info
    [PluginManager] Plugin '#&hs&$A7' enabled

      at PluginManager._log (src/infrastructure/plugins/PluginManager.js:483:21)

  console.info
    [PluginManager] Plugin '#&hs&$A7' disabled

      at PluginManager._log (src/infrastructure/plugins/PluginManager.js:483:21)

  console.info
    [PluginManager] Plugin 'valueOf' v63.51.88 registered

      at PluginManager._log (src/infrastructure/plugins/PluginManager.js:483:21)

  console.info
    [PluginManager] Plugin 'valueOf' enabled

      at PluginManager._log (src/infrastructure/plugins/PluginManager.js:483:21)

  console.info
    [PluginManager] Plugin 'valueOf' disabled

      at PluginManager._log (src/infrastructure/plugins/PluginManager.js:483:21)

  console.info
    [PluginManager] Plugin '"Tproto' v94.0.4 registered

      at PluginManager._log (src/infrastructure/plugins/PluginManager.js:483:21)

  console.info
    [PluginManager] Plugin '"Tproto' enabled

      at PluginManager._log (src/infrastructure/plugins/PluginManager.js:483:21)

  console.info
    [PluginManager] Plugin '"Tproto' disabled

      at PluginManager._log (src/infrastructure/plugins/PluginManager.js:483:21)

  console.info
    [PluginManager] Plugin ',I' v75.70.93 registered

      at PluginManager._log (src/infrastructure/plugins/PluginManager.js:483:21)

  console.info
    [PluginManager] Plugin ',I' enabled

      at PluginManager._log (src/infrastructure/plugins/PluginManager.js:483:21)

  console.info
    [PluginManager] Plugin ',I' disabled

      at PluginManager._log (src/infrastructure/plugins/PluginManager.js:483:21)

  console.info
    [PluginManager] Plugin '**' v98.6.5 registered

      at PluginManager._log (src/infrastructure/plugins/PluginManager.js:483:21)

  console.info
    [PluginManager] Plugin '**' enabled

      at PluginManager._log (src/infrastructure/plugins/PluginManager.js:483:21)

  console.info
    [PluginManager] Plugin '**' disabled

      at PluginManager._log (src/infrastructure/plugins/PluginManager.js:483:21)

  console.info
    [PluginManager] Plugin 'Z|[' v97.61.1 registered

      at PluginManager._log (src/infrastructure/plugins/PluginManager.js:483:21)

  console.info
    [PluginManager] Plugin 'Z|[' enabled

      at PluginManager._log (src/infrastructure/plugins/PluginManager.js:483:21)

  console.info
    [PluginManager] Plugin 'Z|[' disabled

      at PluginManager._log (src/infrastructure/plugins/PluginManager.js:483:21)

  console.info
    [PluginManager] Plugin 'ABE6|@ #' v8.2.6 registered

      at PluginManager._log (src/infrastructure/plugins/PluginManager.js:483:21)

  console.info
    [PluginManager] Plugin 'ABE6|@ #' enabled

      at PluginManager._log (src/infrastructure/plugins/PluginManager.js:483:21)

  console.info
    [PluginManager] Plugin 'ABE6|@ #' disabled

      at PluginManager._log (src/infrastructure/plugins/PluginManager.js:483:21)

  console.info
    [PluginManager] Plugin 'caleSt' v7.96.64 registered

      at PluginManager._log (src/infrastructure/plugins/PluginManager.js:483:21)

  console.info
    [PluginManager] Plugin 'caleSt' enabled

      at PluginManager._log (src/infrastructure/plugins/PluginManager.js:483:21)

  console.info
    [PluginManager] Plugin 'caleSt' disabled

      at PluginManager._log (src/infrastructure/plugins/PluginManager.js:483:21)

  console.info
    [PluginManager] Plugin 'Sk]0h8M0Q' v0.2.44 registered

      at PluginManager._log (src/infrastructure/plugins/PluginManager.js:483:21)

  console.info
    [PluginManager] Plugin 'Sk]0h8M0Q' enabled

      at PluginManager._log (src/infrastructure/plugins/PluginManager.js:483:21)

  console.info
    [PluginManager] Plugin 'Sk]0h8M0Q' disabled

      at PluginManager._log (src/infrastructure/plugins/PluginManager.js:483:21)

  console.info
    [PluginManager] Plugin 'c(rsv\%' v20.96.6 registered

      at PluginManager._log (src/infrastructure/plugins/PluginManager.js:483:21)

  console.info
    [PluginManager] Plugin 'c(rsv\%' enabled

      at PluginManager._log (src/infrastructure/plugins/PluginManager.js:483:21)

  console.info
    [PluginManager] Plugin 'c(rsv\%' disabled

      at PluginManager._log (src/infrastructure/plugins/PluginManager.js:483:21)

  console.info
    [PluginManager] Plugin 'IKjH8-,' v10.2.96 registered

      at PluginManager._log (src/infrastructure/plugins/PluginManager.js:483:21)

  console.info
    [PluginManager] Plugin 'IKjH8-,' enabled

      at PluginManager._log (src/infrastructure/plugins/PluginManager.js:483:21)

  console.info
    [PluginManager] Plugin 'IKjH8-,' disabled

      at PluginManager._log (src/infrastructure/plugins/PluginManager.js:483:21)

  console.info
    [PluginManager] Plugin 'vBFr' v5.75.8 registered

      at PluginManager._log (src/infrastructure/plugins/PluginManager.js:483:21)

  console.info
    [PluginManager] Plugin 'vBFr' enabled

      at PluginManager._log (src/infrastructure/plugins/PluginManager.js:483:21)

  console.info
    [PluginManager] Plugin 'vBFr' disabled

      at PluginManager._log (src/infrastructure/plugins/PluginManager.js:483:21)

  console.info
    [PluginManager] Plugin 'N,7' v40.89.3 registered

      at PluginManager._log (src/infrastructure/plugins/PluginManager.js:483:21)

  console.info
    [PluginManager] Plugin 'N,7' enabled

      at PluginManager._log (src/infrastructure/plugins/PluginManager.js:483:21)

  console.info
    [PluginManager] Plugin 'N,7' disabled

      at PluginManager._log (src/infrastructure/plugins/PluginManager.js:483:21)

  console.info
    [PluginManager] Plugin 'TP4CGI1vN' v36.23.32 registered

      at PluginManager._log (src/infrastructure/plugins/PluginManager.js:483:21)

  console.info
    [PluginManager] Plugin 'TP4CGI1vN' enabled

      at PluginManager._log (src/infrastructure/plugins/PluginManager.js:483:21)

  console.info
    [PluginManager] Plugin 'TP4CGI1vN' disabled

      at PluginManager._log (src/infrastructure/plugins/PluginManager.js:483:21)

  console.info
    [PluginManager] Plugin 'eStr' v82.53.75 registered

      at PluginManager._log (src/infrastructure/plugins/PluginManager.js:483:21)

  console.info
    [PluginManager] Plugin 'eStr' enabled

      at PluginManager._log (src/infrastructure/plugins/PluginManager.js:483:21)

  console.info
    [PluginManager] Plugin 'eStr' disabled

      at PluginManager._log (src/infrastructure/plugins/PluginManager.js:483:21)

  console.info
    [PluginManager] Plugin 'S/WXw)!LbJ' v96.22.95 registered

      at PluginManager._log (src/infrastructure/plugins/PluginManager.js:483:21)

  console.info
    [PluginManager] Plugin 'S/WXw)!LbJ' enabled

      at PluginManager._log (src/infrastructure/plugins/PluginManager.js:483:21)

  console.info
    [PluginManager] Plugin 'S/WXw)!LbJ' disabled

      at PluginManager._log (src/infrastructure/plugins/PluginManager.js:483:21)

  console.info
    [PluginManager] Plugin '-=C)X' v3.28.52 registered

      at PluginManager._log (src/infrastructure/plugins/PluginManager.js:483:21)

  console.info
    [PluginManager] Plugin '-=C)X' enabled

      at PluginManager._log (src/infrastructure/plugins/PluginManager.js:483:21)

  console.info
    [PluginManager] Plugin '-=C)X' disabled

      at PluginManager._log (src/infrastructure/plugins/PluginManager.js:483:21)

  console.info
    [PluginManager] Plugin '5' v42.5.2 registered

      at PluginManager._log (src/infrastructure/plugins/PluginManager.js:483:21)

  console.info
    [PluginManager] Plugin '5' enabled

      at PluginManager._log (src/infrastructure/plugins/PluginManager.js:483:21)

  console.info
    [PluginManager] Plugin '5' disabled

      at PluginManager._log (src/infrastructure/plugins/PluginManager.js:483:21)

  console.info
    [PluginManager] Plugin 'Vaflk' v28.4.97 registered

      at PluginManager._log (src/infrastructure/plugins/PluginManager.js:483:21)

  console.info
    [PluginManager] Plugin 'Vaflk' enabled

      at PluginManager._log (src/infrastructure/plugins/PluginManager.js:483:21)

  console.info
    [PluginManager] Plugin 'Vaflk' disabled

      at PluginManager._log (src/infrastructure/plugins/PluginManager.js:483:21)

  console.info
    [PluginManager] Plugin 'Ff,z/b'N.1' v95.51.73 registered

      at PluginManager._log (src/infrastructure/plugins/PluginManager.js:483:21)

  console.info
    [PluginManager] Plugin 'Ff,z/b'N.1' enabled

      at PluginManager._log (src/infrastructure/plugins/PluginManager.js:483:21)

  console.info
    [PluginManager] Plugin 'Ff,z/b'N.1' disabled

      at PluginManager._log (src/infrastructure/plugins/PluginManager.js:483:21)

  console.info
    [PluginManager] Plugin 'orp`__looku' v0.37.41 registered

      at PluginManager._log (src/infrastructure/plugins/PluginManager.js:483:21)

  console.info
    [PluginManager] Plugin 'orp`__looku' enabled

      at PluginManager._log (src/infrastructure/plugins/PluginManager.js:483:21)

  console.info
    [PluginManager] Plugin 'orp`__looku' disabled

      at PluginManager._log (src/infrastructure/plugins/PluginManager.js:483:21)

  console.info
    [PluginManager] Plugin 'asOwnPropesJ' v99.96.14 registered

      at PluginManager._log (src/infrastructure/plugins/PluginManager.js:483:21)

  console.info
    [PluginManager] Plugin 'asOwnPropesJ' enabled

      at PluginManager._log (src/infrastructure/plugins/PluginManager.js:483:21)

  console.info
    [PluginManager] Plugin 'asOwnPropesJ' disabled

      at PluginManager._log (src/infrastructure/plugins/PluginManager.js:483:21)

  console.info
    [PluginManager] Plugin ']o5/)HIn' v0.82.99 registered

      at PluginManager._log (src/infrastructure/plugins/PluginManager.js:483:21)

  console.info
    [PluginManager] Plugin ']o5/)HIn' enabled

      at PluginManager._log (src/infrastructure/plugins/PluginManager.js:483:21)

  console.info
    [PluginManager] Plugin ']o5/)HIn' disabled

      at PluginManager._log (src/infrastructure/plugins/PluginManager.js:483:21)

  console.info
    [PluginManager] Plugin 'ty=SSZqa' v93.99.0 registered

      at PluginManager._log (src/infrastructure/plugins/PluginManager.js:483:21)

  console.info
    [PluginManager] Plugin 'ty=SSZqa' enabled

      at PluginManager._log (src/infrastructure/plugins/PluginManager.js:483:21)

  console.info
    [PluginManager] Plugin 'ty=SSZqa' disabled

      at PluginManager._log (src/infrastructure/plugins/PluginManager.js:483:21)

  console.info
    [PluginManager] Plugin 'Q9cX.,#eZ' v13.83.95 registered

      at PluginManager._log (src/infrastructure/plugins/PluginManager.js:483:21)

  console.info
    [PluginManager] Plugin 'Q9cX.,#eZ' enabled

      at PluginManager._log (src/infrastructure/plugins/PluginManager.js:483:21)

  console.info
    [PluginManager] Plugin 'Q9cX.,#eZ' disabled

      at PluginManager._log (src/infrastructure/plugins/PluginManager.js:483:21)

  console.info
    [PluginManager] Plugin 'z' v99.98.4 registered

      at PluginManager._log (src/infrastructure/plugins/PluginManager.js:483:21)

  console.info
    [PluginManager] Plugin 'z' enabled

      at PluginManager._log (src/infrastructure/plugins/PluginManager.js:483:21)

  console.info
    [PluginManager] Plugin 'z' disabled

      at PluginManager._log (src/infrastructure/plugins/PluginManager.js:483:21)

  console.info
    [PluginManager] Plugin 'z+' v6.40.0 registered

      at PluginManager._log (src/infrastructure/plugins/PluginManager.js:483:21)

  console.info
    [PluginManager] Plugin 'z+' enabled

      at PluginManager._log (src/infrastructure/plugins/PluginManager.js:483:21)

  console.info
    [PluginManager] Plugin 'z+' disabled

      at PluginManager._log (src/infrastructure/plugins/PluginManager.js:483:21)

  console.info
    [PluginManager] Plugin '&|!'YZ#"\' v16.65.72 registered

      at PluginManager._log (src/infrastructure/plugins/PluginManager.js:483:21)

  console.info
    [PluginManager] Plugin '&|!'YZ#"\' enabled

      at PluginManager._log (src/infrastructure/plugins/PluginManager.js:483:21)

  console.info
    [PluginManager] Plugin '&|!'YZ#"\' disabled

      at PluginManager._log (src/infrastructure/plugins/PluginManager.js:483:21)

  console.info
    [PluginManager] Plugin 'Hn`pT/KN=>' v58.35.7 registered

      at PluginManager._log (src/infrastructure/plugins/PluginManager.js:483:21)

  console.info
    [PluginManager] Plugin 'Hn`pT/KN=>' enabled

      at PluginManager._log (src/infrastructure/plugins/PluginManager.js:483:21)

  console.info
    [PluginManager] Plugin 'Hn`pT/KN=>' disabled

      at PluginManager._log (src/infrastructure/plugins/PluginManager.js:483:21)

  console.info
    [PluginManager] Plugin '$[' v39.18.15 registered

      at PluginManager._log (src/infrastructure/plugins/PluginManager.js:483:21)

  console.info
    [PluginManager] Plugin '$[' enabled

      at PluginManager._log (src/infrastructure/plugins/PluginManager.js:483:21)

  console.info
    [PluginManager] Plugin '$[' disabled

      at PluginManager._log (src/infrastructure/plugins/PluginManager.js:483:21)

  console.info
    [PluginManager] Plugin 'Kjw=`5' v61.3.81 registered

      at PluginManager._log (src/infrastructure/plugins/PluginManager.js:483:21)

  console.info
    [PluginManager] Plugin 'Kjw=`5' enabled

      at PluginManager._log (src/infrastructure/plugins/PluginManager.js:483:21)

  console.info
    [PluginManager] Plugin 'Kjw=`5' disabled

      at PluginManager._log (src/infrastructure/plugins/PluginManager.js:483:21)

  console.info
    [PluginManager] Plugin '8 1h' v85.37.65 registered

      at PluginManager._log (src/infrastructure/plugins/PluginManager.js:483:21)

  console.info
    [PluginManager] Plugin '8 1h' enabled

      at PluginManager._log (src/infrastructure/plugins/PluginManager.js:483:21)

  console.info
    [PluginManager] Plugin '8 1h' disabled

      at PluginManager._log (src/infrastructure/plugins/PluginManager.js:483:21)

  console.info
    [PluginManager] Plugin 'D3x'S' v0.96.1 registered

      at PluginManager._log (src/infrastructure/plugins/PluginManager.js:483:21)

  console.info
    [PluginManager] Plugin 'D3x'S' enabled

      at PluginManager._log (src/infrastructure/plugins/PluginManager.js:483:21)

  console.info
    [PluginManager] Plugin 'D3x'S' disabled

      at PluginManager._log (src/infrastructure/plugins/PluginManager.js:483:21)

  console.info
    [PluginManager] Plugin '$Q%cX(' v46.56.6 registered

      at PluginManager._log (src/infrastructure/plugins/PluginManager.js:483:21)

  console.info
    [PluginManager] Plugin '$Q%cX(' enabled

      at PluginManager._log (src/infrastructure/plugins/PluginManager.js:483:21)

  console.info
    [PluginManager] Plugin '$Q%cX(' disabled

      at PluginManager._log (src/infrastructure/plugins/PluginManager.js:483:21)

  console.info
    [PluginManager] Plugin 'm,' v6.2.2 registered

      at PluginManager._log (src/infrastructure/plugins/PluginManager.js:483:21)

  console.info
    [PluginManager] Plugin 'm,' enabled

      at PluginManager._log (src/infrastructure/plugins/PluginManager.js:483:21)

  console.info
    [PluginManager] Plugin 'm,' disabled

      at PluginManager._log (src/infrastructure/plugins/PluginManager.js:483:21)

  console.info
    [PluginManager] Plugin '>X' v97.68.59 registered

      at PluginManager._log (src/infrastructure/plugins/PluginManager.js:483:21)

  console.info
    [PluginManager] Plugin '>X' enabled

      at PluginManager._log (src/infrastructure/plugins/PluginManager.js:483:21)

  console.info
    [PluginManager] Plugin '>X' disabled

      at PluginManager._log (src/infrastructure/plugins/PluginManager.js:483:21)

  console.info
    [PluginManager] Plugin ' 'l' v83.2.1 registered

      at PluginManager._log (src/infrastructure/plugins/PluginManager.js:483:21)

  console.info
    [PluginManager] Plugin ' 'l' enabled

      at PluginManager._log (src/infrastructure/plugins/PluginManager.js:483:21)

  console.info
    [PluginManager] Plugin ' 'l' disabled

      at PluginManager._log (src/infrastructure/plugins/PluginManager.js:483:21)

  console.info
    [PluginManager] Plugin 'Glgy2_~w' v14.4.97 registered

      at PluginManager._log (src/infrastructure/plugins/PluginManager.js:483:21)

  console.info
    [PluginManager] Plugin 'Glgy2_~w' enabled

      at PluginManager._log (src/infrastructure/plugins/PluginManager.js:483:21)

  console.info
    [PluginManager] Plugin 'Glgy2_~w' disabled

      at PluginManager._log (src/infrastructure/plugins/PluginManager.js:483:21)

  console.info
    [PluginManager] Plugin 'alltte' v12.29.97 registered

      at PluginManager._log (src/infrastructure/plugins/PluginManager.js:483:21)

  console.info
    [PluginManager] Plugin 'alltte' enabled

      at PluginManager._log (src/infrastructure/plugins/PluginManager.js:483:21)

  console.info
    [PluginManager] Plugin 'alltte' disabled

      at PluginManager._log (src/infrastructure/plugins/PluginManager.js:483:21)

  console.info
    [PluginManager] Plugin 'd+dhpOu7p' v6.1.95 registered

      at PluginManager._log (src/infrastructure/plugins/PluginManager.js:483:21)

  console.info
    [PluginManager] Plugin 'd+dhpOu7p' enabled

      at PluginManager._log (src/infrastructure/plugins/PluginManager.js:483:21)

  console.info
    [PluginManager] Plugin 'd+dhpOu7p' disabled

      at PluginManager._log (src/infrastructure/plugins/PluginManager.js:483:21)

  console.info
    [PluginManager] Plugin 'constructor' v93.89.69 registered

      at PluginManager._log (src/infrastructure/plugins/PluginManager.js:483:21)

  console.info
    [PluginManager] Plugin 'constructor' enabled

      at PluginManager._log (src/infrastructure/plugins/PluginManager.js:483:21)

  console.info
    [PluginManager] Plugin 'constructor' disabled

      at PluginManager._log (src/infrastructure/plugins/PluginManager.js:483:21)

  console.info
    [PluginManager] Plugin 'v!' v0.61.15 registered

      at PluginManager._log (src/infrastructure/plugins/PluginManager.js:483:21)

  console.info
    [PluginManager] Plugin 'v!' enabled

      at PluginManager._log (src/infrastructure/plugins/PluginManager.js:483:21)

  console.info
    [PluginManager] Plugin 'v!' disabled

      at PluginManager._log (src/infrastructure/plugins/PluginManager.js:483:21)

  console.info
    [PluginManager] Plugin 'f>RXYiO' v4.83.10 registered

      at PluginManager._log (src/infrastructure/plugins/PluginManager.js:483:21)

  console.info
    [PluginManager] Plugin 'f>RXYiO' enabled

      at PluginManager._log (src/infrastructure/plugins/PluginManager.js:483:21)

  console.info
    [PluginManager] Plugin 'f>RXYiO' disabled

      at PluginManager._log (src/infrastructure/plugins/PluginManager.js:483:21)

  console.info
    [PluginManager] Plugin 'F' v83.41.80 registered

      at PluginManager._log (src/infrastructure/plugins/PluginManager.js:483:21)

  console.info
    [PluginManager] Plugin 'F' enabled

      at PluginManager._log (src/infrastructure/plugins/PluginManager.js:483:21)

  console.info
    [PluginManager] Plugin 'F' disabled

      at PluginManager._log (src/infrastructure/plugins/PluginManager.js:483:21)

  console.info
    [PluginManager] Plugin 'ne[dt)' v2.65.77 registered

      at PluginManager._log (src/infrastructure/plugins/PluginManager.js:483:21)

  console.info
    [PluginManager] Plugin 'ne[dt)' enabled

      at PluginManager._log (src/infrastructure/plugins/PluginManager.js:483:21)

  console.info
    [PluginManager] Plugin 'ne[dt)' disabled

      at PluginManager._log (src/infrastructure/plugins/PluginManager.js:483:21)

  console.info
    [PluginManager] Plugin '|' v16.85.5 registered

      at PluginManager._log (src/infrastructure/plugins/PluginManager.js:483:21)

  console.info
    [PluginManager] Plugin '|' enabled

      at PluginManager._log (src/infrastructure/plugins/PluginManager.js:483:21)

  console.info
    [PluginManager] Plugin '|' disabled

      at PluginManager._log (src/infrastructure/plugins/PluginManager.js:483:21)

  console.info
    [PluginManager] Plugin 'I eWwFM'' v63.94.15 registered

      at PluginManager._log (src/infrastructure/plugins/PluginManager.js:483:21)

  console.info
    [PluginManager] Plugin 'I eWwFM'' enabled

      at PluginManager._log (src/infrastructure/plugins/PluginManager.js:483:21)

  console.info
    [PluginManager] Plugin 'I eWwFM'' disabled

      at PluginManager._log (src/infrastructure/plugins/PluginManager.js:483:21)

  console.info
    [PluginManager] Plugin '/J?j$V' v82.94.49 registered

      at PluginManager._log (src/infrastructure/plugins/PluginManager.js:483:21)

  console.info
    [PluginManager] Plugin '/J?j$V' enabled

      at PluginManager._log (src/infrastructure/plugins/PluginManager.js:483:21)

  console.info
    [PluginManager] Plugin '/J?j$V' disabled

      at PluginManager._log (src/infrastructure/plugins/PluginManager.js:483:21)

  console.info
    [PluginManager] Plugin '5.bqvd' v5.70.5 registered

      at PluginManager._log (src/infrastructure/plugins/PluginManager.js:483:21)

  console.info
    [PluginManager] Plugin '5.bqvd' enabled

      at PluginManager._log (src/infrastructure/plugins/PluginManager.js:483:21)

  console.info
    [PluginManager] Plugin '5.bqvd' disabled

      at PluginManager._log (src/infrastructure/plugins/PluginManager.js:483:21)

  console.info
    [PluginManager] Plugin '"MPIGw' v71.30.44 registered

      at PluginManager._log (src/infrastructure/plugins/PluginManager.js:483:21)

  console.info
    [PluginManager] Plugin '"MPIGw' enabled

      at PluginManager._log (src/infrastructure/plugins/PluginManager.js:483:21)

  console.info
    [PluginManager] Plugin '"MPIGw' disabled

      at PluginManager._log (src/infrastructure/plugins/PluginManager.js:483:21)

  console.info
    [PluginManager] Plugin '%a#' v31.57.67 registered

      at PluginManager._log (src/infrastructure/plugins/PluginManager.js:483:21)

  console.info
    [PluginManager] Plugin '%a#' enabled

      at PluginManager._log (src/infrastructure/plugins/PluginManager.js:483:21)

  console.info
    [PluginManager] Plugin '%a#' disabled

      at PluginManager._log (src/infrastructure/plugins/PluginManager.js:483:21)

  console.info
    [PluginManager] Plugin '__l' v99.79.2 registered

      at PluginManager._log (src/infrastructure/plugins/PluginManager.js:483:21)

  console.info
    [PluginManager] Plugin '__l' enabled

      at PluginManager._log (src/infrastructure/plugins/PluginManager.js:483:21)

  console.info
    [PluginManager] Plugin '__l' disabled

      at PluginManager._log (src/infrastructure/plugins/PluginManager.js:483:21)

  console.info
    [PluginManager] Plugin 'a%#qc' v28.84.9 registered

      at PluginManager._log (src/infrastructure/plugins/PluginManager.js:483:21)

  console.info
    [PluginManager] Plugin 'a%#qc' enabled

      at PluginManager._log (src/infrastructure/plugins/PluginManager.js:483:21)

  console.info
    [PluginManager] Plugin 'a%#qc' disabled

      at PluginManager._log (src/infrastructure/plugins/PluginManager.js:483:21)

  console.info
    [PluginManager] Plugin '~hymAvP)]' v98.77.4 registered

      at PluginManager._log (src/infrastructure/plugins/PluginManager.js:483:21)

  console.info
    [PluginManager] Plugin '~hymAvP)]' enabled

      at PluginManager._log (src/infrastructure/plugins/PluginManager.js:483:21)

  console.info
    [PluginManager] Plugin '~hymAvP)]' disabled

      at PluginManager._log (src/infrastructure/plugins/PluginManager.js:483:21)

  console.info
    [PluginManager] Plugin 'IgE' v55.30.35 registered

      at PluginManager._log (src/infrastructure/plugins/PluginManager.js:483:21)

  console.info
    [PluginManager] Plugin 'IgE' enabled

      at PluginManager._log (src/infrastructure/plugins/PluginManager.js:483:21)

  console.info
    [PluginManager] Plugin 'IgE' disabled

      at PluginManager._log (src/infrastructure/plugins/PluginManager.js:483:21)

  console.info
    [PluginManager] Plugin '3o'' v5.0.93 registered

      at PluginManager._log (src/infrastructure/plugins/PluginManager.js:483:21)

  console.info
    [PluginManager] Plugin '3o'' enabled

      at PluginManager._log (src/infrastructure/plugins/PluginManager.js:483:21)

  console.info
    [PluginManager] Plugin '3o'' disabled

      at PluginManager._log (src/infrastructure/plugins/PluginManager.js:483:21)

  console.info
    [PluginManager] Plugin '^I?E{' v78.66.24 registered

      at PluginManager._log (src/infrastructure/plugins/PluginManager.js:483:21)

  console.info
    [PluginManager] Plugin '^I?E{' enabled

      at PluginManager._log (src/infrastructure/plugins/PluginManager.js:483:21)

  console.info
    [PluginManager] Plugin '^I?E{' disabled

      at PluginManager._log (src/infrastructure/plugins/PluginManager.js:483:21)

  console.info
    [PluginManager] Plugin 'v]' v82.77.22 registered

      at PluginManager._log (src/infrastructure/plugins/PluginManager.js:483:21)

  console.info
    [PluginManager] Plugin 'v]' enabled

      at PluginManager._log (src/infrastructure/plugins/PluginManager.js:483:21)

  console.info
    [PluginManager] Plugin 'v]' disabled

      at PluginManager._log (src/infrastructure/plugins/PluginManager.js:483:21)

  console.info
    [PluginManager] Plugin 'jQ?QOL' v3.99.53 registered

      at PluginManager._log (src/infrastructure/plugins/PluginManager.js:483:21)

  console.info
    [PluginManager] Plugin 'jQ?QOL' enabled

      at PluginManager._log (src/infrastructure/plugins/PluginManager.js:483:21)

  console.info
    [PluginManager] Plugin 'jQ?QOL' disabled

      at PluginManager._log (src/infrastructure/plugins/PluginManager.js:483:21)

  console.info
    [PluginManager] Plugin 'e_R'+'+' v34.51.73 registered

      at PluginManager._log (src/infrastructure/plugins/PluginManager.js:483:21)

  console.info
    [PluginManager] Plugin 'e_R'+'+' enabled

      at PluginManager._log (src/infrastructure/plugins/PluginManager.js:483:21)

  console.info
    [PluginManager] Plugin 'e_R'+'+' disabled

      at PluginManager._log (src/infrastructure/plugins/PluginManager.js:483:21)

  console.info
    [PluginManager] Plugin '$' v9.16.2 registered

      at PluginManager._log (src/infrastructure/plugins/PluginManager.js:483:21)

  console.info
    [PluginManager] Plugin '$' enabled

      at PluginManager._log (src/infrastructure/plugins/PluginManager.js:483:21)

  console.info
    [PluginManager] Plugin '$' disabled

      at PluginManager._log (src/infrastructure/plugins/PluginManager.js:483:21)

  console.info
    [PluginManager] Plugin '__' v48.11.92 registered

      at PluginManager._log (src/infrastructure/plugins/PluginManager.js:483:21)

  console.info
    [PluginManager] Plugin '__' enabled

      at PluginManager._log (src/infrastructure/plugins/PluginManager.js:483:21)

  console.info
    [PluginManager] Plugin '__' disabled

      at PluginManager._log (src/infrastructure/plugins/PluginManager.js:483:21)

  console.info
    [PluginManager] Plugin 'C?r^8w' v5.13.5 registered

      at PluginManager._log (src/infrastructure/plugins/PluginManager.js:483:21)

  console.info
    [PluginManager] Plugin 'C?r^8w' enabled

      at PluginManager._log (src/infrastructure/plugins/PluginManager.js:483:21)

  console.info
    [PluginManager] Plugin 'C?r^8w' disabled

      at PluginManager._log (src/infrastructure/plugins/PluginManager.js:483:21)

  console.info
    [PluginManager] Plugin '/4#|^'I7aT<' v34.6.97 registered

      at PluginManager._log (src/infrastructure/plugins/PluginManager.js:483:21)

  console.info
    [PluginManager] Plugin '/4#|^'I7aT<' enabled

      at PluginManager._log (src/infrastructure/plugins/PluginManager.js:483:21)

  console.info
    [PluginManager] Plugin '/4#|^'I7aT<' disabled

      at PluginManager._log (src/infrastructure/plugins/PluginManager.js:483:21)

  console.info
    [PluginManager] Plugin '[Q' v5.0.1 registered

      at PluginManager._log (src/infrastructure/plugins/PluginManager.js:483:21)

  console.info
    [PluginManager] Plugin '[Q' enabled

      at PluginManager._log (src/infrastructure/plugins/PluginManager.js:483:21)

  console.info
    [PluginManager] Plugin '[Q' disabled

      at PluginManager._log (src/infrastructure/plugins/PluginManager.js:483:21)

  console.info
    [PluginManager] Plugin 'N='Z{cG{q$9' v94.41.2 registered

      at PluginManager._log (src/infrastructure/plugins/PluginManager.js:483:21)

  console.info
    [PluginManager] Plugin 'N='Z{cG{q$9' enabled

      at PluginManager._log (src/infrastructure/plugins/PluginManager.js:483:21)

  console.info
    [PluginManager] Plugin 'N='Z{cG{q$9' disabled

      at PluginManager._log (src/infrastructure/plugins/PluginManager.js:483:21)

  console.info
    [PluginManager] Plugin 'ndO^RNGM}/c' v2.69.28 registered

      at PluginManager._log (src/infrastructure/plugins/PluginManager.js:483:21)

  console.info
    [PluginManager] Plugin 'ndO^RNGM}/c' enabled

      at PluginManager._log (src/infrastructure/plugins/PluginManager.js:483:21)

  console.info
    [PluginManager] Plugin 'ndO^RNGM}/c' disabled

      at PluginManager._log (src/infrastructure/plugins/PluginManager.js:483:21)

  console.info
    [PluginManager] Plugin 'y_' v99.39.47 registered

      at PluginManager._log (src/infrastructure/plugins/PluginManager.js:483:21)

  console.info
    [PluginManager] Plugin 'y_' enabled

      at PluginManager._log (src/infrastructure/plugins/PluginManager.js:483:21)

  console.info
    [PluginManager] Plugin 'y_' disabled

      at PluginManager._log (src/infrastructure/plugins/PluginManager.js:483:21)

  console.info
    [PluginManager] Plugin '^PI' v81.66.25 registered

      at PluginManager._log (src/infrastructure/plugins/PluginManager.js:483:21)

  console.info
    [PluginManager] Plugin '^PI' enabled

      at PluginManager._log (src/infrastructure/plugins/PluginManager.js:483:21)

  console.info
    [PluginManager] Plugin '^PI' disabled

      at PluginManager._log (src/infrastructure/plugins/PluginManager.js:483:21)

  console.info
    [PluginManager] Plugin 'ktvKR"' v80.46.75 registered

      at PluginManager._log (src/infrastructure/plugins/PluginManager.js:483:21)

  console.info
    [PluginManager] Plugin 'ktvKR"' enabled

      at PluginManager._log (src/infrastructure/plugins/PluginManager.js:483:21)

  console.info
    [PluginManager] Plugin 'ktvKR"' disabled

      at PluginManager._log (src/infrastructure/plugins/PluginManager.js:483:21)

  console.info
    [PluginManager] Plugin '%XsA\S~./N' v18.93.5 registered

      at PluginManager._log (src/infrastructure/plugins/PluginManager.js:483:21)

  console.info
    [PluginManager] Plugin '%XsA\S~./N' enabled

      at PluginManager._log (src/infrastructure/plugins/PluginManager.js:483:21)

  console.info
    [PluginManager] Plugin '%XsA\S~./N' disabled

      at PluginManager._log (src/infrastructure/plugins/PluginManager.js:483:21)

  console.info
    [PluginManager] Plugin 'qvtY?' v40.60.93 registered

      at PluginManager._log (src/infrastructure/plugins/PluginManager.js:483:21)

  console.info
    [PluginManager] Plugin 'qvtY?' enabled

      at PluginManager._log (src/infrastructure/plugins/PluginManager.js:483:21)

  console.info
    [PluginManager] Plugin 'qvtY?' disabled

      at PluginManager._log (src/infrastructure/plugins/PluginManager.js:483:21)

  console.info
    [PluginManager] Plugin '6 i"ord' v97.29.91 registered

      at PluginManager._log (src/infrastructure/plugins/PluginManager.js:483:21)

  console.info
    [PluginManager] Plugin '6 i"ord' enabled

      at PluginManager._log (src/infrastructure/plugins/PluginManager.js:483:21)

  console.info
    [PluginManager] Plugin '6 i"ord' disabled

      at PluginManager._log (src/infrastructure/plugins/PluginManager.js:483:21)

  console.info
    [PluginManager] Plugin 'z' v74.43.94 registered

      at PluginManager._log (src/infrastructure/plugins/PluginManager.js:483:21)

  console.info
    [PluginManager] Plugin 'z' enabled

      at PluginManager._log (src/infrastructure/plugins/PluginManager.js:483:21)

  console.info
    [PluginManager] Plugin 'z' disabled

      at PluginManager._log (src/infrastructure/plugins/PluginManager.js:483:21)

  console.info
    [PluginManager] Plugin 'n%&r!R!V' v41.75.78 registered

      at PluginManager._log (src/infrastructure/plugins/PluginManager.js:483:21)

  console.info
    [PluginManager] Plugin 'n%&r!R!V' enabled

      at PluginManager._log (src/infrastructure/plugins/PluginManager.js:483:21)

  console.info
    [PluginManager] Plugin 'n%&r!R!V' disabled

      at PluginManager._log (src/infrastructure/plugins/PluginManager.js:483:21)

  console.info
    [PluginManager] Plugin 'B' v97.35.99 registered

      at PluginManager._log (src/infrastructure/plugins/PluginManager.js:483:21)

  console.info
    [PluginManager] Plugin 'B' enabled

      at PluginManager._log (src/infrastructure/plugins/PluginManager.js:483:21)

  console.info
    [PluginManager] Plugin 'B' disabled

      at PluginManager._log (src/infrastructure/plugins/PluginManager.js:483:21)

  console.info
    [PluginManager] Plugin ''8IeTnsrp5' v86.1.1 registered

      at PluginManager._log (src/infrastructure/plugins/PluginManager.js:483:21)

  console.info
    [PluginManager] Plugin ''8IeTnsrp5' enabled

      at PluginManager._log (src/infrastructure/plugins/PluginManager.js:483:21)

  console.info
    [PluginManager] Plugin ''8IeTnsrp5' disabled

      at PluginManager._log (src/infrastructure/plugins/PluginManager.js:483:21)

  console.info
    [PluginManager] Plugin '@W$' v5.5.94 registered

      at PluginManager._log (src/infrastructure/plugins/PluginManager.js:483:21)

  console.info
    [PluginManager] Plugin '@W$' enabled

      at PluginManager._log (src/infrastructure/plugins/PluginManager.js:483:21)

  console.info
    [PluginManager] Plugin '@W$' disabled

      at PluginManager._log (src/infrastructure/plugins/PluginManager.js:483:21)

  console.info
    [PluginManager] Plugin 'y\&Wq4+H~.}' v64.39.3 registered

      at PluginManager._log (src/infrastructure/plugins/PluginManager.js:483:21)

  console.info
    [PluginManager] Plugin 'y\&Wq4+H~.}' enabled

      at PluginManager._log (src/infrastructure/plugins/PluginManager.js:483:21)

  console.info
    [PluginManager] Plugin 'y\&Wq4+H~.}' disabled

      at PluginManager._log (src/infrastructure/plugins/PluginManager.js:483:21)

  console.info
    [PluginManager] Plugin 'Pg-' v2.15.4 registered

      at PluginManager._log (src/infrastructure/plugins/PluginManager.js:483:21)

  console.info
    [PluginManager] Plugin 'Pg-' enabled

      at PluginManager._log (src/infrastructure/plugins/PluginManager.js:483:21)

  console.info
    [PluginManager] Plugin 'Pg-' disabled

      at PluginManager._log (src/infrastructure/plugins/PluginManager.js:483:21)

  console.info
    [PluginManager] Plugin '0#i|m' v50.98.50 registered

      at PluginManager._log (src/infrastructure/plugins/PluginManager.js:483:21)

  console.info
    [PluginManager] Plugin '0#i|m' enabled

      at PluginManager._log (src/infrastructure/plugins/PluginManager.js:483:21)

  console.info
    [PluginManager] Plugin '0#i|m' disabled

      at PluginManager._log (src/infrastructure/plugins/PluginManager.js:483:21)

  console.info
    [PluginManager] Plugin 'valueOf' v0.5.96 registered

      at PluginManager._log (src/infrastructure/plugins/PluginManager.js:483:21)

  console.info
    [PluginManager] Plugin 'valueOf' enabled

      at PluginManager._log (src/infrastructure/plugins/PluginManager.js:483:21)

  console.info
    [PluginManager] Plugin 'valueOf' disabled

      at PluginManager._log (src/infrastructure/plugins/PluginManager.js:483:21)

  console.info
    [PluginManager] Plugin 'w' v0.96.38 registered

      at PluginManager._log (src/infrastructure/plugins/PluginManager.js:483:21)

  console.info
    [PluginManager] Plugin 'w' enabled

      at PluginManager._log (src/infrastructure/plugins/PluginManager.js:483:21)

  console.info
    [PluginManager] Plugin 'w' disabled

      at PluginManager._log (src/infrastructure/plugins/PluginManager.js:483:21)

  console.info
    [PluginManager] Plugin 'g' v96.5.0 registered

      at PluginManager._log (src/infrastructure/plugins/PluginManager.js:483:21)

  console.info
    [PluginManager] Plugin 'g' enabled

      at PluginManager._log (src/infrastructure/plugins/PluginManager.js:483:21)

  console.info
    [PluginManager] Plugin 'g' disabled

      at PluginManager._log (src/infrastructure/plugins/PluginManager.js:483:21)

  console.info
    [PluginManager] Plugin '`4' v80.15.93 registered

      at PluginManager._log (src/infrastructure/plugins/PluginManager.js:483:21)

  console.info
    [PluginManager] Plugin '`4' enabled

      at PluginManager._log (src/infrastructure/plugins/PluginManager.js:483:21)

  console.info
    [PluginManager] Plugin '`4' disabled

      at PluginManager._log (src/infrastructure/plugins/PluginManager.js:483:21)

  console.info
    [PluginManager] Plugin 'UI)o]' v84.93.53 registered

      at PluginManager._log (src/infrastructure/plugins/PluginManager.js:483:21)

  console.info
    [PluginManager] Plugin 'UI)o]' enabled

      at PluginManager._log (src/infrastructure/plugins/PluginManager.js:483:21)

  console.info
    [PluginManager] Plugin 'UI)o]' disabled

      at PluginManager._log (src/infrastructure/plugins/PluginManager.js:483:21)

  console.info
    [PluginManager] Plugin 'E' v84.4.66 registered

      at PluginManager._log (src/infrastructure/plugins/PluginManager.js:483:21)

  console.info
    [PluginManager] Plugin 'E' enabled

      at PluginManager._log (src/infrastructure/plugins/PluginManager.js:483:21)

  console.info
    [PluginManager] Plugin 'E' disabled

      at PluginManager._log (src/infrastructure/plugins/PluginManager.js:483:21)

  console.info
    [PluginManager] Plugin 'z' v44.5.28 registered

      at PluginManager._log (src/infrastructure/plugins/PluginManager.js:483:21)

  console.info
    [PluginManager] Plugin 'z' enabled

      at PluginManager._log (src/infrastructure/plugins/PluginManager.js:483:21)

  console.info
    [PluginManager] Plugin 'z' disabled

      at PluginManager._log (src/infrastructure/plugins/PluginManager.js:483:21)

  console.info
    [PluginManager] Plugin ';cbz' v78.87.99 registered

      at PluginManager._log (src/infrastructure/plugins/PluginManager.js:483:21)

  console.info
    [PluginManager] Plugin ';cbz' enabled

      at PluginManager._log (src/infrastructure/plugins/PluginManager.js:483:21)

  console.info
    [PluginManager] Plugin ';cbz' disabled

      at PluginManager._log (src/infrastructure/plugins/PluginManager.js:483:21)

  console.info
    [PluginManager] Plugin '?)er' v2.53.1 registered

      at PluginManager._log (src/infrastructure/plugins/PluginManager.js:483:21)

  console.info
    [PluginManager] Plugin '?)er' enabled

      at PluginManager._log (src/infrastructure/plugins/PluginManager.js:483:21)

  console.info
    [PluginManager] Plugin '?)er' disabled

      at PluginManager._log (src/infrastructure/plugins/PluginManager.js:483:21)

  console.info
    [PluginManager] Plugin '94u=!r"I' v4.94.7 registered

      at PluginManager._log (src/infrastructure/plugins/PluginManager.js:483:21)

  console.info
    [PluginManager] Plugin '94u=!r"I' enabled

      at PluginManager._log (src/infrastructure/plugins/PluginManager.js:483:21)

  console.info
    [PluginManager] Plugin '94u=!r"I' disabled

      at PluginManager._log (src/infrastructure/plugins/PluginManager.js:483:21)

  console.info
    [PluginManager] Plugin 'key' v62.29.0 registered

      at PluginManager._log (src/infrastructure/plugins/PluginManager.js:483:21)

  console.info
    [PluginManager] Plugin 'key' enabled

      at PluginManager._log (src/infrastructure/plugins/PluginManager.js:483:21)

  console.info
    [PluginManager] Plugin 'key' disabled

      at PluginManager._log (src/infrastructure/plugins/PluginManager.js:483:21)

  console.info
    [PluginManager] Plugin 'a2rf >=0<' v99.93.0 registered

      at PluginManager._log (src/infrastructure/plugins/PluginManager.js:483:21)

  console.info
    [PluginManager] Plugin 'a2rf >=0<' enabled

      at PluginManager._log (src/infrastructure/plugins/PluginManager.js:483:21)

  console.info
    [PluginManager] Plugin 'a2rf >=0<' disabled

      at PluginManager._log (src/infrastructure/plugins/PluginManager.js:483:21)

  console.info
    [PluginManager] Plugin 'i<0gr6]#4' v31.0.61 registered

      at PluginManager._log (src/infrastructure/plugins/PluginManager.js:483:21)

  console.info
    [PluginManager] Plugin 'i<0gr6]#4' enabled

      at PluginManager._log (src/infrastructure/plugins/PluginManager.js:483:21)

  console.info
    [PluginManager] Plugin 'i<0gr6]#4' disabled

      at PluginManager._log (src/infrastructure/plugins/PluginManager.js:483:21)

  console.info
    [PluginManager] Plugin ' 3@2HX!OmCSw' v47.0.58 registered

      at PluginManager._log (src/infrastructure/plugins/PluginManager.js:483:21)

  console.info
    [PluginManager] Plugin ' 3@2HX!OmCSw' enabled

      at PluginManager._log (src/infrastructure/plugins/PluginManager.js:483:21)

  console.info
    [PluginManager] Plugin ' 3@2HX!OmCSw' disabled

      at PluginManager._log (src/infrastructure/plugins/PluginManager.js:483:21)

  console.info
    [PluginManager] Plugin 'hasO' v7.1.65 registered

      at PluginManager._log (src/infrastructure/plugins/PluginManager.js:483:21)

  console.info
    [PluginManager] Plugin 'hasO' enabled

      at PluginManager._log (src/infrastructure/plugins/PluginManager.js:483:21)

  console.info
    [PluginManager] Plugin 'hasO' disabled

      at PluginManager._log (src/infrastructure/plugins/PluginManager.js:483:21)

  console.info
    [PluginManager] Plugin 'd' v19.98.2 registered

      at PluginManager._log (src/infrastructure/plugins/PluginManager.js:483:21)

  console.info
    [PluginManager] Plugin 'd' enabled

      at PluginManager._log (src/infrastructure/plugins/PluginManager.js:483:21)

  console.info
    [PluginManager] Plugin 'd' disabled

      at PluginManager._log (src/infrastructure/plugins/PluginManager.js:483:21)

  console.info
    [PluginManager] Plugin 'z' v18.69.47 registered

      at PluginManager._log (src/infrastructure/plugins/PluginManager.js:483:21)

  console.info
    [PluginManager] Plugin 'z' enabled

      at PluginManager._log (src/infrastructure/plugins/PluginManager.js:483:21)

  console.info
    [PluginManager] Plugin 'z' disabled

      at PluginManager._log (src/infrastructure/plugins/PluginManager.js:483:21)

  console.info
    [PluginManager] Plugin 'N?= &}%% C-G' v52.40.10 registered

      at PluginManager._log (src/infrastructure/plugins/PluginManager.js:483:21)

  console.info
    [PluginManager] Plugin 'N?= &}%% C-G' enabled

      at PluginManager._log (src/infrastructure/plugins/PluginManager.js:483:21)

  console.info
    [PluginManager] Plugin 'N?= &}%% C-G' disabled

      at PluginManager._log (src/infrastructure/plugins/PluginManager.js:483:21)

  console.info
    [PluginManager] Plugin 't' v7.79.1 registered

      at PluginManager._log (src/infrastructure/plugins/PluginManager.js:483:21)

  console.info
    [PluginManager] Plugin 't' enabled

      at PluginManager._log (src/infrastructure/plugins/PluginManager.js:483:21)

  console.info
    [PluginManager] Plugin 't' disabled

      at PluginManager._log (src/infrastructure/plugins/PluginManager.js:483:21)

  console.info
    [PluginManager] Plugin 'ry2mL?w"' v51.3.56 registered

      at PluginManager._log (src/infrastructure/plugins/PluginManager.js:483:21)

  console.info
    [PluginManager] Plugin 'ry2mL?w"' enabled

      at PluginManager._log (src/infrastructure/plugins/PluginManager.js:483:21)

  console.info
    [PluginManager] Plugin 'ry2mL?w"' disabled

      at PluginManager._log (src/infrastructure/plugins/PluginManager.js:483:21)

  console.info
    [PluginManager] Plugin 'toLocaleSt' v2.51.7 registered

      at PluginManager._log (src/infrastructure/plugins/PluginManager.js:483:21)

  console.info
    [PluginManager] Plugin 'toLocaleSt' enabled

      at PluginManager._log (src/infrastructure/plugins/PluginManager.js:483:21)

  console.info
    [PluginManager] Plugin 'toLocaleSt' disabled

      at PluginManager._log (src/infrastructure/plugins/PluginManager.js:483:21)

  console.info
    [PluginManager] Plugin '36h<'D!.<' v38.19.56 registered

      at PluginManager._log (src/infrastructure/plugins/PluginManager.js:483:21)

  console.info
    [PluginManager] Plugin '36h<'D!.<' enabled

      at PluginManager._log (src/infrastructure/plugins/PluginManager.js:483:21)

  console.info
    [PluginManager] Plugin '36h<'D!.<' disabled

      at PluginManager._log (src/infrastructure/plugins/PluginManager.js:483:21)

  console.info
    [PluginManager] Plugin 'T,X/Ls*5i' v50.5.37 registered

      at PluginManager._log (src/infrastructure/plugins/PluginManager.js:483:21)

  console.info
    [PluginManager] Plugin 'T,X/Ls*5i' enabled

      at PluginManager._log (src/infrastructure/plugins/PluginManager.js:483:21)

  console.info
    [PluginManager] Plugin 'T,X/Ls*5i' disabled

      at PluginManager._log (src/infrastructure/plugins/PluginManager.js:483:21)

  console.info
    [PluginManager] Plugin '|gs0' v97.6.0 registered

      at PluginManager._log (src/infrastructure/plugins/PluginManager.js:483:21)

  console.info
    [PluginManager] Plugin '|gs0' enabled

      at PluginManager._log (src/infrastructure/plugins/PluginManager.js:483:21)

  console.info
    [PluginManager] Plugin '|gs0' disabled

      at PluginManager._log (src/infrastructure/plugins/PluginManager.js:483:21)

  console.info
    [PluginManager] Plugin '8' v47.8.19 registered

      at PluginManager._log (src/infrastructure/plugins/PluginManager.js:483:21)

  console.info
    [PluginManager] Plugin '8' enabled

      at PluginManager._log (src/infrastructure/plugins/PluginManager.js:483:21)

  console.info
    [PluginManager] Plugin '8' disabled

      at PluginManager._log (src/infrastructure/plugins/PluginManager.js:483:21)

  console.info
    [PluginManager] Plugin '#' v4.97.3 registered

      at PluginManager._log (src/infrastructure/plugins/PluginManager.js:483:21)

  console.info
    [PluginManager] Plugin '#' enabled

      at PluginManager._log (src/infrastructure/plugins/PluginManager.js:483:21)

  console.info
    [PluginManager] Plugin '#' disabled

      at PluginManager._log (src/infrastructure/plugins/PluginManager.js:483:21)

  console.info
    [PluginManager] Plugin '^(v3G(Lwo(<k' v9.5.95 registered

      at PluginManager._log (src/infrastructure/plugins/PluginManager.js:483:21)

  console.info
    [PluginManager] Plugin '^(v3G(Lwo(<k' enabled

      at PluginManager._log (src/infrastructure/plugins/PluginManager.js:483:21)

  console.info
    [PluginManager] Plugin '^(v3G(Lwo(<k' disabled

      at PluginManager._log (src/infrastructure/plugins/PluginManager.js:483:21)

  console.info
    [PluginManager] Plugin 'zz# ZocY{x' v94.99.99 registered

      at PluginManager._log (src/infrastructure/plugins/PluginManager.js:483:21)

  console.info
    [PluginManager] Plugin 'zz# ZocY{x' enabled

      at PluginManager._log (src/infrastructure/plugins/PluginManager.js:483:21)

  console.info
    [PluginManager] Plugin 'zz# ZocY{x' disabled

      at PluginManager._log (src/infrastructure/plugins/PluginManager.js:483:21)

  console.info
    [PluginManager] Plugin ']Lp' v0.24.4 registered

      at PluginManager._log (src/infrastructure/plugins/PluginManager.js:483:21)

  console.info
    [PluginManager] Plugin ']Lp' enabled

      at PluginManager._log (src/infrastructure/plugins/PluginManager.js:483:21)

  console.info
    [PluginManager] Plugin ']Lp' disabled

      at PluginManager._log (src/infrastructure/plugins/PluginManager.js:483:21)

  console.info
    [PluginManager] Plugin '~)'lv)Gbq' v99.1.57 registered

      at PluginManager._log (src/infrastructure/plugins/PluginManager.js:483:21)

  console.info
    [PluginManager] Plugin '~)'lv)Gbq' enabled

      at PluginManager._log (src/infrastructure/plugins/PluginManager.js:483:21)

  console.info
    [PluginManager] Plugin '~)'lv)Gbq' disabled

      at PluginManager._log (src/infrastructure/plugins/PluginManager.js:483:21)

  console.info
    [PluginManager] Plugin 'lSm' v6.6.3 registered

      at PluginManager._log (src/infrastructure/plugins/PluginManager.js:483:21)

  console.info
    [PluginManager] Plugin 'lSm' enabled

      at PluginManager._log (src/infrastructure/plugins/PluginManager.js:483:21)

  console.info
    [PluginManager] Plugin 'lSm' disabled

      at PluginManager._log (src/infrastructure/plugins/PluginManager.js:483:21)

  console.info
    [PluginManager] Plugin '[{' v32.88.25 registered

      at PluginManager._log (src/infrastructure/plugins/PluginManager.js:483:21)

  console.info
    [PluginManager] Plugin '[{' enabled

      at PluginManager._log (src/infrastructure/plugins/PluginManager.js:483:21)

  console.info
    [PluginManager] Plugin '[{' disabled

      at PluginManager._log (src/infrastructure/plugins/PluginManager.js:483:21)

  console.info
    [PluginManager] Plugin 'y' v80.21.75 registered

      at PluginManager._log (src/infrastructure/plugins/PluginManager.js:483:21)

  console.info
    [PluginManager] Plugin 'y' enabled

      at PluginManager._log (src/infrastructure/plugins/PluginManager.js:483:21)

  console.info
    [PluginManager] Plugin 'y' disabled

      at PluginManager._log (src/infrastructure/plugins/PluginManager.js:483:21)

  console.info
    [PluginManager] Plugin '$wR+NQhyw ' v5.1.66 registered

      at PluginManager._log (src/infrastructure/plugins/PluginManager.js:483:21)

  console.info
    [PluginManager] Plugin '$wR+NQhyw ' enabled

      at PluginManager._log (src/infrastructure/plugins/PluginManager.js:483:21)

  console.info
    [PluginManager] Plugin '$wR+NQhyw ' disabled

      at PluginManager._log (src/infrastructure/plugins/PluginManager.js:483:21)

  console.info
    [PluginManager] Plugin '[L/f}QA#m' v70.47.82 registered

      at PluginManager._log (src/infrastructure/plugins/PluginManager.js:483:21)

  console.info
    [PluginManager] Plugin '[L/f}QA#m' enabled

      at PluginManager._log (src/infrastructure/plugins/PluginManager.js:483:21)

  console.info
    [PluginManager] Plugin '[L/f}QA#m' disabled

      at PluginManager._log (src/infrastructure/plugins/PluginManager.js:483:21)

  console.info
    [PluginManager] Plugin '&8U|4%U&Z' v5.1.77 registered

      at PluginManager._log (src/infrastructure/plugins/PluginManager.js:483:21)

  console.info
    [PluginManager] Plugin '&8U|4%U&Z' enabled

      at PluginManager._log (src/infrastructure/plugins/PluginManager.js:483:21)

  console.info
    [PluginManager] Plugin '&8U|4%U&Z' disabled

      at PluginManager._log (src/infrastructure/plugins/PluginManager.js:483:21)

  console.info
    [PluginManager] Plugin 'C'(y.T^Vb' v1.4.95 registered

      at PluginManager._log (src/infrastructure/plugins/PluginManager.js:483:21)

  console.info
    [PluginManager] Plugin 'C'(y.T^Vb' enabled

      at PluginManager._log (src/infrastructure/plugins/PluginManager.js:483:21)

  console.info
    [PluginManager] Plugin 'C'(y.T^Vb' disabled

      at PluginManager._log (src/infrastructure/plugins/PluginManager.js:483:21)

  console.info
    [PluginManager] Plugin 'b|X1'V' v2.5.5 registered

      at PluginManager._log (src/infrastructure/plugins/PluginManager.js:483:21)

  console.info
    [PluginManager] Plugin 'b|X1'V' enabled

      at PluginManager._log (src/infrastructure/plugins/PluginManager.js:483:21)

  console.info
    [PluginManager] Plugin 'b|X1'V' disabled

      at PluginManager._log (src/infrastructure/plugins/PluginManager.js:483:21)

  console.info
    [PluginManager] Plugin '<' v45.55.95 registered

      at PluginManager._log (src/infrastructure/plugins/PluginManager.js:483:21)

  console.info
    [PluginManager] Plugin '<' enabled

      at PluginManager._log (src/infrastructure/plugins/PluginManager.js:483:21)

  console.info
    [PluginManager] Plugin '<' disabled

      at PluginManager._log (src/infrastructure/plugins/PluginManager.js:483:21)

  console.info
    [PluginManager] Plugin '@le' v6.3.19 registered

      at PluginManager._log (src/infrastructure/plugins/PluginManager.js:483:21)

  console.info
    [PluginManager] Plugin '@le' enabled

      at PluginManager._log (src/infrastructure/plugins/PluginManager.js:483:21)

  console.info
    [PluginManager] Plugin '@le' disabled

      at PluginManager._log (src/infrastructure/plugins/PluginManager.js:483:21)

  console.info
    [PluginManager] Plugin 'MRS)^' v25.93.78 registered

      at PluginManager._log (src/infrastructure/plugins/PluginManager.js:483:21)

  console.info
    [PluginManager] Plugin 'MRS)^' enabled

      at PluginManager._log (src/infrastructure/plugins/PluginManager.js:483:21)

  console.info
    [PluginManager] Plugin 'MRS)^' disabled

      at PluginManager._log (src/infrastructure/plugins/PluginManager.js:483:21)

  console.info
    [PluginManager] Plugin '\1' v46.2.56 registered

      at PluginManager._log (src/infrastructure/plugins/PluginManager.js:483:21)

  console.info
    [PluginManager] Plugin '\1' enabled

      at PluginManager._log (src/infrastructure/plugins/PluginManager.js:483:21)

  console.info
    [PluginManager] Plugin '\1' disabled

      at PluginManager._log (src/infrastructure/plugins/PluginManager.js:483:21)

  console.info
    [PluginManager] Plugin ''.iSN' v64.6.2 registered

      at PluginManager._log (src/infrastructure/plugins/PluginManager.js:483:21)

  console.info
    [PluginManager] Plugin ''.iSN' enabled

      at PluginManager._log (src/infrastructure/plugins/PluginManager.js:483:21)

  console.info
    [PluginManager] Plugin ''.iSN' disabled

      at PluginManager._log (src/infrastructure/plugins/PluginManager.js:483:21)

  console.info
    [PluginManager] Plugin '=RGv{-(HUzQ' v13.75.47 registered

      at PluginManager._log (src/infrastructure/plugins/PluginManager.js:483:21)

  console.info
    [PluginManager] Plugin '=RGv{-(HUzQ' enabled

      at PluginManager._log (src/infrastructure/plugins/PluginManager.js:483:21)

  console.info
    [PluginManager] Plugin '=RGv{-(HUzQ' disabled

      at PluginManager._log (src/infrastructure/plugins/PluginManager.js:483:21)

  console.info
    [PluginManager] Plugin 'Q zyV[%' v90.51.30 registered

      at PluginManager._log (src/infrastructure/plugins/PluginManager.js:483:21)

  console.info
    [PluginManager] Plugin 'Q zyV[%' enabled

      at PluginManager._log (src/infrastructure/plugins/PluginManager.js:483:21)

  console.info
    [PluginManager] Plugin 'Q zyV[%' disabled

      at PluginManager._log (src/infrastructure/plugins/PluginManager.js:483:21)

  console.info
    [PluginManager] Plugin 'XZ' v3.8.21 registered

      at PluginManager._log (src/infrastructure/plugins/PluginManager.js:483:21)

  console.info
    [PluginManager] Plugin 'XZ' enabled

      at PluginManager._log (src/infrastructure/plugins/PluginManager.js:483:21)

  console.info
    [PluginManager] Plugin 'XZ' disabled

      at PluginManager._log (src/infrastructure/plugins/PluginManager.js:483:21)

  console.info
    [PluginManager] Plugin 'U~7Vtda' v35.31.70 registered

      at PluginManager._log (src/infrastructure/plugins/PluginManager.js:483:21)

  console.info
    [PluginManager] Plugin 'U~7Vtda' enabled

      at PluginManager._log (src/infrastructure/plugins/PluginManager.js:483:21)

  console.info
    [PluginManager] Plugin 'U~7Vtda' disabled

      at PluginManager._log (src/infrastructure/plugins/PluginManager.js:483:21)

  console.info
    [PluginManager] Plugin 'valueOf' v80.64.61 registered

      at PluginManager._log (src/infrastructure/plugins/PluginManager.js:483:21)

  console.info
    [PluginManager] Plugin 'valueOf' enabled

      at PluginManager._log (src/infrastructure/plugins/PluginManager.js:483:21)

  console.info
    [PluginManager] Plugin 'valueOf' disabled

      at PluginManager._log (src/infrastructure/plugins/PluginManager.js:483:21)

  console.info
    [PluginManager] Plugin 'LZk' v83.34.90 registered

      at PluginManager._log (src/infrastructure/plugins/PluginManager.js:483:21)

  console.info
    [PluginManager] Plugin 'LZk' enabled

      at PluginManager._log (src/infrastructure/plugins/PluginManager.js:483:21)

  console.info
    [PluginManager] Plugin 'LZk' disabled

      at PluginManager._log (src/infrastructure/plugins/PluginManager.js:483:21)

  console.info
    [PluginManager] Plugin 'jTA\GR}={z' v1.98.3 registered

      at PluginManager._log (src/infrastructure/plugins/PluginManager.js:483:21)

  console.info
    [PluginManager] Plugin 'jTA\GR}={z' enabled

      at PluginManager._log (src/infrastructure/plugins/PluginManager.js:483:21)

  console.info
    [PluginManager] Plugin 'jTA\GR}={z' disabled

      at PluginManager._log (src/infrastructure/plugins/PluginManager.js:483:21)

  console.info
    [PluginManager] Plugin 'A!=+' v58.1.96 registered

      at PluginManager._log (src/infrastructure/plugins/PluginManager.js:483:21)

  console.info
    [PluginManager] Plugin 'A!=+' enabled

      at PluginManager._log (src/infrastructure/plugins/PluginManager.js:483:21)

  console.info
    [PluginManager] Plugin 'A!=+' disabled

      at PluginManager._log (src/infrastructure/plugins/PluginManager.js:483:21)

  console.info
    [PluginManager] Plugin 'Q3Q\oF' v96.18.69 registered

      at PluginManager._log (src/infrastructure/plugins/PluginManager.js:483:21)

  console.info
    [PluginManager] Plugin 'Q3Q\oF' enabled

      at PluginManager._log (src/infrastructure/plugins/PluginManager.js:483:21)

  console.info
    [PluginManager] Plugin 'Q3Q\oF' disabled

      at PluginManager._log (src/infrastructure/plugins/PluginManager.js:483:21)

  console.info
    [PluginManager] Plugin '@9T2' v54.44.0 registered

      at PluginManager._log (src/infrastructure/plugins/PluginManager.js:483:21)

  console.info
    [PluginManager] Plugin '@9T2' enabled

      at PluginManager._log (src/infrastructure/plugins/PluginManager.js:483:21)

  console.info
    [PluginManager] Plugin '@9T2' disabled

      at PluginManager._log (src/infrastructure/plugins/PluginManager.js:483:21)

  console.info
    [PluginManager] Plugin 'J*m _4Qcl' v77.88.39 registered

      at PluginManager._log (src/infrastructure/plugins/PluginManager.js:483:21)

  console.info
    [PluginManager] Plugin 'J*m _4Qcl' enabled

      at PluginManager._log (src/infrastructure/plugins/PluginManager.js:483:21)

  console.info
    [PluginManager] Plugin 'J*m _4Qcl' disabled

      at PluginManager._log (src/infrastructure/plugins/PluginManager.js:483:21)

  console.info
    [PluginManager] Plugin '[Gd$<~@ Ls' v5.42.93 registered

      at PluginManager._log (src/infrastructure/plugins/PluginManager.js:483:21)

  console.info
    [PluginManager] Plugin '[Gd$<~@ Ls' enabled

      at PluginManager._log (src/infrastructure/plugins/PluginManager.js:483:21)

  console.info
    [PluginManager] Plugin '[Gd$<~@ Ls' disabled

      at PluginManager._log (src/infrastructure/plugins/PluginManager.js:483:21)

  console.info
    [PluginManager] Plugin '3`9v]%' v19.3.92 registered

      at PluginManager._log (src/infrastructure/plugins/PluginManager.js:483:21)

  console.info
    [PluginManager] Plugin '3`9v]%' enabled

      at PluginManager._log (src/infrastructure/plugins/PluginManager.js:483:21)

  console.info
    [PluginManager] Plugin '3`9v]%' disabled

      at PluginManager._log (src/infrastructure/plugins/PluginManager.js:483:21)

  console.info
    [PluginManager] Plugin '^' v25.84.8 registered

      at PluginManager._log (src/infrastructure/plugins/PluginManager.js:483:21)

  console.info
    [PluginManager] Plugin '^' enabled

      at PluginManager._log (src/infrastructure/plugins/PluginManager.js:483:21)

  console.info
    [PluginManager] Plugin '^' disabled

      at PluginManager._log (src/infrastructure/plugins/PluginManager.js:483:21)

  console.info
    [PluginManager] Plugin '_C]z(' v24.38.57 registered

      at PluginManager._log (src/infrastructure/plugins/PluginManager.js:483:21)

  console.info
    [PluginManager] Plugin '_C]z(' enabled

      at PluginManager._log (src/infrastructure/plugins/PluginManager.js:483:21)

  console.info
    [PluginManager] Plugin '_C]z(' disabled

      at PluginManager._log (src/infrastructure/plugins/PluginManager.js:483:21)

  console.info
    [PluginManager] Plugin 'UsCcw1r' v22.21.99 registered

      at PluginManager._log (src/infrastructure/plugins/PluginManager.js:483:21)

  console.info
    [PluginManager] Plugin 'UsCcw1r' enabled

      at PluginManager._log (src/infrastructure/plugins/PluginManager.js:483:21)

  console.info
    [PluginManager] Plugin 'UsCcw1r' disabled

      at PluginManager._log (src/infrastructure/plugins/PluginManager.js:483:21)

  console.info
    [PluginManager] Plugin 'TxRMf&YYHHL' v34.1.97 registered

      at PluginManager._log (src/infrastructure/plugins/PluginManager.js:483:21)

  console.info
    [PluginManager] Plugin 'TxRMf&YYHHL' enabled

      at PluginManager._log (src/infrastructure/plugins/PluginManager.js:483:21)

  console.info
    [PluginManager] Plugin 'TxRMf&YYHHL' disabled

      at PluginManager._log (src/infrastructure/plugins/PluginManager.js:483:21)

  console.info
    [PluginManager] Plugin '?=' v24.93.57 registered

      at PluginManager._log (src/infrastructure/plugins/PluginManager.js:483:21)

  console.info
    [PluginManager] Plugin '?=' enabled

      at PluginManager._log (src/infrastructure/plugins/PluginManager.js:483:21)

  console.info
    [PluginManager] Plugin '?=' disabled

      at PluginManager._log (src/infrastructure/plugins/PluginManager.js:483:21)

  console.info
    [PluginManager] Plugin 'BirnPF@@|ti.' v14.94.58 registered

      at PluginManager._log (src/infrastructure/plugins/PluginManager.js:483:21)

  console.info
    [PluginManager] Plugin 'BirnPF@@|ti.' enabled

      at PluginManager._log (src/infrastructure/plugins/PluginManager.js:483:21)

  console.info
    [PluginManager] Plugin 'BirnPF@@|ti.' disabled

      at PluginManager._log (src/infrastructure/plugins/PluginManager.js:483:21)

  console.info
    [PluginManager] Plugin 'Phz.Ds{N9E9' v99.91.61 registered

      at PluginManager._log (src/infrastructure/plugins/PluginManager.js:483:21)

  console.info
    [PluginManager] Plugin 'Phz.Ds{N9E9' enabled

      at PluginManager._log (src/infrastructure/plugins/PluginManager.js:483:21)

  console.info
    [PluginManager] Plugin 'Phz.Ds{N9E9' disabled

      at PluginManager._log (src/infrastructure/plugins/PluginManager.js:483:21)

  console.info
    [PluginManager] Plugin 'r' v5.33.59 registered

      at PluginManager._log (src/infrastructure/plugins/PluginManager.js:483:21)

  console.info
    [PluginManager] Plugin 'r' enabled

      at PluginManager._log (src/infrastructure/plugins/PluginManager.js:483:21)

  console.info
    [PluginManager] Plugin 'r' disabled

      at PluginManager._log (src/infrastructure/plugins/PluginManager.js:483:21)

  console.info
    [PluginManager] Plugin '%Lw' v92.32.79 registered

      at PluginManager._log (src/infrastructure/plugins/PluginManager.js:483:21)

  console.info
    [PluginManager] Plugin '%Lw' enabled

      at PluginManager._log (src/infrastructure/plugins/PluginManager.js:483:21)

  console.info
    [PluginManager] Plugin '%Lw' disabled

      at PluginManager._log (src/infrastructure/plugins/PluginManager.js:483:21)

  console.info
    [PluginManager] Plugin 'C^*q"Elv' v87.30.71 registered

      at PluginManager._log (src/infrastructure/plugins/PluginManager.js:483:21)

  console.info
    [PluginManager] Plugin 'C^*q"Elv' enabled

      at PluginManager._log (src/infrastructure/plugins/PluginManager.js:483:21)

  console.info
    [PluginManager] Plugin 'C^*q"Elv' disabled

      at PluginManager._log (src/infrastructure/plugins/PluginManager.js:483:21)

  console.info
    [PluginManager] Plugin '|u)|b~kU*' v19.94.4 registered

      at PluginManager._log (src/infrastructure/plugins/PluginManager.js:483:21)

  console.info
    [PluginManager] Plugin '|u)|b~kU*' enabled

      at PluginManager._log (src/infrastructure/plugins/PluginManager.js:483:21)

  console.info
    [PluginManager] Plugin '|u)|b~kU*' disabled

      at PluginManager._log (src/infrastructure/plugins/PluginManager.js:483:21)

  console.info
    [PluginManager] Plugin 'key' v4.3.60 registered

      at PluginManager._log (src/infrastructure/plugins/PluginManager.js:483:21)

  console.info
    [PluginManager] Plugin 'key' enabled

      at PluginManager._log (src/infrastructure/plugins/PluginManager.js:483:21)

  console.info
    [PluginManager] Plugin 'key' disabled

      at PluginManager._log (src/infrastructure/plugins/PluginManager.js:483:21)

  console.info
    [PluginManager] Plugin 'K$=$}>#$' v32.48.45 registered

      at PluginManager._log (src/infrastructure/plugins/PluginManager.js:483:21)

  console.info
    [PluginManager] Plugin 'K$=$}>#$' enabled

      at PluginManager._log (src/infrastructure/plugins/PluginManager.js:483:21)

  console.info
    [PluginManager] Plugin 'K$=$}>#$' disabled

      at PluginManager._log (src/infrastructure/plugins/PluginManager.js:483:21)

  console.info
    [PluginManager] Plugin 'q' v36.4.96 registered

      at PluginManager._log (src/infrastructure/plugins/PluginManager.js:483:21)

  console.info
    [PluginManager] Plugin 'q' enabled

      at PluginManager._log (src/infrastructure/plugins/PluginManager.js:483:21)

  console.info
    [PluginManager] Plugin 'q' disabled

      at PluginManager._log (src/infrastructure/plugins/PluginManager.js:483:21)

  console.info
    [PluginManager] Plugin '&_=3g^)w' v94.95.4 registered

      at PluginManager._log (src/infrastructure/plugins/PluginManager.js:483:21)

  console.info
    [PluginManager] Plugin '&_=3g^)w' enabled

      at PluginManager._log (src/infrastructure/plugins/PluginManager.js:483:21)

  console.info
    [PluginManager] Plugin '&_=3g^)w' disabled

      at PluginManager._log (src/infrastructure/plugins/PluginManager.js:483:21)

  console.info
    [PluginManager] Plugin '!l^b7yh' v96.31.99 registered

      at PluginManager._log (src/infrastructure/plugins/PluginManager.js:483:21)

  console.info
    [PluginManager] Plugin '!l^b7yh' enabled

      at PluginManager._log (src/infrastructure/plugins/PluginManager.js:483:21)

  console.info
    [PluginManager] Plugin '!l^b7yh' disabled

      at PluginManager._log (src/infrastructure/plugins/PluginManager.js:483:21)

  console.info
    [PluginManager] Plugin 'a__d' v93.73.56 registered

      at PluginManager._log (src/infrastructure/plugins/PluginManager.js:483:21)

  console.info
    [PluginManager] Plugin 'a__d' enabled

      at PluginManager._log (src/infrastructure/plugins/PluginManager.js:483:21)

  console.info
    [PluginManager] Plugin 'a__d' disabled

      at PluginManager._log (src/infrastructure/plugins/PluginManager.js:483:21)

  console.info
    [PluginManager] Plugin 'so<PT/g*WCt' v98.24.1 registered

      at PluginManager._log (src/infrastructure/plugins/PluginManager.js:483:21)

  console.info
    [PluginManager] Plugin 'so<PT/g*WCt' enabled

      at PluginManager._log (src/infrastructure/plugins/PluginManager.js:483:21)

  console.info
    [PluginManager] Plugin 'so<PT/g*WCt' disabled

      at PluginManager._log (src/infrastructure/plugins/PluginManager.js:483:21)

  console.info
    [PluginManager] Plugin 'name' v4.1.0 registered

      at PluginManager._log (src/infrastructure/plugins/PluginManager.js:483:21)

  console.info
    [PluginManager] Plugin 'name' enabled

      at PluginManager._log (src/infrastructure/plugins/PluginManager.js:483:21)

  console.info
    [PluginManager] Plugin 'name' disabled

      at PluginManager._log (src/infrastructure/plugins/PluginManager.js:483:21)

  console.info
    [PluginManager] Plugin 'I)Te~HW' v4.2.6 registered

      at PluginManager._log (src/infrastructure/plugins/PluginManager.js:483:21)

  console.info
    [PluginManager] Plugin 'I)Te~HW' enabled

      at PluginManager._log (src/infrastructure/plugins/PluginManager.js:483:21)

  console.info
    [PluginManager] Plugin 'I)Te~HW' disabled

      at PluginManager._log (src/infrastructure/plugins/PluginManager.js:483:21)

  console.info
    [PluginManager] Plugin 'XT' v0.75.3 registered

      at PluginManager._log (src/infrastructure/plugins/PluginManager.js:483:21)

  console.info
    [PluginManager] Plugin 'XT' enabled

      at PluginManager._log (src/infrastructure/plugins/PluginManager.js:483:21)

  console.info
    [PluginManager] Plugin 'XT' disabled

      at PluginManager._log (src/infrastructure/plugins/PluginManager.js:483:21)

  console.info
    [PluginManager] Plugin 'N' v0.83.44 registered

      at PluginManager._log (src/infrastructure/plugins/PluginManager.js:483:21)

  console.info
    [PluginManager] Plugin 'N' enabled

      at PluginManager._log (src/infrastructure/plugins/PluginManager.js:483:21)

  console.info
    [PluginManager] Plugin 'N' disabled

      at PluginManager._log (src/infrastructure/plugins/PluginManager.js:483:21)

  console.info
    [PluginManager] Plugin '!ox0' v63.89.65 registered

      at PluginManager._log (src/infrastructure/plugins/PluginManager.js:483:21)

  console.info
    [PluginManager] Plugin '!ox0' enabled

      at PluginManager._log (src/infrastructure/plugins/PluginManager.js:483:21)

  console.info
    [PluginManager] Plugin '!ox0' disabled

      at PluginManager._log (src/infrastructure/plugins/PluginManager.js:483:21)

  console.info
    [PluginManager] Plugin '&nj' v60.33.22 registered

      at PluginManager._log (src/infrastructure/plugins/PluginManager.js:483:21)

  console.info
    [PluginManager] Plugin '&nj' enabled

      at PluginManager._log (src/infrastructure/plugins/PluginManager.js:483:21)

  console.info
    [PluginManager] Plugin '&nj' disabled

      at PluginManager._log (src/infrastructure/plugins/PluginManager.js:483:21)

  console.info
    [PluginManager] Plugin '5bJ}Jf' v1.37.66 registered

      at PluginManager._log (src/infrastructure/plugins/PluginManager.js:483:21)

  console.info
    [PluginManager] Plugin '5bJ}Jf' enabled

      at PluginManager._log (src/infrastructure/plugins/PluginManager.js:483:21)

  console.info
    [PluginManager] Plugin '5bJ}Jf' disabled

      at PluginManager._log (src/infrastructure/plugins/PluginManager.js:483:21)

  console.info
    [PluginManager] Plugin '8sZSLwy&%Y' v42.76.93 registered

      at PluginManager._log (src/infrastructure/plugins/PluginManager.js:483:21)

  console.info
    [PluginManager] Plugin '8sZSLwy&%Y' enabled

      at PluginManager._log (src/infrastructure/plugins/PluginManager.js:483:21)

  console.info
    [PluginManager] Plugin '8sZSLwy&%Y' disabled

      at PluginManager._log (src/infrastructure/plugins/PluginManager.js:483:21)

  console.info
    [PluginManager] Plugin ''gkD[J1' v63.96.61 registered

      at PluginManager._log (src/infrastructure/plugins/PluginManager.js:483:21)

  console.info
    [PluginManager] Plugin ''gkD[J1' enabled

      at PluginManager._log (src/infrastructure/plugins/PluginManager.js:483:21)

  console.info
    [PluginManager] Plugin ''gkD[J1' disabled

      at PluginManager._log (src/infrastructure/plugins/PluginManager.js:483:21)

  console.info
    [PluginManager] Plugin 'Mu6dW|{X\'8' v99.89.35 registered

      at PluginManager._log (src/infrastructure/plugins/PluginManager.js:483:21)

  console.info
    [PluginManager] Plugin 'Mu6dW|{X\'8' enabled

      at PluginManager._log (src/infrastructure/plugins/PluginManager.js:483:21)

  console.info
    [PluginManager] Plugin 'Mu6dW|{X\'8' disabled

      at PluginManager._log (src/infrastructure/plugins/PluginManager.js:483:21)

  console.info
    [PluginManager] Plugin '/P' v2.59.15 registered

      at PluginManager._log (src/infrastructure/plugins/PluginManager.js:483:21)

  console.info
    [PluginManager] Plugin '/P' enabled

      at PluginManager._log (src/infrastructure/plugins/PluginManager.js:483:21)

  console.info
    [PluginManager] Plugin '/P' disabled

      at PluginManager._log (src/infrastructure/plugins/PluginManager.js:483:21)

  console.info
    [PluginManager] Plugin '~w+c*' v34.6.98 registered

      at PluginManager._log (src/infrastructure/plugins/PluginManager.js:483:21)

  console.info
    [PluginManager] Plugin '~w+c*' enabled

      at PluginManager._log (src/infrastructure/plugins/PluginManager.js:483:21)

  console.info
    [PluginManager] Plugin '~w+c*' disabled

      at PluginManager._log (src/infrastructure/plugins/PluginManager.js:483:21)

  console.info
    [PluginManager] Plugin 'JBM%L{V' v42.5.57 registered

      at PluginManager._log (src/infrastructure/plugins/PluginManager.js:483:21)

  console.info
    [PluginManager] Plugin 'JBM%L{V' enabled

      at PluginManager._log (src/infrastructure/plugins/PluginManager.js:483:21)

  console.info
    [PluginManager] Plugin 'JBM%L{V' disabled

      at PluginManager._log (src/infrastructure/plugins/PluginManager.js:483:21)

  console.info
    [PluginManager] Plugin '*p"' v78.2.18 registered

      at PluginManager._log (src/infrastructure/plugins/PluginManager.js:483:21)

  console.info
    [PluginManager] Plugin '*p"' enabled

      at PluginManager._log (src/infrastructure/plugins/PluginManager.js:483:21)

  console.info
    [PluginManager] Plugin '*p"' disabled

      at PluginManager._log (src/infrastructure/plugins/PluginManager.js:483:21)

  console.info
    [PluginManager] Plugin 'Q#r&' v67.96.30 registered

      at PluginManager._log (src/infrastructure/plugins/PluginManager.js:483:21)

  console.info
    [PluginManager] Plugin 'Q#r&' enabled

      at PluginManager._log (src/infrastructure/plugins/PluginManager.js:483:21)

  console.info
    [PluginManager] Plugin 'Q#r&' disabled

      at PluginManager._log (src/infrastructure/plugins/PluginManager.js:483:21)

  console.info
    [PluginManager] Plugin 'F' v4.14.86 registered

      at PluginManager._log (src/infrastructure/plugins/PluginManager.js:483:21)

  console.info
    [PluginManager] Plugin 'F' enabled

      at PluginManager._log (src/infrastructure/plugins/PluginManager.js:483:21)

  console.info
    [PluginManager] Plugin 'F' disabled

      at PluginManager._log (src/infrastructure/plugins/PluginManager.js:483:21)

  console.info
    [PluginManager] Plugin '##' v85.76.59 registered

      at PluginManager._log (src/infrastructure/plugins/PluginManager.js:483:21)

  console.info
    [PluginManager] Plugin '##' enabled

      at PluginManager._log (src/infrastructure/plugins/PluginManager.js:483:21)

  console.info
    [PluginManager] Plugin '##' disabled

      at PluginManager._log (src/infrastructure/plugins/PluginManager.js:483:21)

  console.info
    [PluginManager] Plugin '3&T]H^]l' v92.94.0 registered

      at PluginManager._log (src/infrastructure/plugins/PluginManager.js:483:21)

  console.info
    [PluginManager] Plugin '3&T]H^]l' enabled

      at PluginManager._log (src/infrastructure/plugins/PluginManager.js:483:21)

  console.info
    [PluginManager] Plugin '3&T]H^]l' disabled

      at PluginManager._log (src/infrastructure/plugins/PluginManager.js:483:21)

  console.info
    [PluginManager] Plugin '"By}' v45.17.67 registered

      at PluginManager._log (src/infrastructure/plugins/PluginManager.js:483:21)

  console.info
    [PluginManager] Plugin '"By}' enabled

      at PluginManager._log (src/infrastructure/plugins/PluginManager.js:483:21)

  console.info
    [PluginManager] Plugin '"By}' disabled

      at PluginManager._log (src/infrastructure/plugins/PluginManager.js:483:21)

  console.info
    [PluginManager] Plugin 'p?Bf#ClD' v10.78.16 registered

      at PluginManager._log (src/infrastructure/plugins/PluginManager.js:483:21)

  console.info
    [PluginManager] Plugin 'p?Bf#ClD' enabled

      at PluginManager._log (src/infrastructure/plugins/PluginManager.js:483:21)

  console.info
    [PluginManager] Plugin 'p?Bf#ClD' disabled

      at PluginManager._log (src/infrastructure/plugins/PluginManager.js:483:21)

  console.info
    [PluginManager] Plugin 'J' v4.43.41 registered

      at PluginManager._log (src/infrastructure/plugins/PluginManager.js:483:21)

  console.info
    [PluginManager] Plugin 'J' enabled

      at PluginManager._log (src/infrastructure/plugins/PluginManager.js:483:21)

  console.info
    [PluginManager] Plugin 'J' disabled

      at PluginManager._log (src/infrastructure/plugins/PluginManager.js:483:21)

  console.info
    [PluginManager] Plugin '"CCih'T' v10.75.94 registered

      at PluginManager._log (src/infrastructure/plugins/PluginManager.js:483:21)

  console.info
    [PluginManager] Plugin '"CCih'T' enabled

      at PluginManager._log (src/infrastructure/plugins/PluginManager.js:483:21)

  console.info
    [PluginManager] Plugin '"CCih'T' disabled

      at PluginManager._log (src/infrastructure/plugins/PluginManager.js:483:21)

  console.info
    [PluginManager] Plugin 'G9F' v40.56.22 registered

      at PluginManager._log (src/infrastructure/plugins/PluginManager.js:483:21)

  console.info
    [PluginManager] Plugin 'G9F' enabled

      at PluginManager._log (src/infrastructure/plugins/PluginManager.js:483:21)

  console.info
    [PluginManager] Plugin 'G9F' disabled

      at PluginManager._log (src/infrastructure/plugins/PluginManager.js:483:21)

  console.info
    [PluginManager] Plugin 'f,~[>oQ%z' v51.64.99 registered

      at PluginManager._log (src/infrastructure/plugins/PluginManager.js:483:21)

  console.info
    [PluginManager] Plugin 'f,~[>oQ%z' enabled

      at PluginManager._log (src/infrastructure/plugins/PluginManager.js:483:21)

  console.info
    [PluginManager] Plugin 'f,~[>oQ%z' disabled

      at PluginManager._log (src/infrastructure/plugins/PluginManager.js:483:21)

  console.info
    [PluginManager] Plugin '_Hw('S<s' v14.86.66 registered

      at PluginManager._log (src/infrastructure/plugins/PluginManager.js:483:21)

  console.info
    [PluginManager] Plugin '_Hw('S<s' enabled

      at PluginManager._log (src/infrastructure/plugins/PluginManager.js:483:21)

  console.info
    [PluginManager] Plugin '_Hw('S<s' disabled

      at PluginManager._log (src/infrastructure/plugins/PluginManager.js:483:21)

  console.info
    [PluginManager] Plugin '>&ZY' v1.64.99 registered

      at PluginManager._log (src/infrastructure/plugins/PluginManager.js:483:21)

  console.info
    [PluginManager] Plugin '>&ZY' enabled

      at PluginManager._log (src/infrastructure/plugins/PluginManager.js:483:21)

  console.info
    [PluginManager] Plugin '>&ZY' disabled

      at PluginManager._log (src/infrastructure/plugins/PluginManager.js:483:21)

  console.info
    [PluginManager] Plugin '8{.%z=' v39.97.7 registered

      at PluginManager._log (src/infrastructure/plugins/PluginManager.js:483:21)

  console.info
    [PluginManager] Plugin '8{.%z=' enabled

      at PluginManager._log (src/infrastructure/plugins/PluginManager.js:483:21)

  console.info
    [PluginManager] Plugin '8{.%z=' disabled

      at PluginManager._log (src/infrastructure/plugins/PluginManager.js:483:21)

  console.info
    [PluginManager] Plugin '2"oU'*Fq<' v72.0.42 registered

      at PluginManager._log (src/infrastructure/plugins/PluginManager.js:483:21)

  console.info
    [PluginManager] Plugin '2"oU'*Fq<' enabled

      at PluginManager._log (src/infrastructure/plugins/PluginManager.js:483:21)

  console.info
    [PluginManager] Plugin '2"oU'*Fq<' disabled

      at PluginManager._log (src/infrastructure/plugins/PluginManager.js:483:21)

  console.info
    [PluginManager] Plugin '+m&4<|Y' v4.97.65 registered

      at PluginManager._log (src/infrastructure/plugins/PluginManager.js:483:21)

  console.info
    [PluginManager] Plugin '+m&4<|Y' enabled

      at PluginManager._log (src/infrastructure/plugins/PluginManager.js:483:21)

  console.info
    [PluginManager] Plugin '+m&4<|Y' disabled

      at PluginManager._log (src/infrastructure/plugins/PluginManager.js:483:21)

  console.info
    [PluginManager] Plugin '{;X$,x/ Cjxo' v5.61.10 registered

      at PluginManager._log (src/infrastructure/plugins/PluginManager.js:483:21)

  console.info
    [PluginManager] Plugin '{;X$,x/ Cjxo' enabled

      at PluginManager._log (src/infrastructure/plugins/PluginManager.js:483:21)

  console.info
    [PluginManager] Plugin '{;X$,x/ Cjxo' disabled

      at PluginManager._log (src/infrastructure/plugins/PluginManager.js:483:21)

  console.info
    [PluginManager] Plugin 'Z' v12.63.58 registered

      at PluginManager._log (src/infrastructure/plugins/PluginManager.js:483:21)

  console.info
    [PluginManager] Plugin 'Z' enabled

      at PluginManager._log (src/infrastructure/plugins/PluginManager.js:483:21)

  console.info
    [PluginManager] Plugin 'Z' disabled

      at PluginManager._log (src/infrastructure/plugins/PluginManager.js:483:21)

  console.info
    [PluginManager] Plugin '[' v25.14.99 registered

      at PluginManager._log (src/infrastructure/plugins/PluginManager.js:483:21)

  console.info
    [PluginManager] Plugin '[' enabled

      at PluginManager._log (src/infrastructure/plugins/PluginManager.js:483:21)

  console.info
    [PluginManager] Plugin '[' disabled

      at PluginManager._log (src/infrastructure/plugins/PluginManager.js:483:21)

  console.info
    [PluginManager] Plugin '$wvf^7&g`[CC' v5.0.4 registered

      at PluginManager._log (src/infrastructure/plugins/PluginManager.js:483:21)

  console.info
    [PluginManager] Plugin '$wvf^7&g`[CC' enabled

      at PluginManager._log (src/infrastructure/plugins/PluginManager.js:483:21)

  console.info
    [PluginManager] Plugin '$wvf^7&g`[CC' disabled

      at PluginManager._log (src/infrastructure/plugins/PluginManager.js:483:21)

  console.info
    [PluginManager] Plugin '&Q|d>mQ$r_h$' v97.3.2 registered

      at PluginManager._log (src/infrastructure/plugins/PluginManager.js:483:21)

  console.info
    [PluginManager] Plugin '&Q|d>mQ$r_h$' enabled

      at PluginManager._log (src/infrastructure/plugins/PluginManager.js:483:21)

  console.info
    [PluginManager] Plugin '&Q|d>mQ$r_h$' disabled

      at PluginManager._log (src/infrastructure/plugins/PluginManager.js:483:21)

  console.info
    [PluginManager] Plugin '|]' v99.90.13 registered

      at PluginManager._log (src/infrastructure/plugins/PluginManager.js:483:21)

  console.info
    [PluginManager] Plugin '|]' enabled

      at PluginManager._log (src/infrastructure/plugins/PluginManager.js:483:21)

  console.info
    [PluginManager] Plugin '|]' disabled

      at PluginManager._log (src/infrastructure/plugins/PluginManager.js:483:21)

  console.info
    [PluginManager] Plugin 'jdv6-)C' v99.92.59 registered

      at PluginManager._log (src/infrastructure/plugins/PluginManager.js:483:21)

  console.info
    [PluginManager] Plugin 'jdv6-)C' enabled

      at PluginManager._log (src/infrastructure/plugins/PluginManager.js:483:21)

  console.info
    [PluginManager] Plugin 'jdv6-)C' disabled

      at PluginManager._log (src/infrastructure/plugins/PluginManager.js:483:21)

  console.info
    [PluginManager] Plugin ';lJ(IH/!vY' v6.77.71 registered

      at PluginManager._log (src/infrastructure/plugins/PluginManager.js:483:21)

  console.info
    [PluginManager] Plugin ';lJ(IH/!vY' enabled

      at PluginManager._log (src/infrastructure/plugins/PluginManager.js:483:21)

  console.info
    [PluginManager] Plugin ';lJ(IH/!vY' disabled

      at PluginManager._log (src/infrastructure/plugins/PluginManager.js:483:21)

PASS src/infrastructure/plugins
/__tests__/PluginManager.proper
ty.test.js (10.702 s)
  PluginManager Property Tests
    Property 2: Plugin Interfac
e Validation
      鈭?objects missing require
d members are rejected with des
criptive errors (43 ms)
      鈭?valid plugins are accep
ted (166 ms)
      鈭?objects with wrong memb
er types are rejected (19 ms)
    Property 3: Plugin Dependen
cy Order
      鈭?plugins are initialized
 in dependency order (624 ms)
      鈭?circular dependencies a
re detected (111 ms)
      鈭?independent plugins can
 be initialized in any order (6
52 ms)
    Property 4: Plugin Error Is
olation
      鈭?failing plugins do not 
prevent other plugins from init
ializing (573 ms)
      鈭?multiple failing plugin
s are all reported (626 ms)
      鈭?system remains operatio
nal after plugin failures (3357
 ms)
    Property 5: Plugin Resource
 Cleanup
      鈭?disabling a plugin call
s destroy and removes from acti
ve list (247 ms)
      鈭?destroyAll calls destro
y on all active plugins in reve
rse order (881 ms)
      鈭?plugins with dependenci
es are destroyed in reverse dep
endency order (264 ms)
      鈭?disabling already disab
led plugin is a no-op (187 ms)
      鈭?plugin state transition
s correctly through lifecycle (
2835 ms)

PASS src/core/state/__tests__/S
tateManager.property.test.js (5
.8 s)
  StateManager Property Tests
    Property 33: State Change N
otification
      鈭?all global subscribers 
receive state changes (152 ms)
      鈭?slice subscribers recei
ve changes to their specific sl
ice (62 ms)
      鈭?slice subscribers are n
ot notified for unchanged slice
s (16 ms)
    Property 34: State Persiste
nce Round-Trip
      鈭?persist then restore pr
oduces equivalent state (1369 m
s)
      鈭?persisted state include
s version information (1441 ms)
    Property 35: State Corrupti
on Handling
      鈭?corrupted JSON is handl
ed gracefully (782 ms)
      鈭?checksum mismatch is de
tected as corruption (1224 ms)
      鈭?deserialize handles inv
alid data gracefully (36 ms)
    Property 36: State Snapshot
 Accuracy
      鈭?snapshots capture state
 at the moment they are taken (
258 ms)
      鈭?snapshots are independe
nt of subsequent state changes 
(49 ms)
      鈭?restoreFromSnapshot acc
urately restores state (46 ms)
      鈭?getSnapshots returns al
l snapshots in order (141 ms)
    Property 37: State Serializ
ation Round-Trip
      鈭?serialize then deserial
ize produces equivalent state (
25 ms)
      鈭?serialization preserves
 nested structures (23 ms)
      鈭?serialization includes 
version information (37 ms)
      鈭?multiple round-trips pr
eserve state (35 ms)

PASS src/infrastructure/storage
/__tests__/MigrationRunner.prop
erty.test.js
  MigrationRunner Property Test
s
    Property 13: Migration Roll
back
      鈭?single migration up the
n down restores original state 
(850 ms)
      鈭?multiple migrations up 
then rollback all restores orig
inal state (833 ms)
      鈭?migrate to version then
 rollback to previous version r
estores state (799 ms)
      鈭?snapshot preserves data
 for rollback (30 ms)
      鈭?rollback last with no m
igrations is idempotent (42 ms)
      鈭?data transformation is 
reversible for complex operatio
ns (829 ms)
    Migration Registration and 
Validation
      鈭?invalid migration witho
ut version throws error (4 ms)
      鈭?invalid migration witho
ut up function throws error (2 
ms)
      鈭?invalid migration witho
ut down function throws error (
2 ms)
      鈭?duplicate version regis
tration throws error (2 ms)
      鈭?migrations are sorted b
y version (1 ms)
    Version Management
      鈭?getCurrentVersion retur
ns null for fresh runner (2 ms)
      鈭?getPendingMigrations re
turns all migrations when no ve
rsion set (2 ms)
      鈭?migrateTo non-existent 
version throws error (1 ms)
    Serialization
      鈭?serialize and deseriali
ze preserves state (4 ms)

PASS src/presentation/ipc/__tes
ts__/IPCRouter.property.test.js
  IPCRouter Property Tests
    Property 29: IPC Payload Va
lidation
      鈭?invalid payloads are re
jected before handler invocatio
n (53 ms)
      鈭?valid payloads pass val
idation and reach handler (65 m
s)
      鈭?channels without schema
 accept any payload (50 ms)
    Property 30: IPC Timeout Ha
ndling
      鈭?requests that exceed ti
meout fail with timeout error (
900 ms)
      鈭?requests that complete 
within timeout succeed (47 ms)
      鈭?request-level timeout o
verrides channel default (635 m
s)
    Property 31: IPC Error Resp
onse
      鈭?handler errors produce 
structured error responses (90 
ms)
      鈭?non-existent channels p
roduce structured error respons
es (68 ms)
      鈭?error responses preserv
e request ID (52 ms)
    Property 32: IPC Batch Proc
essing
      鈭?batch responses maintai
n request order (227 ms)
      鈭?batch processes all req
uests even if some fail (252 ms
)
      鈭?batch handles requests 
with missing channels (61 ms)
      鈭?empty batch returns emp
ty array (1 ms)

PASS src/core/errors/__tests__/
ErrorHandler.property.test.js
  ErrorHandler Property Tests
    Property 20: Error Recovery
 Execution
      鈭?recovery strategy is ex
ecuted for recoverable errors w
ith registered strategy (54 ms)
      鈭?recovery fails graceful
ly for non-recoverable errors (
33 ms)
      鈭?recovery fails graceful
ly when no strategy is register
ed (37 ms)
      鈭?recovery handles strate
gy exceptions gracefully (36 ms
)
    Property 21: Error Logging 
Completeness
      鈭?handled errors create c
omplete log entries in history 
(149 ms)
      鈭?log entries contain mer
ged context from error and hand
le call (78 ms)
      鈭?wrapped non-AppError er
rors create complete log entrie
s (98 ms)
      鈭?error history respects 
maxHistory limit (1202 ms)
    Property 22: Error Message 
Localization
      鈭?localized messages are 
returned for supported locales 
(44 ms)
      鈭?registered locale messa
ges are used correctly (28 ms)
      鈭?fallback to default loc
ale when locale not found (10 m
s)
      鈭?fallback to UNKNOWN_ERR
OR when error code not in local
e (14 ms)
      鈭?Chinese locale returns 
Chinese messages (21 ms)

PASS src/infrastructure/reposit
ories/__tests__/UnitOfWork.prop
erty.test.js
  UnitOfWork Property Tests
    Property 11: Unit of Work A
tomicity
      鈭?successful commit persi
sts all operations (201 ms)
      鈭?failed operation rolls 
back all changes (290 ms)
      鈭?rollback restores origi
nal state (520 ms)
      鈭?empty unit of work comm
its successfully (2 ms)
      鈭?cannot commit twice (2 
ms)
      鈭?cannot schedule operati
ons after commit (2 ms)
      鈭?operations are executed
 in order (50 ms)

PASS src/managers/__tests__/Ins
tanceManager.test.js
  InstanceManager
    initialization
      鈭?should initialize with 
default options (6 ms)
      鈭?should initialize with 
custom options (4 ms)
    getInstanceStatus
      鈭?should return null for 
non-existent instance (3 ms)
      鈭?should return status af
ter instance creation (10 ms)
    getRunningInstances
      鈭?should return empty arr
ay when no instances running (3
 ms)
      鈭?should return running i
nstances (10 ms)
    createInstance
      鈭?should create instance 
successfully (10 ms)
      鈭?should fail when instan
ce already running (12 ms)
      鈭?should fail when max in
stances reached (14 ms)
      鈭?should create instance 
with proxy configuration (11 ms
)
    destroyInstance
      鈭?should destroy instance
 successfully (10 ms)
      鈭?should fail to destroy 
non-existent instance (5 ms)
      鈭?should save window stat
e when destroying (11 ms)
    restartInstance
      鈭?should restart instance
 successfully (1011 ms)
      鈭?should fail to restart 
non-existent instance (4 ms)
    instance counting
      鈭?getInstanceCount should
 return correct count (12 ms)
      鈭?getRunningInstanceCount
 should return correct count (1
2 ms)
    instanceExists
      鈭?should return false for
 non-existent instance (6 ms)
      鈭?should return true for 
existing instance (7 ms)
    window state management
      鈭?should save window stat
e (11 ms)
      鈭?should get window state
 (11 ms)
      鈭?should set window state
 (8 ms)
    proxy configuration
      鈭?should update proxy con
figuration (8 ms)
      鈭?should disable proxy (1
0 ms)
    health monitoring
      鈭?should get instance hea
lth (10 ms)
      鈭?should detect unhealthy
 instance (9 ms)
      鈭?should get all instance
s health summary (9 ms)
    destroyAllInstances
      鈭?should destroy all inst
ances (10 ms)

PASS src/core/config/__tests__/
ConfigProvider.property.test.js
  ConfigProvider Property Tests
    Property 1: Configuration R
ound-Trip Consistency
      鈭?serialize then deserial
ize produces equivalent configu
ration (65 ms)
      鈭?JSON round-trip preserv
es all values (37 ms)
      鈭?nested values are prese
rved through round-trip (40 ms)
    Property 15: Config Schema 
Validation
      鈭?invalid type values are
 rejected with field-level erro
rs (34 ms)
      鈭?missing required fields
 are reported (30 ms)
      鈭?values outside range ar
e rejected (30 ms)
      鈭?valid configurations pa
ss validation (30 ms)
      鈭?setAll rejects invalid 
configuration (69 ms)
    Property 16: Config Inherit
ance Override
      鈭?environment overrides t
ake precedence over base values
 (55 ms)
      鈭?base values are preserv
ed when not overridden (34 ms)
      鈭?nested overrides merge 
correctly (39 ms)
      鈭?different environments 
have independent overrides (28 
ms)
    Property 17: Config Change 
Notification
      鈭?listeners are notified 
on value change with old and ne
w values (43 ms)
      鈭?multiple listeners all 
receive notifications (66 ms)
      鈭?wildcard listeners rece
ive all changes (32 ms)
      鈭?unsubscribe prevents fu
ture notifications (38 ms)
      鈭?setAll notifies wildcar
d listeners (39 ms)
    Property 18: Sensitive Conf
ig Encryption
      鈭?sensitive values are en
crypted when stored (44 ms)
      鈭?sensitive values are de
crypted when retrieved (28 ms)
      鈭?encryption round-trip p
reserves original value (39 ms)
      鈭?non-sensitive values ar
e not encrypted (35 ms)
      鈭?nested sensitive values
 are encrypted (48 ms)
      鈭?same value encrypted tw
ice produces different cipherte
xt (IV randomness) (68 ms)
      鈭?prettyPrint masks sensi
tive values (52 ms)

PASS src/core/container/__tests
__/DependencyContainer.property
.test.js
  DependencyContainer Property 
Tests
    Property 23: Service Scope 
Behavior
      鈭?singleton services retu
rn the same instance on multipl
e resolutions (62 ms)
      鈭?transient services retu
rn new instances on each resolu
tion (141 ms)
      鈭?scoped services return 
same instance within scope, dif
ferent across scopes (112 ms)
    Property 24: Circular Depen
dency Detection
      鈭?direct circular depende
ncy is detected (55 ms)
      鈭?indirect circular depen
dency is detected (72 ms)
      鈭?error message contains 
the dependency path (54 ms)
    Property 25: Lazy Service I
nitialization
      鈭?lazy service factory is
 not called until resolution (2
9 ms)
      鈭?lazy singleton factory 
is called only once (17 ms)
    Property 26: Service Not Fo
und Error
      鈭?error includes requeste
d service name (56 ms)
      鈭?error includes availabl
e services when container is no
t empty (63 ms)
      鈭?error suggests similar 
service names (2 ms)
    Property 27: Service Decora
tion
      鈭?single decorator is app
lied to service (16 ms)
      鈭?multiple decorators are
 applied in registration order 
(26 ms)
      鈭?decorators work with tr
ansient services (37 ms)
    Property 28: Service Interf
ace Validation
      鈭?valid interface impleme
ntation passes validation (17 m
s)
      鈭?missing interface membe
rs cause validation error (69 m
s)
      鈭?partial interface imple
mentation fails with specific m
issing members (53 ms)
      鈭?interface validation wo
rks with factory functions (11 
ms)

PASS src/managers/__tests__/Acc
ountConfigManager.test.js
  AccountConfigManager
    createAccount
      鈭?should create a new acc
ount with default values (45 ms
)
      鈭?should auto-assign orde
r for new accounts (58 ms)
      鈭?should create account w
ith custom configuration (24 ms
)
      鈭?should fail with invali
d proxy configuration (29 ms)
    loadAccounts
      鈭?should load all account
s (41 ms)
      鈭?should return empty arr
ay when no accounts exist (21 m
s)
      鈭?should load accounts so
rted by order (53 ms)
    getAccount
      鈭?should get account by I
D (28 ms)
      鈭?should return null for 
non-existent account (20 ms)
    updateAccount
      鈭?should update account c
onfiguration (38 ms)
      鈭?should fail to update n
on-existent account (22 ms)
    deleteAccount
      鈭?should delete account (
47 ms)
      鈭?should fail to delete n
on-existent account (20 ms)
    validateConfig
      鈭?should validate valid c
onfiguration (23 ms)
      鈭?should detect invalid p
roxy configuration (22 ms)
    exportAccounts and importAc
counts
      鈭?should export and impor
t accounts (58 ms)
      鈭?should skip existing ac
counts when overwrite is false 
(33 ms)
    utility methods
      鈭?accountExists should re
turn correct value (25 ms)
      鈭?getAccountCount should 
return correct count (38 ms)
      鈭?getAllAccountIds should
 return all IDs (42 ms)
    reorderAccounts
      鈭?should reorder accounts
 correctly (64 ms)
      鈭?should fail to reorder 
with non-existent account (23 m
s)
    getAccountsSorted
      鈭?should return accounts 
sorted by order (49 ms)
    backward compatibility
      鈭?should handle accounts 
without order field (37 ms)
      鈭?should handle accounts 
without sessionDir field (37 ms
)
      鈭?should ignore deprecate
d window field (26 ms)

PASS src/domain/entities/__test
s__/Entity.property.test.js
  Domain Entity Property Tests
    Property 14: Data Model Rou
nd-Trip
      Account Entity
        鈭?Account toJSON/fromJS
ON round-trip preserves all dat
a (36 ms)
        鈭?Account double round-
trip produces identical JSON (4
0 ms)
        鈭?Account JSON serializ
ation is valid JSON string (57 
ms)
        鈭?Account prettyPrint p
roduces non-empty string (25 ms
)
      ProxyConfig Entity
        鈭?ProxyConfig toJSON/fr
omJSON round-trip preserves all
 data (27 ms)
        鈭?ProxyConfig double ro
und-trip produces identical JSO
N (40 ms)
        鈭?ProxyConfig JSON seri
alization is valid JSON string 
(40 ms)
        鈭?ProxyConfig prettyPri
nt produces non-empty string (3
8 ms)
        鈭?ProxyConfig prettyPri
nt masks password (19 ms)
      TranslationConfig Entity
        鈭?TranslationConfig toJ
SON/fromJSON round-trip preserv
es all data (20 ms)
        鈭?TranslationConfig dou
ble round-trip produces identic
al JSON (40 ms)
        鈭?TranslationConfig JSO
N serialization is valid JSON s
tring (53 ms)
        鈭?TranslationConfig pre
ttyPrint produces non-empty str
ing (33 ms)
        鈭?TranslationConfig pre
ttyPrint masks API key (27 ms)
        鈭?TranslationConfig fri
endSettings are preserved throu
gh round-trip (33 ms)
      Cross-Entity Consistency
        鈭?All entities handle n
ull/undefined optional fields c
onsistently (42 ms)
        鈭?All entities produce 
valid JSON that can be stringif
ied (39 ms)

PASS src/core/eventbus/__tests_
_/EventBus.property.test.js
  EventBus Property Tests
    Property 6: Event Delivery 
Completeness
      鈭?all subscribers receive
 the event with correct payload
 (122 ms)
    Property 7: Event Payload V
alidation
      鈭?invalid payloads are re
jected before subscriber notifi
cation (24 ms)
      鈭?valid payloads pass val
idation and reach subscribers (
20 ms)
    Property 8: Subscriber Erro
r Isolation
      鈭?errors in one subscribe
r do not prevent others from re
ceiving events (47 ms)
      鈭?errors are logged when 
subscribers fail (24 ms)
    Property 9: Event History R
etention
      鈭?published events are re
corded in history with correct 
data (35 ms)
      鈭?multiple events are ret
ained in order (114 ms)
      鈭?history can be filtered
 by event name (48 ms)
    Property 10: Subscription C
leanup
      鈭?unsubscribe prevents fu
ture event delivery (20 ms)
      鈭?unsubscribe only affect
s the specific subscription (50
 ms)
      鈭?subscribeOnce automatic
ally unsubscribes after first e
vent (20 ms)
      鈭?calling unsubscribe mul
tiple times is safe (14 ms)

PASS src/infrastructure/proxy/_
_tests__/ProxySecurity.property
.test.js
  Proxy Security Property Tests
    Property 47: Proxy Failure 
Never Falls Back to Direct
      鈭?connection failure shou
ld trigger kill-switch, not dir
ect connection (34 ms)
      鈭?before-open failure sho
uld prevent view creation (19 m
s)
    Property 48: WebRTC Always 
Disabled
      鈭?WebRTC blocking script 
should disable all WebRTC APIs 
(3 ms)
      鈭?IP protection injector 
should include WebRTC blocking 
(2 ms)
      鈭?injection should succee
d on mock webContents (3 ms)
    Property 49: DNS Leak Preve
ntion
      鈭?DNS leak prevention scr
ipt should block prefetch and D
oH (3 ms)
      鈭?DoH endpoints should be
 in block list (2 ms)
    Property 50: Kill-Switch Ac
tivation on Proxy Loss
      鈭?kill-switch should acti
vate on any trigger reason (9 m
s)
      鈭?kill-switch should emit
 activation event (12 ms)
      鈭?kill-switch should requ
ire user confirmation to reset 
(12 ms)
    Property 51: IP Verificatio
n Before Connection
      鈭?connection should fail 
if IP verification fails (14 ms
)
      鈭?connection should succe
ed if IP verification passes (1
1 ms)
    Property 52: Proxy Health C
heck Accuracy
      鈭?health status should be
 healthy or unknown initially (
134 ms)
      鈭?monitoring should track
 stats correctly (74 ms)
    Property 53: Consecutive Fa
ilure Detection
      鈭?kill-switch should trig
ger after threshold failures (9
 ms)
      鈭?failure counter should 
reset on success (74 ms)
    Property 54: Reconnection M
echanism
      鈭?reconnection should use
 configured delays (2 ms)
      鈭?default delays should b
e 2s, 3s, 5s (2 ms)
      鈭?reconnection state shou
ld track attempts correctly (12
 ms)
    Property 55: View Preservat
ion During Failure
      鈭?during-session failure 
should emit session_failure eve
nt (7 ms)
      鈭?kill-switch activation 
should preserve session state (
7 ms)
    Property 56: Connection Blo
cking Before View Creation
      鈭?pre-check failure shoul
d emit connection_blocked event
 (17 ms)
      鈭?invalid config should p
revent connection (11 ms)
      鈭?disabled proxy should p
revent connection (13 ms)

PASS src/managers/__tests__/Mig
rationManager.test.js
  MigrationManager
    needsMigration
      鈭?should return false whe
n no old session data exists (7
2 ms)
      鈭?should return true when
 old session data exists and pr
ofiles do not (31 ms)
      鈭?should return false whe
n migration is already complete
d (22 ms)
    migrate
      鈭?should successfully mig
rate session data (52 ms)
      鈭?should create default a
ccount configuration (37 ms)
      鈭?should load translation
 configuration if exists (45 ms
)
      鈭?should mark migration a
s completed (50 ms)
      鈭?should not migrate if a
lready completed (22 ms)
    getMigrationStatus
      鈭?should return not compl
eted when no migration marker e
xists (23 ms)
      鈭?should return completed
 status when migration marker e
xists (36 ms)
    resetMigration
      鈭?should remove migration
 marker (27 ms)

PASS src/core/errors/__tests__/
AppError.property.test.js
  Error Context Preservation (P
roperty 19)
    鈭?wrapping an error preserv
es original message and stack t
race (157 ms)
    鈭?context is preserved thro
ugh JSON round-trip (78 ms)
    鈭?subclass-specific context
 is preserved (47 ms)
    鈭?wrapping AppError merges 
context (57 ms)
    鈭?all error types preserve 
context through fromJSON (61 ms
)

PASS src/infrastructure/reposit
ories/__tests__/Repository.prop
erty.test.js
  Repository Property Tests
    Property 12: Validation Err
or Detail
      AccountRepository Validat
ion
        鈭?empty name produces f
ield-level error for name field
 (26 ms)
        鈭?invalid status produc
es field-level error for status
 field (16 ms)
        鈭?negative order produc
es field-level error for order 
field (14 ms)
        鈭?empty sessionDir prod
uces field-level error for sess
ionDir field (17 ms)
      ProxyRepository Validatio
n
        鈭?empty host produces f
ield-level error for host field
 (15 ms)
        鈭?port out of range pro
duces field-level error for por
t field (18 ms)
        鈭?invalid protocol prod
uces field-level error for prot
ocol field (12 ms)
        鈭?empty name produces f
ield-level error for name field
 (13 ms)
      Error Structure Consisten
cy
        鈭?all validation errors
 have consistent structure (6 m
s)

PASS src/infrastructure/proxy/_
_tests__/ProxySecurityManager.t
est.js
  ProxySecurityManager
    constructor
      鈭?should create instance 
with default options (4 ms)
      鈭?should accept custom po
licy (4 ms)
      鈭?should accept custom lo
gger (3 ms)
    enforceProxyOnly
      鈭?should enforce proxy-on
ly mode for a session (4 ms)
      鈭?should throw error if s
ession is null (5 ms)
      鈭?should set up request i
nterceptor (3 ms)
      鈭?should emit event when 
enforced (2 ms)
      鈭?should generate session
 ID if not provided (2 ms)
    blockDirectConnections
      鈭?should block all direct
 connections (2 ms)
      鈭?should throw error if s
ession is null (2 ms)
      鈭?should emit blocked eve
nt (1 ms)
    configureProxyRules
      鈭?should configure proxy 
rules for SOCKS5 (2 ms)
      鈭?should configure proxy 
rules for HTTP with auth (2 ms)
      鈭?should configure SOCKS5
 with auth in URL (3 ms)
      鈭?should throw error for 
invalid config (5 ms)
      鈭?should throw error for 
disabled proxy (1 ms)
      鈭?should block connection
s on configuration failure (1 m
s)
      鈭?should accept plain obj
ect config (2 ms)
    setupRequestInterceptor
      鈭?should set up request i
nterceptor (3 ms)
      鈭?should handle session w
ithout webRequest (2 ms)
      鈭?should block WebRTC req
uests (2 ms)
      鈭?should allow normal req
uests (2 ms)
    getBlockedRequests
      鈭?should return blocked r
equests log (2 ms)
      鈭?should respect limit pa
rameter (3 ms)
    clearBlockedRequests
      鈭?should clear blocked re
quests log (4 ms)
    getEnforcedSessions
      鈭?should return all enfor
ced sessions (2 ms)
    releaseEnforcement
      鈭?should release enforcem
ent for a session (2 ms)
      鈭?should return false for
 non-existent session (3 ms)
      鈭?should emit released ev
ent (2 ms)
    setPolicy
      鈭?should change security 
policy (2 ms)
      鈭?should throw error for 
invalid policy (2 ms)
    cleanup
      鈭?should clean up all res
ources (2 ms)

PASS src/infrastructure/storage
/migrations/__tests__/AddProxyS
ecurityFields.test.js
  AddProxySecurityFields Migrat
ion
    migrateProxyConfig
      鈭?adds all security field
s with defaults to legacy proxy
 config (2 ms)
      鈭?preserves existing secu
rity fields if already present 
(1 ms)
      鈭?handles null or undefin
ed input gracefully (4 ms)
      鈭?handles non-object inpu
t gracefully (1 ms)
    rollbackProxyConfig
      鈭?removes all new fields 
from migrated config (4 ms)
      鈭?handles null or undefin
ed input gracefully (1 ms)
    Migration up()
      鈭?migrates proxy configs 
in accounts array (2 ms)
      鈭?migrates standalone pro
xyConfigs array (3 ms)
      鈭?migrates proxyConfigs s
tored as object/map (2 ms)
    Migration down()
      鈭?rolls back proxy config
s in accounts array (2 ms)
    Round-trip consistency
      鈭?up then down restores o
riginal proxy config structure 
(3 ms)
    Default values verification
      鈭?SECURITY_DEFAULTS has c
orrect values (2 ms)
      鈭?STATISTICS_DEFAULTS has
 correct values (1 ms)

PASS src/models/__tests__/Accou
ntConfig.test.js
  AccountConfig
    initialization
      鈭?should create account w
ith default values (5 ms)
      鈭?should create account w
ith custom values (3 ms)
      鈭?should handle backward 
compatibility with window confi
g (2 ms)
    proxy configuration validat
ion
      鈭?should validate valid p
roxy configuration (3 ms)
      鈭?should reject invalid p
roxy protocol (2 ms)
      鈭?should reject empty pro
xy host (3 ms)
      鈭?should reject invalid p
roxy port (too low) (2 ms)
      鈭?should reject invalid p
roxy port (too high) (1 ms)
      鈭?should accept all valid
 proxy protocols (2 ms)
      鈭?should not validate pro
xy when disabled (3 ms)
      鈭?should accept proxy wit
h authentication (1 ms)
    translation configuration v
alidation
      鈭?should validate valid t
ranslation configuration (1 ms)
      鈭?should reject invalid t
ranslation engine (1 ms)
      鈭?should reject missing t
arget language (1 ms)
      鈭?should require API key 
for GPT-4 (2 ms)
      鈭?should require API key 
for Gemini (2 ms)
      鈭?should require API key 
for DeepSeek (1 ms)
      鈭?should not require API 
key for Google Translate (1 ms)
      鈭?should accept all valid
 translation engines (2 ms)
      鈭?should not validate tra
nslation when disabled (1 ms)
    order and sessionDir valida
tion
      鈭?should validate valid o
rder (1 ms)
      鈭?should reject negative 
order (1 ms)
      鈭?should validate valid s
essionDir (1 ms)
      鈭?should use default sess
ionDir when not provided (1 ms)
    combined validation
      鈭?should detect multiple 
validation errors (1 ms)
      鈭?should validate complex
 valid configuration (2 ms)
    JSON serialization
      鈭?should serialize to JSO
N (4 ms)
      鈭?should deserialize from
 JSON (6 ms)
    utility methods
      鈭?should update last acti
ve time (3 ms)

FAIL src/infrastructure/proxy/_
_tests__/IPLeakDetector.test.js
  鈼?Test suite failed to run

    Your test suite must contai
n at least one test.

      at onResult (node_modules
/@jest/core/build/TestScheduler
.js:133:18)
      at node_modules/@jest/cor
e/build/TestScheduler.js:254:19
      at node_modules/emittery/
index.js:363:13
          at Array.map (<anonym
ous>)
      at Emittery.emit (node_mo
dules/emittery/index.js:361:23)

Summary of all failing tests
FAIL src/managers/__tests__/Per
formanceTest.test.js (8.354 s)
  鈼?Performance Tests 鈥?Startup
 Time Performance 鈥?should meas
ure single instance startup tim
e

    expect(received).toBe(expec
ted) // Object.is equality

    Expected: true
    Received: false

    [0m [90m 282 |[39m      
 [36mconst[39m endTime [33m=
[39m [33mDate[39m[33m.[39m
now()[33m;[39m
     [90m 283 |[39m
    [31m[1m>[22m[39m[90m 2
84 |[39m       expect(result[
33m.[39msuccess)[33m.[39mtoB
e([36mtrue[39m)[33m;[39m
     [90m     |[39m          
                    [31m[1m^
[22m[39m
     [90m 285 |[39m       
     [90m 286 |[39m       [3
6mconst[39m startupTime [33m=
[39m endTime [33m-[39m start
Time[33m;[39m
     [90m 287 |[39m       per
formanceMetrics[33m.[39mrecor
dStartupTime(startupTime)[33m;
[39m[0m

      at Object.<anonymous> (sr
c/managers/__tests__/Performanc
eTest.test.js:284:30)

  鈼?Performance Tests 鈥?Startup
 Time Performance 鈥?should meas
ure sequential startup time for
 10 instances

    expect(received).toBe(expec
ted) // Object.is equality

    Expected: 10
    Received: 0

    [0m [90m 328 |[39m      
 console[33m.[39mlog([32m`  
Max: ${performanceMetrics.getMa
xStartupTime().toFixed(2)}ms`[
39m)[33m;[39m
     [90m 329 |[39m
    [31m[1m>[22m[39m[90m 3
30 |[39m       expect(instance
Manager[33m.[39mgetRunningIns
tanceCount())[33m.[39mtoBe(in
stanceCount)[33m;[39m
     [90m     |[39m          
                               
                [31m[1m^[22m
[39m
     [90m 331 |[39m     })[3
3m;[39m
     [90m 332 |[39m
     [90m 333 |[39m     test(
[32m'should measure parallel s
tartup time for 10 instances'[
39m[33m,[39m [36masync[39m 
() [33m=>[39m {[0m

      at Object.<anonymous> (sr
c/managers/__tests__/Performanc
eTest.test.js:330:57)

  鈼?Performance Tests 鈥?Startup
 Time Performance 鈥?should meas
ure parallel startup time for 1
0 instances

    expect(received).toBe(expec
ted) // Object.is equality

    Expected: 10
    Received: 0

    [0m [90m 369 |[39m      
 console[33m.[39mlog([32m`  
Median: ${performanceMetrics.ge
tMedianStartupTime().toFixed(2)
}ms`[39m)[33m;[39m
     [90m 370 |[39m
    [31m[1m>[22m[39m[90m 3
71 |[39m       expect(instance
Manager[33m.[39mgetRunningIns
tanceCount())[33m.[39mtoBe(in
stanceCount)[33m;[39m
     [90m     |[39m          
                               
                [31m[1m^[22m
[39m
     [90m 372 |[39m     })[3
3m;[39m
     [90m 373 |[39m   })[33m
;[39m
     [90m 374 |[39m[0m

      at Object.<anonymous> (sr
c/managers/__tests__/Performanc
eTest.test.js:371:57)

  鈼?Performance Tests 鈥?30 Conc
urrent Instances Performance 鈥?
should successfully run 30 conc
urrent instances

    expect(received).toBeGreate
rThanOrEqual(expected)

    Expected: >= 25
    Received:    0

    [0m [90m 457 |[39m
     [90m 458 |[39m       [9
0m// Assertions[39m
    [31m[1m>[22m[39m[90m 4
59 |[39m       expect(runningC
ount)[33m.[39mtoBeGreaterThan
OrEqual([35m25[39m)[33m;[39
m [90m// At least 25 out of 30
 should succeed[39m
     [90m     |[39m          
                  [31m[1m^[2
2m[39m
     [90m 460 |[39m       exp
ect(performanceMetrics[33m.[3
9mgetAverageStartupTime())[33m
.[39mtoBeLessThan([35m5000[3
9m)[33m;[39m [90m// Average 
startup < 5s[39m
     [90m 461 |[39m       exp
ect(healthSummary[33m.[39mhea
lthy)[33m.[39mtoBeGreaterThan
OrEqual([35m25[39m)[33m;[39
m
     [90m 462 |[39m     }[33
m,[39m [35m120000[39m)[33m;
[39m [90m// 2 minute timeout 
for this test[39m[0m

      at Object.<anonymous> (sr
c/managers/__tests__/Performanc
eTest.test.js:459:28)

  鈼?Performance Tests 鈥?Perform
ance Report Generation 鈥?should
 generate comprehensive perform
ance report

    expect(received).toBe(expec
ted) // Object.is equality

    Expected: 30
    Received: 0

    [0m [90m 728 |[39m
     [90m 729 |[39m       [9
0m// Assertions[39m
    [31m[1m>[22m[39m[90m 7
30 |[39m       expect(report[
33m.[39msummary[33m.[39mtota
lInstances)[33m.[39mtoBe(inst
anceCount)[33m;[39m
     [90m     |[39m          
                               
    [31m[1m^[22m[39m
     [90m 731 |[39m       exp
ect(parseFloat(report[33m.[39
msummary[33m.[39msuccessRate)
)[33m.[39mtoBeGreaterThan([3
5m80[39m)[33m;[39m [90m// A
t least 80% success rate[39m
     [90m 732 |[39m       exp
ect(performanceMetrics[33m.[3
9mmetrics[33m.[39mstartupTime
s[33m.[39mlength)[33m.[39mt
oBeGreaterThan([35m0[39m)[33
m;[39m
     [90m 733 |[39m       exp
ect(performanceMetrics[33m.[3
9mmetrics[33m.[39mmemoryUsage
[33m.[39mlength)[33m.[39mto
BeGreaterThan([35m0[39m)[33m
;[39m[0m

      at Object.<anonymous> (sr
c/managers/__tests__/Performanc
eTest.test.js:730:45)

FAIL src/translation/utils/__te
sts__/PerformanceOptimizer.test
.js
  鈼?VirtualScrollManager 鈥?搴旇鍒
濆鍖栬櫄鎷熸粴鍔?
    The error below may be caus
ed by using the wrong test envi
ronment, see https://jestjs.io/
docs/configuration#testenvironm
ent-string.
    Consider using the "jsdom" 
test environment.

    ReferenceError: document is
 not defined

    [0m [90m 207 |[39m   bef
oreEach(() [33m=>[39m {
     [90m 208 |[39m     [90m
// 鍒涘缓妯℃嫙瀹瑰櫒[39m
    [31m[1m>[22m[39m[90m 2
09 |[39m     container [33m=
[39m document[33m.[39mcreateE
lement([32m'div'[39m)[33m;[
39m
     [90m     |[39m     [31m
[1m^[22m[39m
     [90m 210 |[39m     conta
iner[33m.[39mstyle[33m.[39m
height [33m=[39m [32m'500px'
[39m[33m;[39m
     [90m 211 |[39m     conta
iner[33m.[39mstyle[33m.[39m
overflow [33m=[39m [32m'auto
'[39m[33m;[39m
     [90m 212 |[39m     docum
ent[33m.[39mbody[33m.[39map
pendChild(container)[33m;[39m
[0m

      at Object.<anonymous> (sr
c/translation/utils/__tests__/P
erformanceOptimizer.test.js:209
:5)

  鈼?VirtualScrollManager 鈥?搴旇鍒
濆鍖栬櫄鎷熸粴鍔?
    TypeError: Cannot read prop
erties of undefined (reading 'd
estroy')

    [0m [90m 219 |[39m
     [90m 220 |[39m   afterEa
ch(() [33m=>[39m {
    [31m[1m>[22m[39m[90m 2
21 |[39m     manager[33m.[39
mdestroy()[33m;[39m
     [90m     |[39m          
   [31m[1m^[22m[39m
     [90m 222 |[39m     docum
ent[33m.[39mbody[33m.[39mre
moveChild(container)[33m;[39m
     [90m 223 |[39m   })[33m
;[39m
     [90m 224 |[39m[0m

      at Object.<anonymous> (sr
c/translation/utils/__tests__/P
erformanceOptimizer.test.js:221
:13)

  鈼?VirtualScrollManager 鈥?搴旇璁
＄畻姝ｇ‘鐨勫彲瑙佽寖鍥?
    The error below may be caus
ed by using the wrong test envi
ronment, see https://jestjs.io/
docs/configuration#testenvironm
ent-string.
    Consider using the "jsdom" 
test environment.

    ReferenceError: document is
 not defined

    [0m [90m 207 |[39m   bef
oreEach(() [33m=>[39m {
     [90m 208 |[39m     [90m
// 鍒涘缓妯℃嫙瀹瑰櫒[39m
    [31m[1m>[22m[39m[90m 2
09 |[39m     container [33m=
[39m document[33m.[39mcreateE
lement([32m'div'[39m)[33m;[
39m
     [90m     |[39m     [31m
[1m^[22m[39m
     [90m 210 |[39m     conta
iner[33m.[39mstyle[33m.[39m
height [33m=[39m [32m'500px'
[39m[33m;[39m
     [90m 211 |[39m     conta
iner[33m.[39mstyle[33m.[39m
overflow [33m=[39m [32m'auto
'[39m[33m;[39m
     [90m 212 |[39m     docum
ent[33m.[39mbody[33m.[39map
pendChild(container)[33m;[39m
[0m

      at Object.<anonymous> (sr
c/translation/utils/__tests__/P
erformanceOptimizer.test.js:209
:5)

  鈼?VirtualScrollManager 鈥?搴旇璁
＄畻姝ｇ‘鐨勫彲瑙佽寖鍥?
    TypeError: Cannot read prop
erties of undefined (reading 'd
estroy')

    [0m [90m 219 |[39m
     [90m 220 |[39m   afterEa
ch(() [33m=>[39m {
    [31m[1m>[22m[39m[90m 2
21 |[39m     manager[33m.[39
mdestroy()[33m;[39m
     [90m     |[39m          
   [31m[1m^[22m[39m
     [90m 222 |[39m     docum
ent[33m.[39mbody[33m.[39mre
moveChild(container)[33m;[39m
     [90m 223 |[39m   })[33m
;[39m
     [90m 224 |[39m[0m

      at Object.<anonymous> (sr
c/translation/utils/__tests__/P
erformanceOptimizer.test.js:221
:13)

FAIL src/managers/__tests__/Mul
tiInstanceIntegration.test.js
  鈼?Multi-Instance Integration 
Tests 鈥?Complete Account Creati
on and Launch Flow 鈥?should cre
ate account, save config, and l
aunch instance successfully

    expect(received).toBe(expec
ted) // Object.is equality

    Expected: true
    Received: false

    [0m [90m 192 |[39m      
 [90m// Step 3: Launch instanc
e[39m
     [90m 193 |[39m       [3
6mconst[39m launchResult [33m
=[39m [36mawait[39m instance
Manager[33m.[39mcreateInstanc
e(savedAccount)[33m;[39m
    [31m[1m>[22m[39m[90m 1
94 |[39m       expect(launchRe
sult[33m.[39msuccess)[33m.[
39mtoBe([36mtrue[39m)[33m;[
39m
     [90m     |[39m          
                          [31m
[1m^[22m[39m
     [90m 195 |[39m       exp
ect(launchResult[33m.[39minst
anceId)[33m.[39mtoBe(accountI
d)[33m;[39m
     [90m 196 |[39m       exp
ect(launchResult[33m.[39mwind
ow)[33m.[39mtoBeDefined()[33
m;[39m
     [90m 197 |[39m       [0
m

      at Object.<anonymous> (sr
c/managers/__tests__/MultiInsta
nceIntegration.test.js:194:36)

  鈼?Multi-Instance Integration 
Tests 鈥?Complete Account Creati
on and Launch Flow 鈥?should han
dle complete lifecycle: create 
-> start -> stop -> restart -> 
delete

    expect(received).toBe(expec
ted) // Object.is equality

    Expected: true
    Received: false

    [0m [90m 217 |[39m      
 [90m// Start[39m
     [90m 218 |[39m       [3
6mconst[39m startResult [33m=
[39m [36mawait[39m instanceM
anager[33m.[39mcreateInstance
(createResult[33m.[39maccount
)[33m;[39m
    [31m[1m>[22m[39m[90m 2
19 |[39m       expect(startRes
ult[33m.[39msuccess)[33m.[3
9mtoBe([36mtrue[39m)[33m;[3
9m
     [90m     |[39m          
                         [31m
[1m^[22m[39m
     [90m 220 |[39m       exp
ect(instanceManager[33m.[39mg
etInstanceStatus(accountId)[33
m.[39mstatus)[33m.[39mtoBe(
[32m'running'[39m)[33m;[39m
     [90m 221 |[39m       
     [90m 222 |[39m       [9
0m// Stop[39m[0m

      at Object.<anonymous> (sr
c/managers/__tests__/MultiInsta
nceIntegration.test.js:219:35)

  鈼?Multi-Instance Integration 
Tests 鈥?Proxy Configuration App
lication 鈥?should create instan
ce with proxy configuration

    expect(received).toBe(expec
ted) // Object.is equality

    Expected: true
    Received: false

    [0m [90m 282 |[39m      
 [36mconst[39m result [33m=
[39m [36mawait[39m instanceMa
nager[33m.[39mcreateInstance(
account)[33m;[39m
     [90m 283 |[39m       
    [31m[1m>[22m[39m[90m 2
84 |[39m       expect(result[
33m.[39msuccess)[33m.[39mtoB
e([36mtrue[39m)[33m;[39m
     [90m     |[39m          
                    [31m[1m^
[22m[39m
     [90m 285 |[39m       exp
ect(result[33m.[39mwindow)[3
3m.[39mtoBeDefined()[33m;[39
m
     [90m 286 |[39m       
     [90m 287 |[39m       [9
0m// Verify proxy was applied[
39m[0m

      at Object.<anonymous> (sr
c/managers/__tests__/MultiInsta
nceIntegration.test.js:284:30)

  鈼?Multi-Instance Integration 
Tests 鈥?Proxy Configuration App
lication 鈥?should create instan
ce without proxy (direct connec
tion)

    expect(received).toBe(expec
ted) // Object.is equality

    Expected: true
    Received: false

    [0m [90m 301 |[39m      
 [36mconst[39m result [33m=
[39m [36mawait[39m instanceMa
nager[33m.[39mcreateInstance(
account)[33m;[39m
     [90m 302 |[39m       
    [31m[1m>[22m[39m[90m 3
03 |[39m       expect(result[
33m.[39msuccess)[33m.[39mtoB
e([36mtrue[39m)[33m;[39m
     [90m     |[39m          
                    [31m[1m^
[22m[39m
     [90m 304 |[39m       exp
ect(result[33m.[39mwindow)[3
3m.[39mtoBeDefined()[33m;[39
m
     [90m 305 |[39m     })[3
3m;[39m
     [90m 306 |[39m[0m

      at Object.<anonymous> (sr
c/managers/__tests__/MultiInsta
nceIntegration.test.js:303:30)

  鈼?Multi-Instance Integration 
Tests 鈥?Proxy Configuration App
lication 鈥?should update proxy 
configuration for running insta
nce

    expect(received).toBe(expec
ted) // Object.is equality

    Expected: true
    Received: false

    [0m [90m 329 |[39m      
 )[33m;[39m
     [90m 330 |[39m       
    [31m[1m>[22m[39m[90m 3
31 |[39m       expect(updateRe
sult[33m.[39msuccess)[33m.[
39mtoBe([36mtrue[39m)[33m;[
39m
     [90m     |[39m          
                          [31m
[1m^[22m[39m
     [90m 332 |[39m     })[3
3m;[39m
     [90m 333 |[39m
     [90m 334 |[39m     test(
[32m'should handle different p
roxy protocols'[39m[33m,[39m
 [36masync[39m () [33m=>[39
m {[0m

      at Object.<anonymous> (sr
c/managers/__tests__/MultiInsta
nceIntegration.test.js:331:36)

  鈼?Multi-Instance Integration 
Tests 鈥?Proxy Configuration App
lication 鈥?should handle differ
ent proxy protocols

    expect(received).toBe(expec
ted) // Object.is equality

    Expected: true
    Received: false

    [0m [90m 347 |[39m      
   
     [90m 348 |[39m         
[36mconst[39m result [33m=[3
9m [36mawait[39m instanceMana
ger[33m.[39mcreateInstance(ac
count)[33m;[39m
    [31m[1m>[22m[39m[90m 3
49 |[39m         expect(result
[33m.[39msuccess)[33m.[39mt
oBe([36mtrue[39m)[33m;[39m
     [90m     |[39m          
                      [31m[1m
^[22m[39m
     [90m 350 |[39m         
     [90m 351 |[39m         
[90m// Cleanup[39m
     [90m 352 |[39m         
[36mawait[39m instanceManager
[33m.[39mdestroyInstance(accou
nt[33m.[39mid)[33m;[39m[0m

      at Object.<anonymous> (sr
c/managers/__tests__/MultiInsta
nceIntegration.test.js:349:32)

  鈼?Multi-Instance Integration 
Tests 鈥?Proxy Configuration App
lication 鈥?should handle proxy 
with authentication

    expect(received).toBe(expec
ted) // Object.is equality

    Expected: true
    Received: false

    [0m [90m 369 |[39m      
 [36mconst[39m result [33m=
[39m [36mawait[39m instanceMa
nager[33m.[39mcreateInstance(
account)[33m;[39m
     [90m 370 |[39m       
    [31m[1m>[22m[39m[90m 3
71 |[39m       expect(result[
33m.[39msuccess)[33m.[39mtoB
e([36mtrue[39m)[33m;[39m
     [90m     |[39m          
                    [31m[1m^
[22m[39m
     [90m 372 |[39m       exp
ect(result[33m.[39mwindow)[3
3m.[39mtoBeDefined()[33m;[39
m
     [90m 373 |[39m     })[3
3m;[39m
     [90m 374 |[39m   })[33m
;[39m[0m

      at Object.<anonymous> (sr
c/managers/__tests__/MultiInsta
nceIntegration.test.js:371:30)

  鈼?Multi-Instance Integration 
Tests 鈥?Instance Crash and Rest
art Handling 鈥?should detect in
stance crash

    expect(received).toBe(expec
ted) // Object.is equality

    Expected: true
    Received: false

    [0m [90m 381 |[39m      
 
     [90m 382 |[39m       [3
6mconst[39m result [33m=[39m
 [36mawait[39m instanceManage
r[33m.[39mcreateInstance(acco
unt)[33m;[39m
    [31m[1m>[22m[39m[90m 3
83 |[39m       expect(result[
33m.[39msuccess)[33m.[39mtoB
e([36mtrue[39m)[33m;[39m
     [90m     |[39m          
                    [31m[1m^
[22m[39m
     [90m 384 |[39m       
     [90m 385 |[39m       [3
6mconst[39m window [33m=[39m
 result[33m.[39mwindow[33m;
[39m
     [90m 386 |[39m       [0
m

      at Object.<anonymous> (sr
c/managers/__tests__/MultiInsta
nceIntegration.test.js:383:30)

  鈼?Multi-Instance Integration 
Tests 鈥?Instance Crash and Rest
art Handling 鈥?should automatic
ally restart after crash

    expect(received).toBe(expec
ted) // Object.is equality

    Expected: true
    Received: false

    [0m [90m 402 |[39m      
 
     [90m 403 |[39m       [3
6mconst[39m result [33m=[39m
 [36mawait[39m instanceManage
r[33m.[39mcreateInstance(acco
unt)[33m;[39m
    [31m[1m>[22m[39m[90m 4
04 |[39m       expect(result[
33m.[39msuccess)[33m.[39mtoB
e([36mtrue[39m)[33m;[39m
     [90m     |[39m          
                    [31m[1m^
[22m[39m
     [90m 405 |[39m       
     [90m 406 |[39m       [3
6mconst[39m initialWindow [33
m=[39m result[33m.[39mwindow
[33m;[39m
     [90m 407 |[39m       [0
m

      at Object.<anonymous> (sr
c/managers/__tests__/MultiInsta
nceIntegration.test.js:404:30)

  鈼?Multi-Instance Integration 
Tests 鈥?Instance Crash and Rest
art Handling 鈥?should stop auto
-restart after multiple crashes

    expect(received).toBe(expec
ted) // Object.is equality

    Expected: true
    Received: false

    [0m [90m 423 |[39m      
 
     [90m 424 |[39m       [3
6mconst[39m result [33m=[39m
 [36mawait[39m instanceManage
r[33m.[39mcreateInstance(acco
unt)[33m;[39m
    [31m[1m>[22m[39m[90m 4
25 |[39m       expect(result[
33m.[39msuccess)[33m.[39mtoB
e([36mtrue[39m)[33m;[39m
     [90m     |[39m          
                    [31m[1m^
[22m[39m
     [90m 426 |[39m       
     [90m 427 |[39m       [9
0m// Simulate multiple crashes
[39m
     [90m 428 |[39m       [3
6mfor[39m ([36mlet[39m i [3
3m=[39m [35m0[39m[33m;[39m
 i [33m<[39m [35m4[39m[33m
;[39m i[33m++[39m) {[0m

      at Object.<anonymous> (sr
c/managers/__tests__/MultiInsta
nceIntegration.test.js:425:30)

  鈼?Multi-Instance Integration 
Tests 鈥?Instance Crash and Rest
art Handling 鈥?should manually 
restart crashed instance

    expect(received).toBe(expec
ted) // Object.is equality

    Expected: true
    Received: false

    [0m [90m 452 |[39m      
 [36mconst[39m restartResult 
[33m=[39m [36mawait[39m ins
tanceManager[33m.[39mcreateIn
stance(account)[33m;[39m
     [90m 453 |[39m       
    [31m[1m>[22m[39m[90m 4
54 |[39m       expect(restartR
esult[33m.[39msuccess)[33m.
[39mtoBe([36mtrue[39m)[33m;
[39m
     [90m     |[39m          
                           [31
m[1m^[22m[39m
     [90m 455 |[39m       exp
ect(instanceManager[33m.[39mi
nstanceExists(account[33m.[39
mid))[33m.[39mtoBe([36mtrue
[39m)[33m;[39m
     [90m 456 |[39m     })[3
3m;[39m
     [90m 457 |[39m[0m

      at Object.<anonymous> (sr
c/managers/__tests__/MultiInsta
nceIntegration.test.js:454:37)

  鈼?Multi-Instance Integration 
Tests 鈥?Instance Crash and Rest
art Handling 鈥?should handle un
responsive instance

    expect(received).toBe(expec
ted) // Object.is equality

    Expected: true
    Received: false

    [0m [90m 462 |[39m      
 
     [90m 463 |[39m       [3
6mconst[39m result [33m=[39m
 [36mawait[39m instanceManage
r[33m.[39mcreateInstance(acco
unt)[33m;[39m
    [31m[1m>[22m[39m[90m 4
64 |[39m       expect(result[
33m.[39msuccess)[33m.[39mtoB
e([36mtrue[39m)[33m;[39m
     [90m     |[39m          
                    [31m[1m^
[22m[39m
     [90m 465 |[39m       
     [90m 466 |[39m       [3
6mconst[39m window [33m=[39m
 result[33m.[39mwindow[33m;
[39m
     [90m 467 |[39m       [0
m

      at Object.<anonymous> (sr
c/managers/__tests__/MultiInsta
nceIntegration.test.js:464:30)

  鈼?Multi-Instance Integration 
Tests 鈥?Multiple Concurrent Ins
tances 鈥?should run multiple in
stances concurrently

    expect(received).toBe(expec
ted) // Object.is equality

    Expected: true
    Received: false

    [0m [90m 497 |[39m      
 [90m// Verify all instances l
aunched successfully[39m
     [90m 498 |[39m       res
ults[33m.[39mforEach(result 
[33m=>[39m {
    [31m[1m>[22m[39m[90m 4
99 |[39m         expect(result
[33m.[39msuccess)[33m.[39mt
oBe([36mtrue[39m)[33m;[39m
     [90m     |[39m          
                      [31m[1m
^[22m[39m
     [90m 500 |[39m       })
[33m;[39m
     [90m 501 |[39m       
     [90m 502 |[39m       [9
0m// Verify instance count[39m
[0m

      at src/managers/__tests__
/MultiInstanceIntegration.test.
js:499:32
          at Array.forEach (<an
onymous>)
      at Object.<anonymous> (sr
c/managers/__tests__/MultiInsta
nceIntegration.test.js:498:15)

  鈼?Multi-Instance Integration 
Tests 鈥?Multiple Concurrent Ins
tances 鈥?should handle max inst
ance limit

    expect(received).toBe(expec
ted) // Object.is equality

    Expected: 10
    Received: 0

    [0m [90m 524 |[39m      
 }
     [90m 525 |[39m       
    [31m[1m>[22m[39m[90m 5
26 |[39m       expect(instance
Manager[33m.[39mgetRunningIns
tanceCount())[33m.[39mtoBe(ma
xInstances)[33m;[39m
     [90m     |[39m          
                               
                [31m[1m^[22m
[39m
     [90m 527 |[39m       
     [90m 528 |[39m       [9
0m// Try to create one more[39
m
     [90m 529 |[39m       [3
6mconst[39m extraAccount [33m
=[39m [36mnew[39m [33mAccou
ntConfig[39m({[0m

      at Object.<anonymous> (sr
c/managers/__tests__/MultiInsta
nceIntegration.test.js:526:57)

  鈼?Multi-Instance Integration 
Tests 鈥?Multiple Concurrent Ins
tances 鈥?should isolate instanc
es from each other

    expect(received).toBe(expec
ted) // Object.is equality

    Expected: "running"
    Received: "error"

    [0m [90m 561 |[39m      
 [36mconst[39m status2 [33m=
[39m instanceManager[33m.[39
mgetInstanceStatus(account2[33
m.[39mid)[33m;[39m
     [90m 562 |[39m       
    [31m[1m>[22m[39m[90m 5
63 |[39m       expect(status1
[33m.[39mstatus)[33m.[39mtoB
e([32m'running'[39m)[33m;[3
9m
     [90m     |[39m          
                    [31m[1m^
[22m[39m
     [90m 564 |[39m       exp
ect(status2[33m.[39mstatus)[
33m.[39mtoBe([32m'running'[3
9m)[33m;[39m
     [90m 565 |[39m       exp
ect(status1[33m.[39minstanceI
d)[33m.[39mnot[33m.[39mtoBe
(status2[33m.[39minstanceId)
[33m;[39m
     [90m 566 |[39m       [0
m

      at Object.<anonymous> (sr
c/managers/__tests__/MultiInsta
nceIntegration.test.js:563:30)

  鈼?Multi-Instance Integration 
Tests 鈥?Multiple Concurrent Ins
tances 鈥?should manage resource
s across multiple instances

    expect(received).toBe(expec
ted) // Object.is equality

    Expected: 3
    Received: 0

    [0m [90m 593 |[39m      
 [36mconst[39m healthSummary 
[33m=[39m [36mawait[39m ins
tanceManager[33m.[39mgetAllIn
stancesHealth()[33m;[39m
     [90m 594 |[39m       
    [31m[1m>[22m[39m[90m 5
95 |[39m       expect(healthSu
mmary[33m.[39mtotal)[33m.[3
9mtoBe(instanceCount)[33m;[39
m
     [90m     |[39m          
                         [31m
[1m^[22m[39m
     [90m 596 |[39m       exp
ect(healthSummary[33m.[39mhea
lthy)[33m.[39mtoBe(instanceCo
unt)[33m;[39m
     [90m 597 |[39m       exp
ect(healthSummary[33m.[39munh
ealthy)[33m.[39mtoBe([35m0[
39m)[33m;[39m
     [90m 598 |[39m     })[3
3m;[39m[0m

      at Object.<anonymous> (sr
c/managers/__tests__/MultiInsta
nceIntegration.test.js:595:35)

  鈼?Multi-Instance Integration 
Tests 鈥?Multiple Concurrent Ins
tances 鈥?should destroy all ins
tances at once

    expect(received).toBe(expec
ted) // Object.is equality

    Expected: 5
    Received: 0

    [0m [90m 609 |[39m      
 }
     [90m 610 |[39m       
    [31m[1m>[22m[39m[90m 6
11 |[39m       expect(instance
Manager[33m.[39mgetRunningIns
tanceCount())[33m.[39mtoBe(in
stanceCount)[33m;[39m
     [90m     |[39m          
                               
                [31m[1m^[22m
[39m
     [90m 612 |[39m       
     [90m 613 |[39m       [9
0m// Destroy all[39m
     [90m 614 |[39m       [3
6mconst[39m result [33m=[39m
 [36mawait[39m instanceManage
r[33m.[39mdestroyAllInstances
()[33m;[39m[0m

      at Object.<anonymous> (sr
c/managers/__tests__/MultiInsta
nceIntegration.test.js:611:57)

  鈼?Multi-Instance Integration 
Tests 鈥?Multiple Concurrent Ins
tances 鈥?should handle concurre
nt operations on different inst
ances

    expect(received).toBe(expec
ted) // Object.is equality

    Expected: true
    Received: false

    [0m [90m 632 |[39m      
 ])[33m;[39m
     [90m 633 |[39m       
    [31m[1m>[22m[39m[90m 6
34 |[39m       expect(result1
[33m.[39msuccess)[33m.[39mto
Be([36mtrue[39m)[33m;[39m
     [90m     |[39m          
                     [31m[1m^
[22m[39m
     [90m 635 |[39m       exp
ect(result2[33m.[39msuccess)
[33m.[39mtoBe([36mtrue[39m)
[33m;[39m
     [90m 636 |[39m       exp
ect(result3[33m.[39msuccess)
[33m.[39mtoBe([36mtrue[39m)
[33m;[39m
     [90m 637 |[39m       [0
m

      at Object.<anonymous> (sr
c/managers/__tests__/MultiInsta
nceIntegration.test.js:634:31)

  鈼?Multi-Instance Integration 
Tests 鈥?Integration with Config
uration Management 鈥?should syn
c instance state with configura
tion

    expect(received).toBe(expec
ted) // Object.is equality

    Expected: true
    Received: false

    [0m [90m 671 |[39m      
 
     [90m 672 |[39m       [9
0m// Instance should still be r
unning[39m
    [31m[1m>[22m[39m[90m 6
73 |[39m       expect(instance
Manager[33m.[39minstanceExist
s(accountId))[33m.[39mtoBe([
36mtrue[39m)[33m;[39m
     [90m     |[39m          
                               
                [31m[1m^[22m
[39m
     [90m 674 |[39m     })[3
3m;[39m
     [90m 675 |[39m
     [90m 676 |[39m     test(
[32m'should handle account del
etion with running instance'[3
9m[33m,[39m [36masync[39m (
) [33m=>[39m {[0m

      at Object.<anonymous> (sr
c/managers/__tests__/MultiInsta
nceIntegration.test.js:673:57)

  鈼?Multi-Instance Integration 
Tests 鈥?Integration with Config
uration Management 鈥?should han
dle account deletion with runni
ng instance

    expect(received).toBe(expec
ted) // Object.is equality

    Expected: true
    Received: false

    [0m [90m 682 |[39m      
 [90m// Launch instance[39m
     [90m 683 |[39m       [3
6mawait[39m instanceManager[3
3m.[39mcreateInstance(createRe
sult[33m.[39maccount)[33m;[
39m
    [31m[1m>[22m[39m[90m 6
84 |[39m       expect(instance
Manager[33m.[39minstanceExist
s(accountId))[33m.[39mtoBe([
36mtrue[39m)[33m;[39m
     [90m     |[39m          
                               
                [31m[1m^[22m
[39m
     [90m 685 |[39m       
     [90m 686 |[39m       [9
0m// Delete account configurati
on[39m
     [90m 687 |[39m       [3
6mawait[39m configManager[33m
.[39mdeleteAccount(accountId)
[33m;[39m[0m

      at Object.<anonymous> (sr
c/managers/__tests__/MultiInsta
nceIntegration.test.js:684:57)

  鈼?Multi-Instance Integration 
Tests 鈥?Error Handling and Reco
very 鈥?should recover from inst
ance creation failure

    expect(received).toBe(expec
ted) // Object.is equality

    Expected: true
    Received: false

    [0m [90m 746 |[39m      
 [90m// First attempt should s
ucceed[39m
     [90m 747 |[39m       [3
6mconst[39m result1 [33m=[39
m [36mawait[39m instanceManag
er[33m.[39mcreateInstance(acc
ount)[33m;[39m
    [31m[1m>[22m[39m[90m 7
48 |[39m       expect(result1
[33m.[39msuccess)[33m.[39mto
Be([36mtrue[39m)[33m;[39m
     [90m     |[39m          
                     [31m[1m^
[22m[39m
     [90m 749 |[39m       
     [90m 750 |[39m       [9
0m// Second attempt should fail
 (already running)[39m
     [90m 751 |[39m       [3
6mconst[39m result2 [33m=[39
m [36mawait[39m instanceManag
er[33m.[39mcreateInstance(acc
ount)[33m;[39m[0m

      at Object.<anonymous> (sr
c/managers/__tests__/MultiInsta
nceIntegration.test.js:748:31)

  鈼?Multi-Instance Integration 
Tests 鈥?Error Handling and Reco
very 鈥?should handle rapid crea
te/destroy cycles

    expect(received).toBe(expec
ted) // Object.is equality

    Expected: true
    Received: false

    [0m [90m 766 |[39m      
 [36mfor[39m ([36mlet[39m i
 [33m=[39m [35m0[39m[33m;
[39m i [33m<[39m [35m3[39m
[33m;[39m i[33m++[39m) {
     [90m 767 |[39m         
[36mconst[39m createResult [3
3m=[39m [36mawait[39m instan
ceManager[33m.[39mcreateInsta
nce(account)[33m;[39m
    [31m[1m>[22m[39m[90m 7
68 |[39m         expect(create
Result[33m.[39msuccess)[33m.
[39mtoBe([36mtrue[39m)[33m;
[39m
     [90m     |[39m          
                            [3
1m[1m^[22m[39m
     [90m 769 |[39m         
     [90m 770 |[39m         
[36mconst[39m destroyResult [
33m=[39m [36mawait[39m insta
nceManager[33m.[39mdestroyIns
tance(account[33m.[39mid)[33
m;[39m
     [90m 771 |[39m         e
xpect(destroyResult[33m.[39ms
uccess)[33m.[39mtoBe([36mtru
e[39m)[33m;[39m[0m

      at Object.<anonymous> (sr
c/managers/__tests__/MultiInsta
nceIntegration.test.js:768:38)

FAIL src/infrastructure/proxy/_
_tests__/ProxyPreChecker.test.j
s
  鈼?ProxyPreChecker 鈥?testConne
ctivity 鈥?should return success
 for valid proxy config

    expect(received).toBe(expec
ted) // Object.is equality

    Expected: true
    Received: false

    [0m [90m 140 |[39m      
 [36mconst[39m result [33m=
[39m [36mawait[39m checker[3
3m.[39mtestConnectivity(config
)[33m;[39m
     [90m 141 |[39m       
    [31m[1m>[22m[39m[90m 1
42 |[39m       expect(result[
33m.[39msuccess)[33m.[39mtoB
e([36mtrue[39m)[33m;[39m
     [90m     |[39m          
                    [31m[1m^
[22m[39m
     [90m 143 |[39m       exp
ect(result[33m.[39mlatency)[
33m.[39mtoBeDefined()[33m;[3
9m
     [90m 144 |[39m       exp
ect([36mtypeof[39m result[33
m.[39mlatency)[33m.[39mtoBe(
[32m'number'[39m)[33m;[39m
     [90m 145 |[39m     })[3
3m;[39m[0m

      at Object.<anonymous> (sr
c/infrastructure/proxy/__tests_
_/ProxyPreChecker.test.js:142:3
0)

  鈼?ProxyPreChecker 鈥?testConne
ctivity 鈥?should accept plain o
bject config

    expect(received).toBe(expec
ted) // Object.is equality

    Expected: true
    Received: false

    [0m [90m 193 |[39m      
 })[33m;[39m
     [90m 194 |[39m       
    [31m[1m>[22m[39m[90m 1
95 |[39m       expect(result[
33m.[39msuccess)[33m.[39mtoB
e([36mtrue[39m)[33m;[39m
     [90m     |[39m          
                    [31m[1m^
[22m[39m
     [90m 196 |[39m     })[3
3m;[39m
     [90m 197 |[39m   })[33m
;[39m
     [90m 198 |[39m[0m

      at Object.<anonymous> (sr
c/infrastructure/proxy/__tests_
_/ProxyPreChecker.test.js:195:3
0)

  鈼?ProxyPreChecker 鈥?measureLa
tency 鈥?should measure latency 
with multiple samples

    expect(received).toBe(expec
ted) // Object.is equality

    Expected: true
    Received: false

    [0m [90m 216 |[39m      
 [36mconst[39m result [33m=
[39m [36mawait[39m checker[3
3m.[39mmeasureLatency(config[
33m,[39m [35m3[39m)[33m;[3
9m
     [90m 217 |[39m       
    [31m[1m>[22m[39m[90m 2
18 |[39m       expect(result[
33m.[39msuccess)[33m.[39mtoB
e([36mtrue[39m)[33m;[39m
     [90m     |[39m          
                    [31m[1m^
[22m[39m
     [90m 219 |[39m       exp
ect(result[33m.[39mlatency)[
33m.[39mtoBeDefined()[33m;[3
9m
     [90m 220 |[39m       exp
ect(result[33m.[39mlatency[3
3m.[39mmin)[33m.[39mtoBeDefi
ned()[33m;[39m
     [90m 221 |[39m       exp
ect(result[33m.[39mlatency[3
3m.[39mmax)[33m.[39mtoBeDefi
ned()[33m;[39m[0m

      at Object.<anonymous> (sr
c/infrastructure/proxy/__tests_
_/ProxyPreChecker.test.js:218:3
0)

  鈼?ProxyPreChecker 鈥?measureLa
tency 鈥?should use default samp
le count if not specified

    expect(received).toBe(expec
ted) // Object.is equality

    Expected: true
    Received: false

    [0m [90m 260 |[39m      
 [36mconst[39m result [33m=
[39m [36mawait[39m checker[3
3m.[39mmeasureLatency(config)
[33m;[39m
     [90m 261 |[39m       
    [31m[1m>[22m[39m[90m 2
62 |[39m       expect(result[
33m.[39msuccess)[33m.[39mtoB
e([36mtrue[39m)[33m;[39m
     [90m     |[39m          
                    [31m[1m^
[22m[39m
     [90m 263 |[39m       exp
ect(result[33m.[39msamples)[
33m.[39mtoBe([33mProxyPreChec
ker[39m[33m.[39m[33mDefault
s[39m[33m.[39m[33mLATENCY_S
AMPLES[39m)[33m;[39m
     [90m 264 |[39m     })[3
3m;[39m
     [90m 265 |[39m   })[33m
;[39m[0m

      at Object.<anonymous> (sr
c/infrastructure/proxy/__tests_
_/ProxyPreChecker.test.js:262:3
0)

  鈼?ProxyPreChecker 鈥?getExitIP
 鈥?should return IP from first 
successful source

    expect(received).toBe(expec
ted) // Object.is equality

    Expected: true
    Received: false

    [0m [90m 289 |[39m      
 [36mconst[39m result [33m=
[39m [36mawait[39m checker[3
3m.[39mgetExitIP(config)[33m;
[39m
     [90m 290 |[39m       
    [31m[1m>[22m[39m[90m 2
91 |[39m       expect(result[
33m.[39msuccess)[33m.[39mtoB
e([36mtrue[39m)[33m;[39m
     [90m     |[39m          
                    [31m[1m^
[22m[39m
     [90m 292 |[39m       exp
ect(result[33m.[39mip)[33m.
[39mtoBeDefined()[33m;[39m
     [90m 293 |[39m       exp
ect(result[33m.[39msource)[3
3m.[39mtoBeDefined()[33m;[39
m
     [90m 294 |[39m     })[3
3m;[39m[0m

      at Object.<anonymous> (sr
c/infrastructure/proxy/__tests_
_/ProxyPreChecker.test.js:291:3
0)

  鈼?ProxyPreChecker 鈥?getExitIP
 鈥?should try multiple sources 
on failure

    expect(received).toBeGreate
rThanOrEqual(expected)

    Expected: >= 1
    Received:    0

    [0m [90m 325 |[39m      
 
     [90m 326 |[39m       [9
0m// Should have tried at least
 2 sources[39m
    [31m[1m>[22m[39m[90m 3
27 |[39m       expect(callCoun
t)[33m.[39mtoBeGreaterThanOrE
qual([35m1[39m)[33m;[39m
     [90m     |[39m          
               [31m[1m^[22m
[39m
     [90m 328 |[39m     })[3
3m;[39m
     [90m 329 |[39m
     [90m 330 |[39m     it([
32m'should return failure if al
l sources fail'[39m[33m,[39m
 [36masync[39m () [33m=>[39
m {[0m

      at Object.<anonymous> (sr
c/infrastructure/proxy/__tests_
_/ProxyPreChecker.test.js:327:2
5)

  鈼?ProxyPreChecker 鈥?performFu
llCheck 鈥?should perform comple
te pre-check

    expect(received).toBe(expec
ted) // Object.is equality

    Expected: true
    Received: false

    [0m [90m 372 |[39m      
 [36mconst[39m result [33m=
[39m [36mawait[39m checker[3
3m.[39mperformFullCheck(config
)[33m;[39m
     [90m 373 |[39m       
    [31m[1m>[22m[39m[90m 3
74 |[39m       expect(result[
33m.[39msuccess)[33m.[39mtoB
e([36mtrue[39m)[33m;[39m
     [90m     |[39m          
                    [31m[1m^
[22m[39m
     [90m 375 |[39m       exp
ect(result[33m.[39mconnectivi
ty)[33m.[39mtoBeDefined()[33
m;[39m
     [90m 376 |[39m       exp
ect(result[33m.[39mip)[33m.
[39mtoBeDefined()[33m;[39m
     [90m 377 |[39m     })[3
3m;[39m[0m

      at Object.<anonymous> (sr
c/infrastructure/proxy/__tests_
_/ProxyPreChecker.test.js:374:3
0)

  鈼?ProxyPreChecker 鈥?_createPr
oxyAgent 鈥?should create SocksP
roxyAgent for SOCKS5

    expect(jest.fn()).toHaveBee
nCalled()

    Expected number of calls: >
= 1
    Received number of calls:  
  0

    [0m [90m 453 |[39m      
 checker[33m.[39m_createProxy
Agent(config)[33m;[39m
     [90m 454 |[39m       
    [31m[1m>[22m[39m[90m 4
55 |[39m       expect([33mSoc
ksProxyAgent[39m)[33m.[39mto
HaveBeenCalled()[33m;[39m
     [90m     |[39m          
                     [31m[1m^
[22m[39m
     [90m 456 |[39m     })[3
3m;[39m
     [90m 457 |[39m
     [90m 458 |[39m     it([
32m'should create HttpsProxyAge
nt for HTTP/HTTPS'[39m[33m,[
39m () [33m=>[39m {[0m

      at Object.<anonymous> (sr
c/infrastructure/proxy/__tests_
_/ProxyPreChecker.test.js:455:3
1)

  鈼?ProxyPreChecker 鈥?_createPr
oxyAgent 鈥?should create HttpsP
roxyAgent for HTTP/HTTPS

    expect(jest.fn()).toHaveBee
nCalled()

    Expected number of calls: >
= 1
    Received number of calls:  
  0

    [0m [90m 468 |[39m      
 checker[33m.[39m_createProxy
Agent(config)[33m;[39m
     [90m 469 |[39m       
    [31m[1m>[22m[39m[90m 4
70 |[39m       expect([33mHtt
psProxyAgent[39m)[33m.[39mto
HaveBeenCalled()[33m;[39m
     [90m     |[39m          
                     [31m[1m^
[22m[39m
     [90m 471 |[39m     })[3
3m;[39m
     [90m 472 |[39m   })[33m
;[39m
     [90m 473 |[39m[0m

      at Object.<anonymous> (sr
c/infrastructure/proxy/__tests_
_/ProxyPreChecker.test.js:470:3
1)

FAIL src/single-window/__tests_
_/ViewManager.test.js
  鈼?ViewManager 鈥?Bounds Calcul
ation 鈥?should calculate view b
ounds based on sidebar width

    TypeError: this.mainWindow.
getTranslationPanelWidth is not
 a function

    [0m [90m 1819 |[39m     
[36mconst[39m windowBounds [
33m=[39m window[33m.[39mgetC
ontentBounds()[33m;[39m
     [90m 1820 |[39m     [36
mconst[39m sidebar [33m=[39m
 sidebarWidth [33m||[39m [36
mthis[39m[33m.[39mmainWindow
[33m.[39mgetSidebarWidth()[3
3m;[39m
    [31m[1m>[22m[39m[90m 1
821 |[39m     [36mconst[39m 
translationWidth [33m=[39m [
36mthis[39m[33m.[39mmainWind
ow[33m.[39mgetTranslationPane
lWidth()[33m;[39m
     [90m      |[39m         
                               
      [31m[1m^[22m[39m
     [90m 1822 |[39m
     [90m 1823 |[39m     [90
m// Check if we can use cached 
bounds[39m
     [90m 1824 |[39m     [36
mif[39m ([33m![39mforceRecal
culate [33m&&[39m [36mthis[
39m[33m.[39mboundsCache[33m.
[39mcachedBounds) {[0m

      at ViewManager._calculate
ViewBounds (src/single-window/V
iewManager.js:1821:46)
      at Object.<anonymous> (sr
c/single-window/__tests__/ViewM
anager.test.js:92:34)

  鈼?ViewManager 鈥?Bounds Calcul
ation 鈥?should use saved sideba
r width if not provided

    TypeError: this.mainWindow.
getTranslationPanelWidth is not
 a function

    [0m [90m 1819 |[39m     
[36mconst[39m windowBounds [
33m=[39m window[33m.[39mgetC
ontentBounds()[33m;[39m
     [90m 1820 |[39m     [36
mconst[39m sidebar [33m=[39m
 sidebarWidth [33m||[39m [36
mthis[39m[33m.[39mmainWindow
[33m.[39mgetSidebarWidth()[3
3m;[39m
    [31m[1m>[22m[39m[90m 1
821 |[39m     [36mconst[39m 
translationWidth [33m=[39m [
36mthis[39m[33m.[39mmainWind
ow[33m.[39mgetTranslationPane
lWidth()[33m;[39m
     [90m      |[39m         
                               
      [31m[1m^[22m[39m
     [90m 1822 |[39m
     [90m 1823 |[39m     [90
m// Check if we can use cached 
bounds[39m
     [90m 1824 |[39m     [36
mif[39m ([33m![39mforceRecal
culate [33m&&[39m [36mthis[
39m[33m.[39mboundsCache[33m.
[39mcachedBounds) {[0m

      at ViewManager._calculate
ViewBounds (src/single-window/V
iewManager.js:1821:46)
      at Object.<anonymous> (sr
c/single-window/__tests__/ViewM
anager.test.js:103:34)

  鈼?ViewManager 鈥?Bounds Calcul
ation 鈥?should calculate bounds
 with different sidebar widths

    TypeError: this.mainWindow.
getTranslationPanelWidth is not
 a function

    [0m [90m 1819 |[39m     
[36mconst[39m windowBounds [
33m=[39m window[33m.[39mgetC
ontentBounds()[33m;[39m
     [90m 1820 |[39m     [36
mconst[39m sidebar [33m=[39m
 sidebarWidth [33m||[39m [36
mthis[39m[33m.[39mmainWindow
[33m.[39mgetSidebarWidth()[3
3m;[39m
    [31m[1m>[22m[39m[90m 1
821 |[39m     [36mconst[39m 
translationWidth [33m=[39m [
36mthis[39m[33m.[39mmainWind
ow[33m.[39mgetTranslationPane
lWidth()[33m;[39m
     [90m      |[39m         
                               
      [31m[1m^[22m[39m
     [90m 1822 |[39m
     [90m 1823 |[39m     [90
m// Check if we can use cached 
bounds[39m
     [90m 1824 |[39m     [36
mif[39m ([33m![39mforceRecal
culate [33m&&[39m [36mthis[
39m[33m.[39mboundsCache[33m.
[39mcachedBounds) {[0m

      at ViewManager._calculate
ViewBounds (src/single-window/V
iewManager.js:1821:46)
      at Object.<anonymous> (sr
c/single-window/__tests__/ViewM
anager.test.js:110:35)

  鈼?ViewManager 鈥?View Resizing
 鈥?should update bounds for all
 views during resize

    expect(received).toEqual(ex
pected) // deep equality

    Expected: {"height": 900, "
width": 1100, "x": 300, "y": 0}
    Received: null

    [0m [90m 237 |[39m      
 
     [90m 238 |[39m       [9
0m// Both views should have bou
nds updated[39m
    [31m[1m>[22m[39m[90m 2
39 |[39m       expect(mockView
1[33m.[39mbounds)[33m.[39mt
oEqual({
     [90m     |[39m          
                      [31m[1m
^[22m[39m
     [90m 240 |[39m         x
[33m:[39m [35m300[39m[33m,
[39m
     [90m 241 |[39m         y
[33m:[39m [35m0[39m[33m,[
39m
     [90m 242 |[39m         w
idth[33m:[39m [35m1100[39m
[33m,[39m[0m

      at Object.<anonymous> (sr
c/single-window/__tests__/ViewM
anager.test.js:239:32)

  鈼?ViewManager 鈥?View Resizing
 鈥?should skip destroyed views 
during resize

    expect(received).toEqual(ex
pected) // deep equality

    Expected: {"height": 900, "
width": 1100, "x": 300, "y": 0}
    Received: null

    [0m [90m 280 |[39m      
 
     [90m 281 |[39m       [9
0m// Bounds should be updated i
n state[39m
    [31m[1m>[22m[39m[90m 2
82 |[39m       expect(mockView
[33m.[39mbounds)[33m.[39mto
Equal({
     [90m     |[39m          
                     [31m[1m^
[22m[39m
     [90m 283 |[39m         x
[33m:[39m [35m300[39m[33m,
[39m
     [90m 284 |[39m         y
[33m:[39m [35m0[39m[33m,[
39m
     [90m 285 |[39m         w
idth[33m:[39m [35m1100[39m
[33m,[39m[0m

      at Object.<anonymous> (sr
c/single-window/__tests__/ViewM
anager.test.js:282:31)

FAIL src/single-window/__tests_
_/MainWindow.test.js
  鈼?MainWindow 鈥?initialize 鈥?s
hould initialize window with co
rrect configuration

    TypeError: Cannot read prop
erties of undefined (reading 'g
etAllDisplays')

    [0m [90m 208 |[39m [90m
   */[39m
     [90m 209 |[39m   _ensure
VisibleBounds(bounds) {
    [31m[1m>[22m[39m[90m 2
10 |[39m     [36mconst[39m d
isplays [33m=[39m screen[33m
.[39mgetAllDisplays()[33m;[3
9m
     [90m     |[39m          
                   [31m[1m^[
22m[39m
     [90m 211 |[39m     
     [90m 212 |[39m     [90m
// If no saved bounds, center o
n primary display[39m
     [90m 213 |[39m     [36m
if[39m ([33m![39mbounds [33
m||[39m bounds[33m.[39mx [3
3m===[39m undefined [33m||[3
9m bounds[33m.[39my [33m===
[39m undefined) {[0m

      at MainWindow._ensureVisi
bleBounds (src/single-window/Ma
inWindow.js:210:29)
      at MainWindow.initialize 
(src/single-window/MainWindow.j
s:83:25)
      at Object.<anonymous> (sr
c/single-window/__tests__/MainW
indow.test.js:99:33)

  鈼?MainWindow 鈥?initialize 鈥?s
hould not reinitialize if alrea
dy initialized

    TypeError: Cannot read prop
erties of undefined (reading 'g
etAllDisplays')

    [0m [90m 208 |[39m [90m
   */[39m
     [90m 209 |[39m   _ensure
VisibleBounds(bounds) {
    [31m[1m>[22m[39m[90m 2
10 |[39m     [36mconst[39m d
isplays [33m=[39m screen[33m
.[39mgetAllDisplays()[33m;[3
9m
     [90m     |[39m          
                   [31m[1m^[
22m[39m
     [90m 211 |[39m     
     [90m 212 |[39m     [90m
// If no saved bounds, center o
n primary display[39m
     [90m 213 |[39m     [36m
if[39m ([33m![39mbounds [33
m||[39m bounds[33m.[39mx [3
3m===[39m undefined [33m||[3
9m bounds[33m.[39my [33m===
[39m undefined) {[0m

      at MainWindow._ensureVisi
bleBounds (src/single-window/Ma
inWindow.js:210:29)
      at MainWindow.initialize 
(src/single-window/MainWindow.j
s:83:25)
      at Object.<anonymous> (sr
c/single-window/__tests__/MainW
indow.test.js:122:18)

  鈼?MainWindow 鈥?getWindow 鈥?sh
ould return window instance

    TypeError: Cannot read prop
erties of undefined (reading 'g
etAllDisplays')

    [0m [90m 208 |[39m [90m
   */[39m
     [90m 209 |[39m   _ensure
VisibleBounds(bounds) {
    [31m[1m>[22m[39m[90m 2
10 |[39m     [36mconst[39m d
isplays [33m=[39m screen[33m
.[39mgetAllDisplays()[33m;[3
9m
     [90m     |[39m          
                   [31m[1m^[
22m[39m
     [90m 211 |[39m     
     [90m 212 |[39m     [90m
// If no saved bounds, center o
n primary display[39m
     [90m 213 |[39m     [36m
if[39m ([33m![39mbounds [33
m||[39m bounds[33m.[39mx [3
3m===[39m undefined [33m||[3
9m bounds[33m.[39my [33m===
[39m undefined) {[0m

      at MainWindow._ensureVisi
bleBounds (src/single-window/Ma
inWindow.js:210:29)
      at MainWindow.initialize 
(src/single-window/MainWindow.j
s:83:25)
      at Object.<anonymous> (sr
c/single-window/__tests__/MainW
indow.test.js:134:18)

  鈼?MainWindow 鈥?getBounds 鈥?sh
ould return window bounds

    TypeError: Cannot read prop
erties of undefined (reading 'g
etAllDisplays')

    [0m [90m 208 |[39m [90m
   */[39m
     [90m 209 |[39m   _ensure
VisibleBounds(bounds) {
    [31m[1m>[22m[39m[90m 2
10 |[39m     [36mconst[39m d
isplays [33m=[39m screen[33m
.[39mgetAllDisplays()[33m;[3
9m
     [90m     |[39m          
                   [31m[1m^[
22m[39m
     [90m 211 |[39m     
     [90m 212 |[39m     [90m
// If no saved bounds, center o
n primary display[39m
     [90m 213 |[39m     [36m
if[39m ([33m![39mbounds [33
m||[39m bounds[33m.[39mx [3
3m===[39m undefined [33m||[3
9m bounds[33m.[39my [33m===
[39m undefined) {[0m

      at MainWindow._ensureVisi
bleBounds (src/single-window/Ma
inWindow.js:210:29)
      at MainWindow.initialize 
(src/single-window/MainWindow.j
s:83:25)
      at Object.<anonymous> (sr
c/single-window/__tests__/MainW
indow.test.js:151:18)

  鈼?MainWindow 鈥?sendToRenderer
 鈥?should send message to rende
rer

    TypeError: Cannot read prop
erties of undefined (reading 'g
etAllDisplays')

    [0m [90m 208 |[39m [90m
   */[39m
     [90m 209 |[39m   _ensure
VisibleBounds(bounds) {
    [31m[1m>[22m[39m[90m 2
10 |[39m     [36mconst[39m d
isplays [33m=[39m screen[33m
.[39mgetAllDisplays()[33m;[3
9m
     [90m     |[39m          
                   [31m[1m^[
22m[39m
     [90m 211 |[39m     
     [90m 212 |[39m     [90m
// If no saved bounds, center o
n primary display[39m
     [90m 213 |[39m     [36m
if[39m ([33m![39mbounds [33
m||[39m bounds[33m.[39mx [3
3m===[39m undefined [33m||[3
9m bounds[33m.[39my [33m===
[39m undefined) {[0m

      at MainWindow._ensureVisi
bleBounds (src/single-window/Ma
inWindow.js:210:29)
      at MainWindow.initialize 
(src/single-window/MainWindow.j
s:83:25)
      at Object.<anonymous> (sr
c/single-window/__tests__/MainW
indow.test.js:168:18)

  鈼?MainWindow 鈥?sendToRenderer
 鈥?should not send if window is
 destroyed

    TypeError: Cannot read prop
erties of undefined (reading 'g
etAllDisplays')

    [0m [90m 208 |[39m [90m
   */[39m
     [90m 209 |[39m   _ensure
VisibleBounds(bounds) {
    [31m[1m>[22m[39m[90m 2
10 |[39m     [36mconst[39m d
isplays [33m=[39m screen[33m
.[39mgetAllDisplays()[33m;[3
9m
     [90m     |[39m          
                   [31m[1m^[
22m[39m
     [90m 211 |[39m     
     [90m 212 |[39m     [90m
// If no saved bounds, center o
n primary display[39m
     [90m 213 |[39m     [36m
if[39m ([33m![39mbounds [33
m||[39m bounds[33m.[39mx [3
3m===[39m undefined [33m||[3
9m bounds[33m.[39my [33m===
[39m undefined) {[0m

      at MainWindow._ensureVisi
bleBounds (src/single-window/Ma
inWindow.js:210:29)
      at MainWindow.initialize 
(src/single-window/MainWindow.j
s:83:25)
      at Object.<anonymous> (sr
c/single-window/__tests__/MainW
indow.test.js:180:18)

  鈼?MainWindow 鈥?isReady 鈥?shou
ld return true when initialized
 and not destroyed

    TypeError: Cannot read prop
erties of undefined (reading 'g
etAllDisplays')

    [0m [90m 208 |[39m [90m
   */[39m
     [90m 209 |[39m   _ensure
VisibleBounds(bounds) {
    [31m[1m>[22m[39m[90m 2
10 |[39m     [36mconst[39m d
isplays [33m=[39m screen[33m
.[39mgetAllDisplays()[33m;[3
9m
     [90m     |[39m          
                   [31m[1m^[
22m[39m
     [90m 211 |[39m     
     [90m 212 |[39m     [90m
// If no saved bounds, center o
n primary display[39m
     [90m 213 |[39m     [36m
if[39m ([33m![39mbounds [33
m||[39m bounds[33m.[39mx [3
3m===[39m undefined [33m||[3
9m bounds[33m.[39my [33m===
[39m undefined) {[0m

      at MainWindow._ensureVisi
bleBounds (src/single-window/Ma
inWindow.js:210:29)
      at MainWindow.initialize 
(src/single-window/MainWindow.j
s:83:25)
      at Object.<anonymous> (sr
c/single-window/__tests__/MainW
indow.test.js:192:18)

  鈼?MainWindow 鈥?sidebar width 
persistence 鈥?should get defaul
t sidebar width

    expect(received).toBe(expec
ted) // Object.is equality

    Expected: 280
    Received: 320

    [0m [90m 207 |[39m      
 
     [90m 208 |[39m       [3
6mconst[39m width [33m=[39m 
mainWindow[33m.[39mgetSidebar
Width()[33m;[39m
    [31m[1m>[22m[39m[90m 2
09 |[39m       expect(width)[
33m.[39mtoBe([35m280[39m)[3
3m;[39m
     [90m     |[39m          
           [31m[1m^[22m[39m
     [90m 210 |[39m     })[3
3m;[39m
     [90m 211 |[39m
     [90m 212 |[39m     test(
[32m'should save and retrieve 
sidebar width'[39m[33m,[39m 
() [33m=>[39m {[0m

      at Object.<anonymous> (sr
c/single-window/__tests__/MainW
indow.test.js:209:21)

FAIL src/managers/__tests__/Ses
sionManager.test.js
  鈼?SessionManager 鈥?浼氳瘽鍒涘缓鍜岄殧绂
?鈥?搴旇鎴愬姛鍒涘缓璐﹀彿浼氳瘽

    TypeError: Cannot read prop
erties of undefined (reading 'f
romPartition')

    [0m [90m 40 |[39m     }
[33m;[39m
     [90m 41 |[39m
    [31m[1m>[22m[39m[90m 4
2 |[39m     session[33m.[39m
fromPartition[33m.[39mmockRet
urnValue(mockSession)[33m;[39
m
     [90m    |[39m           
  [31m[1m^[22m[39m
     [90m 43 |[39m
     [90m 44 |[39m     [90m/
/ Get mocked electron from jest
.mock[39m
     [90m 45 |[39m     [36mc
onst[39m electron [33m=[39m 
require([32m'electron'[39m)[
33m;[39m[0m

      at Object.<anonymous> (sr
c/managers/__tests__/SessionMan
ager.test.js:42:13)

  鈼?SessionManager 鈥?浼氳瘽鍒涘缓鍜岄殧绂
?鈥?搴旇涓轰笉鍚岃处鍙峰垱寤洪殧绂荤殑浼氳瘽

    TypeError: Cannot read prop
erties of undefined (reading 'f
romPartition')

    [0m [90m 40 |[39m     }
[33m;[39m
     [90m 41 |[39m
    [31m[1m>[22m[39m[90m 4
2 |[39m     session[33m.[39m
fromPartition[33m.[39mmockRet
urnValue(mockSession)[33m;[39
m
     [90m    |[39m           
  [31m[1m^[22m[39m
     [90m 43 |[39m
     [90m 44 |[39m     [90m/
/ Get mocked electron from jest
.mock[39m
     [90m 45 |[39m     [36mc
onst[39m electron [33m=[39m 
require([32m'electron'[39m)[
33m;[39m[0m

      at Object.<anonymous> (sr
c/managers/__tests__/SessionMan
ager.test.js:42:13)

  鈼?SessionManager 鈥?浼氳瘽鍒涘缓鍜岄殧绂
?鈥?搴旇缂撳瓨浼氳瘽瀹炰緥

    TypeError: Cannot read prop
erties of undefined (reading 'f
romPartition')

    [0m [90m 40 |[39m     }
[33m;[39m
     [90m 41 |[39m
    [31m[1m>[22m[39m[90m 4
2 |[39m     session[33m.[39m
fromPartition[33m.[39mmockRet
urnValue(mockSession)[33m;[39
m
     [90m    |[39m           
  [31m[1m^[22m[39m
     [90m 43 |[39m
     [90m 44 |[39m     [90m/
/ Get mocked electron from jest
.mock[39m
     [90m 45 |[39m     [36mc
onst[39m electron [33m=[39m 
require([32m'electron'[39m)[
33m;[39m[0m

      at Object.<anonymous> (sr
c/managers/__tests__/SessionMan
ager.test.js:42:13)

  鈼?SessionManager 鈥?浼氳瘽鍒涘缓鍜岄殧绂
?鈥?搴旇鎷掔粷鏃犳晥鐨?accountId

    TypeError: Cannot read prop
erties of undefined (reading 'f
romPartition')

    [0m [90m 40 |[39m     }
[33m;[39m
     [90m 41 |[39m
    [31m[1m>[22m[39m[90m 4
2 |[39m     session[33m.[39m
fromPartition[33m.[39mmockRet
urnValue(mockSession)[33m;[39
m
     [90m    |[39m           
  [31m[1m^[22m[39m
     [90m 43 |[39m
     [90m 44 |[39m     [90m/
/ Get mocked electron from jest
.mock[39m
     [90m 45 |[39m     [36mc
onst[39m electron [33m=[39m 
require([32m'electron'[39m)[
33m;[39m[0m

      at Object.<anonymous> (sr
c/managers/__tests__/SessionMan
ager.test.js:42:13)

  鈼?SessionManager 鈥?浠ｇ悊閰嶇疆 鈥?搴
旇鎴愬姛閰嶇疆鏈夋晥鐨勪唬鐞?
    TypeError: Cannot read prop
erties of undefined (reading 'f
romPartition')

    [0m [90m 40 |[39m     }
[33m;[39m
     [90m 41 |[39m
    [31m[1m>[22m[39m[90m 4
2 |[39m     session[33m.[39m
fromPartition[33m.[39mmockRet
urnValue(mockSession)[33m;[39
m
     [90m    |[39m           
  [31m[1m^[22m[39m
     [90m 43 |[39m
     [90m 44 |[39m     [90m/
/ Get mocked electron from jest
.mock[39m
     [90m 45 |[39m     [36mc
onst[39m electron [33m=[39m 
require([32m'electron'[39m)[
33m;[39m[0m

      at Object.<anonymous> (sr
c/managers/__tests__/SessionMan
ager.test.js:42:13)

  鈼?SessionManager 鈥?浠ｇ悊閰嶇疆 鈥?搴
旇楠岃瘉浠ｇ悊閰嶇疆鏍煎紡

    TypeError: Cannot read prop
erties of undefined (reading 'f
romPartition')

    [0m [90m 40 |[39m     }
[33m;[39m
     [90m 41 |[39m
    [31m[1m>[22m[39m[90m 4
2 |[39m     session[33m.[39m
fromPartition[33m.[39mmockRet
urnValue(mockSession)[33m;[39
m
     [90m    |[39m           
  [31m[1m^[22m[39m
     [90m 43 |[39m
     [90m 44 |[39m     [90m/
/ Get mocked electron from jest
.mock[39m
     [90m 45 |[39m     [36mc
onst[39m electron [33m=[39m 
require([32m'electron'[39m)[
33m;[39m[0m

      at Object.<anonymous> (sr
c/managers/__tests__/SessionMan
ager.test.js:42:13)

  鈼?SessionManager 鈥?浠ｇ悊閰嶇疆 鈥?搴
旇鏀寔浠ｇ悊璁よ瘉

    TypeError: Cannot read prop
erties of undefined (reading 'f
romPartition')

    [0m [90m 40 |[39m     }
[33m;[39m
     [90m 41 |[39m
    [31m[1m>[22m[39m[90m 4
2 |[39m     session[33m.[39m
fromPartition[33m.[39mmockRet
urnValue(mockSession)[33m;[39
m
     [90m    |[39m           
  [31m[1m^[22m[39m
     [90m 43 |[39m
     [90m 44 |[39m     [90m/
/ Get mocked electron from jest
.mock[39m
     [90m 45 |[39m     [36mc
onst[39m electron [33m=[39m 
require([32m'electron'[39m)[
33m;[39m[0m

      at Object.<anonymous> (sr
c/managers/__tests__/SessionMan
ager.test.js:42:13)

  鈼?SessionManager 鈥?浠ｇ悊閰嶇疆 鈥?搴
旇缂撳瓨浠ｇ悊閰嶇疆

    TypeError: Cannot read prop
erties of undefined (reading 'f
romPartition')

    [0m [90m 40 |[39m     }
[33m;[39m
     [90m 41 |[39m
    [31m[1m>[22m[39m[90m 4
2 |[39m     session[33m.[39m
fromPartition[33m.[39mmockRet
urnValue(mockSession)[33m;[39
m
     [90m    |[39m           
  [31m[1m^[22m[39m
     [90m 43 |[39m
     [90m 44 |[39m     [90m/
/ Get mocked electron from jest
.mock[39m
     [90m 45 |[39m     [36mc
onst[39m electron [33m=[39m 
require([32m'electron'[39m)[
33m;[39m[0m

      at Object.<anonymous> (sr
c/managers/__tests__/SessionMan
ager.test.js:42:13)

  鈼?SessionManager 鈥?浠ｇ悊閰嶇疆 鈥?搴
旇鎴愬姛娓呴櫎浠ｇ悊閰嶇疆

    TypeError: Cannot read prop
erties of undefined (reading 'f
romPartition')

    [0m [90m 40 |[39m     }
[33m;[39m
     [90m 41 |[39m
    [31m[1m>[22m[39m[90m 4
2 |[39m     session[33m.[39m
fromPartition[33m.[39mmockRet
urnValue(mockSession)[33m;[39
m
     [90m    |[39m           
  [31m[1m^[22m[39m
     [90m 43 |[39m
     [90m 44 |[39m     [90m/
/ Get mocked electron from jest
.mock[39m
     [90m 45 |[39m     [36mc
onst[39m electron [33m=[39m 
require([32m'electron'[39m)[
33m;[39m[0m

      at Object.<anonymous> (sr
c/managers/__tests__/SessionMan
ager.test.js:42:13)

  鈼?SessionManager 鈥?鐧诲綍鐘舵€佹娴?
鈥?搴旇妫€娴嬪凡鐧诲綍鐘舵€?
    TypeError: Cannot read prop
erties of undefined (reading 'f
romPartition')

    [0m [90m 40 |[39m     }
[33m;[39m
     [90m 41 |[39m
    [31m[1m>[22m[39m[90m 4
2 |[39m     session[33m.[39m
fromPartition[33m.[39mmockRet
urnValue(mockSession)[33m;[39
m
     [90m    |[39m           
  [31m[1m^[22m[39m
     [90m 43 |[39m
     [90m 44 |[39m     [90m/
/ Get mocked electron from jest
.mock[39m
     [90m 45 |[39m     [36mc
onst[39m electron [33m=[39m 
require([32m'electron'[39m)[
33m;[39m[0m

      at Object.<anonymous> (sr
c/managers/__tests__/SessionMan
ager.test.js:42:13)

  鈼?SessionManager 鈥?鐧诲綍鐘舵€佹娴?
鈥?搴旇妫€娴嬫湭鐧诲綍鐘舵€?
    TypeError: Cannot read prop
erties of undefined (reading 'f
romPartition')

    [0m [90m 40 |[39m     }
[33m;[39m
     [90m 41 |[39m
    [31m[1m>[22m[39m[90m 4
2 |[39m     session[33m.[39m
fromPartition[33m.[39mmockRet
urnValue(mockSession)[33m;[39
m
     [90m    |[39m           
  [31m[1m^[22m[39m
     [90m 43 |[39m
     [90m 44 |[39m     [90m/
/ Get mocked electron from jest
.mock[39m
     [90m 45 |[39m     [36mc
onst[39m electron [33m=[39m 
require([32m'electron'[39m)[
33m;[39m[0m

      at Object.<anonymous> (sr
c/managers/__tests__/SessionMan
ager.test.js:42:13)

  鈼?SessionManager 鈥?鐧诲綍鐘舵€佹娴?
鈥?搴旇缂撳瓨鐧诲綍鐘舵€?
    TypeError: Cannot read prop
erties of undefined (reading 'f
romPartition')

    [0m [90m 40 |[39m     }
[33m;[39m
     [90m 41 |[39m
    [31m[1m>[22m[39m[90m 4
2 |[39m     session[33m.[39m
fromPartition[33m.[39mmockRet
urnValue(mockSession)[33m;[39
m
     [90m    |[39m           
  [31m[1m^[22m[39m
     [90m 43 |[39m
     [90m 44 |[39m     [90m/
/ Get mocked electron from jest
.mock[39m
     [90m 45 |[39m     [36mc
onst[39m electron [33m=[39m 
require([32m'electron'[39m)[
33m;[39m[0m

      at Object.<anonymous> (sr
c/managers/__tests__/SessionMan
ager.test.js:42:13)

  鈼?SessionManager 鈥?鐧诲綍鐘舵€佹娴?
鈥?搴旇澶勭悊鏃犳晥鐨?view

    TypeError: Cannot read prop
erties of undefined (reading 'f
romPartition')

    [0m [90m 40 |[39m     }
[33m;[39m
     [90m 41 |[39m
    [31m[1m>[22m[39m[90m 4
2 |[39m     session[33m.[39m
fromPartition[33m.[39mmockRet
urnValue(mockSession)[33m;[39
m
     [90m    |[39m           
  [31m[1m^[22m[39m
     [90m 43 |[39m
     [90m 44 |[39m     [90m/
/ Get mocked electron from jest
.mock[39m
     [90m 45 |[39m     [36mc
onst[39m electron [33m=[39m 
require([32m'electron'[39m)[
33m;[39m[0m

      at Object.<anonymous> (sr
c/managers/__tests__/SessionMan
ager.test.js:42:13)

  鈼?SessionManager 鈥?鐧诲綍鐘舵€佹娴?
鈥?搴旇澶勭悊宸查攢姣佺殑 view

    TypeError: Cannot read prop
erties of undefined (reading 'f
romPartition')

    [0m [90m 40 |[39m     }
[33m;[39m
     [90m 41 |[39m
    [31m[1m>[22m[39m[90m 4
2 |[39m     session[33m.[39m
fromPartition[33m.[39mmockRet
urnValue(mockSession)[33m;[39
m
     [90m    |[39m           
  [31m[1m^[22m[39m
     [90m 43 |[39m
     [90m 44 |[39m     [90m/
/ Get mocked electron from jest
.mock[39m
     [90m 45 |[39m     [36mc
onst[39m electron [33m=[39m 
require([32m'electron'[39m)[
33m;[39m[0m

      at Object.<anonymous> (sr
c/managers/__tests__/SessionMan
ager.test.js:42:13)

  鈼?SessionManager 鈥?浼氳瘽鏁版嵁绠＄悊 
鈥?搴旇妫€娴嬩細璇濇暟鎹槸鍚﹀瓨鍦?
    TypeError: Cannot read prop
erties of undefined (reading 'f
romPartition')

    [0m [90m 40 |[39m     }
[33m;[39m
     [90m 41 |[39m
    [31m[1m>[22m[39m[90m 4
2 |[39m     session[33m.[39m
fromPartition[33m.[39mmockRet
urnValue(mockSession)[33m;[39
m
     [90m    |[39m           
  [31m[1m^[22m[39m
     [90m 43 |[39m
     [90m 44 |[39m     [90m/
/ Get mocked electron from jest
.mock[39m
     [90m 45 |[39m     [36mc
onst[39m electron [33m=[39m 
require([32m'electron'[39m)[
33m;[39m[0m

      at Object.<anonymous> (sr
c/managers/__tests__/SessionMan
ager.test.js:42:13)

  鈼?SessionManager 鈥?浼氳瘽鏁版嵁绠＄悊 
鈥?搴旇妫€娴嬩笉瀛樺湪鐨勪細璇濇暟鎹?
    TypeError: Cannot read prop
erties of undefined (reading 'f
romPartition')

    [0m [90m 40 |[39m     }
[33m;[39m
     [90m 41 |[39m
    [31m[1m>[22m[39m[90m 4
2 |[39m     session[33m.[39m
fromPartition[33m.[39mmockRet
urnValue(mockSession)[33m;[39
m
     [90m    |[39m           
  [31m[1m^[22m[39m
     [90m 43 |[39m
     [90m 44 |[39m     [90m/
/ Get mocked electron from jest
.mock[39m
     [90m 45 |[39m     [36mc
onst[39m electron [33m=[39m 
require([32m'electron'[39m)[
33m;[39m[0m

      at Object.<anonymous> (sr
c/managers/__tests__/SessionMan
ager.test.js:42:13)

  鈼?SessionManager 鈥?浼氳瘽鏁版嵁绠＄悊 
鈥?搴旇娓呴櫎浼氳瘽鏁版嵁

    TypeError: Cannot read prop
erties of undefined (reading 'f
romPartition')

    [0m [90m 40 |[39m     }
[33m;[39m
     [90m 41 |[39m
    [31m[1m>[22m[39m[90m 4
2 |[39m     session[33m.[39m
fromPartition[33m.[39mmockRet
urnValue(mockSession)[33m;[39
m
     [90m    |[39m           
  [31m[1m^[22m[39m
     [90m 43 |[39m
     [90m 44 |[39m     [90m/
/ Get mocked electron from jest
.mock[39m
     [90m 45 |[39m     [36mc
onst[39m electron [33m=[39m 
require([32m'electron'[39m)[
33m;[39m[0m

      at Object.<anonymous> (sr
c/managers/__tests__/SessionMan
ager.test.js:42:13)

  鈼?SessionManager 鈥?浼氳瘽鏁版嵁绠＄悊 
鈥?搴旇鑾峰彇浼氳瘽鏁版嵁缁熻

    TypeError: Cannot read prop
erties of undefined (reading 'f
romPartition')

    [0m [90m 40 |[39m     }
[33m;[39m
     [90m 41 |[39m
    [31m[1m>[22m[39m[90m 4
2 |[39m     session[33m.[39m
fromPartition[33m.[39mmockRet
urnValue(mockSession)[33m;[39
m
     [90m    |[39m           
  [31m[1m^[22m[39m
     [90m 43 |[39m
     [90m 44 |[39m     [90m/
/ Get mocked electron from jest
.mock[39m
     [90m 45 |[39m     [36mc
onst[39m electron [33m=[39m 
require([32m'electron'[39m)[
33m;[39m[0m

      at Object.<anonymous> (sr
c/managers/__tests__/SessionMan
ager.test.js:42:13)

  鈼?SessionManager 鈥?浼氳瘽闅旂楠岃瘉 
鈥?搴旇楠岃瘉浼氳瘽闅旂鎬?
    TypeError: Cannot read prop
erties of undefined (reading 'f
romPartition')

    [0m [90m 40 |[39m     }
[33m;[39m
     [90m 41 |[39m
    [31m[1m>[22m[39m[90m 4
2 |[39m     session[33m.[39m
fromPartition[33m.[39mmockRet
urnValue(mockSession)[33m;[39
m
     [90m    |[39m           
  [31m[1m^[22m[39m
     [90m 43 |[39m
     [90m 44 |[39m     [90m/
/ Get mocked electron from jest
.mock[39m
     [90m 45 |[39m     [36mc
onst[39m electron [33m=[39m 
require([32m'electron'[39m)[
33m;[39m[0m

      at Object.<anonymous> (sr
c/managers/__tests__/SessionMan
ager.test.js:42:13)

  鈼?SessionManager 鈥?浼氳瘽闅旂楠岃瘉 
鈥?搴旇澶勭悊涓嶅瓨鍦ㄧ殑浼氳瘽

    TypeError: Cannot read prop
erties of undefined (reading 'f
romPartition')

    [0m [90m 40 |[39m     }
[33m;[39m
     [90m 41 |[39m
    [31m[1m>[22m[39m[90m 4
2 |[39m     session[33m.[39m
fromPartition[33m.[39mmockRet
urnValue(mockSession)[33m;[39
m
     [90m    |[39m           
  [31m[1m^[22m[39m
     [90m 43 |[39m
     [90m 44 |[39m     [90m/
/ Get mocked electron from jest
.mock[39m
     [90m 45 |[39m     [36mc
onst[39m electron [33m=[39m 
require([32m'electron'[39m)[
33m;[39m[0m

      at Object.<anonymous> (sr
c/managers/__tests__/SessionMan
ager.test.js:42:13)

  鈼?SessionManager 鈥?缂撳瓨绠＄悊 鈥?搴
旇娓呴櫎璐﹀彿鐨勬墍鏈夌紦瀛?
    TypeError: Cannot read prop
erties of undefined (reading 'f
romPartition')

    [0m [90m 40 |[39m     }
[33m;[39m
     [90m 41 |[39m
    [31m[1m>[22m[39m[90m 4
2 |[39m     session[33m.[39m
fromPartition[33m.[39mmockRet
urnValue(mockSession)[33m;[39
m
     [90m    |[39m           
  [31m[1m^[22m[39m
     [90m 43 |[39m
     [90m 44 |[39m     [90m/
/ Get mocked electron from jest
.mock[39m
     [90m 45 |[39m     [36mc
onst[39m electron [33m=[39m 
require([32m'electron'[39m)[
33m;[39m[0m

      at Object.<anonymous> (sr
c/managers/__tests__/SessionMan
ager.test.js:42:13)

  鈼?SessionManager 鈥?缂撳瓨绠＄悊 鈥?搴
旇娓呴櫎鐧诲綍鐘舵€佺紦瀛?
    TypeError: Cannot read prop
erties of undefined (reading 'f
romPartition')

    [0m [90m 40 |[39m     }
[33m;[39m
     [90m 41 |[39m
    [31m[1m>[22m[39m[90m 4
2 |[39m     session[33m.[39m
fromPartition[33m.[39mmockRet
urnValue(mockSession)[33m;[39
m
     [90m    |[39m           
  [31m[1m^[22m[39m
     [90m 43 |[39m
     [90m 44 |[39m     [90m/
/ Get mocked electron from jest
.mock[39m
     [90m 45 |[39m     [36mc
onst[39m electron [33m=[39m 
require([32m'electron'[39m)[
33m;[39m[0m

      at Object.<anonymous> (sr
c/managers/__tests__/SessionMan
ager.test.js:42:13)

  鈼?SessionManager 鈥?浼氳瘽鎸佷箙鍖?鈥?
搴旇閰嶇疆浼氳瘽鎸佷箙鍖?
    TypeError: Cannot read prop
erties of undefined (reading 'f
romPartition')

    [0m [90m 40 |[39m     }
[33m;[39m
     [90m 41 |[39m
    [31m[1m>[22m[39m[90m 4
2 |[39m     session[33m.[39m
fromPartition[33m.[39mmockRet
urnValue(mockSession)[33m;[39
m
     [90m    |[39m           
  [31m[1m^[22m[39m
     [90m 43 |[39m
     [90m 44 |[39m     [90m/
/ Get mocked electron from jest
.mock[39m
     [90m 45 |[39m     [36mc
onst[39m electron [33m=[39m 
require([32m'electron'[39m)[
33m;[39m[0m

      at Object.<anonymous> (sr
c/managers/__tests__/SessionMan
ager.test.js:42:13)

  鈼?SessionManager 鈥?浼氳瘽鎸佷箙鍖?鈥?
搴旇鑾峰彇浼氳瘽鎸佷箙鍖栫姸鎬?
    TypeError: Cannot read prop
erties of undefined (reading 'f
romPartition')

    [0m [90m 40 |[39m     }
[33m;[39m
     [90m 41 |[39m
    [31m[1m>[22m[39m[90m 4
2 |[39m     session[33m.[39m
fromPartition[33m.[39mmockRet
urnValue(mockSession)[33m;[39
m
     [90m    |[39m           
  [31m[1m^[22m[39m
     [90m 43 |[39m
     [90m 44 |[39m     [90m/
/ Get mocked electron from jest
.mock[39m
     [90m 45 |[39m     [36mc
onst[39m electron [33m=[39m 
require([32m'electron'[39m)[
33m;[39m[0m

      at Object.<anonymous> (sr
c/managers/__tests__/SessionMan
ager.test.js:42:13)

  鈼?SessionManager 鈥?鐢ㄦ埛鏁版嵁鐩綍 
鈥?搴旇杩斿洖姝ｇ‘鐨勭敤鎴锋暟鎹洰褰曡矾寰?
    TypeError: Cannot read prop
erties of undefined (reading 'f
romPartition')

    [0m [90m 40 |[39m     }
[33m;[39m
     [90m 41 |[39m
    [31m[1m>[22m[39m[90m 4
2 |[39m     session[33m.[39m
fromPartition[33m.[39mmockRet
urnValue(mockSession)[33m;[39
m
     [90m    |[39m           
  [31m[1m^[22m[39m
     [90m 43 |[39m
     [90m 44 |[39m     [90m/
/ Get mocked electron from jest
.mock[39m
     [90m 45 |[39m     [36mc
onst[39m electron [33m=[39m 
require([32m'electron'[39m)[
33m;[39m[0m

      at Object.<anonymous> (sr
c/managers/__tests__/SessionMan
ager.test.js:42:13)

  鈼?SessionManager 鈥?鐢ㄦ埛鏁版嵁鐩綍 
鈥?搴旇鍒犻櫎鐢ㄦ埛鏁版嵁鐩綍

    TypeError: Cannot read prop
erties of undefined (reading 'f
romPartition')

    [0m [90m 40 |[39m     }
[33m;[39m
     [90m 41 |[39m
    [31m[1m>[22m[39m[90m 4
2 |[39m     session[33m.[39m
fromPartition[33m.[39mmockRet
urnValue(mockSession)[33m;[39
m
     [90m    |[39m           
  [31m[1m^[22m[39m
     [90m 43 |[39m
     [90m 44 |[39m     [90m/
/ Get mocked electron from jest
.mock[39m
     [90m 45 |[39m     [36mc
onst[39m electron [33m=[39m 
require([32m'electron'[39m)[
33m;[39m[0m

      at Object.<anonymous> (sr
c/managers/__tests__/SessionMan
ager.test.js:42:13)

FAIL src/single-window/__tests_
_/StatePersistence.test.js
  鈼?State Persistence 鈥?Active 
Account ID Persistence 鈥?should
 save active account ID when sh
owing view

    TypeError: BrowserView is n
ot a constructor

    [0m [90m 389 |[39m
     [90m 390 |[39m       [9
0m// Create BrowserView with is
olated session[39m
    [31m[1m>[22m[39m[90m 3
91 |[39m       [36mconst[39m
 view [33m=[39m [36mnew[39m
 [33mBrowserView[39m({
     [90m     |[39m          
          [31m[1m^[22m[39m
     [90m 392 |[39m         w
ebPreferences[33m:[39m {
     [90m 393 |[39m          
 nodeIntegration[33m:[39m [3
6mfalse[39m[33m,[39m
     [90m 394 |[39m          
 contextIsolation[33m:[39m [
36mtrue[39m[33m,[39m[0m

      at ViewManager.createView
 (src/single-window/ViewManager
.js:391:20)
      at Object.<anonymous> (sr
c/single-window/__tests__/State
Persistence.test.js:77:7)

  鈼?State Persistence 鈥?Active 
Account ID Persistence 鈥?should
 clear active account ID when h
iding active view

    TypeError: BrowserView is n
ot a constructor

    [0m [90m 389 |[39m
     [90m 390 |[39m       [9
0m// Create BrowserView with is
olated session[39m
    [31m[1m>[22m[39m[90m 3
91 |[39m       [36mconst[39m
 view [33m=[39m [36mnew[39m
 [33mBrowserView[39m({
     [90m     |[39m          
          [31m[1m^[22m[39m
     [90m 392 |[39m         w
ebPreferences[33m:[39m {
     [90m 393 |[39m          
 nodeIntegration[33m:[39m [3
6mfalse[39m[33m,[39m
     [90m 394 |[39m          
 contextIsolation[33m:[39m [
36mtrue[39m[33m,[39m[0m

      at ViewManager.createView
 (src/single-window/ViewManager
.js:391:20)
      at Object.<anonymous> (sr
c/single-window/__tests__/State
Persistence.test.js:102:7)

  鈼?State Persistence 鈥?Active 
Account Restoration 鈥?should re
store active account if it exis
ts

    expect(received).toBe(expec
ted) // Object.is equality

    Expected: true
    Received: false

    [0m [90m 154 |[39m      
 [36mconst[39m result [33m=
[39m [36mawait[39m viewManage
r[33m.[39mrestoreActiveAccoun
t([[32m'account-1'[39m[33m,
[39m [32m'account-2'[39m])[3
3m;[39m
     [90m 155 |[39m
    [31m[1m>[22m[39m[90m 1
56 |[39m       expect(result[
33m.[39msuccess)[33m.[39mtoB
e([36mtrue[39m)[33m;[39m
     [90m     |[39m          
                    [31m[1m^
[22m[39m
     [90m 157 |[39m       exp
ect(result[33m.[39maccountId)
[33m.[39mtoBe([32m'account-1
'[39m)[33m;[39m
     [90m 158 |[39m     })[3
3m;[39m
     [90m 159 |[39m[0m

      at Object.<anonymous> (sr
c/single-window/__tests__/State
Persistence.test.js:156:30)

  鈼?State Persistence 鈥?Error H
andling 鈥?should handle state s
tore errors gracefully when sav
ing

    TypeError: BrowserView is n
ot a constructor

    [0m [90m 389 |[39m
     [90m 390 |[39m       [9
0m// Create BrowserView with is
olated session[39m
    [31m[1m>[22m[39m[90m 3
91 |[39m       [36mconst[39m
 view [33m=[39m [36mnew[39m
 [33mBrowserView[39m({
     [90m     |[39m          
          [31m[1m^[22m[39m
     [90m 392 |[39m         w
ebPreferences[33m:[39m {
     [90m 393 |[39m          
 nodeIntegration[33m:[39m [3
6mfalse[39m[33m,[39m
     [90m 394 |[39m          
 contextIsolation[33m:[39m [
36mtrue[39m[33m,[39m[0m

      at ViewManager.createView
 (src/single-window/ViewManager
.js:391:20)
      at Object.<anonymous> (sr
c/single-window/__tests__/State
Persistence.test.js:242:7)

FAIL src/managers/__tests__/Tra
nslationIntegration.test.js
  鈼?TranslationIntegration 鈥?鍒濆
鍖?鈥?搴旇鎴愬姛鍒濆鍖栧苟鍔犺浇鑴氭湰

    TypeError: fs.readFile.mock
Implementation is not a functio
n

    [0m [90m 35 |[39m
     [90m 36 |[39m     [90m/
/ Mock 鑴氭湰鏂囦欢璇诲彇[39m
    [31m[1m>[22m[39m[90m 3
7 |[39m     fs[33m.[39mreadF
ile[33m.[39mmockImplementatio
n((filePath) [33m=>[39m {
     [90m    |[39m           
      [31m[1m^[22m[39m
     [90m 38 |[39m       [36
mif[39m (filePath[33m.[39min
cludes([32m'contentScriptWithO
ptimizer.js'[39m)) {
     [90m 39 |[39m         [
36mreturn[39m [33mPromise[39
m[33m.[39mresolve([32m'// Op
timizer script'[39m)[33m;[39
m
     [90m 40 |[39m       }[0
m

      at Object.<anonymous> (sr
c/managers/__tests__/Translatio
nIntegration.test.js:37:17)

  鈼?TranslationIntegration 鈥?鍒濆
鍖?鈥?搴旇澶勭悊鑴氭湰鍔犺浇澶辫触

    TypeError: fs.readFile.mock
Implementation is not a functio
n

    [0m [90m 35 |[39m
     [90m 36 |[39m     [90m/
/ Mock 鑴氭湰鏂囦欢璇诲彇[39m
    [31m[1m>[22m[39m[90m 3
7 |[39m     fs[33m.[39mreadF
ile[33m.[39mmockImplementatio
n((filePath) [33m=>[39m {
     [90m    |[39m           
      [31m[1m^[22m[39m
     [90m 38 |[39m       [36
mif[39m (filePath[33m.[39min
cludes([32m'contentScriptWithO
ptimizer.js'[39m)) {
     [90m 39 |[39m         [
36mreturn[39m [33mPromise[39
m[33m.[39mresolve([32m'// Op
timizer script'[39m)[33m;[39
m
     [90m 40 |[39m       }[0
m

      at Object.<anonymous> (sr
c/managers/__tests__/Translatio
nIntegration.test.js:37:17)

  鈼?TranslationIntegration 鈥?鑴氭
湰娉ㄥ叆 鈥?搴旇鎴愬姛娉ㄥ叆缈昏瘧鑴氭湰

    TypeError: fs.readFile.mock
Implementation is not a functio
n

    [0m [90m 35 |[39m
     [90m 36 |[39m     [90m/
/ Mock 鑴氭湰鏂囦欢璇诲彇[39m
    [31m[1m>[22m[39m[90m 3
7 |[39m     fs[33m.[39mreadF
ile[33m.[39mmockImplementatio
n((filePath) [33m=>[39m {
     [90m    |[39m           
      [31m[1m^[22m[39m
     [90m 38 |[39m       [36
mif[39m (filePath[33m.[39min
cludes([32m'contentScriptWithO
ptimizer.js'[39m)) {
     [90m 39 |[39m         [
36mreturn[39m [33mPromise[39
m[33m.[39mresolve([32m'// Op
timizer script'[39m)[33m;[39
m
     [90m 40 |[39m       }[0
m

      at Object.<anonymous> (sr
c/managers/__tests__/Translatio
nIntegration.test.js:37:17)

  鈼?TranslationIntegration 鈥?鑴氭
湰娉ㄥ叆 鈥?搴旇鍦ㄩ〉闈㈠凡鍔犺浇鏃剁珛鍗虫敞鍏?
    TypeError: fs.readFile.mock
Implementation is not a functio
n

    [0m [90m 35 |[39m
     [90m 36 |[39m     [90m/
/ Mock 鑴氭湰鏂囦欢璇诲彇[39m
    [31m[1m>[22m[39m[90m 3
7 |[39m     fs[33m.[39mreadF
ile[33m.[39mmockImplementatio
n((filePath) [33m=>[39m {
     [90m    |[39m           
      [31m[1m^[22m[39m
     [90m 38 |[39m       [36
mif[39m (filePath[33m.[39min
cludes([32m'contentScriptWithO
ptimizer.js'[39m)) {
     [90m 39 |[39m         [
36mreturn[39m [33mPromise[39
m[33m.[39mresolve([32m'// Op
timizer script'[39m)[33m;[39
m
     [90m 40 |[39m       }[0
m

      at Object.<anonymous> (sr
c/managers/__tests__/Translatio
nIntegration.test.js:37:17)

  鈼?TranslationIntegration 鈥?鑴氭
湰娉ㄥ叆 鈥?搴旇娉ㄥ叆 ACCOUNT_ID

    TypeError: fs.readFile.mock
Implementation is not a functio
n

    [0m [90m 35 |[39m
     [90m 36 |[39m     [90m/
/ Mock 鑴氭湰鏂囦欢璇诲彇[39m
    [31m[1m>[22m[39m[90m 3
7 |[39m     fs[33m.[39mreadF
ile[33m.[39mmockImplementatio
n((filePath) [33m=>[39m {
     [90m    |[39m           
      [31m[1m^[22m[39m
     [90m 38 |[39m       [36
mif[39m (filePath[33m.[39min
cludes([32m'contentScriptWithO
ptimizer.js'[39m)) {
     [90m 39 |[39m         [
36mreturn[39m [33mPromise[39
m[33m.[39mresolve([32m'// Op
timizer script'[39m)[33m;[39
m
     [90m 40 |[39m       }[0
m

      at Object.<anonymous> (sr
c/managers/__tests__/Translatio
nIntegration.test.js:37:17)

  鈼?TranslationIntegration 鈥?鑴氭
湰娉ㄥ叆 鈥?搴旇澶勭悊鏃犳晥鐨?webContents

    TypeError: fs.readFile.mock
Implementation is not a functio
n

    [0m [90m 35 |[39m
     [90m 36 |[39m     [90m/
/ Mock 鑴氭湰鏂囦欢璇诲彇[39m
    [31m[1m>[22m[39m[90m 3
7 |[39m     fs[33m.[39mreadF
ile[33m.[39mmockImplementatio
n((filePath) [33m=>[39m {
     [90m    |[39m           
      [31m[1m^[22m[39m
     [90m 38 |[39m       [36
mif[39m (filePath[33m.[39min
cludes([32m'contentScriptWithO
ptimizer.js'[39m)) {
     [90m 39 |[39m         [
36mreturn[39m [33mPromise[39
m[33m.[39mresolve([32m'// Op
timizer script'[39m)[33m;[39
m
     [90m 40 |[39m       }[0
m

      at Object.<anonymous> (sr
c/managers/__tests__/Translatio
nIntegration.test.js:37:17)

  鈼?TranslationIntegration 鈥?鑴氭
湰娉ㄥ叆 鈥?搴旇瀛樺偍缈昏瘧閰嶇疆

    TypeError: fs.readFile.mock
Implementation is not a functio
n

    [0m [90m 35 |[39m
     [90m 36 |[39m     [90m/
/ Mock 鑴氭湰鏂囦欢璇诲彇[39m
    [31m[1m>[22m[39m[90m 3
7 |[39m     fs[33m.[39mreadF
ile[33m.[39mmockImplementatio
n((filePath) [33m=>[39m {
     [90m    |[39m           
      [31m[1m^[22m[39m
     [90m 38 |[39m       [36
mif[39m (filePath[33m.[39min
cludes([32m'contentScriptWithO
ptimizer.js'[39m)) {
     [90m 39 |[39m         [
36mreturn[39m [33mPromise[39
m[33m.[39mresolve([32m'// Op
timizer script'[39m)[33m;[39
m
     [90m 40 |[39m       }[0
m

      at Object.<anonymous> (sr
c/managers/__tests__/Translatio
nIntegration.test.js:37:17)

  鈼?TranslationIntegration 鈥?缈昏
瘧閰嶇疆绠＄悊 鈥?搴旇鎴愬姛閰嶇疆缈昏瘧

    TypeError: fs.readFile.mock
Implementation is not a functio
n

    [0m [90m 35 |[39m
     [90m 36 |[39m     [90m/
/ Mock 鑴氭湰鏂囦欢璇诲彇[39m
    [31m[1m>[22m[39m[90m 3
7 |[39m     fs[33m.[39mreadF
ile[33m.[39mmockImplementatio
n((filePath) [33m=>[39m {
     [90m    |[39m           
      [31m[1m^[22m[39m
     [90m 38 |[39m       [36
mif[39m (filePath[33m.[39min
cludes([32m'contentScriptWithO
ptimizer.js'[39m)) {
     [90m 39 |[39m         [
36mreturn[39m [33mPromise[39
m[33m.[39mresolve([32m'// Op
timizer script'[39m)[33m;[39
m
     [90m 40 |[39m       }[0
m

      at Object.<anonymous> (sr
c/managers/__tests__/Translatio
nIntegration.test.js:37:17)

  鈼?TranslationIntegration 鈥?缈昏
瘧閰嶇疆绠＄悊 鈥?搴旇瀛樺偍缈昏瘧閰嶇疆

    TypeError: fs.readFile.mock
Implementation is not a functio
n

    [0m [90m 35 |[39m
     [90m 36 |[39m     [90m/
/ Mock 鑴氭湰鏂囦欢璇诲彇[39m
    [31m[1m>[22m[39m[90m 3
7 |[39m     fs[33m.[39mreadF
ile[33m.[39mmockImplementatio
n((filePath) [33m=>[39m {
     [90m    |[39m           
      [31m[1m^[22m[39m
     [90m 38 |[39m       [36
mif[39m (filePath[33m.[39min
cludes([32m'contentScriptWithO
ptimizer.js'[39m)) {
     [90m 39 |[39m         [
36mreturn[39m [33mPromise[39
m[33m.[39mresolve([32m'// Op
timizer script'[39m)[33m;[39
m
     [90m 40 |[39m       }[0
m

      at Object.<anonymous> (sr
c/managers/__tests__/Translatio
nIntegration.test.js:37:17)

  鈼?TranslationIntegration 鈥?缈昏
瘧閰嶇疆绠＄悊 鈥?搴旇鏇存柊缈昏瘧閰嶇疆

    TypeError: fs.readFile.mock
Implementation is not a functio
n

    [0m [90m 35 |[39m
     [90m 36 |[39m     [90m/
/ Mock 鑴氭湰鏂囦欢璇诲彇[39m
    [31m[1m>[22m[39m[90m 3
7 |[39m     fs[33m.[39mreadF
ile[33m.[39mmockImplementatio
n((filePath) [33m=>[39m {
     [90m    |[39m           
      [31m[1m^[22m[39m
     [90m 38 |[39m       [36
mif[39m (filePath[33m.[39min
cludes([32m'contentScriptWithO
ptimizer.js'[39m)) {
     [90m 39 |[39m         [
36mreturn[39m [33mPromise[39
m[33m.[39mresolve([32m'// Op
timizer script'[39m)[33m;[39
m
     [90m 40 |[39m       }[0
m

      at Object.<anonymous> (sr
c/managers/__tests__/Translatio
nIntegration.test.js:37:17)

  鈼?TranslationIntegration 鈥?缈昏
瘧閰嶇疆绠＄悊 鈥?搴旇澶勭悊涓嶅瓨鍦ㄧ殑閰嶇疆鏇存柊

    TypeError: fs.readFile.mock
Implementation is not a functio
n

    [0m [90m 35 |[39m
     [90m 36 |[39m     [90m/
/ Mock 鑴氭湰鏂囦欢璇诲彇[39m
    [31m[1m>[22m[39m[90m 3
7 |[39m     fs[33m.[39mreadF
ile[33m.[39mmockImplementatio
n((filePath) [33m=>[39m {
     [90m    |[39m           
      [31m[1m^[22m[39m
     [90m 38 |[39m       [36
mif[39m (filePath[33m.[39min
cludes([32m'contentScriptWithO
ptimizer.js'[39m)) {
     [90m 39 |[39m         [
36mreturn[39m [33mPromise[39
m[33m.[39mresolve([32m'// Op
timizer script'[39m)[33m;[39
m
     [90m 40 |[39m       }[0
m

      at Object.<anonymous> (sr
c/managers/__tests__/Translatio
nIntegration.test.js:37:17)

  鈼?TranslationIntegration 鈥?缈昏
瘧鐘舵€佺鐞?鈥?搴旇鑾峰彇缈昏瘧鐘舵€?
    TypeError: fs.readFile.mock
Implementation is not a functio
n

    [0m [90m 35 |[39m
     [90m 36 |[39m     [90m/
/ Mock 鑴氭湰鏂囦欢璇诲彇[39m
    [31m[1m>[22m[39m[90m 3
7 |[39m     fs[33m.[39mreadF
ile[33m.[39mmockImplementatio
n((filePath) [33m=>[39m {
     [90m    |[39m           
      [31m[1m^[22m[39m
     [90m 38 |[39m       [36
mif[39m (filePath[33m.[39min
cludes([32m'contentScriptWithO
ptimizer.js'[39m)) {
     [90m 39 |[39m         [
36mreturn[39m [33mPromise[39
m[33m.[39mresolve([32m'// Op
timizer script'[39m)[33m;[39
m
     [90m 40 |[39m       }[0
m

      at Object.<anonymous> (sr
c/managers/__tests__/Translatio
nIntegration.test.js:37:17)

  鈼?TranslationIntegration 鈥?缈昏
瘧鐘舵€佺鐞?鈥?搴旇妫€鏌ユ槸鍚﹀凡娉ㄥ叆

    TypeError: fs.readFile.mock
Implementation is not a functio
n

    [0m [90m 35 |[39m
     [90m 36 |[39m     [90m/
/ Mock 鑴氭湰鏂囦欢璇诲彇[39m
    [31m[1m>[22m[39m[90m 3
7 |[39m     fs[33m.[39mreadF
ile[33m.[39mmockImplementatio
n((filePath) [33m=>[39m {
     [90m    |[39m           
      [31m[1m^[22m[39m
     [90m 38 |[39m       [36
mif[39m (filePath[33m.[39min
cludes([32m'contentScriptWithO
ptimizer.js'[39m)) {
     [90m 39 |[39m         [
36mreturn[39m [33mPromise[39
m[33m.[39mresolve([32m'// Op
timizer script'[39m)[33m;[39
m
     [90m 40 |[39m       }[0
m

      at Object.<anonymous> (sr
c/managers/__tests__/Translatio
nIntegration.test.js:37:17)

  鈼?TranslationIntegration 鈥?缈昏
瘧鐘舵€佺鐞?鈥?搴旇鑾峰彇鎵€鏈夌炕璇戦厤缃?
    TypeError: fs.readFile.mock
Implementation is not a functio
n

    [0m [90m 35 |[39m
     [90m 36 |[39m     [90m/
/ Mock 鑴氭湰鏂囦欢璇诲彇[39m
    [31m[1m>[22m[39m[90m 3
7 |[39m     fs[33m.[39mreadF
ile[33m.[39mmockImplementatio
n((filePath) [33m=>[39m {
     [90m    |[39m           
      [31m[1m^[22m[39m
     [90m 38 |[39m       [36
mif[39m (filePath[33m.[39min
cludes([32m'contentScriptWithO
ptimizer.js'[39m)) {
     [90m 39 |[39m         [
36mreturn[39m [33mPromise[39
m[33m.[39mresolve([32m'// Op
timizer script'[39m)[33m;[39
m
     [90m 40 |[39m       }[0
m

      at Object.<anonymous> (sr
c/managers/__tests__/Translatio
nIntegration.test.js:37:17)

  鈼?TranslationIntegration 鈥?缈昏
瘧鐘舵€佺鐞?鈥?搴旇鑾峰彇鎵€鏈夌炕璇戠姸鎬?
    TypeError: fs.readFile.mock
Implementation is not a functio
n

    [0m [90m 35 |[39m
     [90m 36 |[39m     [90m/
/ Mock 鑴氭湰鏂囦欢璇诲彇[39m
    [31m[1m>[22m[39m[90m 3
7 |[39m     fs[33m.[39mreadF
ile[33m.[39mmockImplementatio
n((filePath) [33m=>[39m {
     [90m    |[39m           
      [31m[1m^[22m[39m
     [90m 38 |[39m       [36
mif[39m (filePath[33m.[39min
cludes([32m'contentScriptWithO
ptimizer.js'[39m)) {
     [90m 39 |[39m         [
36mreturn[39m [33mPromise[39
m[33m.[39mresolve([32m'// Op
timizer script'[39m)[33m;[39
m
     [90m 40 |[39m       }[0
m

      at Object.<anonymous> (sr
c/managers/__tests__/Translatio
nIntegration.test.js:37:17)

  鈼?TranslationIntegration 鈥?缂撳
瓨绠＄悊 鈥?搴旇娓呴櫎缈昏瘧缂撳瓨

    TypeError: fs.readFile.mock
Implementation is not a functio
n

    [0m [90m 35 |[39m
     [90m 36 |[39m     [90m/
/ Mock 鑴氭湰鏂囦欢璇诲彇[39m
    [31m[1m>[22m[39m[90m 3
7 |[39m     fs[33m.[39mreadF
ile[33m.[39mmockImplementatio
n((filePath) [33m=>[39m {
     [90m    |[39m           
      [31m[1m^[22m[39m
     [90m 38 |[39m       [36
mif[39m (filePath[33m.[39min
cludes([32m'contentScriptWithO
ptimizer.js'[39m)) {
     [90m 39 |[39m         [
36mreturn[39m [33mPromise[39
m[33m.[39mresolve([32m'// Op
timizer script'[39m)[33m;[39
m
     [90m 40 |[39m       }[0
m

      at Object.<anonymous> (sr
c/managers/__tests__/Translatio
nIntegration.test.js:37:17)

  鈼?TranslationIntegration 鈥?缂撳
瓨绠＄悊 鈥?搴旇澶勭悊鏃犳晥鐨?webContents

    TypeError: fs.readFile.mock
Implementation is not a functio
n

    [0m [90m 35 |[39m
     [90m 36 |[39m     [90m/
/ Mock 鑴氭湰鏂囦欢璇诲彇[39m
    [31m[1m>[22m[39m[90m 3
7 |[39m     fs[33m.[39mreadF
ile[33m.[39mmockImplementatio
n((filePath) [33m=>[39m {
     [90m    |[39m           
      [31m[1m^[22m[39m
     [90m 38 |[39m       [36
mif[39m (filePath[33m.[39min
cludes([32m'contentScriptWithO
ptimizer.js'[39m)) {
     [90m 39 |[39m         [
36mreturn[39m [33mPromise[39
m[33m.[39mresolve([32m'// Op
timizer script'[39m)[33m;[39
m
     [90m 40 |[39m       }[0
m

      at Object.<anonymous> (sr
c/managers/__tests__/Translatio
nIntegration.test.js:37:17)

  鈼?TranslationIntegration 鈥?璐﹀
彿绠＄悊 鈥?搴旇绉婚櫎璐﹀彿鏁版嵁

    TypeError: fs.readFile.mock
Implementation is not a functio
n

    [0m [90m 35 |[39m
     [90m 36 |[39m     [90m/
/ Mock 鑴氭湰鏂囦欢璇诲彇[39m
    [31m[1m>[22m[39m[90m 3
7 |[39m     fs[33m.[39mreadF
ile[33m.[39mmockImplementatio
n((filePath) [33m=>[39m {
     [90m    |[39m           
      [31m[1m^[22m[39m
     [90m 38 |[39m       [36
mif[39m (filePath[33m.[39min
cludes([32m'contentScriptWithO
ptimizer.js'[39m)) {
     [90m 39 |[39m         [
36mreturn[39m [33mPromise[39
m[33m.[39mresolve([32m'// Op
timizer script'[39m)[33m;[39
m
     [90m 40 |[39m       }[0
m

      at Object.<anonymous> (sr
c/managers/__tests__/Translatio
nIntegration.test.js:37:17)

  鈼?TranslationIntegration 鈥?璐﹀
彿绠＄悊 鈥?搴旇鏀寔 removeInstance 鍒
悕

    TypeError: fs.readFile.mock
Implementation is not a functio
n

    [0m [90m 35 |[39m
     [90m 36 |[39m     [90m/
/ Mock 鑴氭湰鏂囦欢璇诲彇[39m
    [31m[1m>[22m[39m[90m 3
7 |[39m     fs[33m.[39mreadF
ile[33m.[39mmockImplementatio
n((filePath) [33m=>[39m {
     [90m    |[39m           
      [31m[1m^[22m[39m
     [90m 38 |[39m       [36
mif[39m (filePath[33m.[39min
cludes([32m'contentScriptWithO
ptimizer.js'[39m)) {
     [90m 39 |[39m         [
36mreturn[39m [33mPromise[39
m[33m.[39mresolve([32m'// Op
timizer script'[39m)[33m;[39
m
     [90m 40 |[39m       }[0
m

      at Object.<anonymous> (sr
c/managers/__tests__/Translatio
nIntegration.test.js:37:17)

  鈼?TranslationIntegration 鈥?鎵归
噺鎿嶄綔 鈥?搴旇涓烘墍鏈夎处鍙峰簲鐢ㄩ厤缃?
    TypeError: fs.readFile.mock
Implementation is not a functio
n

    [0m [90m 35 |[39m
     [90m 36 |[39m     [90m/
/ Mock 鑴氭湰鏂囦欢璇诲彇[39m
    [31m[1m>[22m[39m[90m 3
7 |[39m     fs[33m.[39mreadF
ile[33m.[39mmockImplementatio
n((filePath) [33m=>[39m {
     [90m    |[39m           
      [31m[1m^[22m[39m
     [90m 38 |[39m       [36
mif[39m (filePath[33m.[39min
cludes([32m'contentScriptWithO
ptimizer.js'[39m)) {
     [90m 39 |[39m         [
36mreturn[39m [33mPromise[39
m[33m.[39mresolve([32m'// Op
timizer script'[39m)[33m;[39
m
     [90m 40 |[39m       }[0
m

      at Object.<anonymous> (sr
c/managers/__tests__/Translatio
nIntegration.test.js:37:17)

  鈼?TranslationIntegration 鈥?鎵归
噺鎿嶄綔 鈥?搴旇澶勭悊閮ㄥ垎澶辫触

    TypeError: fs.readFile.mock
Implementation is not a functio
n

    [0m [90m 35 |[39m
     [90m 36 |[39m     [90m/
/ Mock 鑴氭湰鏂囦欢璇诲彇[39m
    [31m[1m>[22m[39m[90m 3
7 |[39m     fs[33m.[39mreadF
ile[33m.[39mmockImplementatio
n((filePath) [33m=>[39m {
     [90m    |[39m           
      [31m[1m^[22m[39m
     [90m 38 |[39m       [36
mif[39m (filePath[33m.[39min
cludes([32m'contentScriptWithO
ptimizer.js'[39m)) {
     [90m 39 |[39m         [
36mreturn[39m [33mPromise[39
m[33m.[39mresolve([32m'// Op
timizer script'[39m)[33m;[39
m
     [90m 40 |[39m       }[0
m

      at Object.<anonymous> (sr
c/managers/__tests__/Translatio
nIntegration.test.js:37:17)

  鈼?TranslationIntegration 鈥?鎬ц
兘缁熻 鈥?搴旇鑾峰彇鎬ц兘缁熻

    TypeError: fs.readFile.mock
Implementation is not a functio
n

    [0m [90m 35 |[39m
     [90m 36 |[39m     [90m/
/ Mock 鑴氭湰鏂囦欢璇诲彇[39m
    [31m[1m>[22m[39m[90m 3
7 |[39m     fs[33m.[39mreadF
ile[33m.[39mmockImplementatio
n((filePath) [33m=>[39m {
     [90m    |[39m           
      [31m[1m^[22m[39m
     [90m 38 |[39m       [36
mif[39m (filePath[33m.[39min
cludes([32m'contentScriptWithO
ptimizer.js'[39m)) {
     [90m 39 |[39m         [
36mreturn[39m [33mPromise[39
m[33m.[39mresolve([32m'// Op
timizer script'[39m)[33m;[39
m
     [90m 40 |[39m       }[0
m

      at Object.<anonymous> (sr
c/managers/__tests__/Translatio
nIntegration.test.js:37:17)

  鈼?TranslationIntegration 鈥?鎬ц
兘缁熻 鈥?搴旇澶勭悊涓嶅彲鐢ㄧ殑鎬ц兘缁熻

    TypeError: fs.readFile.mock
Implementation is not a functio
n

    [0m [90m 35 |[39m
     [90m 36 |[39m     [90m/
/ Mock 鑴氭湰鏂囦欢璇诲彇[39m
    [31m[1m>[22m[39m[90m 3
7 |[39m     fs[33m.[39mreadF
ile[33m.[39mmockImplementatio
n((filePath) [33m=>[39m {
     [90m    |[39m           
      [31m[1m^[22m[39m
     [90m 38 |[39m       [36
mif[39m (filePath[33m.[39min
cludes([32m'contentScriptWithO
ptimizer.js'[39m)) {
     [90m 39 |[39m         [
36mreturn[39m [33mPromise[39
m[33m.[39mresolve([32m'// Op
timizer script'[39m)[33m;[39
m
     [90m 40 |[39m       }[0
m

      at Object.<anonymous> (sr
c/managers/__tests__/Translatio
nIntegration.test.js:37:17)

  鈼?TranslationIntegration 鈥?鑴氭
湰閲嶆柊鍔犺浇 鈥?搴旇閲嶆柊鍔犺浇鑴氭湰

    TypeError: fs.readFile.mock
Implementation is not a functio
n

    [0m [90m 35 |[39m
     [90m 36 |[39m     [90m/
/ Mock 鑴氭湰鏂囦欢璇诲彇[39m
    [31m[1m>[22m[39m[90m 3
7 |[39m     fs[33m.[39mreadF
ile[33m.[39mmockImplementatio
n((filePath) [33m=>[39m {
     [90m    |[39m           
      [31m[1m^[22m[39m
     [90m 38 |[39m       [36
mif[39m (filePath[33m.[39min
cludes([32m'contentScriptWithO
ptimizer.js'[39m)) {
     [90m 39 |[39m         [
36mreturn[39m [33mPromise[39
m[33m.[39mresolve([32m'// Op
timizer script'[39m)[33m;[39
m
     [90m 40 |[39m       }[0
m

      at Object.<anonymous> (sr
c/managers/__tests__/Translatio
nIntegration.test.js:37:17)

  鈼?TranslationIntegration 鈥?鑴氭
湰閲嶆柊鍔犺浇 鈥?搴旇澶勭悊閲嶆柊鍔犺浇澶辫触

    TypeError: fs.readFile.mock
Implementation is not a functio
n

    [0m [90m 35 |[39m
     [90m 36 |[39m     [90m/
/ Mock 鑴氭湰鏂囦欢璇诲彇[39m
    [31m[1m>[22m[39m[90m 3
7 |[39m     fs[33m.[39mreadF
ile[33m.[39mmockImplementatio
n((filePath) [33m=>[39m {
     [90m    |[39m           
      [31m[1m^[22m[39m
     [90m 38 |[39m       [36
mif[39m (filePath[33m.[39min
cludes([32m'contentScriptWithO
ptimizer.js'[39m)) {
     [90m 39 |[39m         [
36mreturn[39m [33mPromise[39
m[33m.[39mresolve([32m'// Op
timizer script'[39m)[33m;[39
m
     [90m 40 |[39m       }[0
m

      at Object.<anonymous> (sr
c/managers/__tests__/Translatio
nIntegration.test.js:37:17)

  鈼?TranslationIntegration 鈥?娓呯
悊 鈥?搴旇娓呯悊鎵€鏈夎祫婧?
    TypeError: fs.readFile.mock
Implementation is not a functio
n

    [0m [90m 35 |[39m
     [90m 36 |[39m     [90m/
/ Mock 鑴氭湰鏂囦欢璇诲彇[39m
    [31m[1m>[22m[39m[90m 3
7 |[39m     fs[33m.[39mreadF
ile[33m.[39mmockImplementatio
n((filePath) [33m=>[39m {
     [90m    |[39m           
      [31m[1m^[22m[39m
     [90m 38 |[39m       [36
mif[39m (filePath[33m.[39min
cludes([32m'contentScriptWithO
ptimizer.js'[39m)) {
     [90m 39 |[39m         [
36mreturn[39m [33mPromise[39
m[33m.[39mresolve([32m'// Op
timizer script'[39m)[33m;[39
m
     [90m 40 |[39m       }[0
m

      at Object.<anonymous> (sr
c/managers/__tests__/Translatio
nIntegration.test.js:37:17)

FAIL src/infrastructure/proxy/_
_tests__/ProxyHealthMonitor.tes
t.js
  鈼?ProxyHealthMonitor 鈥?checkH
ealth 鈥?should handle health ch
eck failure

    expect(received).toBe(expec
ted) // Object.is equality

    Expected: 1
    Received: 2

    [0m [90m 217 |[39m      
 expect(result[33m.[39mhealth
y)[33m.[39mtoBe([36mfalse[3
9m)[33m;[39m
     [90m 218 |[39m       exp
ect(result[33m.[39merror)[33
m.[39mtoBe([32m'Connection ti
meout'[39m)[33m;[39m
    [31m[1m>[22m[39m[90m 2
19 |[39m       expect(result[
33m.[39mconsecutiveFailures)[
33m.[39mtoBe([35m1[39m)[33m
;[39m
     [90m     |[39m          
                               
 [31m[1m^[22m[39m
     [90m 220 |[39m     })[3
3m;[39m
     [90m 221 |[39m   })[33m
;[39m
     [90m 222 |[39m[0m

      at Object.<anonymous> (sr
c/infrastructure/proxy/__tests_
_/ProxyHealthMonitor.test.js:21
9:42)

  鈼?ProxyHealthMonitor 鈥?getHea
lthStatus 鈥?should return unhea
lthy after consecutive failures

    expect(received).toBe(expec
ted) // Object.is equality

    Expected: 3
    Received: 4

    [0m [90m 292 |[39m      
 
     [90m 293 |[39m       exp
ect(status[33m.[39mstatus)[3
3m.[39mtoBe([33mProxyHealthMo
nitor[39m[33m.[39m[33mHealt
hStatus[39m[33m.[39m[33mUNH
EALTHY[39m)[33m;[39m
    [31m[1m>[22m[39m[90m 2
94 |[39m       expect(status[
33m.[39mdetails[33m.[39mcons
ecutiveFailures)[33m.[39mtoBe
([35m3[39m)[33m;[39m
     [90m     |[39m          
                               
         [31m[1m^[22m[39m
     [90m 295 |[39m     })[3
3m;[39m
     [90m 296 |[39m   })[33m
;[39m
     [90m 297 |[39m[0m

      at Object.<anonymous> (sr
c/infrastructure/proxy/__tests_
_/ProxyHealthMonitor.test.js:29
4:50)

  鈼?ProxyHealthMonitor 鈥?resetF
ailureCounter 鈥?should reset fa
ilure counter

    expect(received).toBe(expec
ted) // Object.is equality

    Expected: 2
    Received: 3

    [0m [90m 470 |[39m      
 
     [90m 471 |[39m       [3
6mlet[39m status [33m=[39m m
onitor[33m.[39mgetHealthStatu
s([32m'account-1'[39m)[33m;
[39m
    [31m[1m>[22m[39m[90m 4
72 |[39m       expect(status[
33m.[39mdetails[33m.[39mcons
ecutiveFailures)[33m.[39mtoBe
([35m2[39m)[33m;[39m
     [90m     |[39m          
                               
         [31m[1m^[22m[39m
     [90m 473 |[39m       
     [90m 474 |[39m       [9
0m// Reset counter[39m
     [90m 475 |[39m       mon
itor[33m.[39mresetFailureCoun
ter([32m'account-1'[39m)[33m
;[39m[0m

      at Object.<anonymous> (sr
c/infrastructure/proxy/__tests_
_/ProxyHealthMonitor.test.js:47
2:50)

FAIL src/utils/__tests__/Orphan
edDataCleaner.test.js
  鈼?OrphanedDataCleaner 鈥?scanA
ndClean 鏂规硶 鈥?褰?Partitions 鐩綍涓
嶅瓨鍦ㄦ椂搴旇鎴愬姛

    TypeError: fs.access.mockRe
solvedValue is not a function

    [0m [90m 69 |[39m     be
foreEach(() [33m=>[39m {
     [90m 70 |[39m       [90
m// Mock fs.access to succeed (
directory exists)[39m
    [31m[1m>[22m[39m[90m 7
1 |[39m       fs[33m.[39macc
ess[33m.[39mmockResolvedValue
(undefined)[33m;[39m
     [90m    |[39m           
      [31m[1m^[22m[39m
     [90m 72 |[39m     })[33
m;[39m
     [90m 73 |[39m     
     [90m 74 |[39m     test(
[32m'褰?Partitions 鐩綍涓嶅瓨鍦ㄦ椂搴旇鎴
愬姛'[39m[33m,[39m [36masync
[39m () [33m=>[39m {[0m

      at Object.<anonymous> (sr
c/utils/__tests__/OrphanedDataC
leaner.test.js:71:17)

  鈼?OrphanedDataCleaner 鈥?scanA
ndClean 鏂规硶 鈥?褰撴病鏈夎处鍙风洰褰曟椂搴旇鎴愬
姛

    TypeError: fs.access.mockRe
solvedValue is not a function

    [0m [90m 69 |[39m     be
foreEach(() [33m=>[39m {
     [90m 70 |[39m       [90
m// Mock fs.access to succeed (
directory exists)[39m
    [31m[1m>[22m[39m[90m 7
1 |[39m       fs[33m.[39macc
ess[33m.[39mmockResolvedValue
(undefined)[33m;[39m
     [90m    |[39m           
      [31m[1m^[22m[39m
     [90m 72 |[39m     })[33
m;[39m
     [90m 73 |[39m     
     [90m 74 |[39m     test(
[32m'褰?Partitions 鐩綍涓嶅瓨鍦ㄦ椂搴旇鎴
愬姛'[39m[33m,[39m [36masync
[39m () [33m=>[39m {[0m

      at Object.<anonymous> (sr
c/utils/__tests__/OrphanedDataC
leaner.test.js:71:17)

  鈼?OrphanedDataCleaner 鈥?scanA
ndClean 鏂规硶 鈥?搴旇姝ｇ‘娓呯悊 orphane
d 鐩綍

    TypeError: fs.access.mockRe
solvedValue is not a function

    [0m [90m 69 |[39m     be
foreEach(() [33m=>[39m {
     [90m 70 |[39m       [90
m// Mock fs.access to succeed (
directory exists)[39m
    [31m[1m>[22m[39m[90m 7
1 |[39m       fs[33m.[39macc
ess[33m.[39mmockResolvedValue
(undefined)[33m;[39m
     [90m    |[39m           
      [31m[1m^[22m[39m
     [90m 72 |[39m     })[33
m;[39m
     [90m 73 |[39m     
     [90m 74 |[39m     test(
[32m'褰?Partitions 鐩綍涓嶅瓨鍦ㄦ椂搴旇鎴
愬姛'[39m[33m,[39m [36masync
[39m () [33m=>[39m {[0m

      at Object.<anonymous> (sr
c/utils/__tests__/OrphanedDataC
leaner.test.js:71:17)

  鈼?OrphanedDataCleaner 鈥?scanA
ndClean 鏂规硶 鈥?搴旇淇濈暀鐜版湁鐨勮处鍙风洰褰?
    TypeError: fs.access.mockRe
solvedValue is not a function

    [0m [90m 69 |[39m     be
foreEach(() [33m=>[39m {
     [90m 70 |[39m       [90
m// Mock fs.access to succeed (
directory exists)[39m
    [31m[1m>[22m[39m[90m 7
1 |[39m       fs[33m.[39macc
ess[33m.[39mmockResolvedValue
(undefined)[33m;[39m
     [90m    |[39m           
      [31m[1m^[22m[39m
     [90m 72 |[39m     })[33
m;[39m
     [90m 73 |[39m     
     [90m 74 |[39m     test(
[32m'褰?Partitions 鐩綍涓嶅瓨鍦ㄦ椂搴旇鎴
愬姛'[39m[33m,[39m [36masync
[39m () [33m=>[39m {[0m

      at Object.<anonymous> (sr
c/utils/__tests__/OrphanedDataC
leaner.test.js:71:17)

  鈼?OrphanedDataCleaner 鈥?scanA
ndClean 鏂规硶 鈥?搴旇澶勭悊娓呯悊閿欒

    TypeError: fs.access.mockRe
solvedValue is not a function

    [0m [90m 69 |[39m     be
foreEach(() [33m=>[39m {
     [90m 70 |[39m       [90
m// Mock fs.access to succeed (
directory exists)[39m
    [31m[1m>[22m[39m[90m 7
1 |[39m       fs[33m.[39macc
ess[33m.[39mmockResolvedValue
(undefined)[33m;[39m
     [90m    |[39m           
      [31m[1m^[22m[39m
     [90m 72 |[39m     })[33
m;[39m
     [90m 73 |[39m     
     [90m 74 |[39m     test(
[32m'褰?Partitions 鐩綍涓嶅瓨鍦ㄦ椂搴旇鎴
愬姛'[39m[33m,[39m [36masync
[39m () [33m=>[39m {[0m

      at Object.<anonymous> (sr
c/utils/__tests__/OrphanedDataC
leaner.test.js:71:17)

  鈼?OrphanedDataCleaner 鈥?scanA
ndClean 鏂规硶 鈥?搴旇璁板綍娓呯悊鍘嗗彶

    TypeError: fs.access.mockRe
solvedValue is not a function

    [0m [90m 69 |[39m     be
foreEach(() [33m=>[39m {
     [90m 70 |[39m       [90
m// Mock fs.access to succeed (
directory exists)[39m
    [31m[1m>[22m[39m[90m 7
1 |[39m       fs[33m.[39macc
ess[33m.[39mmockResolvedValue
(undefined)[33m;[39m
     [90m    |[39m           
      [31m[1m^[22m[39m
     [90m 72 |[39m     })[33
m;[39m
     [90m 73 |[39m     
     [90m 74 |[39m     test(
[32m'褰?Partitions 鐩綍涓嶅瓨鍦ㄦ椂搴旇鎴
愬姛'[39m[33m,[39m [36masync
[39m () [33m=>[39m {[0m

      at Object.<anonymous> (sr
c/utils/__tests__/OrphanedDataC
leaner.test.js:71:17)

  鈼?OrphanedDataCleaner 鈥?clean
AccountData 鏂规硶 鈥?搴旇鎴愬姛娓呯悊鎸囧畾璐
﹀彿鐨勬暟鎹?
    TypeError: fs.access.mockRe
solvedValue is not a function

    [0m [90m 212 |[39m      
 
     [90m 213 |[39m       [9
0m// Mock directory exists[39m
    [31m[1m>[22m[39m[90m 2
14 |[39m       fs[33m.[39mac
cess[33m.[39mmockResolvedValu
e(undefined)[33m;[39m
     [90m     |[39m          
       [31m[1m^[22m[39m
     [90m 215 |[39m       
     [90m 216 |[39m       [9
0m// Mock directory stats[39m
     [90m 217 |[39m       [3
6mconst[39m mockStats [33m=[
39m { size[33m:[39m [35m50[
39m[33m,[39m files[33m:[39m
 [35m3[39m }[33m;[39m[0m

      at Object.<anonymous> (sr
c/utils/__tests__/OrphanedDataC
leaner.test.js:214:17)

  鈼?OrphanedDataCleaner 鈥?clean
AccountData 鏂规硶 鈥?褰撶洰褰曚笉瀛樺湪鏃跺簲璇
ユ垚鍔?
    TypeError: fs.access.mockRe
jectedValue is not a function

    [0m [90m 228 |[39m      
 
     [90m 229 |[39m       [9
0m// Mock directory doesn't exi
st[39m
    [31m[1m>[22m[39m[90m 2
30 |[39m       fs[33m.[39mac
cess[33m.[39mmockRejectedValu
e([36mnew[39m [33mError[39m
([32m'Directory not found'[39
m))[33m;[39m
     [90m     |[39m          
       [31m[1m^[22m[39m
     [90m 231 |[39m       
     [90m 232 |[39m       [3
6mconst[39m result [33m=[39m
 [36mawait[39m cleaner[33m.
[39mcleanAccountData(accountId)
[33m;[39m
     [90m 233 |[39m       [0
m

      at Object.<anonymous> (sr
c/utils/__tests__/OrphanedDataC
leaner.test.js:230:17)

  鈼?OrphanedDataCleaner 鈥?clean
AccountData 鏂规硶 鈥?搴旇澶勭悊娓呯悊閿欒

    TypeError: fs.access.mockRe
solvedValue is not a function

    [0m [90m 241 |[39m      
 
     [90m 242 |[39m       [9
0m// Mock directory exists[39m
    [31m[1m>[22m[39m[90m 2
43 |[39m       fs[33m.[39mac
cess[33m.[39mmockResolvedValu
e(undefined)[33m;[39m
     [90m     |[39m          
       [31m[1m^[22m[39m
     [90m 244 |[39m       
     [90m 245 |[39m       [9
0m// Mock removal failure[39m
     [90m 246 |[39m       fs
[33m.[39mrm[33m.[39mmockReje
ctedValue([36mnew[39m [33mEr
ror[39m([32m'Permission denie
d'[39m))[33m;[39m[0m

      at Object.<anonymous> (sr
c/utils/__tests__/OrphanedDataC
leaner.test.js:243:17)

  鈼?OrphanedDataCleaner 鈥?_getD
irectorySize 鏂规硶 鈥?搴旇姝ｇ‘璁＄畻鐩綍
澶у皬

    TypeError: fs.readdir.mockR
esolvedValue is not a function

    [0m [90m 305 |[39m      
 ][33m;[39m
     [90m 306 |[39m       
    [31m[1m>[22m[39m[90m 3
07 |[39m       fs[33m.[39mre
addir[33m.[39mmockResolvedVal
ue(mockEntries)[33m;[39m
     [90m     |[39m          
        [31m[1m^[22m[39m
     [90m 308 |[39m       
     [90m 309 |[39m       [9
0m// Mock stat for files[39m
     [90m 310 |[39m       fs
[33m.[39mstat[33m.[39mmockIm
plementation((filePath) [33m=>
[39m {[0m

      at Object.<anonymous> (sr
c/utils/__tests__/OrphanedDataC
leaner.test.js:307:18)

  鈼?OrphanedDataCleaner 鈥?_getD
irectorySize 鏂规硶 鈥?搴旇澶勭悊鏉冮檺閿欒

    TypeError: fs.readdir.mockR
ejectedValue is not a function

    [0m [90m 331 |[39m      
 
     [90m 332 |[39m       [9
0m// Mock readdir to throw erro
r[39m
    [31m[1m>[22m[39m[90m 3
33 |[39m       fs[33m.[39mre
addir[33m.[39mmockRejectedVal
ue([36mnew[39m [33mError[39
m([32m'Permission denied'[39m
))[33m;[39m
     [90m     |[39m          
        [31m[1m^[22m[39m
     [90m 334 |[39m       
     [90m 335 |[39m       [3
6mconst[39m result [33m=[39m
 [36mawait[39m cleaner[33m.
[39m_getDirectorySize(testDir)
[33m;[39m
     [90m 336 |[39m       [0
m

      at Object.<anonymous> (sr
c/utils/__tests__/OrphanedDataC
leaner.test.js:333:18)

FAIL src/presentation/ipc/handl
ers/__tests__/TranslationServic
eIPCHandlers.test.js
  鈼?TranslationServiceIPCHandle
rs 鈥?translation:translate 鈥?sh
ould reject translation request
 without accountId

    expect(received).toContain(
expected) // indexOf

    Expected substring: "Accoun
t ID is required"
    Received string:    "IPC re
quest to 'translation:translate
' failed validation"

    [0m [90m 122 |[39m      
 expect(response[33m.[39msucc
ess)[33m.[39mtoBe([36mfalse
[39m)[33m;[39m
     [90m 123 |[39m       exp
ect(response[33m.[39merror)[
33m.[39mtoBeDefined()[33m;[3
9m
    [31m[1m>[22m[39m[90m 1
24 |[39m       expect(response
[33m.[39merror[33m.[39mmess
age)[33m.[39mtoContain([32m'
Account ID is required'[39m)[
33m;[39m
     [90m     |[39m          
                            [3
1m[1m^[22m[39m
     [90m 125 |[39m     })[3
3m;[39m
     [90m 126 |[39m   })[33m
;[39m
     [90m 127 |[39m[0m

      at Object.<anonymous> (sr
c/presentation/ipc/handlers/__t
ests__/TranslationServiceIPCHan
dlers.test.js:124:38)

  鈼?TranslationServiceIPCHandle
rs 鈥?translation:clearCache 鈥?s
hould clear all cache when no a
ccountId provided

    expect(received).toBe(expec
ted) // Object.is equality

    Expected: true
    Received: false

    [0m [90m 184 |[39m      
 [36mconst[39m response [33m
=[39m [36mawait[39m router[
33m.[39mhandle([32m'translati
on:clearCache'[39m[33m,[39m 
request)[33m;[39m
     [90m 185 |[39m
    [31m[1m>[22m[39m[90m 1
86 |[39m       expect(response
[33m.[39msuccess)[33m.[39mt
oBe([36mtrue[39m)[33m;[39m
     [90m     |[39m          
                      [31m[1m
^[22m[39m
     [90m 187 |[39m       exp
ect(mockTranslationService[33m
.[39mcacheManager[33m.[39mcl
ear)[33m.[39mtoHaveBeenCalled
()[33m;[39m
     [90m 188 |[39m     })[3
3m;[39m
     [90m 189 |[39m   })[33m
;[39m[0m

      at Object.<anonymous> (sr
c/presentation/ipc/handlers/__t
ests__/TranslationServiceIPCHan
dlers.test.js:186:32)

  鈼?TranslationServiceIPCHandle
rs 鈥?translation:getStats 鈥?sho
uld get translation statistics

    expect(received).toBe(expec
ted) // Object.is equality

    Expected: 100
    Received: undefined

    [0m [90m 201 |[39m      
 expect(response[33m.[39msucc
ess)[33m.[39mtoBe([36mtrue[
39m)[33m;[39m
     [90m 202 |[39m       exp
ect(response[33m.[39mdata)[3
3m.[39mtoBeDefined()[33m;[39
m
    [31m[1m>[22m[39m[90m 2
03 |[39m       expect(response
[33m.[39mdata[33m.[39mtotal
Translations)[33m.[39mtoBe([
35m100[39m)[33m;[39m
     [90m     |[39m          
                               
      [31m[1m^[22m[39m
     [90m 204 |[39m     })[3
3m;[39m
     [90m 205 |[39m   })[33m
;[39m
     [90m 206 |[39m[0m

      at Object.<anonymous> (sr
c/presentation/ipc/handlers/__t
ests__/TranslationServiceIPCHan
dlers.test.js:203:47)

  鈼?TranslationServiceIPCHandle
rs 鈥?Privacy Handlers 鈥?should 
get privacy report

    expect(received).toBe(expec
ted) // Object.is equality

    Expected: true
    Received: undefined

    [0m [90m 243 |[39m      
 expect(response[33m.[39msucc
ess)[33m.[39mtoBe([36mtrue[
39m)[33m;[39m
     [90m 244 |[39m       exp
ect(response[33m.[39mdata)[3
3m.[39mtoBeDefined()[33m;[39
m
    [31m[1m>[22m[39m[90m 2
45 |[39m       expect(response
[33m.[39mdata[33m.[39mdataS
tored)[33m.[39mtoBe([36mtrue
[39m)[33m;[39m
     [90m     |[39m          
                              
[31m[1m^[22m[39m
     [90m 246 |[39m     })[3
3m;[39m
     [90m 247 |[39m   })[33m
;[39m
     [90m 248 |[39m[0m

      at Object.<anonymous> (sr
c/presentation/ipc/handlers/__t
ests__/TranslationServiceIPCHan
dlers.test.js:245:40)

  鈼?TranslationServiceIPCHandle
rs 鈥?Engine Configuration 鈥?sho
uld get engine configuration

    expect(received).toBe(expec
ted) // Object.is equality

    Expected: "test-key"
    Received: undefined

    [0m [90m 277 |[39m      
 expect(response[33m.[39msucc
ess)[33m.[39mtoBe([36mtrue[
39m)[33m;[39m
     [90m 278 |[39m       exp
ect(response[33m.[39mdata)[3
3m.[39mtoBeDefined()[33m;[39
m
    [31m[1m>[22m[39m[90m 2
79 |[39m       expect(response
[33m.[39mdata[33m.[39mapiKe
y)[33m.[39mtoBe([32m'test-ke
y'[39m)[33m;[39m
     [90m     |[39m          
                          [31m
[1m^[22m[39m
     [90m 280 |[39m     })[3
3m;[39m
     [90m 281 |[39m   })[33m
;[39m
     [90m 282 |[39m[0m

      at Object.<anonymous> (sr
c/presentation/ipc/handlers/__t
ests__/TranslationServiceIPCHan
dlers.test.js:279:36)

  鈼?TranslationServiceIPCHandle
rs 鈥?Error Handling 鈥?should ha
ndle translation service errors
 gracefully

    expect(received).toBe(expec
ted) // Object.is equality

    Expected: false
    Received: true

    [0m [90m 296 |[39m      
 [36mconst[39m response [33m
=[39m [36mawait[39m router[
33m.[39mhandle([32m'translati
on:translate'[39m[33m,[39m r
equest)[33m;[39m
     [90m 297 |[39m
    [31m[1m>[22m[39m[90m 2
98 |[39m       expect(response
[33m.[39msuccess)[33m.[39mt
oBe([36mfalse[39m)[33m;[39m
     [90m     |[39m          
                      [31m[1m
^[22m[39m
     [90m 299 |[39m       exp
ect(response[33m.[39merror)[
33m.[39mtoBeDefined()[33m;[3
9m
     [90m 300 |[39m       exp
ect(response[33m.[39merror[3
3m.[39mmessage)[33m.[39mtoCo
ntain([32m'Translation failed'
[39m)[33m;[39m
     [90m 301 |[39m     })[3
3m;[39m[0m

      at Object.<anonymous> (sr
c/presentation/ipc/handlers/__t
ests__/TranslationServiceIPCHan
dlers.test.js:298:32)

FAIL src/managers/__tests__/Ses
sionManager_ProxyLeak.test.js
  鈼?SessionManager Proxy Leak P
revention 鈥?should set WebRTC I
P handling policy to disable_no
n_proxied_udp when configuring 
proxy

    TypeError: Cannot read prop
erties of undefined (reading 'f
romPartition')

    [0m [90m 41 |[39m       
  }[33m;[39m
     [90m 42 |[39m
    [31m[1m>[22m[39m[90m 4
3 |[39m         session[33m.
[39mfromPartition[33m.[39mmoc
kReturnValue(mockSession)[33m;
[39m
     [90m    |[39m           
      [31m[1m^[22m[39m
     [90m 44 |[39m
     [90m 45 |[39m         [
90m// Create SessionManager ins
tance[39m
     [90m 46 |[39m         se
ssionManager [33m=[39m [36mn
ew[39m [33mSessionManager[39
m({[0m

      at Object.<anonymous> (sr
c/managers/__tests__/SessionMan
ager_ProxyLeak.test.js:43:17)

  鈼?SessionManager Proxy Leak P
revention 鈥?should use socks5:/
/ scheme for socks5 protocol

    TypeError: Cannot read prop
erties of undefined (reading 'f
romPartition')

    [0m [90m 41 |[39m       
  }[33m;[39m
     [90m 42 |[39m
    [31m[1m>[22m[39m[90m 4
3 |[39m         session[33m.
[39mfromPartition[33m.[39mmoc
kReturnValue(mockSession)[33m;
[39m
     [90m    |[39m           
      [31m[1m^[22m[39m
     [90m 44 |[39m
     [90m 45 |[39m         [
90m// Create SessionManager ins
tance[39m
     [90m 46 |[39m         se
ssionManager [33m=[39m [36mn
ew[39m [33mSessionManager[39
m({[0m

      at Object.<anonymous> (sr
c/managers/__tests__/SessionMan
ager_ProxyLeak.test.js:43:17)

  鈼?SessionManager Proxy Leak P
revention 鈥?should handle setWe
bRTCIPHandlingPolicy error grac
efully

    TypeError: Cannot read prop
erties of undefined (reading 'f
romPartition')

    [0m [90m 41 |[39m       
  }[33m;[39m
     [90m 42 |[39m
    [31m[1m>[22m[39m[90m 4
3 |[39m         session[33m.
[39mfromPartition[33m.[39mmoc
kReturnValue(mockSession)[33m;
[39m
     [90m    |[39m           
      [31m[1m^[22m[39m
     [90m 44 |[39m
     [90m 45 |[39m         [
90m// Create SessionManager ins
tance[39m
     [90m 46 |[39m         se
ssionManager [33m=[39m [36mn
ew[39m [33mSessionManager[39
m({[0m

      at Object.<anonymous> (sr
c/managers/__tests__/SessionMan
ager_ProxyLeak.test.js:43:17)

FAIL src/infrastructure/proxy/_
_tests__/IPLeakDetector.test.js
  鈼?Test suite failed to run

    Your test suite must contai
n at least one test.

      at onResult (node_modules
/@jest/core/build/TestScheduler
.js:133:18)
      at node_modules/@jest/cor
e/build/TestScheduler.js:254:19
      at node_modules/emittery/
index.js:363:13
          at Array.map (<anonym
ous>)
      at Emittery.emit (node_mo
dules/emittery/index.js:361:23)


Test Suites: 14 failed, 20 pass
ed, 34 total
Tests:       130 failed, 475 pa
ssed, 605 total
Snapshots:   0 total
Time:        60.773 s
Ran all test suites.

鉁?Test suite completed in 60.79s


Jest has detected the following
 2 open handles potentially kee
ping Jest from exiting:

  鈼? Timeout

    [0m [90m 3504 |[39m     
[36mthis[39m[33m.[39mlog([
32m'info'[39m[33m,[39m [32m
`Starting memory monitoring (in
terval: ${interval}ms)`[39m)[
33m;[39m
     [90m 3505 |[39m
    [31m[1m>[22m[39m[90m 3
506 |[39m     [36mthis[39m[
33m.[39mmemoryMonitorInterval 
[33m=[39m setInterval([36mas
ync[39m () [33m=>[39m {
     [90m      |[39m         
                         [31m
[1m^[22m[39m
     [90m 3507 |[39m       [
36mtry[39m {
     [90m 3508 |[39m         
[36mawait[39m [36mthis[39m
[33m.[39m_checkMemoryUsage()[
33m;[39m
     [90m 3509 |[39m       } 
[36mcatch[39m (error) {[0m

      at ViewManager._startMemo
ryMonitoring (src/single-window
/ViewManager.js:3506:34)
      at new ViewManager (src/s
ingle-window/ViewManager.js:98:
12)
      at Object.<anonymous> (sr
c/single-window/__tests__/ViewM
anager.test.js:46:19)


  鈼? Timeout

    [0m [90m 3504 |[39m     
[36mthis[39m[33m.[39mlog([
32m'info'[39m[33m,[39m [32m
`Starting memory monitoring (in
terval: ${interval}ms)`[39m)[
33m;[39m
     [90m 3505 |[39m
    [31m[1m>[22m[39m[90m 3
506 |[39m     [36mthis[39m[
33m.[39mmemoryMonitorInterval 
[33m=[39m setInterval([36mas
ync[39m () [33m=>[39m {
     [90m      |[39m         
                         [31m
[1m^[22m[39m
     [90m 3507 |[39m       [
36mtry[39m {
     [90m 3508 |[39m         
[36mawait[39m [36mthis[39m
[33m.[39m_checkMemoryUsage()[
33m;[39m
     [90m 3509 |[39m       } 
[36mcatch[39m (error) {[0m

      at ViewManager._startMemo
ryMonitoring (src/single-window
/ViewManager.js:3506:34)
      at new ViewManager (src/s
ingle-window/ViewManager.js:98:
12)
      at Object.<anonymous> (sr
c/single-window/__tests__/State
Persistence.test.js:56:19)

